Copyright 1986-2022 Xilinx, Inc. All Rights Reserved. Copyright 2022-2024 Advanced Micro Devices, Inc. All Rights Reserved.
----------------------------------------------------------------------------------------------------------------------------------------------------
| Tool Version : Vivado v.2024.2 (win64) Build 5239630 Fri Nov 08 22:35:27 MST 2024
| Date         : Tue Sep 22 23:33:13 2026
| Host         : DESKTOP-H0SRFHK running 64-bit major release  (build 9200)
| Command      : report_utilization -hierarchical -file E:/pqc/mlkem-polymul-rv32i-fpga/build/reports/rv32im_iterative/utilization_hierarchical.rpt
| Design       : mlkem_polymul_pynqz2_top
| Device       : xc7z020clg400-1
| Speed File   : -1
| Design State : Routed
----------------------------------------------------------------------------------------------------------------------------------------------------

Utilization Design Information

Table of Contents
-----------------
1. Utilization by Hierarchy

1. Utilization by Hierarchy
---------------------------

+------------------------------------------------------------------------------------+--------------------------------------------------------------------------------------------+------------+------------+---------+------+------+--------+--------+------------+
|                                      Instance                                      |                                           Module                                           | Total LUTs | Logic LUTs | LUTRAMs | SRLs |  FFs | RAMB36 | RAMB18 | DSP Blocks |
+------------------------------------------------------------------------------------+--------------------------------------------------------------------------------------------+------------+------------+---------+------+------+--------+--------+------------+
| mlkem_polymul_pynqz2_top                                                           |                                                                                      (top) |       4660 |       4432 |     212 |   16 | 5534 |      4 |      5 |          1 |
|   (mlkem_polymul_pynqz2_top)                                                       |                                                                                      (top) |         11 |         11 |       0 |    0 |    4 |      0 |      0 |          0 |
|   dbg_hub                                                                          |                                                                                    dbg_hub |        448 |        424 |      24 |    0 |  741 |      0 |      0 |          0 |
|     (dbg_hub)                                                                      |                                                                                    dbg_hub |          0 |          0 |       0 |    0 |    0 |      0 |      0 |          0 |
|     inst                                                                           |                                                                 dbg_hub_xsdbm_v3_0_3_xsdbm |        448 |        424 |      24 |    0 |  741 |      0 |      0 |          0 |
|       BSCANID.u_xsdbm_id                                                           |                                                              dbg_hub_xsdbm_v3_0_3_xsdbm_id |        448 |        424 |      24 |    0 |  741 |      0 |      0 |          0 |
|         (BSCANID.u_xsdbm_id)                                                       |                                                              dbg_hub_xsdbm_v3_0_3_xsdbm_id |         35 |         35 |       0 |    0 |   34 |      0 |      0 |          0 |
|         CORE_XSDB.UUT_MASTER                                                       |                                                             dbg_hub_xsdbm_v3_0_3_icon2xsdb |        272 |        248 |      24 |    0 |  554 |      0 |      0 |          0 |
|           U_ICON_INTERFACE                                                         |                                                                    dbg_hub_xsdbm_v3_0_3_if |        163 |        139 |      24 |    0 |  450 |      0 |      0 |          0 |
|             (U_ICON_INTERFACE)                                                     |                                                                    dbg_hub_xsdbm_v3_0_3_if |          6 |          6 |       0 |    0 |   15 |      0 |      0 |          0 |
|             U_CMD1                                                                 |                                                               dbg_hub_xsdbm_v3_0_3_ctl_reg |          2 |          2 |       0 |    0 |   10 |      0 |      0 |          0 |
|             U_CMD2                                                                 |                                                              dbg_hub_xsdbm_v3_0_3_stat_reg |          5 |          5 |       0 |    0 |   22 |      0 |      0 |          0 |
|             U_CMD3                                                                 |                                              dbg_hub_xsdbm_v3_0_3_stat_reg__parameterized0 |          4 |          4 |       0 |    0 |   18 |      0 |      0 |          0 |
|             U_CMD4                                                                 |                                               dbg_hub_xsdbm_v3_0_3_ctl_reg__parameterized0 |          9 |          9 |       0 |    0 |   62 |      0 |      0 |          0 |
|             U_CMD5                                                                 |                                               dbg_hub_xsdbm_v3_0_3_ctl_reg__parameterized1 |          9 |          9 |       0 |    0 |   42 |      0 |      0 |          0 |
|             U_CMD6_RD                                                              |                                                                 dbg_hub_xsdbm_v3_0_3_rdreg |         67 |         55 |      12 |    0 |  134 |      0 |      0 |          0 |
|               (U_CMD6_RD)                                                          |                                                                 dbg_hub_xsdbm_v3_0_3_rdreg |          2 |          2 |       0 |    0 |   20 |      0 |      0 |          0 |
|               U_RD_FIFO                                                            |                                                                dbg_hub_xsdbm_v3_0_3_rdfifo |         65 |         53 |      12 |    0 |  114 |      0 |      0 |          0 |
|                 (U_RD_FIFO)                                                        |                                                                dbg_hub_xsdbm_v3_0_3_rdfifo |         18 |         18 |       0 |    0 |    0 |      0 |      0 |          0 |
|                 SUBCORE_FIFO.xsdbm_v3_0_3_rdfifo_inst                              |                                             dbg_hub_fifo_generator_v13_1_5__parameterized0 |         47 |         35 |      12 |    0 |  114 |      0 |      0 |          0 |
|                   (SUBCORE_FIFO.xsdbm_v3_0_3_rdfifo_inst)                          |                                             dbg_hub_fifo_generator_v13_1_5__parameterized0 |          0 |          0 |       0 |    0 |    0 |      0 |      0 |          0 |
|                   inst_fifo_gen                                                    |                                       dbg_hub_fifo_generator_v13_1_5_synth__parameterized0 |         47 |         35 |      12 |    0 |  114 |      0 |      0 |          0 |
|                     gconvfifo.rf                                                   |                                                 dbg_hub_fifo_generator_top__parameterized0 |         47 |         35 |      12 |    0 |  114 |      0 |      0 |          0 |
|                       grf.rf                                                       |                                             dbg_hub_fifo_generator_ramfifo__parameterized0 |         47 |         35 |      12 |    0 |  114 |      0 |      0 |          0 |
|                         gntv_or_sync_fifo.gcx.clkx                                 |                                                                      dbg_hub_clk_x_pntrs_7 |         12 |         12 |       0 |    0 |   32 |      0 |      0 |          0 |
|                           (gntv_or_sync_fifo.gcx.clkx)                             |                                                                      dbg_hub_clk_x_pntrs_7 |         10 |         10 |       0 |    0 |   16 |      0 |      0 |          0 |
|                           gnxpm_cdc.gsync_stage[1].rd_stg_inst                     |                                                 dbg_hub_synchronizer_ff__parameterized0_19 |          0 |          0 |       0 |    0 |    4 |      0 |      0 |          0 |
|                           gnxpm_cdc.gsync_stage[1].wr_stg_inst                     |                                                 dbg_hub_synchronizer_ff__parameterized0_20 |          0 |          0 |       0 |    0 |    4 |      0 |      0 |          0 |
|                           gnxpm_cdc.gsync_stage[2].rd_stg_inst                     |                                                 dbg_hub_synchronizer_ff__parameterized0_21 |          1 |          1 |       0 |    0 |    4 |      0 |      0 |          0 |
|                           gnxpm_cdc.gsync_stage[2].wr_stg_inst                     |                                                 dbg_hub_synchronizer_ff__parameterized0_22 |          1 |          1 |       0 |    0 |    4 |      0 |      0 |          0 |
|                         gntv_or_sync_fifo.gl0.rd                                   |                                                           dbg_hub_rd_logic__parameterized0 |         14 |         14 |       0 |    0 |   19 |      0 |      0 |          0 |
|                           gr1.gr1_int.rfwft                                        |                                                                            dbg_hub_rd_fwft |          7 |          7 |       0 |    0 |    8 |      0 |      0 |          0 |
|                           gras.rsts                                                |                                                              dbg_hub_rd_status_flags_as_17 |          0 |          0 |       0 |    0 |    2 |      0 |      0 |          0 |
|                           grhf.rhf                                                 |                                               dbg_hub_rd_handshaking_flags__parameterized0 |          0 |          0 |       0 |    0 |    1 |      0 |      0 |          0 |
|                           rpntr                                                    |                                                                     dbg_hub_rd_bin_cntr_18 |          7 |          7 |       0 |    0 |    8 |      0 |      0 |          0 |
|                         gntv_or_sync_fifo.gl0.wr                                   |                                                           dbg_hub_wr_logic__parameterized0 |          5 |          5 |       0 |    0 |   15 |      0 |      0 |          0 |
|                           gwas.wsts                                                |                                                              dbg_hub_wr_status_flags_as_14 |          2 |          2 |       0 |    0 |    2 |      0 |      0 |          0 |
|                           gwhf.whf                                                 |                                                            dbg_hub_wr_handshaking_flags_15 |          0 |          0 |       0 |    0 |    1 |      0 |      0 |          0 |
|                           wpntr                                                    |                                                                     dbg_hub_wr_bin_cntr_16 |          3 |          3 |       0 |    0 |   12 |      0 |      0 |          0 |
|                         gntv_or_sync_fifo.mem                                      |                                                             dbg_hub_memory__parameterized0 |         12 |          0 |      12 |    0 |   32 |      0 |      0 |          0 |
|                           (gntv_or_sync_fifo.mem)                                  |                                                             dbg_hub_memory__parameterized0 |          0 |          0 |       0 |    0 |   16 |      0 |      0 |          0 |
|                           gdm.dm_gen.dm                                            |                                                                            dbg_hub_dmem_13 |         12 |          0 |      12 |    0 |   16 |      0 |      0 |          0 |
|                         rstblk                                                     |                                                                dbg_hub_reset_blk_ramfifo_8 |          4 |          4 |       0 |    0 |   16 |      0 |      0 |          0 |
|                           (rstblk)                                                 |                                                                dbg_hub_reset_blk_ramfifo_8 |          0 |          0 |       0 |    0 |   12 |      0 |      0 |          0 |
|                           ngwrdrst.grst.g7serrst.gwrrd_rst_sync_stage[1].rrst_inst |                                                                  dbg_hub_synchronizer_ff_9 |          1 |          1 |       0 |    0 |    1 |      0 |      0 |          0 |
|                           ngwrdrst.grst.g7serrst.gwrrd_rst_sync_stage[1].wrst_inst |                                                                 dbg_hub_synchronizer_ff_10 |          1 |          1 |       0 |    0 |    1 |      0 |      0 |          0 |
|                           ngwrdrst.grst.g7serrst.gwrrd_rst_sync_stage[2].rrst_inst |                                                                 dbg_hub_synchronizer_ff_11 |          1 |          1 |       0 |    0 |    1 |      0 |      0 |          0 |
|                           ngwrdrst.grst.g7serrst.gwrrd_rst_sync_stage[2].wrst_inst |                                                                 dbg_hub_synchronizer_ff_12 |          1 |          1 |       0 |    0 |    1 |      0 |      0 |          0 |
|             U_CMD6_WR                                                              |                                                                 dbg_hub_xsdbm_v3_0_3_wrreg |         46 |         34 |      12 |    0 |  110 |      0 |      0 |          0 |
|               (U_CMD6_WR)                                                          |                                                                 dbg_hub_xsdbm_v3_0_3_wrreg |          2 |          2 |       0 |    0 |   20 |      0 |      0 |          0 |
|               U_WR_FIFO                                                            |                                                                dbg_hub_xsdbm_v3_0_3_wrfifo |         44 |         32 |      12 |    0 |   90 |      0 |      0 |          0 |
|                 (U_WR_FIFO)                                                        |                                                                dbg_hub_xsdbm_v3_0_3_wrfifo |          2 |          2 |       0 |    0 |    0 |      0 |      0 |          0 |
|                 SUBCORE_FIFO.xsdbm_v3_0_3_wrfifo_inst                              |                                                             dbg_hub_fifo_generator_v13_1_5 |         42 |         30 |      12 |    0 |   90 |      0 |      0 |          0 |
|                   (SUBCORE_FIFO.xsdbm_v3_0_3_wrfifo_inst)                          |                                                             dbg_hub_fifo_generator_v13_1_5 |          0 |          0 |       0 |    0 |    0 |      0 |      0 |          0 |
|                   inst_fifo_gen                                                    |                                                       dbg_hub_fifo_generator_v13_1_5_synth |         42 |         30 |      12 |    0 |   90 |      0 |      0 |          0 |
|                     gconvfifo.rf                                                   |                                                                 dbg_hub_fifo_generator_top |         42 |         30 |      12 |    0 |   90 |      0 |      0 |          0 |
|                       grf.rf                                                       |                                                             dbg_hub_fifo_generator_ramfifo |         42 |         30 |      12 |    0 |   90 |      0 |      0 |          0 |
|                         gntv_or_sync_fifo.gcx.clkx                                 |                                                                        dbg_hub_clk_x_pntrs |         11 |         11 |       0 |    0 |   32 |      0 |      0 |          0 |
|                           (gntv_or_sync_fifo.gcx.clkx)                             |                                                                        dbg_hub_clk_x_pntrs |          9 |          9 |       0 |    0 |   16 |      0 |      0 |          0 |
|                           gnxpm_cdc.gsync_stage[1].rd_stg_inst                     |                                                    dbg_hub_synchronizer_ff__parameterized0 |          0 |          0 |       0 |    0 |    4 |      0 |      0 |          0 |
|                           gnxpm_cdc.gsync_stage[1].wr_stg_inst                     |                                                  dbg_hub_synchronizer_ff__parameterized0_4 |          0 |          0 |       0 |    0 |    4 |      0 |      0 |          0 |
|                           gnxpm_cdc.gsync_stage[2].rd_stg_inst                     |                                                  dbg_hub_synchronizer_ff__parameterized0_5 |          1 |          1 |       0 |    0 |    4 |      0 |      0 |          0 |
|                           gnxpm_cdc.gsync_stage[2].wr_stg_inst                     |                                                  dbg_hub_synchronizer_ff__parameterized0_6 |          1 |          1 |       0 |    0 |    4 |      0 |      0 |          0 |
|                         gntv_or_sync_fifo.gl0.rd                                   |                                                                           dbg_hub_rd_logic |         10 |         10 |       0 |    0 |   11 |      0 |      0 |          0 |
|                           gras.rsts                                                |                                                                 dbg_hub_rd_status_flags_as |          2 |          2 |       0 |    0 |    2 |      0 |      0 |          0 |
|                           grhf.rhf                                                 |                                                               dbg_hub_rd_handshaking_flags |          0 |          0 |       0 |    0 |    1 |      0 |      0 |          0 |
|                           rpntr                                                    |                                                                        dbg_hub_rd_bin_cntr |          8 |          8 |       0 |    0 |    8 |      0 |      0 |          0 |
|                         gntv_or_sync_fifo.gl0.wr                                   |                                                                           dbg_hub_wr_logic |          5 |          5 |       0 |    0 |   15 |      0 |      0 |          0 |
|                           gwas.wsts                                                |                                                                 dbg_hub_wr_status_flags_as |          2 |          2 |       0 |    0 |    2 |      0 |      0 |          0 |
|                           gwhf.whf                                                 |                                                               dbg_hub_wr_handshaking_flags |          0 |          0 |       0 |    0 |    1 |      0 |      0 |          0 |
|                           wpntr                                                    |                                                                        dbg_hub_wr_bin_cntr |          3 |          3 |       0 |    0 |   12 |      0 |      0 |          0 |
|                         gntv_or_sync_fifo.mem                                      |                                                                             dbg_hub_memory |         12 |          0 |      12 |    0 |   16 |      0 |      0 |          0 |
|                           gdm.dm_gen.dm                                            |                                                                               dbg_hub_dmem |         12 |          0 |      12 |    0 |   16 |      0 |      0 |          0 |
|                         rstblk                                                     |                                                                  dbg_hub_reset_blk_ramfifo |          4 |          4 |       0 |    0 |   16 |      0 |      0 |          0 |
|                           (rstblk)                                                 |                                                                  dbg_hub_reset_blk_ramfifo |          0 |          0 |       0 |    0 |   12 |      0 |      0 |          0 |
|                           ngwrdrst.grst.g7serrst.gwrrd_rst_sync_stage[1].rrst_inst |                                                                    dbg_hub_synchronizer_ff |          1 |          1 |       0 |    0 |    1 |      0 |      0 |          0 |
|                           ngwrdrst.grst.g7serrst.gwrrd_rst_sync_stage[1].wrst_inst |                                                                  dbg_hub_synchronizer_ff_1 |          1 |          1 |       0 |    0 |    1 |      0 |      0 |          0 |
|                           ngwrdrst.grst.g7serrst.gwrrd_rst_sync_stage[2].rrst_inst |                                                                  dbg_hub_synchronizer_ff_2 |          1 |          1 |       0 |    0 |    1 |      0 |      0 |          0 |
|                           ngwrdrst.grst.g7serrst.gwrrd_rst_sync_stage[2].wrst_inst |                                                                  dbg_hub_synchronizer_ff_3 |          1 |          1 |       0 |    0 |    1 |      0 |      0 |          0 |
|             U_CMD7_CTL                                                             |                                               dbg_hub_xsdbm_v3_0_3_ctl_reg__parameterized2 |          2 |          2 |       0 |    0 |   12 |      0 |      0 |          0 |
|             U_CMD7_STAT                                                            |                                            dbg_hub_xsdbm_v3_0_3_stat_reg__parameterized0_0 |          4 |          4 |       0 |    0 |   18 |      0 |      0 |          0 |
|             U_STATIC_STATUS                                                        |                                                      dbg_hub_xsdbm_v3_0_3_if_static_status |          9 |          9 |       0 |    0 |    7 |      0 |      0 |          0 |
|           U_XSDB_ADDRESS_CONTROLLER                                                |                                                              dbg_hub_xsdbm_v3_0_3_addr_ctl |         18 |         18 |       0 |    0 |   19 |      0 |      0 |          0 |
|           U_XSDB_BURST_WD_LEN_CONTROLLER                                           |                                                       dbg_hub_xsdbm_v3_0_3_burst_wdlen_ctl |         23 |         23 |       0 |    0 |   20 |      0 |      0 |          0 |
|           U_XSDB_BUS_CONTROLLER                                                    |                                                               dbg_hub_xsdbm_v3_0_3_bus_ctl |         69 |         69 |       0 |    0 |   48 |      0 |      0 |          0 |
|             (U_XSDB_BUS_CONTROLLER)                                                |                                                               dbg_hub_xsdbm_v3_0_3_bus_ctl |         11 |         11 |       0 |    0 |   37 |      0 |      0 |          0 |
|             U_RD_ABORT_FLAG                                                        |                                           dbg_hub_xsdbm_v3_0_3_bus_ctl_flg__parameterized0 |          7 |          7 |       0 |    0 |    1 |      0 |      0 |          0 |
|             U_RD_REQ_FLAG                                                          |                                                           dbg_hub_xsdbm_v3_0_3_bus_ctl_flg |          6 |          6 |       0 |    0 |    2 |      0 |      0 |          0 |
|             U_TIMER                                                                |                                                           dbg_hub_xsdbm_v3_0_3_bus_ctl_cnt |         47 |         47 |       0 |    0 |    8 |      0 |      0 |          0 |
|           U_XSDB_BUS_MSTR2SL_PORT_IFACE                                            |                                                        dbg_hub_xsdbm_v3_0_3_bus_mstr2sl_if |          0 |          0 |       0 |    0 |   17 |      0 |      0 |          0 |
|             (U_XSDB_BUS_MSTR2SL_PORT_IFACE)                                        |                                                        dbg_hub_xsdbm_v3_0_3_bus_mstr2sl_if |          0 |          0 |       0 |    0 |   17 |      0 |      0 |          0 |
|             U_RD_DIN_BUS_MUX                                                       |                                                           dbg_hub_ltlib_v1_0_2_generic_mux |          0 |          0 |       0 |    0 |    0 |      0 |      0 |          0 |
|         CORE_XSDB.U_ICON                                                           |                                                                  dbg_hub_xsdbm_v3_0_3_icon |         17 |         17 |       0 |    0 |   28 |      0 |      0 |          0 |
|           (CORE_XSDB.U_ICON)                                                       |                                                                  dbg_hub_xsdbm_v3_0_3_icon |          1 |          1 |       0 |    0 |    3 |      0 |      0 |          0 |
|           U_CMD                                                                    |                                                            dbg_hub_xsdbm_v3_0_3_cmd_decode |          9 |          9 |       0 |    0 |   10 |      0 |      0 |          0 |
|           U_STAT                                                                   |                                                                  dbg_hub_xsdbm_v3_0_3_stat |          5 |          5 |       0 |    0 |    7 |      0 |      0 |          0 |
|           U_SYNC                                                                   |                                                                  dbg_hub_xsdbm_v3_0_3_sync |          3 |          3 |       0 |    0 |    8 |      0 |      0 |          0 |
|         SWITCH_N_EXT_BSCAN.bscan_inst                                              |                                                                 dbg_hub_ltlib_v1_0_2_bscan |          0 |          0 |       0 |    0 |    0 |      0 |      0 |          0 |
|         SWITCH_N_EXT_BSCAN.bscan_switch                                            |                                                          dbg_hub_xsdbm_v3_0_3_bscan_switch |        124 |        124 |       0 |    0 |  125 |      0 |      0 |          0 |
|   debug_view.profile_vio                                                           |                                                                          mlkem_profile_vio |        226 |        226 |       0 |    0 | 1415 |      0 |      0 |          0 |
|     (debug_view.profile_vio)                                                       |                                                                          mlkem_profile_vio |          0 |          0 |       0 |    0 |    0 |      0 |      0 |          0 |
|     inst                                                                           |                                                          mlkem_profile_vio_vio_v3_0_26_vio |        226 |        226 |       0 |    0 | 1415 |      0 |      0 |          0 |
|       (inst)                                                                       |                                                          mlkem_profile_vio_vio_v3_0_26_vio |          0 |          0 |       0 |    0 |   16 |      0 |      0 |          0 |
|       DECODER_INST                                                                 |                                                      mlkem_profile_vio_vio_v3_0_26_decoder |         27 |         27 |       0 |    0 |   50 |      0 |      0 |          0 |
|       PROBE_IN_INST                                                                |                                                 mlkem_profile_vio_vio_v3_0_26_probe_in_one |        119 |        119 |       0 |    0 | 1183 |      0 |      0 |          0 |
|       PROBE_IN_WIDTH_INST                                                          |                                                  mlkem_profile_vio_vio_v3_0_26_probe_width |          4 |          4 |       0 |    0 |    5 |      0 |      0 |          0 |
|       U_XSDB_SLAVE                                                                 |                                                       mlkem_profile_vio_xsdbs_v1_0_4_xsdbs |         77 |         77 |       0 |    0 |  161 |      0 |      0 |          0 |
|   system_i                                                                         |                                                            mlkem_polymul_rv32i_profile_top |       3975 |       3771 |     188 |   16 | 3374 |      4 |      5 |          1 |
|     (system_i)                                                                     |                                                            mlkem_polymul_rv32i_profile_top |          0 |          0 |       0 |    0 |  617 |      0 |      0 |          0 |
|     accel                                                                          |                                                                  mlkem_polymul_axi_wrapper |       2004 |       1844 |     144 |   16 | 1741 |      3 |      5 |          1 |
|       (accel)                                                                      |                                                                  mlkem_polymul_axi_wrapper |        118 |        118 |       0 |    0 |  133 |      0 |      0 |          0 |
|       a_ram                                                                        |                                                                        mlkem_coeff_tdp_ram |         64 |         64 |       0 |    0 |    0 |      0 |      1 |          0 |
|       b_ram                                                                        |                                                                      mlkem_coeff_tdp_ram_0 |         69 |         69 |       0 |    0 |    0 |      0 |      1 |          0 |
|       core                                                                         |                                                        mlkem_poly_mul256_v39e_true_one_dsp |       1731 |       1571 |     144 |   16 | 1608 |      3 |      2 |          1 |
|         (core)                                                                     |                                                        mlkem_poly_mul256_v39e_true_one_dsp |         77 |         77 |       0 |    0 |   75 |      0 |      0 |          0 |
|         ant_U                                                                      |                                  mlkem_poly_mul256_v39e_true_one_dsp_ant_RAM_T2P_BRAM_1R1W |         18 |         18 |       0 |    0 |    0 |      1 |      0 |          0 |
|         bm_1_U                                                                     |                                  mlkem_poly_mul256_v39e_true_one_dsp_bm_RAM_1P_LUTRAM_1R1W |         36 |         24 |      12 |    0 |   12 |      0 |      0 |          0 |
|         bm_2_U                                                                     |                                mlkem_poly_mul256_v39e_true_one_dsp_bm_RAM_1P_LUTRAM_1R1W_2 |         19 |          7 |      12 |    0 |   12 |      0 |      0 |          0 |
|         bm_3_U                                                                     |                                mlkem_poly_mul256_v39e_true_one_dsp_bm_RAM_1P_LUTRAM_1R1W_3 |         36 |         24 |      12 |    0 |   12 |      0 |      0 |          0 |
|         bm_4_U                                                                     |                                mlkem_poly_mul256_v39e_true_one_dsp_bm_RAM_1P_LUTRAM_1R1W_4 |         13 |          1 |      12 |    0 |   12 |      0 |      0 |          0 |
|         bm_5_U                                                                     |                                mlkem_poly_mul256_v39e_true_one_dsp_bm_RAM_1P_LUTRAM_1R1W_5 |         36 |         24 |      12 |    0 |   12 |      0 |      0 |          0 |
|         bm_6_U                                                                     |                                mlkem_poly_mul256_v39e_true_one_dsp_bm_RAM_1P_LUTRAM_1R1W_6 |         19 |          7 |      12 |    0 |   12 |      0 |      0 |          0 |
|         bm_7_U                                                                     |                                mlkem_poly_mul256_v39e_true_one_dsp_bm_RAM_1P_LUTRAM_1R1W_7 |         36 |         24 |      12 |    0 |   12 |      0 |      0 |          0 |
|         bm_U                                                                       |                                mlkem_poly_mul256_v39e_true_one_dsp_bm_RAM_1P_LUTRAM_1R1W_8 |         12 |          0 |      12 |    0 |   12 |      0 |      0 |          0 |
|         bm_final_1_U                                                               |                                mlkem_poly_mul256_v39e_true_one_dsp_bm_RAM_1P_LUTRAM_1R1W_9 |         20 |          8 |      12 |    0 |   12 |      0 |      0 |          0 |
|         bm_final_U                                                                 |                               mlkem_poly_mul256_v39e_true_one_dsp_bm_RAM_1P_LUTRAM_1R1W_10 |         19 |          7 |      12 |    0 |   12 |      0 |      0 |          0 |
|         bnt_U                                                                      |                                  mlkem_poly_mul256_v39e_true_one_dsp_bnt_RAM_T2P_BRAM_1R1W |          0 |          0 |       0 |    0 |    0 |      0 |      1 |          0 |
|         dummy_4_U                                                                  |                               mlkem_poly_mul256_v39e_true_one_dsp_bm_RAM_1P_LUTRAM_1R1W_11 |         12 |          0 |      12 |    0 |   12 |      0 |      0 |          0 |
|         dummy_U                                                                    |                               mlkem_poly_mul256_v39e_true_one_dsp_bm_RAM_1P_LUTRAM_1R1W_12 |         12 |          0 |      12 |    0 |   12 |      0 |      0 |          0 |
|         grp_batch39d_fu_172                                                        |                                               mlkem_poly_mul256_v39e_true_one_dsp_batch39d |        989 |        973 |       0 |   16 | 1161 |      0 |      1 |          1 |
|           issue39d_U0                                                              |                                               mlkem_poly_mul256_v39e_true_one_dsp_issue39d |        559 |        559 |       0 |    0 |  611 |      0 |      1 |          0 |
|             (issue39d_U0)                                                          |                                               mlkem_poly_mul256_v39e_true_one_dsp_issue39d |         52 |         52 |       0 |    0 |   60 |      0 |      0 |          0 |
|             grp_issue39d_Pipeline_issue39d_loop_fu_100                             |                        mlkem_poly_mul256_v39e_true_one_dsp_issue39d_Pipeline_issue39d_loop |        507 |        507 |       0 |    0 |  551 |      0 |      1 |          0 |
|               (grp_issue39d_Pipeline_issue39d_loop_fu_100)                         |                        mlkem_poly_mul256_v39e_true_one_dsp_issue39d_Pipeline_issue39d_loop |        445 |        445 |       0 |    0 |  549 |      0 |      0 |          0 |
|               flow_control_loop_pipe_sequential_init_U                             |              mlkem_poly_mul256_v39e_true_one_dsp_flow_control_loop_pipe_sequential_init_21 |         12 |         12 |       0 |    0 |    2 |      0 |      0 |          0 |
|               zetas39c_U                                                           |   mlkem_poly_mul256_v39e_true_one_dsp_issue39d_Pipeline_issue39d_loop_zetas39c_ROM_AUTO_1R |         54 |         54 |       0 |    0 |    0 |      0 |      1 |          0 |
|           pe39c_U0                                                                 |                                                  mlkem_poly_mul256_v39e_true_one_dsp_pe39c |        163 |        147 |       0 |   16 |  258 |      0 |      0 |          1 |
|             (pe39c_U0)                                                             |                                                  mlkem_poly_mul256_v39e_true_one_dsp_pe39c |         55 |         39 |       0 |   16 |  197 |      0 |      0 |          0 |
|             flow_control_loop_pipe_U                                               |                              mlkem_poly_mul256_v39e_true_one_dsp_flow_control_loop_pipe_19 |         19 |         19 |       0 |    0 |    1 |      0 |      0 |          0 |
|             mul_12ns_12ns_24_3_1_U37                                               |                                   mlkem_poly_mul256_v39e_true_one_dsp_mul_12ns_12ns_24_3_1 |          1 |          1 |       0 |    0 |    0 |      0 |      0 |          1 |
|             mul_8ns_5ns_12_2_1_U38                                                 |                                     mlkem_poly_mul256_v39e_true_one_dsp_mul_8ns_5ns_12_2_1 |         17 |         17 |       0 |    0 |   12 |      0 |      0 |          0 |
|             mul_8ns_5ns_12_2_1_U40                                                 |                                  mlkem_poly_mul256_v39e_true_one_dsp_mul_8ns_5ns_12_2_1_20 |         17 |         17 |       0 |    0 |   12 |      0 |      0 |          0 |
|             sub_13ns_13ns_13_2_1_U41                                               |                                   mlkem_poly_mul256_v39e_true_one_dsp_sub_13ns_13ns_13_2_1 |         35 |         35 |       0 |    0 |   15 |      0 |      0 |          0 |
|               (sub_13ns_13ns_13_2_1_U41)                                           |                                   mlkem_poly_mul256_v39e_true_one_dsp_sub_13ns_13ns_13_2_1 |         18 |         18 |       0 |    0 |   15 |      0 |      0 |          0 |
|               u2                                                                   |        mlkem_poly_mul256_v39e_true_one_dsp_sub_13ns_13ns_13_2_1_comb_adder__parameterized0 |         17 |         17 |       0 |    0 |    0 |      0 |      0 |          0 |
|             sub_17ns_17ns_17_2_1_U39                                               |                                   mlkem_poly_mul256_v39e_true_one_dsp_sub_17ns_17ns_17_2_1 |         21 |         21 |       0 |    0 |   21 |      0 |      0 |          0 |
|               (sub_17ns_17ns_17_2_1_U39)                                           |                                   mlkem_poly_mul256_v39e_true_one_dsp_sub_17ns_17ns_17_2_1 |         17 |         17 |       0 |    0 |   21 |      0 |      0 |          0 |
|               u2                                                                   |        mlkem_poly_mul256_v39e_true_one_dsp_sub_17ns_17ns_17_2_1_comb_adder__parameterized0 |          4 |          4 |       0 |    0 |    0 |      0 |      0 |          0 |
|           rq_U                                                                     |                                          mlkem_poly_mul256_v39e_true_one_dsp_fifo_w76_d2_S |         56 |         56 |       0 |    0 |  154 |      0 |      0 |          0 |
|             (rq_U)                                                                 |                                          mlkem_poly_mul256_v39e_true_one_dsp_fifo_w76_d2_S |          7 |          7 |       0 |    0 |    6 |      0 |      0 |          0 |
|             U_mlkem_poly_mul256_v39e_true_one_dsp_fifo_w76_d2_S_ShiftReg           |                                 mlkem_poly_mul256_v39e_true_one_dsp_fifo_w76_d2_S_ShiftReg |         49 |         49 |       0 |    0 |  148 |      0 |      0 |          0 |
|           rs_U                                                                     |                                          mlkem_poly_mul256_v39e_true_one_dsp_fifo_w39_d2_S |         84 |         84 |       0 |    0 |   82 |      0 |      0 |          0 |
|             (rs_U)                                                                 |                                          mlkem_poly_mul256_v39e_true_one_dsp_fifo_w39_d2_S |          6 |          6 |       0 |    0 |    6 |      0 |      0 |          0 |
|             U_mlkem_poly_mul256_v39e_true_one_dsp_fifo_w39_d2_S_ShiftReg           |                                 mlkem_poly_mul256_v39e_true_one_dsp_fifo_w39_d2_S_ShiftReg |         78 |         78 |       0 |    0 |   76 |      0 |      0 |          0 |
|           start_for_pe39c_U0_U                                                     |                                     mlkem_poly_mul256_v39e_true_one_dsp_start_for_pe39c_U0 |          6 |          6 |       0 |    0 |    4 |      0 |      0 |          0 |
|           start_for_write39d_U0_U                                                  |                                  mlkem_poly_mul256_v39e_true_one_dsp_start_for_write39d_U0 |          5 |          5 |       0 |    0 |    4 |      0 |      0 |          0 |
|           write39d_U0                                                              |                                               mlkem_poly_mul256_v39e_true_one_dsp_write39d |        117 |        117 |       0 |    0 |   48 |      0 |      0 |          0 |
|             (write39d_U0)                                                          |                                               mlkem_poly_mul256_v39e_true_one_dsp_write39d |         99 |         99 |       0 |    0 |   47 |      0 |      0 |          0 |
|             flow_control_loop_pipe_U                                               |                                 mlkem_poly_mul256_v39e_true_one_dsp_flow_control_loop_pipe |         19 |         19 |       0 |    0 |    1 |      0 |      0 |          0 |
|         grp_mlkem_poly_mul256_v39e_true_one_dsp_Pipeline_load_a39d_fu_376          | mlkem_poly_mul256_v39e_true_one_dsp_mlkem_poly_mul256_v39e_true_one_dsp_Pipeline_load_a39d |         94 |         94 |       0 |    0 |   51 |      0 |      0 |          0 |
|           (grp_mlkem_poly_mul256_v39e_true_one_dsp_Pipeline_load_a39d_fu_376)      | mlkem_poly_mul256_v39e_true_one_dsp_mlkem_poly_mul256_v39e_true_one_dsp_Pipeline_load_a39d |         61 |         61 |       0 |    0 |   49 |      0 |      0 |          0 |
|           flow_control_loop_pipe_sequential_init_U                                 |              mlkem_poly_mul256_v39e_true_one_dsp_flow_control_loop_pipe_sequential_init_18 |         34 |         34 |       0 |    0 |    2 |      0 |      0 |          0 |
|         grp_mlkem_poly_mul256_v39e_true_one_dsp_Pipeline_load_b39d_fu_390          | mlkem_poly_mul256_v39e_true_one_dsp_mlkem_poly_mul256_v39e_true_one_dsp_Pipeline_load_b39d |         93 |         93 |       0 |    0 |   51 |      0 |      0 |          0 |
|           (grp_mlkem_poly_mul256_v39e_true_one_dsp_Pipeline_load_b39d_fu_390)      | mlkem_poly_mul256_v39e_true_one_dsp_mlkem_poly_mul256_v39e_true_one_dsp_Pipeline_load_b39d |         61 |         61 |       0 |    0 |   49 |      0 |      0 |          0 |
|           flow_control_loop_pipe_sequential_init_U                                 |              mlkem_poly_mul256_v39e_true_one_dsp_flow_control_loop_pipe_sequential_init_17 |         33 |         33 |       0 |    0 |    2 |      0 |      0 |          0 |
|         grp_mlkem_poly_mul256_v39e_true_one_dsp_Pipeline_load_i39d_fu_416          | mlkem_poly_mul256_v39e_true_one_dsp_mlkem_poly_mul256_v39e_true_one_dsp_Pipeline_load_i39d |         35 |         35 |       0 |    0 |   18 |      0 |      0 |          0 |
|           (grp_mlkem_poly_mul256_v39e_true_one_dsp_Pipeline_load_i39d_fu_416)      | mlkem_poly_mul256_v39e_true_one_dsp_mlkem_poly_mul256_v39e_true_one_dsp_Pipeline_load_i39d |         10 |         10 |       0 |    0 |   16 |      0 |      0 |          0 |
|           flow_control_loop_pipe_sequential_init_U                                 |              mlkem_poly_mul256_v39e_true_one_dsp_flow_control_loop_pipe_sequential_init_16 |         26 |         26 |       0 |    0 |    2 |      0 |      0 |          0 |
|         grp_mlkem_poly_mul256_v39e_true_one_dsp_Pipeline_pack39d_fu_403            |   mlkem_poly_mul256_v39e_true_one_dsp_mlkem_poly_mul256_v39e_true_one_dsp_Pipeline_pack39d |         43 |         43 |       0 |    0 |   72 |      0 |      0 |          0 |
|           (grp_mlkem_poly_mul256_v39e_true_one_dsp_Pipeline_pack39d_fu_403)        |   mlkem_poly_mul256_v39e_true_one_dsp_mlkem_poly_mul256_v39e_true_one_dsp_Pipeline_pack39d |         27 |         27 |       0 |    0 |   70 |      0 |      0 |          0 |
|           flow_control_loop_pipe_sequential_init_U                                 |              mlkem_poly_mul256_v39e_true_one_dsp_flow_control_loop_pipe_sequential_init_15 |         17 |         17 |       0 |    0 |    2 |      0 |      0 |          0 |
|         grp_mlkem_poly_mul256_v39e_true_one_dsp_Pipeline_save_a39d_fu_384          | mlkem_poly_mul256_v39e_true_one_dsp_mlkem_poly_mul256_v39e_true_one_dsp_Pipeline_save_a39d |         28 |         28 |       0 |    0 |   18 |      0 |      0 |          0 |
|           (grp_mlkem_poly_mul256_v39e_true_one_dsp_Pipeline_save_a39d_fu_384)      | mlkem_poly_mul256_v39e_true_one_dsp_mlkem_poly_mul256_v39e_true_one_dsp_Pipeline_save_a39d |          9 |          9 |       0 |    0 |   16 |      0 |      0 |          0 |
|           flow_control_loop_pipe_sequential_init_U                                 |              mlkem_poly_mul256_v39e_true_one_dsp_flow_control_loop_pipe_sequential_init_14 |         20 |         20 |       0 |    0 |    2 |      0 |      0 |          0 |
|         grp_mlkem_poly_mul256_v39e_true_one_dsp_Pipeline_save_b39d_fu_397          | mlkem_poly_mul256_v39e_true_one_dsp_mlkem_poly_mul256_v39e_true_one_dsp_Pipeline_save_b39d |         31 |         31 |       0 |    0 |   18 |      0 |      0 |          0 |
|           (grp_mlkem_poly_mul256_v39e_true_one_dsp_Pipeline_save_b39d_fu_397)      | mlkem_poly_mul256_v39e_true_one_dsp_mlkem_poly_mul256_v39e_true_one_dsp_Pipeline_save_b39d |          5 |          5 |       0 |    0 |   16 |      0 |      0 |          0 |
|           flow_control_loop_pipe_sequential_init_U                                 |                 mlkem_poly_mul256_v39e_true_one_dsp_flow_control_loop_pipe_sequential_init |         27 |         27 |       0 |    0 |    2 |      0 |      0 |          0 |
|         ping_U                                                                     |                                 mlkem_poly_mul256_v39e_true_one_dsp_ping_RAM_T2P_BRAM_1R1W |          3 |          3 |       0 |    0 |    0 |      1 |      0 |          0 |
|         pong_U                                                                     |                              mlkem_poly_mul256_v39e_true_one_dsp_ping_RAM_T2P_BRAM_1R1W_13 |         85 |         85 |       0 |    0 |    0 |      1 |      0 |          0 |
|       o_ram                                                                        |                                                                      mlkem_coeff_tdp_ram_1 |         42 |         42 |       0 |    0 |    0 |      0 |      1 |          0 |
|     cpu                                                                            |                                                                               picorv32_axi |       1973 |       1929 |      44 |    0 | 1016 |      0 |      0 |          0 |
|       (cpu)                                                                        |                                                                               picorv32_axi |         11 |         11 |       0 |    0 |    0 |      0 |      0 |          0 |
|       axi_adapter                                                                  |                                                                       picorv32_axi_adapter |          3 |          3 |       0 |    0 |    4 |      0 |      0 |          0 |
|       picorv32_core                                                                |                                                                                   picorv32 |       1959 |       1915 |      44 |    0 | 1012 |      0 |      0 |          0 |
|         (picorv32_core)                                                            |                                                                                   picorv32 |       1267 |       1223 |      44 |    0 |  555 |      0 |      0 |          0 |
|         pcpi_div                                                                   |                                                                          picorv32_pcpi_div |        355 |        355 |       0 |    0 |  201 |      0 |      0 |          0 |
|         pcpi_mul                                                                   |                                                                          picorv32_pcpi_mul |        339 |        339 |       0 |    0 |  256 |      0 |      0 |          0 |
|     firmware_bram                                                                  |                                                                           xpm_memory_spram |          0 |          0 |       0 |    0 |    0 |      1 |      0 |          0 |
|       xpm_memory_base_inst                                                         |                                                                            xpm_memory_base |          0 |          0 |       0 |    0 |    0 |      1 |      0 |          0 |
+------------------------------------------------------------------------------------+--------------------------------------------------------------------------------------------+------------+------------+---------+------+------+--------+--------+------------+
* Note: The sum of lower-level cells may be larger than their parent cells total, due to cross-hierarchy LUT combining


