Time resolution is 1 ps
MLKEM_HEADER,index,dataset,vsId,tgId,tcId,op,return_code,raw_cycles,empty_cycles,input_bytes,output_bytes,m_total,mul,mulh,mulhsu,mulhu,div,divu,rem,remu,min_sp
MLKEM_START cases=8 ram_bytes=131072 stack_bytes=32768 clock_mhz=100 mul=1 fast_mul=1 div=1 expect_m=1
// Interrupt Monitor : interrupt for ap_done detected @ "3260755000"
// Interrupt Monitor : interrupt for ap_done detected @ "3466005000"
// Interrupt Monitor : interrupt for ap_done detected @ "3874275000"
// Interrupt Monitor : interrupt for ap_done detected @ "4282545000"
// Interrupt Monitor : interrupt for ap_done detected @ "4690815000"
// Interrupt Monitor : interrupt for ap_done detected @ "6240545000"
// Interrupt Monitor : interrupt for ap_done detected @ "6648815000"
// Interrupt Monitor : interrupt for ap_done detected @ "7057085000"
// Interrupt Monitor : interrupt for ap_done detected @ "7465355000"
// Interrupt Monitor : interrupt for ap_done detected @ "9028975000"
// Interrupt Monitor : interrupt for ap_done detected @ "9437245000"
// Interrupt Monitor : interrupt for ap_done detected @ "9845515000"
// Interrupt Monitor : interrupt for ap_done detected @ "10253785000"
// Interrupt Monitor : interrupt for ap_done detected @ "11817525000"
// Interrupt Monitor : interrupt for ap_done detected @ "12225795000"
// Interrupt Monitor : interrupt for ap_done detected @ "12634065000"
// Interrupt Monitor : interrupt for ap_done detected @ "13042335000"
// Interrupt Monitor : interrupt for ap_done detected @ "14558675000"
// Interrupt Monitor : interrupt for ap_done detected @ "14727475000"
// Interrupt Monitor : interrupt for ap_done detected @ "14896315000"
// Interrupt Monitor : interrupt for ap_done detected @ "15065225000"
// Interrupt Monitor : interrupt for ap_done detected @ "15868045000"
// Interrupt Monitor : interrupt for ap_done detected @ "16036845000"
// Interrupt Monitor : interrupt for ap_done detected @ "16205685000"
// Interrupt Monitor : interrupt for ap_done detected @ "16374595000"
// Interrupt Monitor : interrupt for ap_done detected @ "34273265000"
// Interrupt Monitor : interrupt for ap_done detected @ "35023385000"
// Interrupt Monitor : interrupt for ap_done detected @ "44138255000"
// Interrupt Monitor : interrupt for ap_done detected @ "44854815000"
// Interrupt Monitor : interrupt for ap_done detected @ "45263085000"
// Interrupt Monitor : interrupt for ap_done detected @ "45671355000"
// Interrupt Monitor : interrupt for ap_done detected @ "46079625000"
// Interrupt Monitor : interrupt for ap_done detected @ "47646515000"
// Interrupt Monitor : interrupt for ap_done detected @ "48054785000"
// Interrupt Monitor : interrupt for ap_done detected @ "48463055000"
// Interrupt Monitor : interrupt for ap_done detected @ "48871325000"
// Interrupt Monitor : interrupt for ap_done detected @ "50431855000"
// Interrupt Monitor : interrupt for ap_done detected @ "50840125000"
// Interrupt Monitor : interrupt for ap_done detected @ "51248395000"
// Interrupt Monitor : interrupt for ap_done detected @ "51656665000"
// Interrupt Monitor : interrupt for ap_done detected @ "53202355000"
// Interrupt Monitor : interrupt for ap_done detected @ "53610625000"
// Interrupt Monitor : interrupt for ap_done detected @ "54018895000"
// Interrupt Monitor : interrupt for ap_done detected @ "54427165000"
// Interrupt Monitor : interrupt for ap_done detected @ "55947485000"
// Interrupt Monitor : interrupt for ap_done detected @ "56116285000"
// Interrupt Monitor : interrupt for ap_done detected @ "56285125000"
// Interrupt Monitor : interrupt for ap_done detected @ "56454035000"
// Interrupt Monitor : interrupt for ap_done detected @ "57256855000"
// Interrupt Monitor : interrupt for ap_done detected @ "57425655000"
// Interrupt Monitor : interrupt for ap_done detected @ "57594495000"
// Interrupt Monitor : interrupt for ap_done detected @ "57763405000"
// Interrupt Monitor : interrupt for ap_done detected @ "58554995000"
// Interrupt Monitor : interrupt for ap_done detected @ "80066835000"
MLKEM_ROW,0,3,42,8,125,4,0,7708687,4,1632,32,118792,117768,0,0,1024,0,0,0,0,0x0001a0b0
KECCAK_ROW,0,54,54,54,0,34149,4458,7440
// Interrupt Monitor : interrupt for ap_done detected @ "85621095000"
// Interrupt Monitor : interrupt for ap_done detected @ "94735965000"
// Interrupt Monitor : interrupt for ap_done detected @ "95452525000"
// Interrupt Monitor : interrupt for ap_done detected @ "95860795000"
// Interrupt Monitor : interrupt for ap_done detected @ "96269065000"
// Interrupt Monitor : interrupt for ap_done detected @ "96677335000"
// Interrupt Monitor : interrupt for ap_done detected @ "98234585000"
// Interrupt Monitor : interrupt for ap_done detected @ "98642855000"
// Interrupt Monitor : interrupt for ap_done detected @ "99051125000"
// Interrupt Monitor : interrupt for ap_done detected @ "99459395000"
// Interrupt Monitor : interrupt for ap_done detected @ "101028415000"
// Interrupt Monitor : interrupt for ap_done detected @ "101436685000"
// Interrupt Monitor : interrupt for ap_done detected @ "101844955000"
// Interrupt Monitor : interrupt for ap_done detected @ "102253225000"
// Interrupt Monitor : interrupt for ap_done detected @ "103809645000"
// Interrupt Monitor : interrupt for ap_done detected @ "104217915000"
// Interrupt Monitor : interrupt for ap_done detected @ "104626185000"
// Interrupt Monitor : interrupt for ap_done detected @ "105034455000"
// Interrupt Monitor : interrupt for ap_done detected @ "106570055000"
// Interrupt Monitor : interrupt for ap_done detected @ "106738855000"
// Interrupt Monitor : interrupt for ap_done detected @ "106907695000"
// Interrupt Monitor : interrupt for ap_done detected @ "107076605000"
// Interrupt Monitor : interrupt for ap_done detected @ "107879425000"
// Interrupt Monitor : interrupt for ap_done detected @ "108048225000"
// Interrupt Monitor : interrupt for ap_done detected @ "108217065000"
// Interrupt Monitor : interrupt for ap_done detected @ "108385975000"
// Interrupt Monitor : interrupt for ap_done detected @ "109177565000"
// Interrupt Monitor : interrupt for ap_done detected @ "130689405000"
MLKEM_ROW,1,3,42,9,127,3,0,4591884,4,4736,32,78340,77316,0,0,1024,0,0,0,0,0x0001a0b0
KECCAK_ROW,1,28,28,28,0,17856,2489,3792
// Interrupt Monitor : interrupt for ap_done detected @ "136243665000"
// Interrupt Monitor : interrupt for ap_done detected @ "145358535000"
// Interrupt Monitor : interrupt for ap_done detected @ "146075095000"
// Interrupt Monitor : interrupt for ap_done detected @ "146483365000"
// Interrupt Monitor : interrupt for ap_done detected @ "146891635000"
// Interrupt Monitor : interrupt for ap_done detected @ "147299905000"
// Interrupt Monitor : interrupt for ap_done detected @ "148633035000"
// Interrupt Monitor : interrupt for ap_done detected @ "148794585000"
// Interrupt Monitor : interrupt for ap_done detected @ "148956135000"
// Interrupt Monitor : interrupt for ap_done detected @ "149117685000"
// Interrupt Monitor : interrupt for ap_done detected @ "149518565000"
// Interrupt Monitor : interrupt for ap_done detected @ "149926835000"
// Interrupt Monitor : interrupt for ap_done detected @ "150335105000"
// Interrupt Monitor : interrupt for ap_done detected @ "150743375000"
// Interrupt Monitor : interrupt for ap_done detected @ "152299365000"
// Interrupt Monitor : interrupt for ap_done detected @ "152707635000"
// Interrupt Monitor : interrupt for ap_done detected @ "153115905000"
// Interrupt Monitor : interrupt for ap_done detected @ "153524175000"
// Interrupt Monitor : interrupt for ap_done detected @ "155081975000"
// Interrupt Monitor : interrupt for ap_done detected @ "155490245000"
// Interrupt Monitor : interrupt for ap_done detected @ "155898515000"
// Interrupt Monitor : interrupt for ap_done detected @ "156306785000"
// Interrupt Monitor : interrupt for ap_done detected @ "157840165000"
// Interrupt Monitor : interrupt for ap_done detected @ "158008965000"
// Interrupt Monitor : interrupt for ap_done detected @ "158177805000"
// Interrupt Monitor : interrupt for ap_done detected @ "158346715000"
// Interrupt Monitor : interrupt for ap_done detected @ "159149535000"
// Interrupt Monitor : interrupt for ap_done detected @ "159318335000"
// Interrupt Monitor : interrupt for ap_done detected @ "159487175000"
// Interrupt Monitor : interrupt for ap_done detected @ "159656085000"
// Interrupt Monitor : interrupt for ap_done detected @ "160447675000"
// Interrupt Monitor : interrupt for ap_done detected @ "181959515000"
MLKEM_ROW,2,3,42,9,128,3,0,4656638,4,4736,32,78341,77317,0,0,1024,0,0,0,0,0x0001a0b0
KECCAK_ROW,2,32,32,28,4,19040,2697,4168
// Interrupt Monitor : interrupt for ap_done detected @ "187513775000"
// Interrupt Monitor : interrupt for ap_done detected @ "196628645000"
// Interrupt Monitor : interrupt for ap_done detected @ "197345205000"
// Interrupt Monitor : interrupt for ap_done detected @ "197753475000"
// Interrupt Monitor : interrupt for ap_done detected @ "198161745000"
// Interrupt Monitor : interrupt for ap_done detected @ "198570015000"
// Interrupt Monitor : interrupt for ap_done detected @ "200126235000"
// Interrupt Monitor : interrupt for ap_done detected @ "200534505000"
// Interrupt Monitor : interrupt for ap_done detected @ "200942775000"
// Interrupt Monitor : interrupt for ap_done detected @ "201351045000"
// Interrupt Monitor : interrupt for ap_done detected @ "202686645000"
// Interrupt Monitor : interrupt for ap_done detected @ "202848195000"
// Interrupt Monitor : interrupt for ap_done detected @ "203009745000"
// Interrupt Monitor : interrupt for ap_done detected @ "203171295000"
// Interrupt Monitor : interrupt for ap_done detected @ "203568115000"
// Interrupt Monitor : interrupt for ap_done detected @ "203976385000"
// Interrupt Monitor : interrupt for ap_done detected @ "204384655000"
// Interrupt Monitor : interrupt for ap_done detected @ "204792925000"
// Interrupt Monitor : interrupt for ap_done detected @ "206352535000"
// Interrupt Monitor : interrupt for ap_done detected @ "206760805000"
// Interrupt Monitor : interrupt for ap_done detected @ "207169075000"
// Interrupt Monitor : interrupt for ap_done detected @ "207577345000"
// Interrupt Monitor : interrupt for ap_done detected @ "209097395000"
// Interrupt Monitor : interrupt for ap_done detected @ "209266195000"
// Interrupt Monitor : interrupt for ap_done detected @ "209435035000"
// Interrupt Monitor : interrupt for ap_done detected @ "209603945000"
// Interrupt Monitor : interrupt for ap_done detected @ "210406765000"
// Interrupt Monitor : interrupt for ap_done detected @ "210575565000"
// Interrupt Monitor : interrupt for ap_done detected @ "210744405000"
// Interrupt Monitor : interrupt for ap_done detected @ "210913315000"
// Interrupt Monitor : interrupt for ap_done detected @ "211704905000"
// Interrupt Monitor : interrupt for ap_done detected @ "233216745000"
MLKEM_ROW,3,3,42,9,129,3,0,4655350,4,4736,32,78341,77317,0,0,1024,0,0,0,0,0x0001a0b0
KECCAK_ROW,3,32,32,28,4,19040,2697,4168
// Interrupt Monitor : interrupt for ap_done detected @ "238771005000"
// Interrupt Monitor : interrupt for ap_done detected @ "247885875000"
// Interrupt Monitor : interrupt for ap_done detected @ "248602435000"
// Interrupt Monitor : interrupt for ap_done detected @ "249010705000"
// Interrupt Monitor : interrupt for ap_done detected @ "249418975000"
// Interrupt Monitor : interrupt for ap_done detected @ "249827245000"
// Interrupt Monitor : interrupt for ap_done detected @ "251396465000"
// Interrupt Monitor : interrupt for ap_done detected @ "251804735000"
// Interrupt Monitor : interrupt for ap_done detected @ "252213005000"
// Interrupt Monitor : interrupt for ap_done detected @ "252621275000"
// Interrupt Monitor : interrupt for ap_done detected @ "254189025000"
// Interrupt Monitor : interrupt for ap_done detected @ "254597295000"
// Interrupt Monitor : interrupt for ap_done detected @ "255005565000"
// Interrupt Monitor : interrupt for ap_done detected @ "255413835000"
// Interrupt Monitor : interrupt for ap_done detected @ "256981855000"
// Interrupt Monitor : interrupt for ap_done detected @ "257390125000"
// Interrupt Monitor : interrupt for ap_done detected @ "257798395000"
// Interrupt Monitor : interrupt for ap_done detected @ "258206665000"
// Interrupt Monitor : interrupt for ap_done detected @ "259743225000"
// Interrupt Monitor : interrupt for ap_done detected @ "259912025000"
// Interrupt Monitor : interrupt for ap_done detected @ "260080865000"
// Interrupt Monitor : interrupt for ap_done detected @ "260249775000"
// Interrupt Monitor : interrupt for ap_done detected @ "261052595000"
// Interrupt Monitor : interrupt for ap_done detected @ "261221395000"
// Interrupt Monitor : interrupt for ap_done detected @ "261390235000"
// Interrupt Monitor : interrupt for ap_done detected @ "261559145000"
// Interrupt Monitor : interrupt for ap_done detected @ "262350735000"
// Interrupt Monitor : interrupt for ap_done detected @ "283862575000"
MLKEM_ROW,4,3,42,9,130,3,0,4594210,4,4736,32,78340,77316,0,0,1024,0,0,0,0,0x0001a0b0
KECCAK_ROW,4,28,28,28,0,17856,2489,3792
// Interrupt Monitor : interrupt for ap_done detected @ "289416835000"
// Interrupt Monitor : interrupt for ap_done detected @ "298531705000"
// Interrupt Monitor : interrupt for ap_done detected @ "299248265000"
// Interrupt Monitor : interrupt for ap_done detected @ "299656535000"
// Interrupt Monitor : interrupt for ap_done detected @ "300064805000"
// Interrupt Monitor : interrupt for ap_done detected @ "300473075000"
// Interrupt Monitor : interrupt for ap_done detected @ "302035765000"
// Interrupt Monitor : interrupt for ap_done detected @ "302444035000"
// Interrupt Monitor : interrupt for ap_done detected @ "302852305000"
// Interrupt Monitor : interrupt for ap_done detected @ "303260575000"
// Interrupt Monitor : interrupt for ap_done detected @ "304820855000"
// Interrupt Monitor : interrupt for ap_done detected @ "305229125000"
// Interrupt Monitor : interrupt for ap_done detected @ "305637395000"
// Interrupt Monitor : interrupt for ap_done detected @ "306045665000"
// Interrupt Monitor : interrupt for ap_done detected @ "307628395000"
// Interrupt Monitor : interrupt for ap_done detected @ "308036665000"
// Interrupt Monitor : interrupt for ap_done detected @ "308444935000"
// Interrupt Monitor : interrupt for ap_done detected @ "308853205000"
// Interrupt Monitor : interrupt for ap_done detected @ "310373395000"
// Interrupt Monitor : interrupt for ap_done detected @ "310542195000"
// Interrupt Monitor : interrupt for ap_done detected @ "310711035000"
// Interrupt Monitor : interrupt for ap_done detected @ "310879945000"
// Interrupt Monitor : interrupt for ap_done detected @ "311682765000"
// Interrupt Monitor : interrupt for ap_done detected @ "311851565000"
// Interrupt Monitor : interrupt for ap_done detected @ "312020405000"
// Interrupt Monitor : interrupt for ap_done detected @ "312189315000"
// Interrupt Monitor : interrupt for ap_done detected @ "312980905000"
// Interrupt Monitor : interrupt for ap_done detected @ "334492745000"
MLKEM_ROW,5,3,42,9,131,3,0,4592644,4,4736,32,78340,77316,0,0,1024,0,0,0,0,0x0001a0b0
KECCAK_ROW,5,28,28,28,0,17856,2489,3792
// Interrupt Monitor : interrupt for ap_done detected @ "340047005000"
// Interrupt Monitor : interrupt for ap_done detected @ "349161875000"
// Interrupt Monitor : interrupt for ap_done detected @ "349878435000"
// Interrupt Monitor : interrupt for ap_done detected @ "350286705000"
// Interrupt Monitor : interrupt for ap_done detected @ "350694975000"
// Interrupt Monitor : interrupt for ap_done detected @ "351103245000"
// Interrupt Monitor : interrupt for ap_done detected @ "352678095000"
// Interrupt Monitor : interrupt for ap_done detected @ "353086365000"
// Interrupt Monitor : interrupt for ap_done detected @ "353494635000"
// Interrupt Monitor : interrupt for ap_done detected @ "353902905000"
// Interrupt Monitor : interrupt for ap_done detected @ "355461575000"
// Interrupt Monitor : interrupt for ap_done detected @ "355869845000"
// Interrupt Monitor : interrupt for ap_done detected @ "356278115000"
// Interrupt Monitor : interrupt for ap_done detected @ "356686385000"
// Interrupt Monitor : interrupt for ap_done detected @ "358235025000"
// Interrupt Monitor : interrupt for ap_done detected @ "358643295000"
// Interrupt Monitor : interrupt for ap_done detected @ "359051565000"
// Interrupt Monitor : interrupt for ap_done detected @ "359459835000"
// Interrupt Monitor : interrupt for ap_done detected @ "360987485000"
// Interrupt Monitor : interrupt for ap_done detected @ "361156285000"
// Interrupt Monitor : interrupt for ap_done detected @ "361325125000"
// Interrupt Monitor : interrupt for ap_done detected @ "361494035000"
// Interrupt Monitor : interrupt for ap_done detected @ "362296855000"
// Interrupt Monitor : interrupt for ap_done detected @ "362465655000"
// Interrupt Monitor : interrupt for ap_done detected @ "362634495000"
// Interrupt Monitor : interrupt for ap_done detected @ "362803405000"
// Interrupt Monitor : interrupt for ap_done detected @ "363594995000"
// Interrupt Monitor : interrupt for ap_done detected @ "385106835000"
MLKEM_ROW,6,3,42,9,132,3,0,4591036,4,4736,32,78340,77316,0,0,1024,0,0,0,0,0x0001a0b0
KECCAK_ROW,6,28,28,28,0,17856,2489,3792
// Interrupt Monitor : interrupt for ap_done detected @ "390661095000"
// Interrupt Monitor : interrupt for ap_done detected @ "399775965000"
// Interrupt Monitor : interrupt for ap_done detected @ "400492525000"
// Interrupt Monitor : interrupt for ap_done detected @ "400900795000"
// Interrupt Monitor : interrupt for ap_done detected @ "401309065000"
// Interrupt Monitor : interrupt for ap_done detected @ "401717335000"
// Interrupt Monitor : interrupt for ap_done detected @ "403298055000"
// Interrupt Monitor : interrupt for ap_done detected @ "403706325000"
// Interrupt Monitor : interrupt for ap_done detected @ "404114595000"
// Interrupt Monitor : interrupt for ap_done detected @ "404522865000"
// Interrupt Monitor : interrupt for ap_done detected @ "406072425000"
// Interrupt Monitor : interrupt for ap_done detected @ "406480695000"
// Interrupt Monitor : interrupt for ap_done detected @ "406888965000"
// Interrupt Monitor : interrupt for ap_done detected @ "407297235000"
// Interrupt Monitor : interrupt for ap_done detected @ "408855185000"
// Interrupt Monitor : interrupt for ap_done detected @ "409263455000"
// Interrupt Monitor : interrupt for ap_done detected @ "409671725000"
// Interrupt Monitor : interrupt for ap_done detected @ "410079995000"
// Interrupt Monitor : interrupt for ap_done detected @ "411609635000"
// Interrupt Monitor : interrupt for ap_done detected @ "411778435000"
// Interrupt Monitor : interrupt for ap_done detected @ "411947275000"
// Interrupt Monitor : interrupt for ap_done detected @ "412116185000"
// Interrupt Monitor : interrupt for ap_done detected @ "412919005000"
// Interrupt Monitor : interrupt for ap_done detected @ "413087805000"
// Interrupt Monitor : interrupt for ap_done detected @ "413256645000"
// Interrupt Monitor : interrupt for ap_done detected @ "413425555000"
// Interrupt Monitor : interrupt for ap_done detected @ "414217145000"
// Interrupt Monitor : interrupt for ap_done detected @ "435728985000"
MLKEM_ROW,7,3,42,9,133,3,0,4591842,4,4736,32,78340,77316,0,0,1024,0,0,0,0,0x0001a0b0
KECCAK_ROW,7,28,28,28,0,17856,2489,3792
MLKEM_PASS cases=8 input_bytes=34784 output_bytes=256 cpu_mul=1 cpu_fast_mul=1 cpu_div=1 expect_m=1 cycles=43597692 all_m=667174 min_sp=0x0001a0b0 stack_used=24384
KECCAK_PASS cases=8 starts=258 done=258 hash=250 squeeze=8
$finish called at time : 435977235 ns : File "E:/hls/k4kat_timing_decode_v3/20261004_193844_750157/snapshot/tb/tb_mlkem1024_keccak_kat.sv" Line 357
INFO: xsimkernel Simulation Memory Usage: 32300 KB (Peak: 32300 KB), Simulation CPU Usage: 883530 ms
