Auto-detected supported ACVP functions: ['decapsulation', 'decapsulationKeyCheck', 'encapsulation', 'encapsulationKeyCheck', 'keyGen']
Running 165 test case(s) with 1 job(s)
Running ACVP tests for E:/pqc/mlkem-polymul-rv32i-fpga/vectors/official_kat/acvp/fips203/ML-KEM-encapDecap/prompt.json
Running encapDecap test case 1 (encapsulation) ... done
Running encapDecap test case 2 (encapsulation) ... done
Running encapDecap test case 3 (encapsulation) ... done
Running encapDecap test case 4 (encapsulation) ... done
Running encapDecap test case 5 (encapsulation) ... done
Running encapDecap test case 6 (encapsulation) ... done
Running encapDecap test case 7 (encapsulation) ... done
Running encapDecap test case 8 (encapsulation) ... done
Running encapDecap test case 9 (encapsulation) ... done
Running encapDecap test case 10 (encapsulation) ... done
Running encapDecap test case 11 (encapsulation) ... done
Running encapDecap test case 12 (encapsulation) ... done
Running encapDecap test case 13 (encapsulation) ... done
Running encapDecap test case 14 (encapsulation) ... done
Running encapDecap test case 15 (encapsulation) ... done
Running encapDecap test case 16 (encapsulation) ... done
Running encapDecap test case 17 (encapsulation) ... done
Running encapDecap test case 18 (encapsulation) ... done
Running encapDecap test case 19 (encapsulation) ... done
Running encapDecap test case 20 (encapsulation) ... done
Running encapDecap test case 21 (encapsulation) ... done
Running encapDecap test case 22 (encapsulation) ... done
Running encapDecap test case 23 (encapsulation) ... done
Running encapDecap test case 24 (encapsulation) ... done
Running encapDecap test case 25 (encapsulation) ... done
Running encapDecap test case 26 (encapsulation) ... done
Running encapDecap test case 27 (encapsulation) ... done
Running encapDecap test case 28 (encapsulation) ... done
Running encapDecap test case 29 (encapsulation) ... done
Running encapDecap test case 30 (encapsulation) ... done
Running encapDecap test case 31 (encapsulation) ... done
Running encapDecap test case 32 (encapsulation) ... done
Running encapDecap test case 33 (encapsulation) ... done
Running encapDecap test case 34 (encapsulation) ... done
Running encapDecap test case 35 (encapsulation) ... done
Running encapDecap test case 36 (encapsulation) ... done
Running encapDecap test case 37 (encapsulation) ... done
Running encapDecap test case 38 (encapsulation) ... done
Running encapDecap test case 39 (encapsulation) ... done
Running encapDecap test case 40 (encapsulation) ... done
Running encapDecap test case 41 (encapsulation) ... done
Running encapDecap test case 42 (encapsulation) ... done
Running encapDecap test case 43 (encapsulation) ... done
Running encapDecap test case 44 (encapsulation) ... done
Running encapDecap test case 45 (encapsulation) ... done
Running encapDecap test case 46 (encapsulation) ... done
Running encapDecap test case 47 (encapsulation) ... done
Running encapDecap test case 48 (encapsulation) ... done
Running encapDecap test case 49 (encapsulation) ... done
Running encapDecap test case 50 (encapsulation) ... done
Running encapDecap test case 51 (encapsulation) ... done
Running encapDecap test case 52 (encapsulation) ... done
Running encapDecap test case 53 (encapsulation) ... done
Running encapDecap test case 54 (encapsulation) ... done
Running encapDecap test case 55 (encapsulation) ... done
Running encapDecap test case 56 (encapsulation) ... done
Running encapDecap test case 57 (encapsulation) ... done
Running encapDecap test case 58 (encapsulation) ... done
Running encapDecap test case 59 (encapsulation) ... done
Running encapDecap test case 60 (encapsulation) ... done
Running encapDecap test case 61 (encapsulation) ... done
Running encapDecap test case 62 (encapsulation) ... done
Running encapDecap test case 63 (encapsulation) ... done
Running encapDecap test case 64 (encapsulation) ... done
Running encapDecap test case 65 (encapsulation) ... done
Running encapDecap test case 66 (encapsulation) ... done
Running encapDecap test case 67 (encapsulation) ... done
Running encapDecap test case 68 (encapsulation) ... done
Running encapDecap test case 69 (encapsulation) ... done
Running encapDecap test case 70 (encapsulation) ... done
Running encapDecap test case 71 (encapsulation) ... done
Running encapDecap test case 72 (encapsulation) ... done
Running encapDecap test case 73 (encapsulation) ... done
Running encapDecap test case 74 (encapsulation) ... done
Running encapDecap test case 75 (encapsulation) ... done
Running encapDecap test case 76 (decapsulation) ... done
Running encapDecap test case 77 (decapsulation) ... done
Running encapDecap test case 78 (decapsulation) ... done
Running encapDecap test case 79 (decapsulation) ... done
Running encapDecap test case 80 (decapsulation) ... done
Running encapDecap test case 81 (decapsulation) ... done
Running encapDecap test case 82 (decapsulation) ... done
Running encapDecap test case 83 (decapsulation) ... done
Running encapDecap test case 84 (decapsulation) ... done
Running encapDecap test case 85 (decapsulation) ... done
Running encapDecap test case 86 (decapsulation) ... done
Running encapDecap test case 87 (decapsulation) ... done
Running encapDecap test case 88 (decapsulation) ... done
Running encapDecap test case 89 (decapsulation) ... done
Running encapDecap test case 90 (decapsulation) ... done
Running encapDecap test case 91 (decapsulation) ... done
Running encapDecap test case 92 (decapsulation) ... done
Running encapDecap test case 93 (decapsulation) ... done
Running encapDecap test case 94 (decapsulation) ... done
Running encapDecap test case 95 (decapsulation) ... done
Running encapDecap test case 96 (decapsulation) ... done
Running encapDecap test case 97 (decapsulation) ... done
Running encapDecap test case 98 (decapsulation) ... done
Running encapDecap test case 99 (decapsulation) ... done
Running encapDecap test case 100 (decapsulation) ... done
Running encapDecap test case 101 (decapsulation) ... done
Running encapDecap test case 102 (decapsulation) ... done
Running encapDecap test case 103 (decapsulation) ... done
Running encapDecap test case 104 (decapsulation) ... done
Running encapDecap test case 105 (decapsulation) ... done
Running encapDecap test case 106 (decapsulationKeyCheck) ... done
Running encapDecap test case 107 (decapsulationKeyCheck) ... done
Running encapDecap test case 108 (decapsulationKeyCheck) ... done
Running encapDecap test case 109 (decapsulationKeyCheck) ... done
Running encapDecap test case 110 (decapsulationKeyCheck) ... done
Running encapDecap test case 111 (decapsulationKeyCheck) ... done
Running encapDecap test case 112 (decapsulationKeyCheck) ... done
Running encapDecap test case 113 (decapsulationKeyCheck) ... done
Running encapDecap test case 114 (decapsulationKeyCheck) ... done
Running encapDecap test case 115 (decapsulationKeyCheck) ... done
Running encapDecap test case 116 (encapsulationKeyCheck) ... done
Running encapDecap test case 117 (encapsulationKeyCheck) ... done
Running encapDecap test case 118 (encapsulationKeyCheck) ... done
Running encapDecap test case 119 (encapsulationKeyCheck) ... done
Running encapDecap test case 120 (encapsulationKeyCheck) ... done
Running encapDecap test case 121 (encapsulationKeyCheck) ... done
Running encapDecap test case 122 (encapsulationKeyCheck) ... done
Running encapDecap test case 123 (encapsulationKeyCheck) ... done
Running encapDecap test case 124 (encapsulationKeyCheck) ... done
Running encapDecap test case 125 (encapsulationKeyCheck) ... done
Running encapDecap test case 126 (decapsulationKeyCheck) ... done
Running encapDecap test case 127 (decapsulationKeyCheck) ... done
Running encapDecap test case 128 (decapsulationKeyCheck) ... done
Running encapDecap test case 129 (decapsulationKeyCheck) ... done
Running encapDecap test case 130 (decapsulationKeyCheck) ... done
Running encapDecap test case 131 (decapsulationKeyCheck) ... done
Running encapDecap test case 132 (decapsulationKeyCheck) ... done
Running encapDecap test case 133 (decapsulationKeyCheck) ... done
Running encapDecap test case 134 (decapsulationKeyCheck) ... done
Running encapDecap test case 135 (decapsulationKeyCheck) ... done
Running encapDecap test case 136 (encapsulationKeyCheck) ... done
Running encapDecap test case 137 (encapsulationKeyCheck) ... done
Running encapDecap test case 138 (encapsulationKeyCheck) ... done
Running encapDecap test case 139 (encapsulationKeyCheck) ... done
Running encapDecap test case 140 (encapsulationKeyCheck) ... done
Running encapDecap test case 141 (encapsulationKeyCheck) ... done
Running encapDecap test case 142 (encapsulationKeyCheck) ... done
Running encapDecap test case 143 (encapsulationKeyCheck) ... done
Running encapDecap test case 144 (encapsulationKeyCheck) ... done
Running encapDecap test case 145 (encapsulationKeyCheck) ... done
Running encapDecap test case 146 (decapsulationKeyCheck) ... done
Running encapDecap test case 147 (decapsulationKeyCheck) ... done
Running encapDecap test case 148 (decapsulationKeyCheck) ... done
Running encapDecap test case 149 (decapsulationKeyCheck) ... done
Running encapDecap test case 150 (decapsulationKeyCheck) ... done
Running encapDecap test case 151 (decapsulationKeyCheck) ... done
Running encapDecap test case 152 (decapsulationKeyCheck) ... done
Running encapDecap test case 153 (decapsulationKeyCheck) ... done
Running encapDecap test case 154 (decapsulationKeyCheck) ... done
Running encapDecap test case 155 (decapsulationKeyCheck) ... done
Running encapDecap test case 156 (encapsulationKeyCheck) ... done
Running encapDecap test case 157 (encapsulationKeyCheck) ... done
Running encapDecap test case 158 (encapsulationKeyCheck) ... done
Running encapDecap test case 159 (encapsulationKeyCheck) ... done
Running encapDecap test case 160 (encapsulationKeyCheck) ... done
Running encapDecap test case 161 (encapsulationKeyCheck) ... done
Running encapDecap test case 162 (encapsulationKeyCheck) ... done
Running encapDecap test case 163 (encapsulationKeyCheck) ... done
Running encapDecap test case 164 (encapsulationKeyCheck) ... done
Running encapDecap test case 165 (encapsulationKeyCheck) ... done
Comparing results with E:/pqc/mlkem-polymul-rv32i-fpga/vectors/official_kat/acvp/fips203/ML-KEM-encapDecap/expectedResults.json
OK
ALL GOOD! (165 cases in 1.8s)
