Time resolution is 1 ps
MLKEM_HEADER,index,dataset,vsId,tgId,tcId,op,return_code,raw_cycles,empty_cycles,input_bytes,output_bytes,m_total,mul,mulh,mulhsu,mulhu,div,divu,rem,remu,min_sp
MLKEM_START cases=8 ram_bytes=131072 stack_bytes=32768 clock_mhz=100 mul=1 fast_mul=1 div=1 expect_m=1
// Interrupt Monitor : interrupt for ap_done detected @ "6396485000"
// Interrupt Monitor : interrupt for ap_done detected @ "6578255000"
// Interrupt Monitor : interrupt for ap_done detected @ "7294775000"
// Interrupt Monitor : interrupt for ap_done detected @ "7703045000"
// Interrupt Monitor : interrupt for ap_done detected @ "8111315000"
// Interrupt Monitor : interrupt for ap_done detected @ "8519585000"
// Interrupt Monitor : interrupt for ap_done detected @ "10089525000"
// Interrupt Monitor : interrupt for ap_done detected @ "10497795000"
// Interrupt Monitor : interrupt for ap_done detected @ "10906065000"
// Interrupt Monitor : interrupt for ap_done detected @ "11314335000"
// Interrupt Monitor : interrupt for ap_done detected @ "12877785000"
// Interrupt Monitor : interrupt for ap_done detected @ "13286055000"
// Interrupt Monitor : interrupt for ap_done detected @ "13694325000"
// Interrupt Monitor : interrupt for ap_done detected @ "14102595000"
// Interrupt Monitor : interrupt for ap_done detected @ "15648675000"
// Interrupt Monitor : interrupt for ap_done detected @ "16056945000"
// Interrupt Monitor : interrupt for ap_done detected @ "16465215000"
// Interrupt Monitor : interrupt for ap_done detected @ "16873485000"
// Interrupt Monitor : interrupt for ap_done detected @ "18210355000"
// Interrupt Monitor : interrupt for ap_done detected @ "18371905000"
// Interrupt Monitor : interrupt for ap_done detected @ "18533455000"
// Interrupt Monitor : interrupt for ap_done detected @ "18695005000"
// Interrupt Monitor : interrupt for ap_done detected @ "19053465000"
// Interrupt Monitor : interrupt for ap_done detected @ "19222265000"
// Interrupt Monitor : interrupt for ap_done detected @ "19391105000"
// Interrupt Monitor : interrupt for ap_done detected @ "19560015000"
// Interrupt Monitor : interrupt for ap_done detected @ "20362835000"
// Interrupt Monitor : interrupt for ap_done detected @ "20531635000"
// Interrupt Monitor : interrupt for ap_done detected @ "20700475000"
// Interrupt Monitor : interrupt for ap_done detected @ "20869385000"
// Interrupt Monitor : interrupt for ap_done detected @ "21660975000"
MLKEM_ROW,0,3,42,3,60,2,0,3907403,4,1600,1600,58245,57221,0,0,1024,0,0,0,0,0x0001a700
KECCAK_ROW,0,31,31,27,4,17764,2245,4108
// Interrupt Monitor : interrupt for ap_done detected @ "48523245000"
// Interrupt Monitor : interrupt for ap_done detected @ "48705015000"
// Interrupt Monitor : interrupt for ap_done detected @ "49421535000"
// Interrupt Monitor : interrupt for ap_done detected @ "49829805000"
// Interrupt Monitor : interrupt for ap_done detected @ "50238075000"
// Interrupt Monitor : interrupt for ap_done detected @ "50646345000"
// Interrupt Monitor : interrupt for ap_done detected @ "52213725000"
// Interrupt Monitor : interrupt for ap_done detected @ "52621995000"
// Interrupt Monitor : interrupt for ap_done detected @ "53030265000"
// Interrupt Monitor : interrupt for ap_done detected @ "53438535000"
// Interrupt Monitor : interrupt for ap_done detected @ "54993265000"
// Interrupt Monitor : interrupt for ap_done detected @ "55401535000"
// Interrupt Monitor : interrupt for ap_done detected @ "55809805000"
// Interrupt Monitor : interrupt for ap_done detected @ "56218075000"
// Interrupt Monitor : interrupt for ap_done detected @ "57760645000"
// Interrupt Monitor : interrupt for ap_done detected @ "58168915000"
// Interrupt Monitor : interrupt for ap_done detected @ "58577185000"
// Interrupt Monitor : interrupt for ap_done detected @ "58985455000"
// Interrupt Monitor : interrupt for ap_done detected @ "60524805000"
// Interrupt Monitor : interrupt for ap_done detected @ "60693605000"
// Interrupt Monitor : interrupt for ap_done detected @ "60862445000"
// Interrupt Monitor : interrupt for ap_done detected @ "61031355000"
// Interrupt Monitor : interrupt for ap_done detected @ "61834175000"
// Interrupt Monitor : interrupt for ap_done detected @ "62002975000"
// Interrupt Monitor : interrupt for ap_done detected @ "62171815000"
// Interrupt Monitor : interrupt for ap_done detected @ "62340725000"
// Interrupt Monitor : interrupt for ap_done detected @ "63132315000"
MLKEM_ROW,1,3,42,3,61,2,0,3841861,4,1600,1600,58244,57220,0,0,1024,0,0,0,0,0x0001a700
KECCAK_ROW,1,27,27,27,0,16580,2037,3732
// Interrupt Monitor : interrupt for ap_done detected @ "89994585000"
// Interrupt Monitor : interrupt for ap_done detected @ "90176355000"
// Interrupt Monitor : interrupt for ap_done detected @ "90892875000"
// Interrupt Monitor : interrupt for ap_done detected @ "91301145000"
// Interrupt Monitor : interrupt for ap_done detected @ "91709415000"
// Interrupt Monitor : interrupt for ap_done detected @ "92117685000"
// Interrupt Monitor : interrupt for ap_done detected @ "93677045000"
// Interrupt Monitor : interrupt for ap_done detected @ "94085315000"
// Interrupt Monitor : interrupt for ap_done detected @ "94493585000"
// Interrupt Monitor : interrupt for ap_done detected @ "94901855000"
// Interrupt Monitor : interrupt for ap_done detected @ "96464005000"
// Interrupt Monitor : interrupt for ap_done detected @ "96872275000"
// Interrupt Monitor : interrupt for ap_done detected @ "97280545000"
// Interrupt Monitor : interrupt for ap_done detected @ "97688815000"
// Interrupt Monitor : interrupt for ap_done detected @ "99250415000"
// Interrupt Monitor : interrupt for ap_done detected @ "99658685000"
// Interrupt Monitor : interrupt for ap_done detected @ "100066955000"
// Interrupt Monitor : interrupt for ap_done detected @ "100475225000"
// Interrupt Monitor : interrupt for ap_done detected @ "101986485000"
// Interrupt Monitor : interrupt for ap_done detected @ "102155285000"
// Interrupt Monitor : interrupt for ap_done detected @ "102324125000"
// Interrupt Monitor : interrupt for ap_done detected @ "102493035000"
// Interrupt Monitor : interrupt for ap_done detected @ "103295855000"
// Interrupt Monitor : interrupt for ap_done detected @ "103464655000"
// Interrupt Monitor : interrupt for ap_done detected @ "103633495000"
// Interrupt Monitor : interrupt for ap_done detected @ "103802405000"
// Interrupt Monitor : interrupt for ap_done detected @ "104593995000"
MLKEM_ROW,2,3,42,3,62,2,0,3840895,4,1600,1600,58244,57220,0,0,1024,0,0,0,0,0x0001a700
KECCAK_ROW,2,27,27,27,0,16580,2037,3732
// Interrupt Monitor : interrupt for ap_done detected @ "131456265000"
// Interrupt Monitor : interrupt for ap_done detected @ "131638035000"
// Interrupt Monitor : interrupt for ap_done detected @ "132354555000"
// Interrupt Monitor : interrupt for ap_done detected @ "132762825000"
// Interrupt Monitor : interrupt for ap_done detected @ "133171095000"
// Interrupt Monitor : interrupt for ap_done detected @ "133579365000"
// Interrupt Monitor : interrupt for ap_done detected @ "135136225000"
// Interrupt Monitor : interrupt for ap_done detected @ "135544495000"
// Interrupt Monitor : interrupt for ap_done detected @ "135952765000"
// Interrupt Monitor : interrupt for ap_done detected @ "136361035000"
// Interrupt Monitor : interrupt for ap_done detected @ "137930945000"
// Interrupt Monitor : interrupt for ap_done detected @ "138339215000"
// Interrupt Monitor : interrupt for ap_done detected @ "138747485000"
// Interrupt Monitor : interrupt for ap_done detected @ "139155755000"
// Interrupt Monitor : interrupt for ap_done detected @ "140716195000"
// Interrupt Monitor : interrupt for ap_done detected @ "141124465000"
// Interrupt Monitor : interrupt for ap_done detected @ "141532735000"
// Interrupt Monitor : interrupt for ap_done detected @ "141941005000"
// Interrupt Monitor : interrupt for ap_done detected @ "143455875000"
// Interrupt Monitor : interrupt for ap_done detected @ "143624675000"
// Interrupt Monitor : interrupt for ap_done detected @ "143793515000"
// Interrupt Monitor : interrupt for ap_done detected @ "143962425000"
// Interrupt Monitor : interrupt for ap_done detected @ "144765245000"
// Interrupt Monitor : interrupt for ap_done detected @ "144934045000"
// Interrupt Monitor : interrupt for ap_done detected @ "145102885000"
// Interrupt Monitor : interrupt for ap_done detected @ "145271795000"
// Interrupt Monitor : interrupt for ap_done detected @ "146063385000"
MLKEM_ROW,3,3,42,3,63,2,0,3841666,4,1600,1600,58244,57220,0,0,1024,0,0,0,0,0x0001a700
KECCAK_ROW,3,27,27,27,0,16580,2037,3732
// Interrupt Monitor : interrupt for ap_done detected @ "172925655000"
// Interrupt Monitor : interrupt for ap_done detected @ "173107425000"
// Interrupt Monitor : interrupt for ap_done detected @ "173823945000"
// Interrupt Monitor : interrupt for ap_done detected @ "174232215000"
// Interrupt Monitor : interrupt for ap_done detected @ "174640485000"
// Interrupt Monitor : interrupt for ap_done detected @ "175048755000"
// Interrupt Monitor : interrupt for ap_done detected @ "176608095000"
// Interrupt Monitor : interrupt for ap_done detected @ "177016365000"
// Interrupt Monitor : interrupt for ap_done detected @ "177424635000"
// Interrupt Monitor : interrupt for ap_done detected @ "177832905000"
// Interrupt Monitor : interrupt for ap_done detected @ "179380995000"
// Interrupt Monitor : interrupt for ap_done detected @ "179789265000"
// Interrupt Monitor : interrupt for ap_done detected @ "180197535000"
// Interrupt Monitor : interrupt for ap_done detected @ "180605805000"
// Interrupt Monitor : interrupt for ap_done detected @ "182172525000"
// Interrupt Monitor : interrupt for ap_done detected @ "182580795000"
// Interrupt Monitor : interrupt for ap_done detected @ "182989065000"
// Interrupt Monitor : interrupt for ap_done detected @ "183397335000"
// Interrupt Monitor : interrupt for ap_done detected @ "184912455000"
// Interrupt Monitor : interrupt for ap_done detected @ "185081255000"
// Interrupt Monitor : interrupt for ap_done detected @ "185250095000"
// Interrupt Monitor : interrupt for ap_done detected @ "185419005000"
// Interrupt Monitor : interrupt for ap_done detected @ "186221825000"
// Interrupt Monitor : interrupt for ap_done detected @ "186390625000"
// Interrupt Monitor : interrupt for ap_done detected @ "186559465000"
// Interrupt Monitor : interrupt for ap_done detected @ "186728375000"
// Interrupt Monitor : interrupt for ap_done detected @ "187519965000"
MLKEM_ROW,4,3,42,3,64,2,0,3840385,4,1600,1600,58244,57220,0,0,1024,0,0,0,0,0x0001a700
KECCAK_ROW,4,27,27,27,0,16580,2037,3732
// Interrupt Monitor : interrupt for ap_done detected @ "214382235000"
// Interrupt Monitor : interrupt for ap_done detected @ "214564005000"
// Interrupt Monitor : interrupt for ap_done detected @ "215280525000"
// Interrupt Monitor : interrupt for ap_done detected @ "215688795000"
// Interrupt Monitor : interrupt for ap_done detected @ "216097065000"
// Interrupt Monitor : interrupt for ap_done detected @ "216505335000"
// Interrupt Monitor : interrupt for ap_done detected @ "218092885000"
// Interrupt Monitor : interrupt for ap_done detected @ "218501155000"
// Interrupt Monitor : interrupt for ap_done detected @ "218909425000"
// Interrupt Monitor : interrupt for ap_done detected @ "219317695000"
// Interrupt Monitor : interrupt for ap_done detected @ "220894325000"
// Interrupt Monitor : interrupt for ap_done detected @ "221302595000"
// Interrupt Monitor : interrupt for ap_done detected @ "221710865000"
// Interrupt Monitor : interrupt for ap_done detected @ "222119135000"
// Interrupt Monitor : interrupt for ap_done detected @ "223655535000"
// Interrupt Monitor : interrupt for ap_done detected @ "224063805000"
// Interrupt Monitor : interrupt for ap_done detected @ "224472075000"
// Interrupt Monitor : interrupt for ap_done detected @ "224880345000"
// Interrupt Monitor : interrupt for ap_done detected @ "226422475000"
// Interrupt Monitor : interrupt for ap_done detected @ "226591275000"
// Interrupt Monitor : interrupt for ap_done detected @ "226760115000"
// Interrupt Monitor : interrupt for ap_done detected @ "226929025000"
// Interrupt Monitor : interrupt for ap_done detected @ "227731845000"
// Interrupt Monitor : interrupt for ap_done detected @ "227900645000"
// Interrupt Monitor : interrupt for ap_done detected @ "228069485000"
// Interrupt Monitor : interrupt for ap_done detected @ "228238395000"
// Interrupt Monitor : interrupt for ap_done detected @ "229029985000"
MLKEM_ROW,5,3,42,3,65,2,0,3845729,4,1600,1600,58244,57220,0,0,1024,0,0,0,0,0x0001a700
KECCAK_ROW,5,27,27,27,0,16580,2037,3732
// Interrupt Monitor : interrupt for ap_done detected @ "255892255000"
// Interrupt Monitor : interrupt for ap_done detected @ "256074025000"
// Interrupt Monitor : interrupt for ap_done detected @ "256790545000"
// Interrupt Monitor : interrupt for ap_done detected @ "257198815000"
// Interrupt Monitor : interrupt for ap_done detected @ "257607085000"
// Interrupt Monitor : interrupt for ap_done detected @ "258015355000"
// Interrupt Monitor : interrupt for ap_done detected @ "259580125000"
// Interrupt Monitor : interrupt for ap_done detected @ "259988395000"
// Interrupt Monitor : interrupt for ap_done detected @ "260396665000"
// Interrupt Monitor : interrupt for ap_done detected @ "260804935000"
// Interrupt Monitor : interrupt for ap_done detected @ "262353535000"
// Interrupt Monitor : interrupt for ap_done detected @ "262761805000"
// Interrupt Monitor : interrupt for ap_done detected @ "263170075000"
// Interrupt Monitor : interrupt for ap_done detected @ "263578345000"
// Interrupt Monitor : interrupt for ap_done detected @ "264916215000"
// Interrupt Monitor : interrupt for ap_done detected @ "265077765000"
// Interrupt Monitor : interrupt for ap_done detected @ "265239315000"
// Interrupt Monitor : interrupt for ap_done detected @ "265400865000"
// Interrupt Monitor : interrupt for ap_done detected @ "265797755000"
// Interrupt Monitor : interrupt for ap_done detected @ "266206025000"
// Interrupt Monitor : interrupt for ap_done detected @ "266614295000"
// Interrupt Monitor : interrupt for ap_done detected @ "267022565000"
// Interrupt Monitor : interrupt for ap_done detected @ "268549675000"
// Interrupt Monitor : interrupt for ap_done detected @ "268718475000"
// Interrupt Monitor : interrupt for ap_done detected @ "268887315000"
// Interrupt Monitor : interrupt for ap_done detected @ "269056225000"
// Interrupt Monitor : interrupt for ap_done detected @ "269859045000"
// Interrupt Monitor : interrupt for ap_done detected @ "270027845000"
// Interrupt Monitor : interrupt for ap_done detected @ "270196685000"
// Interrupt Monitor : interrupt for ap_done detected @ "270365595000"
// Interrupt Monitor : interrupt for ap_done detected @ "271157185000"
MLKEM_ROW,6,3,42,3,66,2,0,3907447,4,1600,1600,58245,57221,0,0,1024,0,0,0,0,0x0001a700
KECCAK_ROW,6,31,31,27,4,17764,2245,4108
// Interrupt Monitor : interrupt for ap_done detected @ "298019455000"
// Interrupt Monitor : interrupt for ap_done detected @ "298201225000"
// Interrupt Monitor : interrupt for ap_done detected @ "298917745000"
// Interrupt Monitor : interrupt for ap_done detected @ "299326015000"
// Interrupt Monitor : interrupt for ap_done detected @ "299734285000"
// Interrupt Monitor : interrupt for ap_done detected @ "300142555000"
// Interrupt Monitor : interrupt for ap_done detected @ "301714325000"
// Interrupt Monitor : interrupt for ap_done detected @ "302122595000"
// Interrupt Monitor : interrupt for ap_done detected @ "302530865000"
// Interrupt Monitor : interrupt for ap_done detected @ "302939135000"
// Interrupt Monitor : interrupt for ap_done detected @ "304505395000"
// Interrupt Monitor : interrupt for ap_done detected @ "304913665000"
// Interrupt Monitor : interrupt for ap_done detected @ "305321935000"
// Interrupt Monitor : interrupt for ap_done detected @ "305730205000"
// Interrupt Monitor : interrupt for ap_done detected @ "307282355000"
// Interrupt Monitor : interrupt for ap_done detected @ "307690625000"
// Interrupt Monitor : interrupt for ap_done detected @ "308098895000"
// Interrupt Monitor : interrupt for ap_done detected @ "308507165000"
// Interrupt Monitor : interrupt for ap_done detected @ "310015915000"
// Interrupt Monitor : interrupt for ap_done detected @ "310184715000"
// Interrupt Monitor : interrupt for ap_done detected @ "310353555000"
// Interrupt Monitor : interrupt for ap_done detected @ "310522465000"
// Interrupt Monitor : interrupt for ap_done detected @ "311325285000"
// Interrupt Monitor : interrupt for ap_done detected @ "311494085000"
// Interrupt Monitor : interrupt for ap_done detected @ "311662925000"
// Interrupt Monitor : interrupt for ap_done detected @ "311831835000"
// Interrupt Monitor : interrupt for ap_done detected @ "312623425000"
MLKEM_ROW,7,3,42,3,67,2,0,3841351,4,1600,1600,58244,57220,0,0,1024,0,0,0,0,0x0001a700
KECCAK_ROW,7,27,27,27,0,16580,2037,3732
MLKEM_PASS cases=8 input_bytes=12800 output_bytes=12800 cpu_mul=1 cpu_fast_mul=1 cpu_div=1 expect_m=1 cycles=33399459 all_m=465954 min_sp=0x0001a700 stack_used=22768
KECCAK_PASS cases=8 starts=224 done=224 hash=216 squeeze=8
$finish called at time : 333994905 ns : File "E:/hls/k4kat/20260927_182854_601038/snapshot/tb/tb_mlkem1024_keccak_kat.sv" Line 357
INFO: xsimkernel Simulation Memory Usage: 32300 KB (Peak: 32300 KB), Simulation CPU Usage: 608124 ms
