Copyright 1986-2022 Xilinx, Inc. All Rights Reserved. Copyright 2022-2024 Advanced Micro Devices, Inc. All Rights Reserved.
----------------------------------------------------------------------------------------------------------------------------------------------------------------------------------------------------------------
| Tool Version : Vivado v.2024.2 (win64) Build 5239630 Fri Nov 08 22:35:27 MST 2024
| Date         : Sun Oct  4 12:52:39 2026
| Host         : DESKTOP-H0SRFHK running 64-bit major release  (build 9200)
| Command      : report_timing -from [all_registers -clock system_clk] -to [all_registers -clock system_clk] -delay_type max -max_paths 10 -file E:/hls/k4sys/20261004_124354/keccak/reports/internal_setup.rpt
| Design       : mlkem1024_keccak_system
| Device       : 7z020-clg400
| Speed File   : -1  PRODUCTION 1.12 2019-11-22
| Design State : Routed
----------------------------------------------------------------------------------------------------------------------------------------------------------------------------------------------------------------

Timing Report

Slack (MET) :             0.269ns  (required time - arrival time)
  Source:                 adapter_i/hls_i/ap_CS_fsm_reg[13]_rep__30/C
                            (rising edge-triggered cell FDRE clocked by system_clk  {rise@0.000ns fall@5.000ns period=10.000ns})
  Destination:            adapter_i/hls_i/state_11_4_ph_reg_2265_reg[31]/D
                            (rising edge-triggered cell FDRE clocked by system_clk  {rise@0.000ns fall@5.000ns period=10.000ns})
  Path Group:             system_clk
  Path Type:              Setup (Max at Slow Process Corner)
  Requirement:            10.000ns  (system_clk rise@10.000ns - system_clk rise@0.000ns)
  Data Path Delay:        9.606ns  (logic 0.580ns (6.038%)  route 9.026ns (93.962%))
  Logic Levels:           1  (LUT5=1)
  Clock Path Skew:        -0.066ns (DCD - SCD + CPR)
    Destination Clock Delay (DCD):    1.590ns = ( 11.590 - 10.000 ) 
    Source Clock Delay      (SCD):    1.656ns
    Clock Pessimism Removal (CPR):    0.000ns
  Clock Uncertainty:      0.135ns  ((TSJ^2 + TIJ^2)^1/2 + DJ) / 2 + PE + UU
    Total System Jitter     (TSJ):    0.071ns
    Total Input Jitter      (TIJ):    0.000ns
    Discrete Jitter          (DJ):    0.000ns
    Phase Error              (PE):    0.000ns
    User Uncertainty         (UU):    0.100ns

    Location             Delay type                Incr(ns)  Path(ns)    Netlist Resource(s)
  -------------------------------------------------------------------    -------------------
                         (clock system_clk rise edge)
                                                      0.000     0.000 r  
                                                      0.000     0.000 r  clk (IN)
                         net (fo=17166, unset)        1.656     1.656    adapter_i/hls_i/clk
    SLICE_X33Y30         FDRE                                         r  adapter_i/hls_i/ap_CS_fsm_reg[13]_rep__30/C
  -------------------------------------------------------------------    -------------------
    SLICE_X33Y30         FDRE (Prop_fdre_C_Q)         0.456     2.112 r  adapter_i/hls_i/ap_CS_fsm_reg[13]_rep__30/Q
                         net (fo=125, routed)         9.026    11.138    adapter_i/hls_i/grp_p_anonymous_namespace_keccak_f1600_fu_2505/flow_control_loop_pipe_sequential_init_U/state_11_4_ph_reg_2265_reg[13]
    SLICE_X94Y74         LUT5 (Prop_lut5_I1_O)        0.124    11.262 r  adapter_i/hls_i/grp_p_anonymous_namespace_keccak_f1600_fu_2505/flow_control_loop_pipe_sequential_init_U/state_11_4_ph_reg_2265[31]_i_1/O
                         net (fo=1, routed)           0.000    11.262    adapter_i/hls_i/state_11_4_ph_reg_2265[31]
    SLICE_X94Y74         FDRE                                         r  adapter_i/hls_i/state_11_4_ph_reg_2265_reg[31]/D
  -------------------------------------------------------------------    -------------------

                         (clock system_clk rise edge)
                                                     10.000    10.000 r  
                                                      0.000    10.000 r  clk (IN)
                         net (fo=17166, unset)        1.590    11.590    adapter_i/hls_i/clk
    SLICE_X94Y74         FDRE                                         r  adapter_i/hls_i/state_11_4_ph_reg_2265_reg[31]/C
                         clock pessimism              0.000    11.590    
                         clock uncertainty           -0.135    11.455    
    SLICE_X94Y74         FDRE (Setup_fdre_C_D)        0.077    11.532    adapter_i/hls_i/state_11_4_ph_reg_2265_reg[31]
  -------------------------------------------------------------------
                         required time                         11.532    
                         arrival time                         -11.262    
  -------------------------------------------------------------------
                         slack                                  0.269    

Slack (MET) :             0.272ns  (required time - arrival time)
  Source:                 adapter_i/hls_i/ap_CS_fsm_reg[13]_rep__32/C
                            (rising edge-triggered cell FDRE clocked by system_clk  {rise@0.000ns fall@5.000ns period=10.000ns})
  Destination:            adapter_i/hls_i/state_6_4_ph_reg_2310_reg[25]/D
                            (rising edge-triggered cell FDRE clocked by system_clk  {rise@0.000ns fall@5.000ns period=10.000ns})
  Path Group:             system_clk
  Path Type:              Setup (Max at Slow Process Corner)
  Requirement:            10.000ns  (system_clk rise@10.000ns - system_clk rise@0.000ns)
  Data Path Delay:        9.513ns  (logic 0.580ns (6.097%)  route 8.933ns (93.903%))
  Logic Levels:           1  (LUT5=1)
  Clock Path Skew:        -0.112ns (DCD - SCD + CPR)
    Destination Clock Delay (DCD):    1.603ns = ( 11.603 - 10.000 ) 
    Source Clock Delay      (SCD):    1.715ns
    Clock Pessimism Removal (CPR):    0.000ns
  Clock Uncertainty:      0.135ns  ((TSJ^2 + TIJ^2)^1/2 + DJ) / 2 + PE + UU
    Total System Jitter     (TSJ):    0.071ns
    Total Input Jitter      (TIJ):    0.000ns
    Discrete Jitter          (DJ):    0.000ns
    Phase Error              (PE):    0.000ns
    User Uncertainty         (UU):    0.100ns

    Location             Delay type                Incr(ns)  Path(ns)    Netlist Resource(s)
  -------------------------------------------------------------------    -------------------
                         (clock system_clk rise edge)
                                                      0.000     0.000 r  
                                                      0.000     0.000 r  clk (IN)
                         net (fo=17166, unset)        1.715     1.715    adapter_i/hls_i/clk
    SLICE_X77Y24         FDRE                                         r  adapter_i/hls_i/ap_CS_fsm_reg[13]_rep__32/C
  -------------------------------------------------------------------    -------------------
    SLICE_X77Y24         FDRE (Prop_fdre_C_Q)         0.456     2.171 r  adapter_i/hls_i/ap_CS_fsm_reg[13]_rep__32/Q
                         net (fo=125, routed)         8.933    11.104    adapter_i/hls_i/grp_p_anonymous_namespace_keccak_f1600_fu_2505/flow_control_loop_pipe_sequential_init_U/state_5_4_ph_reg_2319_reg[19]
    SLICE_X103Y86        LUT5 (Prop_lut5_I1_O)        0.124    11.228 r  adapter_i/hls_i/grp_p_anonymous_namespace_keccak_f1600_fu_2505/flow_control_loop_pipe_sequential_init_U/state_6_4_ph_reg_2310[25]_i_1/O
                         net (fo=1, routed)           0.000    11.228    adapter_i/hls_i/state_6_4_ph_reg_2310[25]
    SLICE_X103Y86        FDRE                                         r  adapter_i/hls_i/state_6_4_ph_reg_2310_reg[25]/D
  -------------------------------------------------------------------    -------------------

                         (clock system_clk rise edge)
                                                     10.000    10.000 r  
                                                      0.000    10.000 r  clk (IN)
                         net (fo=17166, unset)        1.603    11.603    adapter_i/hls_i/clk
    SLICE_X103Y86        FDRE                                         r  adapter_i/hls_i/state_6_4_ph_reg_2310_reg[25]/C
                         clock pessimism              0.000    11.603    
                         clock uncertainty           -0.135    11.468    
    SLICE_X103Y86        FDRE (Setup_fdre_C_D)        0.032    11.500    adapter_i/hls_i/state_6_4_ph_reg_2310_reg[25]
  -------------------------------------------------------------------
                         required time                         11.500    
                         arrival time                         -11.228    
  -------------------------------------------------------------------
                         slack                                  0.272    

Slack (MET) :             0.284ns  (required time - arrival time)
  Source:                 adapter_i/hls_i/icmp_ln180_reg_6257_reg[0]_rep__4/C
                            (rising edge-triggered cell FDRE clocked by system_clk  {rise@0.000ns fall@5.000ns period=10.000ns})
  Destination:            adapter_i/hls_i/state_6_2_reg_882_reg[11]/D
                            (rising edge-triggered cell FDRE clocked by system_clk  {rise@0.000ns fall@5.000ns period=10.000ns})
  Path Group:             system_clk
  Path Type:              Setup (Max at Slow Process Corner)
  Requirement:            10.000ns  (system_clk rise@10.000ns - system_clk rise@0.000ns)
  Data Path Delay:        9.482ns  (logic 0.580ns (6.117%)  route 8.902ns (93.883%))
  Logic Levels:           1  (LUT4=1)
  Clock Path Skew:        -0.177ns (DCD - SCD + CPR)
    Destination Clock Delay (DCD):    1.538ns = ( 11.538 - 10.000 ) 
    Source Clock Delay      (SCD):    1.715ns
    Clock Pessimism Removal (CPR):    0.000ns
  Clock Uncertainty:      0.135ns  ((TSJ^2 + TIJ^2)^1/2 + DJ) / 2 + PE + UU
    Total System Jitter     (TSJ):    0.071ns
    Total Input Jitter      (TIJ):    0.000ns
    Discrete Jitter          (DJ):    0.000ns
    Phase Error              (PE):    0.000ns
    User Uncertainty         (UU):    0.100ns

    Location             Delay type                Incr(ns)  Path(ns)    Netlist Resource(s)
  -------------------------------------------------------------------    -------------------
                         (clock system_clk rise edge)
                                                      0.000     0.000 r  
                                                      0.000     0.000 r  clk (IN)
                         net (fo=17166, unset)        1.715     1.715    adapter_i/hls_i/clk
    SLICE_X69Y23         FDRE                                         r  adapter_i/hls_i/icmp_ln180_reg_6257_reg[0]_rep__4/C
  -------------------------------------------------------------------    -------------------
    SLICE_X69Y23         FDRE (Prop_fdre_C_Q)         0.456     2.171 r  adapter_i/hls_i/icmp_ln180_reg_6257_reg[0]_rep__4/Q
                         net (fo=115, routed)         8.902    11.073    adapter_i/hls_i/grp_mlkem1024_keccak_accel_Pipeline_ABSORB_WORDS_fu_2454/state_6_2_reg_882_reg[51]
    SLICE_X82Y83         LUT4 (Prop_lut4_I1_O)        0.124    11.197 r  adapter_i/hls_i/grp_mlkem1024_keccak_accel_Pipeline_ABSORB_WORDS_fu_2454/state_6_2_reg_882[11]_i_1/O
                         net (fo=1, routed)           0.000    11.197    adapter_i/hls_i/grp_mlkem1024_keccak_accel_Pipeline_ABSORB_WORDS_fu_2454_n_1537
    SLICE_X82Y83         FDRE                                         r  adapter_i/hls_i/state_6_2_reg_882_reg[11]/D
  -------------------------------------------------------------------    -------------------

                         (clock system_clk rise edge)
                                                     10.000    10.000 r  
                                                      0.000    10.000 r  clk (IN)
                         net (fo=17166, unset)        1.538    11.538    adapter_i/hls_i/clk
    SLICE_X82Y83         FDRE                                         r  adapter_i/hls_i/state_6_2_reg_882_reg[11]/C
                         clock pessimism              0.000    11.538    
                         clock uncertainty           -0.135    11.403    
    SLICE_X82Y83         FDRE (Setup_fdre_C_D)        0.079    11.482    adapter_i/hls_i/state_6_2_reg_882_reg[11]
  -------------------------------------------------------------------
                         required time                         11.482    
                         arrival time                         -11.197    
  -------------------------------------------------------------------
                         slack                                  0.284    

Slack (MET) :             0.295ns  (required time - arrival time)
  Source:                 adapter_i/hls_i/icmp_ln180_reg_6257_reg[0]_rep__6/C
                            (rising edge-triggered cell FDRE clocked by system_clk  {rise@0.000ns fall@5.000ns period=10.000ns})
  Destination:            adapter_i/hls_i/state_18_2_reg_774_reg[47]/D
                            (rising edge-triggered cell FDRE clocked by system_clk  {rise@0.000ns fall@5.000ns period=10.000ns})
  Path Group:             system_clk
  Path Type:              Setup (Max at Slow Process Corner)
  Requirement:            10.000ns  (system_clk rise@10.000ns - system_clk rise@0.000ns)
  Data Path Delay:        9.421ns  (logic 0.718ns (7.621%)  route 8.703ns (92.379%))
  Logic Levels:           1  (LUT4=1)
  Clock Path Skew:        -0.179ns (DCD - SCD + CPR)
    Destination Clock Delay (DCD):    1.534ns = ( 11.534 - 10.000 ) 
    Source Clock Delay      (SCD):    1.713ns
    Clock Pessimism Removal (CPR):    0.000ns
  Clock Uncertainty:      0.135ns  ((TSJ^2 + TIJ^2)^1/2 + DJ) / 2 + PE + UU
    Total System Jitter     (TSJ):    0.071ns
    Total Input Jitter      (TIJ):    0.000ns
    Discrete Jitter          (DJ):    0.000ns
    Phase Error              (PE):    0.000ns
    User Uncertainty         (UU):    0.100ns

    Location             Delay type                Incr(ns)  Path(ns)    Netlist Resource(s)
  -------------------------------------------------------------------    -------------------
                         (clock system_clk rise edge)
                                                      0.000     0.000 r  
                                                      0.000     0.000 r  clk (IN)
                         net (fo=17166, unset)        1.713     1.713    adapter_i/hls_i/clk
    SLICE_X69Y24         FDRE                                         r  adapter_i/hls_i/icmp_ln180_reg_6257_reg[0]_rep__6/C
  -------------------------------------------------------------------    -------------------
    SLICE_X69Y24         FDRE (Prop_fdre_C_Q)         0.419     2.132 r  adapter_i/hls_i/icmp_ln180_reg_6257_reg[0]_rep__6/Q
                         net (fo=115, routed)         8.703    10.835    adapter_i/hls_i/grp_mlkem1024_keccak_accel_Pipeline_ABSORB_WORDS_fu_2454/state_1_2_reg_927_reg[29]
    SLICE_X56Y89         LUT4 (Prop_lut4_I1_O)        0.299    11.134 r  adapter_i/hls_i/grp_mlkem1024_keccak_accel_Pipeline_ABSORB_WORDS_fu_2454/state_18_2_reg_774[47]_i_1/O
                         net (fo=1, routed)           0.000    11.134    adapter_i/hls_i/grp_mlkem1024_keccak_accel_Pipeline_ABSORB_WORDS_fu_2454_n_1821
    SLICE_X56Y89         FDRE                                         r  adapter_i/hls_i/state_18_2_reg_774_reg[47]/D
  -------------------------------------------------------------------    -------------------

                         (clock system_clk rise edge)
                                                     10.000    10.000 r  
                                                      0.000    10.000 r  clk (IN)
                         net (fo=17166, unset)        1.534    11.534    adapter_i/hls_i/clk
    SLICE_X56Y89         FDRE                                         r  adapter_i/hls_i/state_18_2_reg_774_reg[47]/C
                         clock pessimism              0.000    11.534    
                         clock uncertainty           -0.135    11.399    
    SLICE_X56Y89         FDRE (Setup_fdre_C_D)        0.031    11.430    adapter_i/hls_i/state_18_2_reg_774_reg[47]
  -------------------------------------------------------------------
                         required time                         11.430    
                         arrival time                         -11.134    
  -------------------------------------------------------------------
                         slack                                  0.295    

Slack (MET) :             0.299ns  (required time - arrival time)
  Source:                 adapter_i/hls_i/ap_CS_fsm_reg[13]_rep__25/C
                            (rising edge-triggered cell FDRE clocked by system_clk  {rise@0.000ns fall@5.000ns period=10.000ns})
  Destination:            adapter_i/hls_i/state_2_4_ph_reg_2346_reg[11]/D
                            (rising edge-triggered cell FDRE clocked by system_clk  {rise@0.000ns fall@5.000ns period=10.000ns})
  Path Group:             system_clk
  Path Type:              Setup (Max at Slow Process Corner)
  Requirement:            10.000ns  (system_clk rise@10.000ns - system_clk rise@0.000ns)
  Data Path Delay:        9.419ns  (logic 0.580ns (6.158%)  route 8.839ns (93.842%))
  Logic Levels:           1  (LUT5=1)
  Clock Path Skew:        -0.179ns (DCD - SCD + CPR)
    Destination Clock Delay (DCD):    1.536ns = ( 11.536 - 10.000 ) 
    Source Clock Delay      (SCD):    1.715ns
    Clock Pessimism Removal (CPR):    0.000ns
  Clock Uncertainty:      0.135ns  ((TSJ^2 + TIJ^2)^1/2 + DJ) / 2 + PE + UU
    Total System Jitter     (TSJ):    0.071ns
    Total Input Jitter      (TIJ):    0.000ns
    Discrete Jitter          (DJ):    0.000ns
    Phase Error              (PE):    0.000ns
    User Uncertainty         (UU):    0.100ns

    Location             Delay type                Incr(ns)  Path(ns)    Netlist Resource(s)
  -------------------------------------------------------------------    -------------------
                         (clock system_clk rise edge)
                                                      0.000     0.000 r  
                                                      0.000     0.000 r  clk (IN)
                         net (fo=17166, unset)        1.715     1.715    adapter_i/hls_i/clk
    SLICE_X79Y24         FDRE                                         r  adapter_i/hls_i/ap_CS_fsm_reg[13]_rep__25/C
  -------------------------------------------------------------------    -------------------
    SLICE_X79Y24         FDRE (Prop_fdre_C_Q)         0.456     2.171 r  adapter_i/hls_i/ap_CS_fsm_reg[13]_rep__25/Q
                         net (fo=125, routed)         8.839    11.010    adapter_i/hls_i/grp_p_anonymous_namespace_keccak_f1600_fu_2505/flow_control_loop_pipe_sequential_init_U/state_23_4_ph_reg_2157_reg[2]
    SLICE_X64Y87         LUT5 (Prop_lut5_I1_O)        0.124    11.134 r  adapter_i/hls_i/grp_p_anonymous_namespace_keccak_f1600_fu_2505/flow_control_loop_pipe_sequential_init_U/state_2_4_ph_reg_2346[11]_i_1/O
                         net (fo=1, routed)           0.000    11.134    adapter_i/hls_i/grp_p_anonymous_namespace_keccak_f1600_fu_2505_n_1208
    SLICE_X64Y87         FDRE                                         r  adapter_i/hls_i/state_2_4_ph_reg_2346_reg[11]/D
  -------------------------------------------------------------------    -------------------

                         (clock system_clk rise edge)
                                                     10.000    10.000 r  
                                                      0.000    10.000 r  clk (IN)
                         net (fo=17166, unset)        1.536    11.536    adapter_i/hls_i/clk
    SLICE_X64Y87         FDRE                                         r  adapter_i/hls_i/state_2_4_ph_reg_2346_reg[11]/C
                         clock pessimism              0.000    11.536    
                         clock uncertainty           -0.135    11.401    
    SLICE_X64Y87         FDRE (Setup_fdre_C_D)        0.032    11.433    adapter_i/hls_i/state_2_4_ph_reg_2346_reg[11]
  -------------------------------------------------------------------
                         required time                         11.433    
                         arrival time                         -11.134    
  -------------------------------------------------------------------
                         slack                                  0.299    

Slack (MET) :             0.299ns  (required time - arrival time)
  Source:                 adapter_i/hls_i/ap_CS_fsm_reg[5]_rep__7/C
                            (rising edge-triggered cell FDRE clocked by system_clk  {rise@0.000ns fall@5.000ns period=10.000ns})
  Destination:            adapter_i/hls_i/state_10_0_fu_512_reg[15]/D
                            (rising edge-triggered cell FDRE clocked by system_clk  {rise@0.000ns fall@5.000ns period=10.000ns})
  Path Group:             system_clk
  Path Type:              Setup (Max at Slow Process Corner)
  Requirement:            10.000ns  (system_clk rise@10.000ns - system_clk rise@0.000ns)
  Data Path Delay:        9.527ns  (logic 0.716ns (7.515%)  route 8.811ns (92.485%))
  Logic Levels:           1  (LUT4=1)
  Clock Path Skew:        -0.115ns (DCD - SCD + CPR)
    Destination Clock Delay (DCD):    1.604ns = ( 11.604 - 10.000 ) 
    Source Clock Delay      (SCD):    1.719ns
    Clock Pessimism Removal (CPR):    0.000ns
  Clock Uncertainty:      0.135ns  ((TSJ^2 + TIJ^2)^1/2 + DJ) / 2 + PE + UU
    Total System Jitter     (TSJ):    0.071ns
    Total Input Jitter      (TIJ):    0.000ns
    Discrete Jitter          (DJ):    0.000ns
    Phase Error              (PE):    0.000ns
    User Uncertainty         (UU):    0.100ns

    Location             Delay type                Incr(ns)  Path(ns)    Netlist Resource(s)
  -------------------------------------------------------------------    -------------------
                         (clock system_clk rise edge)
                                                      0.000     0.000 r  
                                                      0.000     0.000 r  clk (IN)
                         net (fo=17166, unset)        1.719     1.719    adapter_i/hls_i/clk
    SLICE_X69Y21         FDRE                                         r  adapter_i/hls_i/ap_CS_fsm_reg[5]_rep__7/C
  -------------------------------------------------------------------    -------------------
    SLICE_X69Y21         FDRE (Prop_fdre_C_Q)         0.419     2.138 r  adapter_i/hls_i/ap_CS_fsm_reg[5]_rep__7/Q
                         net (fo=129, routed)         8.811    10.949    adapter_i/hls_i/grp_mlkem1024_keccak_accel_Pipeline_LOAD_CONTEXT_fu_2422/state_10_0_fu_512_reg[45]
    SLICE_X98Y88         LUT4 (Prop_lut4_I1_O)        0.297    11.246 r  adapter_i/hls_i/grp_mlkem1024_keccak_accel_Pipeline_LOAD_CONTEXT_fu_2422/state_10_0_fu_512[15]_i_1/O
                         net (fo=1, routed)           0.000    11.246    adapter_i/hls_i/grp_mlkem1024_keccak_accel_Pipeline_LOAD_CONTEXT_fu_2422_n_2618
    SLICE_X98Y88         FDRE                                         r  adapter_i/hls_i/state_10_0_fu_512_reg[15]/D
  -------------------------------------------------------------------    -------------------

                         (clock system_clk rise edge)
                                                     10.000    10.000 r  
                                                      0.000    10.000 r  clk (IN)
                         net (fo=17166, unset)        1.604    11.604    adapter_i/hls_i/clk
    SLICE_X98Y88         FDRE                                         r  adapter_i/hls_i/state_10_0_fu_512_reg[15]/C
                         clock pessimism              0.000    11.604    
                         clock uncertainty           -0.135    11.469    
    SLICE_X98Y88         FDRE (Setup_fdre_C_D)        0.077    11.546    adapter_i/hls_i/state_10_0_fu_512_reg[15]
  -------------------------------------------------------------------
                         required time                         11.546    
                         arrival time                         -11.246    
  -------------------------------------------------------------------
                         slack                                  0.299    

Slack (MET) :             0.306ns  (required time - arrival time)
  Source:                 adapter_i/context_mem_reg/CLKARDCLK
                            (rising edge-triggered cell RAMB36E1 clocked by system_clk  {rise@0.000ns fall@5.000ns period=10.000ns})
  Destination:            adapter_i/hls_i/grp_mlkem1024_keccak_accel_Pipeline_LOAD_CONTEXT_fu_2422/state_23_fu_230_reg[15]/D
                            (rising edge-triggered cell FDRE clocked by system_clk  {rise@0.000ns fall@5.000ns period=10.000ns})
  Path Group:             system_clk
  Path Type:              Setup (Max at Slow Process Corner)
  Requirement:            10.000ns  (system_clk rise@10.000ns - system_clk rise@0.000ns)
  Data Path Delay:        9.518ns  (logic 2.454ns (25.782%)  route 7.064ns (74.218%))
  Logic Levels:           0  
  Clock Path Skew:        0.027ns (DCD - SCD + CPR)
    Destination Clock Delay (DCD):    1.783ns = ( 11.783 - 10.000 ) 
    Source Clock Delay      (SCD):    1.756ns
    Clock Pessimism Removal (CPR):    0.000ns
  Clock Uncertainty:      0.135ns  ((TSJ^2 + TIJ^2)^1/2 + DJ) / 2 + PE + UU
    Total System Jitter     (TSJ):    0.071ns
    Total Input Jitter      (TIJ):    0.000ns
    Discrete Jitter          (DJ):    0.000ns
    Phase Error              (PE):    0.000ns
    User Uncertainty         (UU):    0.100ns

    Location             Delay type                Incr(ns)  Path(ns)    Netlist Resource(s)
  -------------------------------------------------------------------    -------------------
                         (clock system_clk rise edge)
                                                      0.000     0.000 r  
                                                      0.000     0.000 r  clk (IN)
                         net (fo=17166, unset)        1.756     1.756    adapter_i/clk
    RAMB36_X3Y5          RAMB36E1                                     r  adapter_i/context_mem_reg/CLKARDCLK
  -------------------------------------------------------------------    -------------------
    RAMB36_X3Y5          RAMB36E1 (Prop_ramb36e1_CLKARDCLK_DOADO[15])
                                                      2.454     4.210 r  adapter_i/context_mem_reg/DOADO[15]
                         net (fo=28, routed)          7.064    11.275    adapter_i/hls_i/grp_mlkem1024_keccak_accel_Pipeline_LOAD_CONTEXT_fu_2422/context_q[15]
    SLICE_X99Y101        FDRE                                         r  adapter_i/hls_i/grp_mlkem1024_keccak_accel_Pipeline_LOAD_CONTEXT_fu_2422/state_23_fu_230_reg[15]/D
  -------------------------------------------------------------------    -------------------

                         (clock system_clk rise edge)
                                                     10.000    10.000 r  
                                                      0.000    10.000 r  clk (IN)
                         net (fo=17166, unset)        1.783    11.783    adapter_i/hls_i/grp_mlkem1024_keccak_accel_Pipeline_LOAD_CONTEXT_fu_2422/clk
    SLICE_X99Y101        FDRE                                         r  adapter_i/hls_i/grp_mlkem1024_keccak_accel_Pipeline_LOAD_CONTEXT_fu_2422/state_23_fu_230_reg[15]/C
                         clock pessimism              0.000    11.783    
                         clock uncertainty           -0.135    11.648    
    SLICE_X99Y101        FDRE (Setup_fdre_C_D)       -0.067    11.581    adapter_i/hls_i/grp_mlkem1024_keccak_accel_Pipeline_LOAD_CONTEXT_fu_2422/state_23_fu_230_reg[15]
  -------------------------------------------------------------------
                         required time                         11.581    
                         arrival time                         -11.275    
  -------------------------------------------------------------------
                         slack                                  0.306    

Slack (MET) :             0.322ns  (required time - arrival time)
  Source:                 adapter_i/hls_i/ap_CS_fsm_reg[5]_rep__3/C
                            (rising edge-triggered cell FDRE clocked by system_clk  {rise@0.000ns fall@5.000ns period=10.000ns})
  Destination:            adapter_i/hls_i/state_0_fu_472_reg[9]/D
                            (rising edge-triggered cell FDRE clocked by system_clk  {rise@0.000ns fall@5.000ns period=10.000ns})
  Path Group:             system_clk
  Path Type:              Setup (Max at Slow Process Corner)
  Requirement:            10.000ns  (system_clk rise@10.000ns - system_clk rise@0.000ns)
  Data Path Delay:        9.509ns  (logic 0.715ns (7.519%)  route 8.794ns (92.481%))
  Logic Levels:           1  (LUT4=1)
  Clock Path Skew:        -0.111ns (DCD - SCD + CPR)
    Destination Clock Delay (DCD):    1.605ns = ( 11.605 - 10.000 ) 
    Source Clock Delay      (SCD):    1.716ns
    Clock Pessimism Removal (CPR):    0.000ns
  Clock Uncertainty:      0.135ns  ((TSJ^2 + TIJ^2)^1/2 + DJ) / 2 + PE + UU
    Total System Jitter     (TSJ):    0.071ns
    Total Input Jitter      (TIJ):    0.000ns
    Discrete Jitter          (DJ):    0.000ns
    Phase Error              (PE):    0.000ns
    User Uncertainty         (UU):    0.100ns

    Location             Delay type                Incr(ns)  Path(ns)    Netlist Resource(s)
  -------------------------------------------------------------------    -------------------
                         (clock system_clk rise edge)
                                                      0.000     0.000 r  
                                                      0.000     0.000 r  clk (IN)
                         net (fo=17166, unset)        1.716     1.716    adapter_i/hls_i/clk
    SLICE_X69Y22         FDRE                                         r  adapter_i/hls_i/ap_CS_fsm_reg[5]_rep__3/C
  -------------------------------------------------------------------    -------------------
    SLICE_X69Y22         FDRE (Prop_fdre_C_Q)         0.419     2.135 r  adapter_i/hls_i/ap_CS_fsm_reg[5]_rep__3/Q
                         net (fo=123, routed)         8.794    10.929    adapter_i/hls_i/grp_mlkem1024_keccak_accel_Pipeline_LOAD_CONTEXT_fu_2422/state_1_0_fu_476_reg[39]
    SLICE_X92Y95         LUT4 (Prop_lut4_I1_O)        0.296    11.225 r  adapter_i/hls_i/grp_mlkem1024_keccak_accel_Pipeline_LOAD_CONTEXT_fu_2422/state_0_fu_472[9]_i_1/O
                         net (fo=1, routed)           0.000    11.225    adapter_i/hls_i/grp_mlkem1024_keccak_accel_Pipeline_LOAD_CONTEXT_fu_2422_n_1856
    SLICE_X92Y95         FDRE                                         r  adapter_i/hls_i/state_0_fu_472_reg[9]/D
  -------------------------------------------------------------------    -------------------

                         (clock system_clk rise edge)
                                                     10.000    10.000 r  
                                                      0.000    10.000 r  clk (IN)
                         net (fo=17166, unset)        1.605    11.605    adapter_i/hls_i/clk
    SLICE_X92Y95         FDRE                                         r  adapter_i/hls_i/state_0_fu_472_reg[9]/C
                         clock pessimism              0.000    11.605    
                         clock uncertainty           -0.135    11.470    
    SLICE_X92Y95         FDRE (Setup_fdre_C_D)        0.077    11.547    adapter_i/hls_i/state_0_fu_472_reg[9]
  -------------------------------------------------------------------
                         required time                         11.547    
                         arrival time                         -11.225    
  -------------------------------------------------------------------
                         slack                                  0.322    

Slack (MET) :             0.339ns  (required time - arrival time)
  Source:                 adapter_i/hls_i/ap_CS_fsm_reg[5]_rep__0/C
                            (rising edge-triggered cell FDRE clocked by system_clk  {rise@0.000ns fall@5.000ns period=10.000ns})
  Destination:            adapter_i/hls_i/state_15_0_fu_532_reg[9]/D
                            (rising edge-triggered cell FDRE clocked by system_clk  {rise@0.000ns fall@5.000ns period=10.000ns})
  Path Group:             system_clk
  Path Type:              Setup (Max at Slow Process Corner)
  Requirement:            10.000ns  (system_clk rise@10.000ns - system_clk rise@0.000ns)
  Data Path Delay:        9.496ns  (logic 0.580ns (6.108%)  route 8.916ns (93.892%))
  Logic Levels:           1  (LUT4=1)
  Clock Path Skew:        -0.111ns (DCD - SCD + CPR)
    Destination Clock Delay (DCD):    1.608ns = ( 11.608 - 10.000 ) 
    Source Clock Delay      (SCD):    1.719ns
    Clock Pessimism Removal (CPR):    0.000ns
  Clock Uncertainty:      0.135ns  ((TSJ^2 + TIJ^2)^1/2 + DJ) / 2 + PE + UU
    Total System Jitter     (TSJ):    0.071ns
    Total Input Jitter      (TIJ):    0.000ns
    Discrete Jitter          (DJ):    0.000ns
    Phase Error              (PE):    0.000ns
    User Uncertainty         (UU):    0.100ns

    Location             Delay type                Incr(ns)  Path(ns)    Netlist Resource(s)
  -------------------------------------------------------------------    -------------------
                         (clock system_clk rise edge)
                                                      0.000     0.000 r  
                                                      0.000     0.000 r  clk (IN)
                         net (fo=17166, unset)        1.719     1.719    adapter_i/hls_i/clk
    SLICE_X69Y21         FDRE                                         r  adapter_i/hls_i/ap_CS_fsm_reg[5]_rep__0/C
  -------------------------------------------------------------------    -------------------
    SLICE_X69Y21         FDRE (Prop_fdre_C_Q)         0.456     2.175 r  adapter_i/hls_i/ap_CS_fsm_reg[5]_rep__0/Q
                         net (fo=123, routed)         8.916    11.091    adapter_i/hls_i/grp_mlkem1024_keccak_accel_Pipeline_LOAD_CONTEXT_fu_2422/state_19_0_fu_548_reg[54]
    SLICE_X94Y97         LUT4 (Prop_lut4_I1_O)        0.124    11.215 r  adapter_i/hls_i/grp_mlkem1024_keccak_accel_Pipeline_LOAD_CONTEXT_fu_2422/state_15_0_fu_532[9]_i_1/O
                         net (fo=1, routed)           0.000    11.215    adapter_i/hls_i/grp_mlkem1024_keccak_accel_Pipeline_LOAD_CONTEXT_fu_2422_n_1216
    SLICE_X94Y97         FDRE                                         r  adapter_i/hls_i/state_15_0_fu_532_reg[9]/D
  -------------------------------------------------------------------    -------------------

                         (clock system_clk rise edge)
                                                     10.000    10.000 r  
                                                      0.000    10.000 r  clk (IN)
                         net (fo=17166, unset)        1.608    11.608    adapter_i/hls_i/clk
    SLICE_X94Y97         FDRE                                         r  adapter_i/hls_i/state_15_0_fu_532_reg[9]/C
                         clock pessimism              0.000    11.608    
                         clock uncertainty           -0.135    11.473    
    SLICE_X94Y97         FDRE (Setup_fdre_C_D)        0.081    11.554    adapter_i/hls_i/state_15_0_fu_532_reg[9]
  -------------------------------------------------------------------
                         required time                         11.554    
                         arrival time                         -11.215    
  -------------------------------------------------------------------
                         slack                                  0.339    

Slack (MET) :             0.341ns  (required time - arrival time)
  Source:                 adapter_i/hls_i/ap_CS_fsm_reg[5]_rep__0/C
                            (rising edge-triggered cell FDRE clocked by system_clk  {rise@0.000ns fall@5.000ns period=10.000ns})
  Destination:            adapter_i/hls_i/state_18_0_fu_544_reg[41]/D
                            (rising edge-triggered cell FDRE clocked by system_clk  {rise@0.000ns fall@5.000ns period=10.000ns})
  Path Group:             system_clk
  Path Type:              Setup (Max at Slow Process Corner)
  Requirement:            10.000ns  (system_clk rise@10.000ns - system_clk rise@0.000ns)
  Data Path Delay:        9.370ns  (logic 0.580ns (6.190%)  route 8.790ns (93.810%))
  Logic Levels:           1  (LUT4=1)
  Clock Path Skew:        -0.185ns (DCD - SCD + CPR)
    Destination Clock Delay (DCD):    1.534ns = ( 11.534 - 10.000 ) 
    Source Clock Delay      (SCD):    1.719ns
    Clock Pessimism Removal (CPR):    0.000ns
  Clock Uncertainty:      0.135ns  ((TSJ^2 + TIJ^2)^1/2 + DJ) / 2 + PE + UU
    Total System Jitter     (TSJ):    0.071ns
    Total Input Jitter      (TIJ):    0.000ns
    Discrete Jitter          (DJ):    0.000ns
    Phase Error              (PE):    0.000ns
    User Uncertainty         (UU):    0.100ns

    Location             Delay type                Incr(ns)  Path(ns)    Netlist Resource(s)
  -------------------------------------------------------------------    -------------------
                         (clock system_clk rise edge)
                                                      0.000     0.000 r  
                                                      0.000     0.000 r  clk (IN)
                         net (fo=17166, unset)        1.719     1.719    adapter_i/hls_i/clk
    SLICE_X69Y21         FDRE                                         r  adapter_i/hls_i/ap_CS_fsm_reg[5]_rep__0/C
  -------------------------------------------------------------------    -------------------
    SLICE_X69Y21         FDRE (Prop_fdre_C_Q)         0.456     2.175 r  adapter_i/hls_i/ap_CS_fsm_reg[5]_rep__0/Q
                         net (fo=123, routed)         8.790    10.965    adapter_i/hls_i/grp_mlkem1024_keccak_accel_Pipeline_LOAD_CONTEXT_fu_2422/state_19_0_fu_548_reg[54]
    SLICE_X89Y79         LUT4 (Prop_lut4_I1_O)        0.124    11.089 r  adapter_i/hls_i/grp_mlkem1024_keccak_accel_Pipeline_LOAD_CONTEXT_fu_2422/state_18_0_fu_544[41]_i_1/O
                         net (fo=1, routed)           0.000    11.089    adapter_i/hls_i/grp_mlkem1024_keccak_accel_Pipeline_LOAD_CONTEXT_fu_2422_n_1056
    SLICE_X89Y79         FDRE                                         r  adapter_i/hls_i/state_18_0_fu_544_reg[41]/D
  -------------------------------------------------------------------    -------------------

                         (clock system_clk rise edge)
                                                     10.000    10.000 r  
                                                      0.000    10.000 r  clk (IN)
                         net (fo=17166, unset)        1.534    11.534    adapter_i/hls_i/clk
    SLICE_X89Y79         FDRE                                         r  adapter_i/hls_i/state_18_0_fu_544_reg[41]/C
                         clock pessimism              0.000    11.534    
                         clock uncertainty           -0.135    11.399    
    SLICE_X89Y79         FDRE (Setup_fdre_C_D)        0.031    11.430    adapter_i/hls_i/state_18_0_fu_544_reg[41]
  -------------------------------------------------------------------
                         required time                         11.430    
                         arrival time                         -11.089    
  -------------------------------------------------------------------
                         slack                                  0.341    




