                             latency        interval
transaction       0:             176             170
transaction       1:             175             169
transaction       2:             712             706
transaction       3:             728             722
transaction       4:             735             729
transaction       5:             845             839
transaction       6:             313             307
transaction       7:             831             825
transaction       8:             250             244
transaction       9:            1244            1238
transaction      10:            1253            1247
transaction      11:            1587            1581
transaction      12:             502             496
transaction      13:             485             479
transaction      14:            1545            1539
transaction      15:             159             153
transaction      16:             364             358
transaction      17:             364             358
transaction      18:             392             386
transaction      19:             623             617
transaction      20:            5845            5839
transaction      21:            7224            7218
transaction      22:             213             207
transaction      23:             217             211
transaction      24:             614             608
transaction      25:             630             624
transaction      26:             644             638
transaction      27:             733             727
transaction      28:             313             307
transaction      29:             308             302
transaction      30:             250             244
transaction      31:            1300            1294
transaction      32:            1316            1310
transaction      33:            1678            1672
transaction      34:             502             496
transaction      35:             485             479
transaction      36:            1825            1819
transaction      37:             159             153
transaction      38:             322             316
transaction      39:             322             316
transaction      40:             350             344
transaction      41:             546             540
transaction      42:            5992            5986
transaction      43:            7462            7456
transaction      44:             178             172
transaction      45:             175             169
transaction      46:             238             232
transaction      47:             266             260
transaction      48:             273             267
transaction      49:             378             372
transaction      50:             189             183
transaction      51:             189             183
transaction      52:             203             197
transaction      53:            1295            1289
transaction      54:            1316            1310
transaction      55:            1659            1653
transaction      56:             189             183
transaction      57:             177             171
transaction      58:            1092            1086
transaction      59:             213             207
transaction      60:             217             211
transaction      61:             252             246
transaction      62:             273             267
transaction      63:             280             274
transaction      64:             350             344
transaction      65:             231             225
transaction      66:             231             225
transaction      67:             245             239
transaction      68:            1645            1639
transaction      69:            1694            1688
transaction      70:            2107            2101
transaction      71:             231             225
transaction      72:             219             213
transaction      73:            2058            2052
transaction      74:             178             172
transaction      75:              52              46
transaction      76:             770             764
transaction      77:             336             330
transaction      78:             183             177
transaction      79:              52              46
transaction      80:             805             799
transaction      81:             336             330
transaction      82:             183             177
transaction      83:             164             158
transaction      84:             309             303
transaction      85:             278             272
transaction      86:             369             363
transaction      87:             327             321
transaction      88:              52              46
transaction      89:              47              41
transaction      90:              47              41
transaction      91:              47              41
transaction      92:              47              41
transaction      93:              47              41
transaction      94:              47              41
transaction      95:              47              41
transaction      96:              57              51
transaction      97:              47              41
transaction      98:              57              51
transaction      99:              47              41
transaction     100:              47              41
transaction     101:              30              24
transaction     102:              42              36
transaction     103:              42              36
transaction     104:              30              24
transaction     105:              30              24
transaction     106:              75              69
transaction     107:              58              52
transaction     108:              47               x
