Copyright 1986-2022 Xilinx, Inc. All Rights Reserved. Copyright 2022-2024 Advanced Micro Devices, Inc. All Rights Reserved.
---------------------------------------------------------------------------------------------------------------------------------------------
| Tool Version : Vivado v.2024.2 (win64) Build 5239630 Fri Nov 08 22:35:27 MST 2024
| Date         : Mon Oct  5 00:25:41 2026
| Host         : DESKTOP-H0SRFHK running 64-bit major release  (build 9200)
| Command      : report_clocks -file E:/hls/k4pynq/20261005_psaxi06/reports/clocks.rpt
| Design       : system_wrapper
| Device       : 7z020-clg400
| Speed File   : -1  PRODUCTION 1.12 2019-11-22
| Design State : Routed
---------------------------------------------------------------------------------------------------------------------------------------------

Clock Report


Attributes
  P: Propagated
  G: Generated
  A: Auto-derived
  R: Renamed
  V: Virtual
  I: Inverted
  S: Pin phase-shifted with Latency mode

Clock       Period(ns)  Waveform(ns)   Attributes  Sources
clk_fpga_0  10.000      {0.000 5.000}  P           {system_i/ps7/inst/PS7_i/FCLKCLK[0]}


====================================================
Generated Clocks
====================================================



====================================================
User Uncertainty
====================================================



====================================================
User Jitter
====================================================

Clock       Jitter(ns)
clk_fpga_0  0.300

