Copyright 1986-2022 Xilinx, Inc. All Rights Reserved. Copyright 2022-2024 Advanced Micro Devices, Inc. All Rights Reserved.
---------------------------------------------------------------------------------------------------------------------------------------------
| Tool Version : Vivado v.2024.2 (win64) Build 5239630 Fri Nov 08 22:35:27 MST 2024
| Date         : Mon Oct  5 00:25:44 2026
| Host         : DESKTOP-H0SRFHK running 64-bit major release  (build 9200)
| Command      : report_timing -delay_type max -max_paths 10 -file E:/hls/k4pynq/20261005_psaxi06/reports/setup_paths.rpt
| Design       : system_wrapper
| Device       : 7z020-clg400
| Speed File   : -1  PRODUCTION 1.12 2019-11-22
| Design State : Routed
---------------------------------------------------------------------------------------------------------------------------------------------

Timing Report

Slack (MET) :             0.302ns  (required time - arrival time)
  Source:                 system_i/k4_core/inst/system_i/adapter_i/hls_i/ap_CS_fsm_reg[13]_rep/C
                            (rising edge-triggered cell FDRE clocked by clk_fpga_0  {rise@0.000ns fall@5.000ns period=10.000ns})
  Destination:            system_i/k4_core/inst/system_i/adapter_i/hls_i/state_14_4_ph_reg_2238_reg[27]/D
                            (rising edge-triggered cell FDRE clocked by clk_fpga_0  {rise@0.000ns fall@5.000ns period=10.000ns})
  Path Group:             clk_fpga_0
  Path Type:              Setup (Max at Slow Process Corner)
  Requirement:            10.000ns  (clk_fpga_0 rise@10.000ns - clk_fpga_0 rise@0.000ns)
  Data Path Delay:        9.718ns  (logic 0.580ns (5.968%)  route 9.138ns (94.032%))
  Logic Levels:           1  (LUT5=1)
  Clock Path Skew:        0.093ns (DCD - SCD + CPR)
    Destination Clock Delay (DCD):    3.030ns = ( 13.030 - 10.000 ) 
    Source Clock Delay      (SCD):    3.052ns
    Clock Pessimism Removal (CPR):    0.115ns
  Clock Uncertainty:      0.154ns  ((TSJ^2 + TIJ^2)^1/2 + DJ) / 2 + PE
    Total System Jitter     (TSJ):    0.071ns
    Total Input Jitter      (TIJ):    0.300ns
    Discrete Jitter          (DJ):    0.000ns
    Phase Error              (PE):    0.000ns

    Location             Delay type                Incr(ns)  Path(ns)    Netlist Resource(s)
  -------------------------------------------------------------------    -------------------
                         (clock clk_fpga_0 rise edge)
                                                      0.000     0.000 r  
    PS7_X0Y0             PS7                          0.000     0.000 r  system_i/ps7/inst/PS7_i/FCLKCLK[0]
                         net (fo=1, routed)           1.193     1.193    system_i/ps7/inst/FCLK_CLK_unbuffered[0]
    BUFGCTRL_X0Y16       BUFG (Prop_bufg_I_O)         0.101     1.294 r  system_i/ps7/inst/buffer_fclk_clk_0.FCLK_CLK_0_BUFG/O
                         net (fo=17813, routed)       1.758     3.052    system_i/k4_core/inst/system_i/adapter_i/hls_i/s_axi_aclk
    SLICE_X11Y49         FDRE                                         r  system_i/k4_core/inst/system_i/adapter_i/hls_i/ap_CS_fsm_reg[13]_rep/C
  -------------------------------------------------------------------    -------------------
    SLICE_X11Y49         FDRE (Prop_fdre_C_Q)         0.456     3.508 r  system_i/k4_core/inst/system_i/adapter_i/hls_i/ap_CS_fsm_reg[13]_rep/Q
                         net (fo=125, routed)         9.138    12.646    system_i/k4_core/inst/system_i/adapter_i/hls_i/grp_p_anonymous_namespace_keccak_f1600_fu_2505/flow_control_loop_pipe_sequential_init_U/state_10_4_ph_reg_2274_reg[46]
    SLICE_X108Y134       LUT5 (Prop_lut5_I1_O)        0.124    12.770 r  system_i/k4_core/inst/system_i/adapter_i/hls_i/grp_p_anonymous_namespace_keccak_f1600_fu_2505/flow_control_loop_pipe_sequential_init_U/state_14_4_ph_reg_2238[27]_i_1/O
                         net (fo=1, routed)           0.000    12.770    system_i/k4_core/inst/system_i/adapter_i/hls_i/state_14_4_ph_reg_2238[27]
    SLICE_X108Y134       FDRE                                         r  system_i/k4_core/inst/system_i/adapter_i/hls_i/state_14_4_ph_reg_2238_reg[27]/D
  -------------------------------------------------------------------    -------------------

                         (clock clk_fpga_0 rise edge)
                                                     10.000    10.000 r  
    PS7_X0Y0             PS7                          0.000    10.000 r  system_i/ps7/inst/PS7_i/FCLKCLK[0]
                         net (fo=1, routed)           1.088    11.088    system_i/ps7/inst/FCLK_CLK_unbuffered[0]
    BUFGCTRL_X0Y16       BUFG (Prop_bufg_I_O)         0.091    11.179 r  system_i/ps7/inst/buffer_fclk_clk_0.FCLK_CLK_0_BUFG/O
                         net (fo=17813, routed)       1.851    13.030    system_i/k4_core/inst/system_i/adapter_i/hls_i/s_axi_aclk
    SLICE_X108Y134       FDRE                                         r  system_i/k4_core/inst/system_i/adapter_i/hls_i/state_14_4_ph_reg_2238_reg[27]/C
                         clock pessimism              0.115    13.145    
                         clock uncertainty           -0.154    12.991    
    SLICE_X108Y134       FDRE (Setup_fdre_C_D)        0.081    13.072    system_i/k4_core/inst/system_i/adapter_i/hls_i/state_14_4_ph_reg_2238_reg[27]
  -------------------------------------------------------------------
                         required time                         13.072    
                         arrival time                         -12.770    
  -------------------------------------------------------------------
                         slack                                  0.302    

Slack (MET) :             0.334ns  (required time - arrival time)
  Source:                 system_i/k4_core/inst/system_i/adapter_i/context_mem_reg/CLKARDCLK
                            (rising edge-triggered cell RAMB36E1 clocked by clk_fpga_0  {rise@0.000ns fall@5.000ns period=10.000ns})
  Destination:            system_i/k4_core/inst/system_i/adapter_i/hls_i/grp_mlkem1024_keccak_accel_Pipeline_LOAD_CONTEXT_fu_2422/state_12_fu_186_reg[61]/D
                            (rising edge-triggered cell FDRE clocked by clk_fpga_0  {rise@0.000ns fall@5.000ns period=10.000ns})
  Path Group:             clk_fpga_0
  Path Type:              Setup (Max at Slow Process Corner)
  Requirement:            10.000ns  (clk_fpga_0 rise@10.000ns - clk_fpga_0 rise@0.000ns)
  Data Path Delay:        9.574ns  (logic 2.454ns (25.632%)  route 7.120ns (74.368%))
  Logic Levels:           0  
  Clock Path Skew:        0.129ns (DCD - SCD + CPR)
    Destination Clock Delay (DCD):    3.039ns = ( 13.039 - 10.000 ) 
    Source Clock Delay      (SCD):    3.039ns
    Clock Pessimism Removal (CPR):    0.129ns
  Clock Uncertainty:      0.154ns  ((TSJ^2 + TIJ^2)^1/2 + DJ) / 2 + PE
    Total System Jitter     (TSJ):    0.071ns
    Total Input Jitter      (TIJ):    0.300ns
    Discrete Jitter          (DJ):    0.000ns
    Phase Error              (PE):    0.000ns

    Location             Delay type                Incr(ns)  Path(ns)    Netlist Resource(s)
  -------------------------------------------------------------------    -------------------
                         (clock clk_fpga_0 rise edge)
                                                      0.000     0.000 r  
    PS7_X0Y0             PS7                          0.000     0.000 r  system_i/ps7/inst/PS7_i/FCLKCLK[0]
                         net (fo=1, routed)           1.193     1.193    system_i/ps7/inst/FCLK_CLK_unbuffered[0]
    BUFGCTRL_X0Y16       BUFG (Prop_bufg_I_O)         0.101     1.294 r  system_i/ps7/inst/buffer_fclk_clk_0.FCLK_CLK_0_BUFG/O
                         net (fo=17813, routed)       1.745     3.039    system_i/k4_core/inst/system_i/adapter_i/s_axi_aclk
    RAMB36_X3Y16         RAMB36E1                                     r  system_i/k4_core/inst/system_i/adapter_i/context_mem_reg/CLKARDCLK
  -------------------------------------------------------------------    -------------------
    RAMB36_X3Y16         RAMB36E1 (Prop_ramb36e1_CLKARDCLK_DOBDO[29])
                                                      2.454     5.493 r  system_i/k4_core/inst/system_i/adapter_i/context_mem_reg/DOBDO[29]
                         net (fo=27, routed)          7.120    12.613    system_i/k4_core/inst/system_i/adapter_i/hls_i/grp_mlkem1024_keccak_accel_Pipeline_LOAD_CONTEXT_fu_2422/context_q[61]
    SLICE_X113Y145       FDRE                                         r  system_i/k4_core/inst/system_i/adapter_i/hls_i/grp_mlkem1024_keccak_accel_Pipeline_LOAD_CONTEXT_fu_2422/state_12_fu_186_reg[61]/D
  -------------------------------------------------------------------    -------------------

                         (clock clk_fpga_0 rise edge)
                                                     10.000    10.000 r  
    PS7_X0Y0             PS7                          0.000    10.000 r  system_i/ps7/inst/PS7_i/FCLKCLK[0]
                         net (fo=1, routed)           1.088    11.088    system_i/ps7/inst/FCLK_CLK_unbuffered[0]
    BUFGCTRL_X0Y16       BUFG (Prop_bufg_I_O)         0.091    11.179 r  system_i/ps7/inst/buffer_fclk_clk_0.FCLK_CLK_0_BUFG/O
                         net (fo=17813, routed)       1.860    13.039    system_i/k4_core/inst/system_i/adapter_i/hls_i/grp_mlkem1024_keccak_accel_Pipeline_LOAD_CONTEXT_fu_2422/s_axi_aclk
    SLICE_X113Y145       FDRE                                         r  system_i/k4_core/inst/system_i/adapter_i/hls_i/grp_mlkem1024_keccak_accel_Pipeline_LOAD_CONTEXT_fu_2422/state_12_fu_186_reg[61]/C
                         clock pessimism              0.129    13.168    
                         clock uncertainty           -0.154    13.014    
    SLICE_X113Y145       FDRE (Setup_fdre_C_D)       -0.067    12.947    system_i/k4_core/inst/system_i/adapter_i/hls_i/grp_mlkem1024_keccak_accel_Pipeline_LOAD_CONTEXT_fu_2422/state_12_fu_186_reg[61]
  -------------------------------------------------------------------
                         required time                         12.947    
                         arrival time                         -12.613    
  -------------------------------------------------------------------
                         slack                                  0.334    

Slack (MET) :             0.340ns  (required time - arrival time)
  Source:                 system_i/k4_core/inst/system_i/cpu/picorv32_core/mem_addr_reg[22]/C
                            (rising edge-triggered cell FDRE clocked by clk_fpga_0  {rise@0.000ns fall@5.000ns period=10.000ns})
  Destination:            system_i/k4_core/inst/system_i/host_memory.firmware_bram/xpm_memory_base_inst/gen_wr_b.gen_byte_narrow.for_mem_cols[1].mem_reg_3_0_2/WEA[0]
                            (rising edge-triggered cell RAMB36E1 clocked by clk_fpga_0  {rise@0.000ns fall@5.000ns period=10.000ns})
  Path Group:             clk_fpga_0
  Path Type:              Setup (Max at Slow Process Corner)
  Requirement:            10.000ns  (clk_fpga_0 rise@10.000ns - clk_fpga_0 rise@0.000ns)
  Data Path Delay:        8.948ns  (logic 1.696ns (18.955%)  route 7.252ns (81.045%))
  Logic Levels:           10  (LUT2=1 LUT4=3 LUT5=3 LUT6=3)
  Clock Path Skew:        -0.026ns (DCD - SCD + CPR)
    Destination Clock Delay (DCD):    2.793ns = ( 12.793 - 10.000 ) 
    Source Clock Delay      (SCD):    2.934ns
    Clock Pessimism Removal (CPR):    0.115ns
  Clock Uncertainty:      0.154ns  ((TSJ^2 + TIJ^2)^1/2 + DJ) / 2 + PE
    Total System Jitter     (TSJ):    0.071ns
    Total Input Jitter      (TIJ):    0.300ns
    Discrete Jitter          (DJ):    0.000ns
    Phase Error              (PE):    0.000ns

    Location             Delay type                Incr(ns)  Path(ns)    Netlist Resource(s)
  -------------------------------------------------------------------    -------------------
                         (clock clk_fpga_0 rise edge)
                                                      0.000     0.000 r  
    PS7_X0Y0             PS7                          0.000     0.000 r  system_i/ps7/inst/PS7_i/FCLKCLK[0]
                         net (fo=1, routed)           1.193     1.193    system_i/ps7/inst/FCLK_CLK_unbuffered[0]
    BUFGCTRL_X0Y16       BUFG (Prop_bufg_I_O)         0.101     1.294 r  system_i/ps7/inst/buffer_fclk_clk_0.FCLK_CLK_0_BUFG/O
                         net (fo=17813, routed)       1.640     2.934    system_i/k4_core/inst/system_i/cpu/picorv32_core/s_axi_aclk
    SLICE_X41Y68         FDRE                                         r  system_i/k4_core/inst/system_i/cpu/picorv32_core/mem_addr_reg[22]/C
  -------------------------------------------------------------------    -------------------
    SLICE_X41Y68         FDRE (Prop_fdre_C_Q)         0.456     3.390 f  system_i/k4_core/inst/system_i/cpu/picorv32_core/mem_addr_reg[22]/Q
                         net (fo=6, routed)           0.910     4.300    system_i/k4_core/inst/system_i/cpu/picorv32_core/mem_addr_reg[31]_0[20]
    SLICE_X39Y68         LUT5 (Prop_lut5_I2_O)        0.124     4.424 f  system_i/k4_core/inst/system_i/cpu/picorv32_core/debug_regs[0][23]_i_9/O
                         net (fo=1, routed)           0.403     4.827    system_i/k4_core/inst/system_i/cpu/picorv32_core/debug_regs[0][23]_i_9_n_2
    SLICE_X39Y68         LUT4 (Prop_lut4_I3_O)        0.124     4.951 f  system_i/k4_core/inst/system_i/cpu/picorv32_core/debug_regs[0][23]_i_6/O
                         net (fo=4, routed)           0.449     5.400    system_i/k4_core/inst/system_i/cpu/picorv32_core/debug_regs[0][23]_i_6_n_2
    SLICE_X40Y68         LUT6 (Prop_lut6_I5_O)        0.124     5.524 f  system_i/k4_core/inst/system_i/cpu/picorv32_core/control_addr[5]_i_15/O
                         net (fo=2, routed)           0.171     5.695    system_i/k4_core/inst/system_i/cpu/picorv32_core/control_addr[5]_i_15_n_2
    SLICE_X40Y68         LUT6 (Prop_lut6_I5_O)        0.124     5.819 f  system_i/k4_core/inst/system_i/cpu/picorv32_core/control_addr[5]_i_7/O
                         net (fo=99, routed)          0.800     6.619    system_i/k4_core/inst/system_i/cpu/picorv32_core/control_addr[5]_i_7_n_2
    SLICE_X38Y66         LUT5 (Prop_lut5_I1_O)        0.124     6.743 f  system_i/k4_core/inst/system_i/cpu/picorv32_core/writes_reg[0]_i_20/O
                         net (fo=1, routed)           0.659     7.403    system_i/k4_core/inst/system_i/cpu/picorv32_core/writes_reg[0]_i_20_n_2
    SLICE_X40Y67         LUT4 (Prop_lut4_I1_O)        0.124     7.527 f  system_i/k4_core/inst/system_i/cpu/picorv32_core/writes_reg[0]_i_8/O
                         net (fo=1, routed)           0.636     8.163    system_i/k4_core/inst/system_i/cpu/picorv32_core/writes_reg[0]_i_8_n_2
    SLICE_X40Y66         LUT6 (Prop_lut6_I1_O)        0.124     8.287 f  system_i/k4_core/inst/system_i/cpu/picorv32_core/writes_reg[0]_i_3/O
                         net (fo=74, routed)          0.579     8.865    system_i/k4_core/inst/system_i/cpu/picorv32_core/writes_reg[0]_i_3_n_2
    SLICE_X41Y65         LUT4 (Prop_lut4_I0_O)        0.124     8.989 r  system_i/k4_core/inst/system_i/cpu/picorv32_core/host_memory.firmware_bram_i_73/O
                         net (fo=1, routed)           0.293     9.282    system_i/k4_core/inst/system_i/cpu/picorv32_core/host_memory.firmware_bram_i_73_n_2
    SLICE_X41Y63         LUT5 (Prop_lut5_I0_O)        0.124     9.406 r  system_i/k4_core/inst/system_i/cpu/picorv32_core/host_memory.firmware_bram_i_1/O
                         net (fo=44, routed)          0.459     9.865    system_i/k4_core/inst/system_i/host_memory.firmware_bram/xpm_memory_base_inst/ena
    SLICE_X38Y62         LUT2 (Prop_lut2_I1_O)        0.124     9.989 r  system_i/k4_core/inst/system_i/host_memory.firmware_bram/xpm_memory_base_inst/gen_wr_b.gen_byte_narrow.for_mem_cols[1].mem_reg_3_0_2_i_1/O
                         net (fo=3, routed)           1.893    11.882    system_i/k4_core/inst/system_i/host_memory.firmware_bram/xpm_memory_base_inst/gen_wr_b.gen_byte_narrow.for_mem_cols[1].mem_reg_3_0_2_i_1_n_2
    RAMB36_X1Y6          RAMB36E1                                     r  system_i/k4_core/inst/system_i/host_memory.firmware_bram/xpm_memory_base_inst/gen_wr_b.gen_byte_narrow.for_mem_cols[1].mem_reg_3_0_2/WEA[0]
  -------------------------------------------------------------------    -------------------

                         (clock clk_fpga_0 rise edge)
                                                     10.000    10.000 r  
    PS7_X0Y0             PS7                          0.000    10.000 r  system_i/ps7/inst/PS7_i/FCLKCLK[0]
                         net (fo=1, routed)           1.088    11.088    system_i/ps7/inst/FCLK_CLK_unbuffered[0]
    BUFGCTRL_X0Y16       BUFG (Prop_bufg_I_O)         0.091    11.179 r  system_i/ps7/inst/buffer_fclk_clk_0.FCLK_CLK_0_BUFG/O
                         net (fo=17813, routed)       1.614    12.793    system_i/k4_core/inst/system_i/host_memory.firmware_bram/xpm_memory_base_inst/clka
    RAMB36_X1Y6          RAMB36E1                                     r  system_i/k4_core/inst/system_i/host_memory.firmware_bram/xpm_memory_base_inst/gen_wr_b.gen_byte_narrow.for_mem_cols[1].mem_reg_3_0_2/CLKARDCLK
                         clock pessimism              0.115    12.908    
                         clock uncertainty           -0.154    12.754    
    RAMB36_X1Y6          RAMB36E1 (Setup_ramb36e1_CLKARDCLK_WEA[0])
                                                     -0.532    12.222    system_i/k4_core/inst/system_i/host_memory.firmware_bram/xpm_memory_base_inst/gen_wr_b.gen_byte_narrow.for_mem_cols[1].mem_reg_3_0_2
  -------------------------------------------------------------------
                         required time                         12.222    
                         arrival time                         -11.882    
  -------------------------------------------------------------------
                         slack                                  0.340    

Slack (MET) :             0.343ns  (required time - arrival time)
  Source:                 system_i/k4_core/inst/system_i/adapter_i/hls_i/icmp_ln180_reg_6257_reg[0]_rep__2/C
                            (rising edge-triggered cell FDRE clocked by clk_fpga_0  {rise@0.000ns fall@5.000ns period=10.000ns})
  Destination:            system_i/k4_core/inst/system_i/adapter_i/hls_i/state_2_2_reg_918_reg[61]/D
                            (rising edge-triggered cell FDRE clocked by clk_fpga_0  {rise@0.000ns fall@5.000ns period=10.000ns})
  Path Group:             clk_fpga_0
  Path Type:              Setup (Max at Slow Process Corner)
  Requirement:            10.000ns  (clk_fpga_0 rise@10.000ns - clk_fpga_0 rise@0.000ns)
  Data Path Delay:        9.797ns  (logic 0.642ns (6.553%)  route 9.155ns (93.447%))
  Logic Levels:           1  (LUT4=1)
  Clock Path Skew:        0.217ns (DCD - SCD + CPR)
    Destination Clock Delay (DCD):    3.035ns = ( 13.035 - 10.000 ) 
    Source Clock Delay      (SCD):    2.947ns
    Clock Pessimism Removal (CPR):    0.129ns
  Clock Uncertainty:      0.154ns  ((TSJ^2 + TIJ^2)^1/2 + DJ) / 2 + PE
    Total System Jitter     (TSJ):    0.071ns
    Total Input Jitter      (TIJ):    0.300ns
    Discrete Jitter          (DJ):    0.000ns
    Phase Error              (PE):    0.000ns

    Location             Delay type                Incr(ns)  Path(ns)    Netlist Resource(s)
  -------------------------------------------------------------------    -------------------
                         (clock clk_fpga_0 rise edge)
                                                      0.000     0.000 r  
    PS7_X0Y0             PS7                          0.000     0.000 r  system_i/ps7/inst/PS7_i/FCLKCLK[0]
                         net (fo=1, routed)           1.193     1.193    system_i/ps7/inst/FCLK_CLK_unbuffered[0]
    BUFGCTRL_X0Y16       BUFG (Prop_bufg_I_O)         0.101     1.294 r  system_i/ps7/inst/buffer_fclk_clk_0.FCLK_CLK_0_BUFG/O
                         net (fo=17813, routed)       1.653     2.947    system_i/k4_core/inst/system_i/adapter_i/hls_i/s_axi_aclk
    SLICE_X32Y99         FDRE                                         r  system_i/k4_core/inst/system_i/adapter_i/hls_i/icmp_ln180_reg_6257_reg[0]_rep__2/C
  -------------------------------------------------------------------    -------------------
    SLICE_X32Y99         FDRE (Prop_fdre_C_Q)         0.518     3.465 r  system_i/k4_core/inst/system_i/adapter_i/hls_i/icmp_ln180_reg_6257_reg[0]_rep__2/Q
                         net (fo=122, routed)         9.155    12.620    system_i/k4_core/inst/system_i/adapter_i/hls_i/grp_mlkem1024_keccak_accel_Pipeline_ABSORB_WORDS_fu_2454/state_18_2_reg_774_reg[28]
    SLICE_X112Y137       LUT4 (Prop_lut4_I1_O)        0.124    12.744 r  system_i/k4_core/inst/system_i/adapter_i/hls_i/grp_mlkem1024_keccak_accel_Pipeline_ABSORB_WORDS_fu_2454/state_2_2_reg_918[61]_i_1/O
                         net (fo=1, routed)           0.000    12.744    system_i/k4_core/inst/system_i/adapter_i/hls_i/state_2_2_reg_918[61]
    SLICE_X112Y137       FDRE                                         r  system_i/k4_core/inst/system_i/adapter_i/hls_i/state_2_2_reg_918_reg[61]/D
  -------------------------------------------------------------------    -------------------

                         (clock clk_fpga_0 rise edge)
                                                     10.000    10.000 r  
    PS7_X0Y0             PS7                          0.000    10.000 r  system_i/ps7/inst/PS7_i/FCLKCLK[0]
                         net (fo=1, routed)           1.088    11.088    system_i/ps7/inst/FCLK_CLK_unbuffered[0]
    BUFGCTRL_X0Y16       BUFG (Prop_bufg_I_O)         0.091    11.179 r  system_i/ps7/inst/buffer_fclk_clk_0.FCLK_CLK_0_BUFG/O
                         net (fo=17813, routed)       1.856    13.035    system_i/k4_core/inst/system_i/adapter_i/hls_i/s_axi_aclk
    SLICE_X112Y137       FDRE                                         r  system_i/k4_core/inst/system_i/adapter_i/hls_i/state_2_2_reg_918_reg[61]/C
                         clock pessimism              0.129    13.164    
                         clock uncertainty           -0.154    13.010    
    SLICE_X112Y137       FDRE (Setup_fdre_C_D)        0.077    13.087    system_i/k4_core/inst/system_i/adapter_i/hls_i/state_2_2_reg_918_reg[61]
  -------------------------------------------------------------------
                         required time                         13.087    
                         arrival time                         -12.744    
  -------------------------------------------------------------------
                         slack                                  0.343    

Slack (MET) :             0.351ns  (required time - arrival time)
  Source:                 system_i/k4_core/inst/system_i/adapter_i/hls_i/ap_CS_fsm_reg[13]_rep__21/C
                            (rising edge-triggered cell FDRE clocked by clk_fpga_0  {rise@0.000ns fall@5.000ns period=10.000ns})
  Destination:            system_i/k4_core/inst/system_i/adapter_i/hls_i/state_17_4_fu_652_reg[29]/D
                            (rising edge-triggered cell FDRE clocked by clk_fpga_0  {rise@0.000ns fall@5.000ns period=10.000ns})
  Path Group:             clk_fpga_0
  Path Type:              Setup (Max at Slow Process Corner)
  Requirement:            10.000ns  (clk_fpga_0 rise@10.000ns - clk_fpga_0 rise@0.000ns)
  Data Path Delay:        9.481ns  (logic 0.580ns (6.118%)  route 8.901ns (93.882%))
  Logic Levels:           1  (LUT4=1)
  Clock Path Skew:        -0.043ns (DCD - SCD + CPR)
    Destination Clock Delay (DCD):    2.894ns = ( 12.894 - 10.000 ) 
    Source Clock Delay      (SCD):    3.052ns
    Clock Pessimism Removal (CPR):    0.115ns
  Clock Uncertainty:      0.154ns  ((TSJ^2 + TIJ^2)^1/2 + DJ) / 2 + PE
    Total System Jitter     (TSJ):    0.071ns
    Total Input Jitter      (TIJ):    0.300ns
    Discrete Jitter          (DJ):    0.000ns
    Phase Error              (PE):    0.000ns

    Location             Delay type                Incr(ns)  Path(ns)    Netlist Resource(s)
  -------------------------------------------------------------------    -------------------
                         (clock clk_fpga_0 rise edge)
                                                      0.000     0.000 r  
    PS7_X0Y0             PS7                          0.000     0.000 r  system_i/ps7/inst/PS7_i/FCLKCLK[0]
                         net (fo=1, routed)           1.193     1.193    system_i/ps7/inst/FCLK_CLK_unbuffered[0]
    BUFGCTRL_X0Y16       BUFG (Prop_bufg_I_O)         0.101     1.294 r  system_i/ps7/inst/buffer_fclk_clk_0.FCLK_CLK_0_BUFG/O
                         net (fo=17813, routed)       1.758     3.052    system_i/k4_core/inst/system_i/adapter_i/hls_i/s_axi_aclk
    SLICE_X11Y49         FDRE                                         r  system_i/k4_core/inst/system_i/adapter_i/hls_i/ap_CS_fsm_reg[13]_rep__21/C
  -------------------------------------------------------------------    -------------------
    SLICE_X11Y49         FDRE (Prop_fdre_C_Q)         0.456     3.508 r  system_i/k4_core/inst/system_i/adapter_i/hls_i/ap_CS_fsm_reg[13]_rep__21/Q
                         net (fo=125, routed)         8.901    12.409    system_i/k4_core/inst/system_i/adapter_i/hls_i/grp_p_anonymous_namespace_keccak_f1600_fu_2505/flow_control_loop_pipe_sequential_init_U/state_14_4_fu_640_reg[48]
    SLICE_X83Y135        LUT4 (Prop_lut4_I0_O)        0.124    12.533 r  system_i/k4_core/inst/system_i/adapter_i/hls_i/grp_p_anonymous_namespace_keccak_f1600_fu_2505/flow_control_loop_pipe_sequential_init_U/state_17_4_fu_652[29]_i_1/O
                         net (fo=1, routed)           0.000    12.533    system_i/k4_core/inst/system_i/adapter_i/hls_i/grp_p_anonymous_namespace_keccak_f1600_fu_2505_n_4555
    SLICE_X83Y135        FDRE                                         r  system_i/k4_core/inst/system_i/adapter_i/hls_i/state_17_4_fu_652_reg[29]/D
  -------------------------------------------------------------------    -------------------

                         (clock clk_fpga_0 rise edge)
                                                     10.000    10.000 r  
    PS7_X0Y0             PS7                          0.000    10.000 r  system_i/ps7/inst/PS7_i/FCLKCLK[0]
                         net (fo=1, routed)           1.088    11.088    system_i/ps7/inst/FCLK_CLK_unbuffered[0]
    BUFGCTRL_X0Y16       BUFG (Prop_bufg_I_O)         0.091    11.179 r  system_i/ps7/inst/buffer_fclk_clk_0.FCLK_CLK_0_BUFG/O
                         net (fo=17813, routed)       1.715    12.894    system_i/k4_core/inst/system_i/adapter_i/hls_i/s_axi_aclk
    SLICE_X83Y135        FDRE                                         r  system_i/k4_core/inst/system_i/adapter_i/hls_i/state_17_4_fu_652_reg[29]/C
                         clock pessimism              0.115    13.009    
                         clock uncertainty           -0.154    12.855    
    SLICE_X83Y135        FDRE (Setup_fdre_C_D)        0.029    12.884    system_i/k4_core/inst/system_i/adapter_i/hls_i/state_17_4_fu_652_reg[29]
  -------------------------------------------------------------------
                         required time                         12.884    
                         arrival time                         -12.533    
  -------------------------------------------------------------------
                         slack                                  0.351    

Slack (MET) :             0.354ns  (required time - arrival time)
  Source:                 system_i/k4_core/inst/system_i/cpu/picorv32_core/mem_addr_reg[22]/C
                            (rising edge-triggered cell FDRE clocked by clk_fpga_0  {rise@0.000ns fall@5.000ns period=10.000ns})
  Destination:            system_i/k4_core/inst/system_i/host_memory.firmware_bram/xpm_memory_base_inst/gen_wr_b.gen_byte_narrow.for_mem_cols[1].mem_reg_0_0_7/WEA[0]
                            (rising edge-triggered cell RAMB36E1 clocked by clk_fpga_0  {rise@0.000ns fall@5.000ns period=10.000ns})
  Path Group:             clk_fpga_0
  Path Type:              Setup (Max at Slow Process Corner)
  Requirement:            10.000ns  (clk_fpga_0 rise@10.000ns - clk_fpga_0 rise@0.000ns)
  Data Path Delay:        8.980ns  (logic 1.696ns (18.885%)  route 7.284ns (81.115%))
  Logic Levels:           10  (LUT2=1 LUT4=3 LUT5=3 LUT6=3)
  Clock Path Skew:        0.020ns (DCD - SCD + CPR)
    Destination Clock Delay (DCD):    2.825ns = ( 12.825 - 10.000 ) 
    Source Clock Delay      (SCD):    2.934ns
    Clock Pessimism Removal (CPR):    0.129ns
  Clock Uncertainty:      0.154ns  ((TSJ^2 + TIJ^2)^1/2 + DJ) / 2 + PE
    Total System Jitter     (TSJ):    0.071ns
    Total Input Jitter      (TIJ):    0.300ns
    Discrete Jitter          (DJ):    0.000ns
    Phase Error              (PE):    0.000ns

    Location             Delay type                Incr(ns)  Path(ns)    Netlist Resource(s)
  -------------------------------------------------------------------    -------------------
                         (clock clk_fpga_0 rise edge)
                                                      0.000     0.000 r  
    PS7_X0Y0             PS7                          0.000     0.000 r  system_i/ps7/inst/PS7_i/FCLKCLK[0]
                         net (fo=1, routed)           1.193     1.193    system_i/ps7/inst/FCLK_CLK_unbuffered[0]
    BUFGCTRL_X0Y16       BUFG (Prop_bufg_I_O)         0.101     1.294 r  system_i/ps7/inst/buffer_fclk_clk_0.FCLK_CLK_0_BUFG/O
                         net (fo=17813, routed)       1.640     2.934    system_i/k4_core/inst/system_i/cpu/picorv32_core/s_axi_aclk
    SLICE_X41Y68         FDRE                                         r  system_i/k4_core/inst/system_i/cpu/picorv32_core/mem_addr_reg[22]/C
  -------------------------------------------------------------------    -------------------
    SLICE_X41Y68         FDRE (Prop_fdre_C_Q)         0.456     3.390 f  system_i/k4_core/inst/system_i/cpu/picorv32_core/mem_addr_reg[22]/Q
                         net (fo=6, routed)           0.910     4.300    system_i/k4_core/inst/system_i/cpu/picorv32_core/mem_addr_reg[31]_0[20]
    SLICE_X39Y68         LUT5 (Prop_lut5_I2_O)        0.124     4.424 f  system_i/k4_core/inst/system_i/cpu/picorv32_core/debug_regs[0][23]_i_9/O
                         net (fo=1, routed)           0.403     4.827    system_i/k4_core/inst/system_i/cpu/picorv32_core/debug_regs[0][23]_i_9_n_2
    SLICE_X39Y68         LUT4 (Prop_lut4_I3_O)        0.124     4.951 f  system_i/k4_core/inst/system_i/cpu/picorv32_core/debug_regs[0][23]_i_6/O
                         net (fo=4, routed)           0.449     5.400    system_i/k4_core/inst/system_i/cpu/picorv32_core/debug_regs[0][23]_i_6_n_2
    SLICE_X40Y68         LUT6 (Prop_lut6_I5_O)        0.124     5.524 f  system_i/k4_core/inst/system_i/cpu/picorv32_core/control_addr[5]_i_15/O
                         net (fo=2, routed)           0.171     5.695    system_i/k4_core/inst/system_i/cpu/picorv32_core/control_addr[5]_i_15_n_2
    SLICE_X40Y68         LUT6 (Prop_lut6_I5_O)        0.124     5.819 f  system_i/k4_core/inst/system_i/cpu/picorv32_core/control_addr[5]_i_7/O
                         net (fo=99, routed)          0.800     6.619    system_i/k4_core/inst/system_i/cpu/picorv32_core/control_addr[5]_i_7_n_2
    SLICE_X38Y66         LUT5 (Prop_lut5_I1_O)        0.124     6.743 f  system_i/k4_core/inst/system_i/cpu/picorv32_core/writes_reg[0]_i_20/O
                         net (fo=1, routed)           0.659     7.403    system_i/k4_core/inst/system_i/cpu/picorv32_core/writes_reg[0]_i_20_n_2
    SLICE_X40Y67         LUT4 (Prop_lut4_I1_O)        0.124     7.527 f  system_i/k4_core/inst/system_i/cpu/picorv32_core/writes_reg[0]_i_8/O
                         net (fo=1, routed)           0.636     8.163    system_i/k4_core/inst/system_i/cpu/picorv32_core/writes_reg[0]_i_8_n_2
    SLICE_X40Y66         LUT6 (Prop_lut6_I1_O)        0.124     8.287 f  system_i/k4_core/inst/system_i/cpu/picorv32_core/writes_reg[0]_i_3/O
                         net (fo=74, routed)          0.579     8.865    system_i/k4_core/inst/system_i/cpu/picorv32_core/writes_reg[0]_i_3_n_2
    SLICE_X41Y65         LUT4 (Prop_lut4_I0_O)        0.124     8.989 r  system_i/k4_core/inst/system_i/cpu/picorv32_core/host_memory.firmware_bram_i_73/O
                         net (fo=1, routed)           0.293     9.282    system_i/k4_core/inst/system_i/cpu/picorv32_core/host_memory.firmware_bram_i_73_n_2
    SLICE_X41Y63         LUT5 (Prop_lut5_I0_O)        0.124     9.406 r  system_i/k4_core/inst/system_i/cpu/picorv32_core/host_memory.firmware_bram_i_1/O
                         net (fo=44, routed)          1.047    10.453    system_i/k4_core/inst/system_i/host_memory.firmware_bram/xpm_memory_base_inst/ena
    SLICE_X55Y62         LUT2 (Prop_lut2_I1_O)        0.124    10.577 r  system_i/k4_core/inst/system_i/host_memory.firmware_bram/xpm_memory_base_inst/gen_wr_b.gen_byte_narrow.for_mem_cols[1].mem_reg_0_0_7_i_2/O
                         net (fo=3, routed)           1.338    11.914    system_i/k4_core/inst/system_i/host_memory.firmware_bram/xpm_memory_base_inst/gen_wr_b.gen_byte_narrow.for_mem_cols[1].mem_reg_0_0_7_i_2_n_2
    RAMB36_X4Y11         RAMB36E1                                     r  system_i/k4_core/inst/system_i/host_memory.firmware_bram/xpm_memory_base_inst/gen_wr_b.gen_byte_narrow.for_mem_cols[1].mem_reg_0_0_7/WEA[0]
  -------------------------------------------------------------------    -------------------

                         (clock clk_fpga_0 rise edge)
                                                     10.000    10.000 r  
    PS7_X0Y0             PS7                          0.000    10.000 r  system_i/ps7/inst/PS7_i/FCLKCLK[0]
                         net (fo=1, routed)           1.088    11.088    system_i/ps7/inst/FCLK_CLK_unbuffered[0]
    BUFGCTRL_X0Y16       BUFG (Prop_bufg_I_O)         0.091    11.179 r  system_i/ps7/inst/buffer_fclk_clk_0.FCLK_CLK_0_BUFG/O
                         net (fo=17813, routed)       1.646    12.825    system_i/k4_core/inst/system_i/host_memory.firmware_bram/xpm_memory_base_inst/clka
    RAMB36_X4Y11         RAMB36E1                                     r  system_i/k4_core/inst/system_i/host_memory.firmware_bram/xpm_memory_base_inst/gen_wr_b.gen_byte_narrow.for_mem_cols[1].mem_reg_0_0_7/CLKARDCLK
                         clock pessimism              0.129    12.954    
                         clock uncertainty           -0.154    12.800    
    RAMB36_X4Y11         RAMB36E1 (Setup_ramb36e1_CLKARDCLK_WEA[0])
                                                     -0.532    12.268    system_i/k4_core/inst/system_i/host_memory.firmware_bram/xpm_memory_base_inst/gen_wr_b.gen_byte_narrow.for_mem_cols[1].mem_reg_0_0_7
  -------------------------------------------------------------------
                         required time                         12.268    
                         arrival time                         -11.914    
  -------------------------------------------------------------------
                         slack                                  0.354    

Slack (MET) :             0.367ns  (required time - arrival time)
  Source:                 system_i/k4_core/inst/system_i/adapter_i/hls_i/ap_CS_fsm_reg[13]_rep__21/C
                            (rising edge-triggered cell FDRE clocked by clk_fpga_0  {rise@0.000ns fall@5.000ns period=10.000ns})
  Destination:            system_i/k4_core/inst/system_i/adapter_i/hls_i/state_5217_fu_584_reg[23]/D
                            (rising edge-triggered cell FDRE clocked by clk_fpga_0  {rise@0.000ns fall@5.000ns period=10.000ns})
  Path Group:             clk_fpga_0
  Path Type:              Setup (Max at Slow Process Corner)
  Requirement:            10.000ns  (clk_fpga_0 rise@10.000ns - clk_fpga_0 rise@0.000ns)
  Data Path Delay:        9.457ns  (logic 0.580ns (6.133%)  route 8.877ns (93.867%))
  Logic Levels:           1  (LUT4=1)
  Clock Path Skew:        -0.053ns (DCD - SCD + CPR)
    Destination Clock Delay (DCD):    2.884ns = ( 12.884 - 10.000 ) 
    Source Clock Delay      (SCD):    3.052ns
    Clock Pessimism Removal (CPR):    0.115ns
  Clock Uncertainty:      0.154ns  ((TSJ^2 + TIJ^2)^1/2 + DJ) / 2 + PE
    Total System Jitter     (TSJ):    0.071ns
    Total Input Jitter      (TIJ):    0.300ns
    Discrete Jitter          (DJ):    0.000ns
    Phase Error              (PE):    0.000ns

    Location             Delay type                Incr(ns)  Path(ns)    Netlist Resource(s)
  -------------------------------------------------------------------    -------------------
                         (clock clk_fpga_0 rise edge)
                                                      0.000     0.000 r  
    PS7_X0Y0             PS7                          0.000     0.000 r  system_i/ps7/inst/PS7_i/FCLKCLK[0]
                         net (fo=1, routed)           1.193     1.193    system_i/ps7/inst/FCLK_CLK_unbuffered[0]
    BUFGCTRL_X0Y16       BUFG (Prop_bufg_I_O)         0.101     1.294 r  system_i/ps7/inst/buffer_fclk_clk_0.FCLK_CLK_0_BUFG/O
                         net (fo=17813, routed)       1.758     3.052    system_i/k4_core/inst/system_i/adapter_i/hls_i/s_axi_aclk
    SLICE_X11Y49         FDRE                                         r  system_i/k4_core/inst/system_i/adapter_i/hls_i/ap_CS_fsm_reg[13]_rep__21/C
  -------------------------------------------------------------------    -------------------
    SLICE_X11Y49         FDRE (Prop_fdre_C_Q)         0.456     3.508 r  system_i/k4_core/inst/system_i/adapter_i/hls_i/ap_CS_fsm_reg[13]_rep__21/Q
                         net (fo=125, routed)         8.877    12.385    system_i/k4_core/inst/system_i/adapter_i/hls_i/grp_p_anonymous_namespace_keccak_f1600_fu_2505/flow_control_loop_pipe_sequential_init_U/state_14_4_fu_640_reg[48]
    SLICE_X81Y127        LUT4 (Prop_lut4_I0_O)        0.124    12.509 r  system_i/k4_core/inst/system_i/adapter_i/hls_i/grp_p_anonymous_namespace_keccak_f1600_fu_2505/flow_control_loop_pipe_sequential_init_U/state_5217_fu_584[23]_i_1/O
                         net (fo=1, routed)           0.000    12.509    system_i/k4_core/inst/system_i/adapter_i/hls_i/state_5217_fu_584[23]
    SLICE_X81Y127        FDRE                                         r  system_i/k4_core/inst/system_i/adapter_i/hls_i/state_5217_fu_584_reg[23]/D
  -------------------------------------------------------------------    -------------------

                         (clock clk_fpga_0 rise edge)
                                                     10.000    10.000 r  
    PS7_X0Y0             PS7                          0.000    10.000 r  system_i/ps7/inst/PS7_i/FCLKCLK[0]
                         net (fo=1, routed)           1.088    11.088    system_i/ps7/inst/FCLK_CLK_unbuffered[0]
    BUFGCTRL_X0Y16       BUFG (Prop_bufg_I_O)         0.091    11.179 r  system_i/ps7/inst/buffer_fclk_clk_0.FCLK_CLK_0_BUFG/O
                         net (fo=17813, routed)       1.705    12.884    system_i/k4_core/inst/system_i/adapter_i/hls_i/s_axi_aclk
    SLICE_X81Y127        FDRE                                         r  system_i/k4_core/inst/system_i/adapter_i/hls_i/state_5217_fu_584_reg[23]/C
                         clock pessimism              0.115    12.999    
                         clock uncertainty           -0.154    12.845    
    SLICE_X81Y127        FDRE (Setup_fdre_C_D)        0.031    12.876    system_i/k4_core/inst/system_i/adapter_i/hls_i/state_5217_fu_584_reg[23]
  -------------------------------------------------------------------
                         required time                         12.876    
                         arrival time                         -12.509    
  -------------------------------------------------------------------
                         slack                                  0.367    

Slack (MET) :             0.369ns  (required time - arrival time)
  Source:                 system_i/k4_core/inst/system_i/cpu/picorv32_core/mem_addr_reg[22]/C
                            (rising edge-triggered cell FDRE clocked by clk_fpga_0  {rise@0.000ns fall@5.000ns period=10.000ns})
  Destination:            system_i/k4_core/inst/system_i/host_memory.firmware_bram/xpm_memory_base_inst/gen_wr_b.gen_byte_narrow.for_mem_cols[1].mem_reg_0_0_5/WEA[0]
                            (rising edge-triggered cell RAMB36E1 clocked by clk_fpga_0  {rise@0.000ns fall@5.000ns period=10.000ns})
  Path Group:             clk_fpga_0
  Path Type:              Setup (Max at Slow Process Corner)
  Requirement:            10.000ns  (clk_fpga_0 rise@10.000ns - clk_fpga_0 rise@0.000ns)
  Data Path Delay:        8.961ns  (logic 1.696ns (18.926%)  route 7.265ns (81.074%))
  Logic Levels:           10  (LUT2=1 LUT4=3 LUT5=3 LUT6=3)
  Clock Path Skew:        0.016ns (DCD - SCD + CPR)
    Destination Clock Delay (DCD):    2.821ns = ( 12.821 - 10.000 ) 
    Source Clock Delay      (SCD):    2.934ns
    Clock Pessimism Removal (CPR):    0.129ns
  Clock Uncertainty:      0.154ns  ((TSJ^2 + TIJ^2)^1/2 + DJ) / 2 + PE
    Total System Jitter     (TSJ):    0.071ns
    Total Input Jitter      (TIJ):    0.300ns
    Discrete Jitter          (DJ):    0.000ns
    Phase Error              (PE):    0.000ns

    Location             Delay type                Incr(ns)  Path(ns)    Netlist Resource(s)
  -------------------------------------------------------------------    -------------------
                         (clock clk_fpga_0 rise edge)
                                                      0.000     0.000 r  
    PS7_X0Y0             PS7                          0.000     0.000 r  system_i/ps7/inst/PS7_i/FCLKCLK[0]
                         net (fo=1, routed)           1.193     1.193    system_i/ps7/inst/FCLK_CLK_unbuffered[0]
    BUFGCTRL_X0Y16       BUFG (Prop_bufg_I_O)         0.101     1.294 r  system_i/ps7/inst/buffer_fclk_clk_0.FCLK_CLK_0_BUFG/O
                         net (fo=17813, routed)       1.640     2.934    system_i/k4_core/inst/system_i/cpu/picorv32_core/s_axi_aclk
    SLICE_X41Y68         FDRE                                         r  system_i/k4_core/inst/system_i/cpu/picorv32_core/mem_addr_reg[22]/C
  -------------------------------------------------------------------    -------------------
    SLICE_X41Y68         FDRE (Prop_fdre_C_Q)         0.456     3.390 f  system_i/k4_core/inst/system_i/cpu/picorv32_core/mem_addr_reg[22]/Q
                         net (fo=6, routed)           0.910     4.300    system_i/k4_core/inst/system_i/cpu/picorv32_core/mem_addr_reg[31]_0[20]
    SLICE_X39Y68         LUT5 (Prop_lut5_I2_O)        0.124     4.424 f  system_i/k4_core/inst/system_i/cpu/picorv32_core/debug_regs[0][23]_i_9/O
                         net (fo=1, routed)           0.403     4.827    system_i/k4_core/inst/system_i/cpu/picorv32_core/debug_regs[0][23]_i_9_n_2
    SLICE_X39Y68         LUT4 (Prop_lut4_I3_O)        0.124     4.951 f  system_i/k4_core/inst/system_i/cpu/picorv32_core/debug_regs[0][23]_i_6/O
                         net (fo=4, routed)           0.449     5.400    system_i/k4_core/inst/system_i/cpu/picorv32_core/debug_regs[0][23]_i_6_n_2
    SLICE_X40Y68         LUT6 (Prop_lut6_I5_O)        0.124     5.524 f  system_i/k4_core/inst/system_i/cpu/picorv32_core/control_addr[5]_i_15/O
                         net (fo=2, routed)           0.171     5.695    system_i/k4_core/inst/system_i/cpu/picorv32_core/control_addr[5]_i_15_n_2
    SLICE_X40Y68         LUT6 (Prop_lut6_I5_O)        0.124     5.819 f  system_i/k4_core/inst/system_i/cpu/picorv32_core/control_addr[5]_i_7/O
                         net (fo=99, routed)          0.800     6.619    system_i/k4_core/inst/system_i/cpu/picorv32_core/control_addr[5]_i_7_n_2
    SLICE_X38Y66         LUT5 (Prop_lut5_I1_O)        0.124     6.743 f  system_i/k4_core/inst/system_i/cpu/picorv32_core/writes_reg[0]_i_20/O
                         net (fo=1, routed)           0.659     7.403    system_i/k4_core/inst/system_i/cpu/picorv32_core/writes_reg[0]_i_20_n_2
    SLICE_X40Y67         LUT4 (Prop_lut4_I1_O)        0.124     7.527 f  system_i/k4_core/inst/system_i/cpu/picorv32_core/writes_reg[0]_i_8/O
                         net (fo=1, routed)           0.636     8.163    system_i/k4_core/inst/system_i/cpu/picorv32_core/writes_reg[0]_i_8_n_2
    SLICE_X40Y66         LUT6 (Prop_lut6_I1_O)        0.124     8.287 f  system_i/k4_core/inst/system_i/cpu/picorv32_core/writes_reg[0]_i_3/O
                         net (fo=74, routed)          0.579     8.865    system_i/k4_core/inst/system_i/cpu/picorv32_core/writes_reg[0]_i_3_n_2
    SLICE_X41Y65         LUT4 (Prop_lut4_I0_O)        0.124     8.989 r  system_i/k4_core/inst/system_i/cpu/picorv32_core/host_memory.firmware_bram_i_73/O
                         net (fo=1, routed)           0.293     9.282    system_i/k4_core/inst/system_i/cpu/picorv32_core/host_memory.firmware_bram_i_73_n_2
    SLICE_X41Y63         LUT5 (Prop_lut5_I0_O)        0.124     9.406 r  system_i/k4_core/inst/system_i/cpu/picorv32_core/host_memory.firmware_bram_i_1/O
                         net (fo=44, routed)          1.047    10.453    system_i/k4_core/inst/system_i/host_memory.firmware_bram/xpm_memory_base_inst/ena
    SLICE_X55Y62         LUT2 (Prop_lut2_I1_O)        0.124    10.577 r  system_i/k4_core/inst/system_i/host_memory.firmware_bram/xpm_memory_base_inst/gen_wr_b.gen_byte_narrow.for_mem_cols[1].mem_reg_0_0_7_i_2/O
                         net (fo=3, routed)           1.318    11.895    system_i/k4_core/inst/system_i/host_memory.firmware_bram/xpm_memory_base_inst/gen_wr_b.gen_byte_narrow.for_mem_cols[1].mem_reg_0_0_7_i_2_n_2
    RAMB36_X4Y12         RAMB36E1                                     r  system_i/k4_core/inst/system_i/host_memory.firmware_bram/xpm_memory_base_inst/gen_wr_b.gen_byte_narrow.for_mem_cols[1].mem_reg_0_0_5/WEA[0]
  -------------------------------------------------------------------    -------------------

                         (clock clk_fpga_0 rise edge)
                                                     10.000    10.000 r  
    PS7_X0Y0             PS7                          0.000    10.000 r  system_i/ps7/inst/PS7_i/FCLKCLK[0]
                         net (fo=1, routed)           1.088    11.088    system_i/ps7/inst/FCLK_CLK_unbuffered[0]
    BUFGCTRL_X0Y16       BUFG (Prop_bufg_I_O)         0.091    11.179 r  system_i/ps7/inst/buffer_fclk_clk_0.FCLK_CLK_0_BUFG/O
                         net (fo=17813, routed)       1.642    12.821    system_i/k4_core/inst/system_i/host_memory.firmware_bram/xpm_memory_base_inst/clka
    RAMB36_X4Y12         RAMB36E1                                     r  system_i/k4_core/inst/system_i/host_memory.firmware_bram/xpm_memory_base_inst/gen_wr_b.gen_byte_narrow.for_mem_cols[1].mem_reg_0_0_5/CLKARDCLK
                         clock pessimism              0.129    12.950    
                         clock uncertainty           -0.154    12.796    
    RAMB36_X4Y12         RAMB36E1 (Setup_ramb36e1_CLKARDCLK_WEA[0])
                                                     -0.532    12.264    system_i/k4_core/inst/system_i/host_memory.firmware_bram/xpm_memory_base_inst/gen_wr_b.gen_byte_narrow.for_mem_cols[1].mem_reg_0_0_5
  -------------------------------------------------------------------
                         required time                         12.264    
                         arrival time                         -11.895    
  -------------------------------------------------------------------
                         slack                                  0.369    

Slack (MET) :             0.372ns  (required time - arrival time)
  Source:                 system_i/ps7/inst/PS7_i/MAXIGP0ACLK
                            (rising edge-triggered cell PS7 clocked by clk_fpga_0  {rise@0.000ns fall@5.000ns period=10.000ns})
  Destination:            system_i/k4_core/inst/system_i/host_memory.firmware_bram/xpm_memory_base_inst/gen_wr_b.gen_byte_narrow.for_mem_cols[1].mem_reg_3_0_1/WEBWE[0]
                            (rising edge-triggered cell RAMB36E1 clocked by clk_fpga_0  {rise@0.000ns fall@5.000ns period=10.000ns})
  Path Group:             clk_fpga_0
  Path Type:              Setup (Max at Slow Process Corner)
  Requirement:            10.000ns  (clk_fpga_0 rise@10.000ns - clk_fpga_0 rise@0.000ns)
  Data Path Delay:        8.821ns  (logic 1.954ns (22.151%)  route 6.867ns (77.849%))
  Logic Levels:           5  (LUT2=2 LUT6=3)
  Clock Path Skew:        -0.121ns (DCD - SCD + CPR)
    Destination Clock Delay (DCD):    2.795ns = ( 12.795 - 10.000 ) 
    Source Clock Delay      (SCD):    3.031ns
    Clock Pessimism Removal (CPR):    0.115ns
  Clock Uncertainty:      0.154ns  ((TSJ^2 + TIJ^2)^1/2 + DJ) / 2 + PE
    Total System Jitter     (TSJ):    0.071ns
    Total Input Jitter      (TIJ):    0.300ns
    Discrete Jitter          (DJ):    0.000ns
    Phase Error              (PE):    0.000ns

    Location             Delay type                Incr(ns)  Path(ns)    Netlist Resource(s)
  -------------------------------------------------------------------    -------------------
                         (clock clk_fpga_0 rise edge)
                                                      0.000     0.000 r  
    PS7_X0Y0             PS7                          0.000     0.000 r  system_i/ps7/inst/PS7_i/FCLKCLK[0]
                         net (fo=1, routed)           1.193     1.193    system_i/ps7/inst/FCLK_CLK_unbuffered[0]
    BUFGCTRL_X0Y16       BUFG (Prop_bufg_I_O)         0.101     1.294 r  system_i/ps7/inst/buffer_fclk_clk_0.FCLK_CLK_0_BUFG/O
                         net (fo=17813, routed)       1.737     3.031    system_i/ps7/inst/M_AXI_GP0_ACLK
    PS7_X0Y0             PS7                                          r  system_i/ps7/inst/PS7_i/MAXIGP0ACLK
  -------------------------------------------------------------------    -------------------
    PS7_X0Y0             PS7 (Prop_ps7_MAXIGP0ACLK_MAXIGP0WVALID)
                                                      1.334     4.365 r  system_i/ps7/inst/PS7_i/MAXIGP0WVALID
                         net (fo=4, routed)           2.000     6.364    system_i/k4_core/inst/system_i/s_axi_wvalid
    SLICE_X36Y74         LUT6 (Prop_lut6_I0_O)        0.124     6.488 r  system_i/k4_core/inst/system_i/wstrb_held[3]_i_1/O
                         net (fo=38, routed)          1.117     7.606    system_i/k4_core/inst/system_i/E[0]
    SLICE_X37Y59         LUT6 (Prop_lut6_I0_O)        0.124     7.730 r  system_i/k4_core/inst/system_i/s_axi_bresp[1]_i_3/O
                         net (fo=7, routed)           0.543     8.273    system_i/k4_core/inst/system_i/p_18_in
    SLICE_X36Y59         LUT6 (Prop_lut6_I0_O)        0.124     8.397 f  system_i/k4_core/inst/system_i/host_memory.firmware_bram_i_75/O
                         net (fo=20, routed)          0.587     8.984    system_i/k4_core/inst/system_i/cpu/picorv32_core/gen_wr_b.gen_byte_narrow.for_mem_cols[1].mem_reg_3_0_7
    SLICE_X42Y56         LUT2 (Prop_lut2_I1_O)        0.124     9.108 r  system_i/k4_core/inst/system_i/cpu/picorv32_core/host_memory.firmware_bram_i_21/O
                         net (fo=44, routed)          1.434    10.542    system_i/k4_core/inst/system_i/host_memory.firmware_bram/xpm_memory_base_inst/enb
    SLICE_X32Y34         LUT2 (Prop_lut2_I1_O)        0.124    10.666 r  system_i/k4_core/inst/system_i/host_memory.firmware_bram/xpm_memory_base_inst/gen_wr_b.gen_byte_narrow.for_mem_cols[1].mem_reg_3_0_2_i_2/O
                         net (fo=3, routed)           1.186    11.852    system_i/k4_core/inst/system_i/host_memory.firmware_bram/xpm_memory_base_inst/gen_wr_b.gen_byte_narrow.for_mem_cols[1].mem_reg_3_0_2_i_2_n_2
    RAMB36_X1Y7          RAMB36E1                                     r  system_i/k4_core/inst/system_i/host_memory.firmware_bram/xpm_memory_base_inst/gen_wr_b.gen_byte_narrow.for_mem_cols[1].mem_reg_3_0_1/WEBWE[0]
  -------------------------------------------------------------------    -------------------

                         (clock clk_fpga_0 rise edge)
                                                     10.000    10.000 r  
    PS7_X0Y0             PS7                          0.000    10.000 r  system_i/ps7/inst/PS7_i/FCLKCLK[0]
                         net (fo=1, routed)           1.088    11.088    system_i/ps7/inst/FCLK_CLK_unbuffered[0]
    BUFGCTRL_X0Y16       BUFG (Prop_bufg_I_O)         0.091    11.179 r  system_i/ps7/inst/buffer_fclk_clk_0.FCLK_CLK_0_BUFG/O
                         net (fo=17813, routed)       1.616    12.795    system_i/k4_core/inst/system_i/host_memory.firmware_bram/xpm_memory_base_inst/clka
    RAMB36_X1Y7          RAMB36E1                                     r  system_i/k4_core/inst/system_i/host_memory.firmware_bram/xpm_memory_base_inst/gen_wr_b.gen_byte_narrow.for_mem_cols[1].mem_reg_3_0_1/CLKBWRCLK
                         clock pessimism              0.115    12.910    
                         clock uncertainty           -0.154    12.756    
    RAMB36_X1Y7          RAMB36E1 (Setup_ramb36e1_CLKBWRCLK_WEBWE[0])
                                                     -0.532    12.224    system_i/k4_core/inst/system_i/host_memory.firmware_bram/xpm_memory_base_inst/gen_wr_b.gen_byte_narrow.for_mem_cols[1].mem_reg_3_0_1
  -------------------------------------------------------------------
                         required time                         12.224    
                         arrival time                         -11.852    
  -------------------------------------------------------------------
                         slack                                  0.372    

Slack (MET) :             0.372ns  (required time - arrival time)
  Source:                 system_i/k4_core/inst/system_i/adapter_i/hls_i/ap_CS_fsm_reg[13]_rep__21/C
                            (rising edge-triggered cell FDRE clocked by clk_fpga_0  {rise@0.000ns fall@5.000ns period=10.000ns})
  Destination:            system_i/k4_core/inst/system_i/adapter_i/hls_i/state_14_4_fu_640_reg[59]/D
                            (rising edge-triggered cell FDRE clocked by clk_fpga_0  {rise@0.000ns fall@5.000ns period=10.000ns})
  Path Group:             clk_fpga_0
  Path Type:              Setup (Max at Slow Process Corner)
  Requirement:            10.000ns  (clk_fpga_0 rise@10.000ns - clk_fpga_0 rise@0.000ns)
  Data Path Delay:        9.527ns  (logic 0.580ns (6.088%)  route 8.947ns (93.912%))
  Logic Levels:           1  (LUT4=1)
  Clock Path Skew:        0.024ns (DCD - SCD + CPR)
    Destination Clock Delay (DCD):    2.961ns = ( 12.961 - 10.000 ) 
    Source Clock Delay      (SCD):    3.052ns
    Clock Pessimism Removal (CPR):    0.115ns
  Clock Uncertainty:      0.154ns  ((TSJ^2 + TIJ^2)^1/2 + DJ) / 2 + PE
    Total System Jitter     (TSJ):    0.071ns
    Total Input Jitter      (TIJ):    0.300ns
    Discrete Jitter          (DJ):    0.000ns
    Phase Error              (PE):    0.000ns

    Location             Delay type                Incr(ns)  Path(ns)    Netlist Resource(s)
  -------------------------------------------------------------------    -------------------
                         (clock clk_fpga_0 rise edge)
                                                      0.000     0.000 r  
    PS7_X0Y0             PS7                          0.000     0.000 r  system_i/ps7/inst/PS7_i/FCLKCLK[0]
                         net (fo=1, routed)           1.193     1.193    system_i/ps7/inst/FCLK_CLK_unbuffered[0]
    BUFGCTRL_X0Y16       BUFG (Prop_bufg_I_O)         0.101     1.294 r  system_i/ps7/inst/buffer_fclk_clk_0.FCLK_CLK_0_BUFG/O
                         net (fo=17813, routed)       1.758     3.052    system_i/k4_core/inst/system_i/adapter_i/hls_i/s_axi_aclk
    SLICE_X11Y49         FDRE                                         r  system_i/k4_core/inst/system_i/adapter_i/hls_i/ap_CS_fsm_reg[13]_rep__21/C
  -------------------------------------------------------------------    -------------------
    SLICE_X11Y49         FDRE (Prop_fdre_C_Q)         0.456     3.508 r  system_i/k4_core/inst/system_i/adapter_i/hls_i/ap_CS_fsm_reg[13]_rep__21/Q
                         net (fo=125, routed)         8.947    12.455    system_i/k4_core/inst/system_i/adapter_i/hls_i/grp_p_anonymous_namespace_keccak_f1600_fu_2505/flow_control_loop_pipe_sequential_init_U/state_14_4_fu_640_reg[48]
    SLICE_X99Y146        LUT4 (Prop_lut4_I0_O)        0.124    12.579 r  system_i/k4_core/inst/system_i/adapter_i/hls_i/grp_p_anonymous_namespace_keccak_f1600_fu_2505/flow_control_loop_pipe_sequential_init_U/state_14_4_fu_640[59]_i_1/O
                         net (fo=1, routed)           0.000    12.579    system_i/k4_core/inst/system_i/adapter_i/hls_i/grp_p_anonymous_namespace_keccak_f1600_fu_2505_n_4589
    SLICE_X99Y146        FDRE                                         r  system_i/k4_core/inst/system_i/adapter_i/hls_i/state_14_4_fu_640_reg[59]/D
  -------------------------------------------------------------------    -------------------

                         (clock clk_fpga_0 rise edge)
                                                     10.000    10.000 r  
    PS7_X0Y0             PS7                          0.000    10.000 r  system_i/ps7/inst/PS7_i/FCLKCLK[0]
                         net (fo=1, routed)           1.088    11.088    system_i/ps7/inst/FCLK_CLK_unbuffered[0]
    BUFGCTRL_X0Y16       BUFG (Prop_bufg_I_O)         0.091    11.179 r  system_i/ps7/inst/buffer_fclk_clk_0.FCLK_CLK_0_BUFG/O
                         net (fo=17813, routed)       1.782    12.961    system_i/k4_core/inst/system_i/adapter_i/hls_i/s_axi_aclk
    SLICE_X99Y146        FDRE                                         r  system_i/k4_core/inst/system_i/adapter_i/hls_i/state_14_4_fu_640_reg[59]/C
                         clock pessimism              0.115    13.076    
                         clock uncertainty           -0.154    12.922    
    SLICE_X99Y146        FDRE (Setup_fdre_C_D)        0.029    12.951    system_i/k4_core/inst/system_i/adapter_i/hls_i/state_14_4_fu_640_reg[59]
  -------------------------------------------------------------------
                         required time                         12.951    
                         arrival time                         -12.579    
  -------------------------------------------------------------------
                         slack                                  0.372    




