Time resolution is 1 ps
MLKEM_HEADER,index,dataset,vsId,tgId,tcId,op,return_code,raw_cycles,empty_cycles,input_bytes,output_bytes,m_total,mul,mulh,mulhsu,mulhu,div,divu,rem,remu,min_sp
MLKEM_START cases=8 ram_bytes=131072 stack_bytes=32768 clock_mhz=100 mul=1 fast_mul=1 div=1 expect_m=1
// Interrupt Monitor : interrupt for ap_done detected @ "2080085000"
// Interrupt Monitor : interrupt for ap_done detected @ "2285335000"
// Interrupt Monitor : interrupt for ap_done detected @ "2693605000"
// Interrupt Monitor : interrupt for ap_done detected @ "3101875000"
// Interrupt Monitor : interrupt for ap_done detected @ "3510145000"
// Interrupt Monitor : interrupt for ap_done detected @ "5070815000"
// Interrupt Monitor : interrupt for ap_done detected @ "5479085000"
// Interrupt Monitor : interrupt for ap_done detected @ "5887355000"
// Interrupt Monitor : interrupt for ap_done detected @ "6295625000"
// Interrupt Monitor : interrupt for ap_done detected @ "7849505000"
// Interrupt Monitor : interrupt for ap_done detected @ "8257775000"
// Interrupt Monitor : interrupt for ap_done detected @ "8666045000"
// Interrupt Monitor : interrupt for ap_done detected @ "9074315000"
// Interrupt Monitor : interrupt for ap_done detected @ "10634375000"
// Interrupt Monitor : interrupt for ap_done detected @ "11042645000"
// Interrupt Monitor : interrupt for ap_done detected @ "11450915000"
// Interrupt Monitor : interrupt for ap_done detected @ "11859185000"
// Interrupt Monitor : interrupt for ap_done detected @ "13364585000"
// Interrupt Monitor : interrupt for ap_done detected @ "13533385000"
// Interrupt Monitor : interrupt for ap_done detected @ "13702225000"
// Interrupt Monitor : interrupt for ap_done detected @ "13871135000"
// Interrupt Monitor : interrupt for ap_done detected @ "14673955000"
// Interrupt Monitor : interrupt for ap_done detected @ "14842755000"
// Interrupt Monitor : interrupt for ap_done detected @ "15011595000"
// Interrupt Monitor : interrupt for ap_done detected @ "15180505000"
// Interrupt Monitor : interrupt for ap_done detected @ "33079175000"
MLKEM_ROW,0,1,42,3,54,1,0,3117992,4,64,4736,40452,40452,0,0,0,0,0,0,0,0x0001b570
KECCAK_ROW,0,26,26,26,0,16293,1969,3648
// Interrupt Monitor : interrupt for ap_done detected @ "36624495000"
// Interrupt Monitor : interrupt for ap_done detected @ "36829745000"
// Interrupt Monitor : interrupt for ap_done detected @ "37238015000"
// Interrupt Monitor : interrupt for ap_done detected @ "37646285000"
// Interrupt Monitor : interrupt for ap_done detected @ "38054555000"
// Interrupt Monitor : interrupt for ap_done detected @ "39613985000"
// Interrupt Monitor : interrupt for ap_done detected @ "40022255000"
// Interrupt Monitor : interrupt for ap_done detected @ "40430525000"
// Interrupt Monitor : interrupt for ap_done detected @ "40838795000"
// Interrupt Monitor : interrupt for ap_done detected @ "42396715000"
// Interrupt Monitor : interrupt for ap_done detected @ "42804985000"
// Interrupt Monitor : interrupt for ap_done detected @ "43213255000"
// Interrupt Monitor : interrupt for ap_done detected @ "43621525000"
// Interrupt Monitor : interrupt for ap_done detected @ "45190515000"
// Interrupt Monitor : interrupt for ap_done detected @ "45598785000"
// Interrupt Monitor : interrupt for ap_done detected @ "46007055000"
// Interrupt Monitor : interrupt for ap_done detected @ "46415325000"
// Interrupt Monitor : interrupt for ap_done detected @ "47936145000"
// Interrupt Monitor : interrupt for ap_done detected @ "48104945000"
// Interrupt Monitor : interrupt for ap_done detected @ "48273785000"
// Interrupt Monitor : interrupt for ap_done detected @ "48442695000"
// Interrupt Monitor : interrupt for ap_done detected @ "49245515000"
// Interrupt Monitor : interrupt for ap_done detected @ "49414315000"
// Interrupt Monitor : interrupt for ap_done detected @ "49583155000"
// Interrupt Monitor : interrupt for ap_done detected @ "49752065000"
// Interrupt Monitor : interrupt for ap_done detected @ "67650735000"
MLKEM_ROW,1,1,42,3,55,1,0,3120707,4,64,4736,40452,40452,0,0,0,0,0,0,0,0x0001b570
KECCAK_ROW,1,26,26,26,0,16293,1969,3648
// Interrupt Monitor : interrupt for ap_done detected @ "71196055000"
// Interrupt Monitor : interrupt for ap_done detected @ "71401305000"
// Interrupt Monitor : interrupt for ap_done detected @ "71809575000"
// Interrupt Monitor : interrupt for ap_done detected @ "72217845000"
// Interrupt Monitor : interrupt for ap_done detected @ "72626115000"
// Interrupt Monitor : interrupt for ap_done detected @ "74184005000"
// Interrupt Monitor : interrupt for ap_done detected @ "74592275000"
// Interrupt Monitor : interrupt for ap_done detected @ "75000545000"
// Interrupt Monitor : interrupt for ap_done detected @ "75408815000"
// Interrupt Monitor : interrupt for ap_done detected @ "76994705000"
// Interrupt Monitor : interrupt for ap_done detected @ "77402975000"
// Interrupt Monitor : interrupt for ap_done detected @ "77811245000"
// Interrupt Monitor : interrupt for ap_done detected @ "78219515000"
// Interrupt Monitor : interrupt for ap_done detected @ "79778385000"
// Interrupt Monitor : interrupt for ap_done detected @ "80186655000"
// Interrupt Monitor : interrupt for ap_done detected @ "80594925000"
// Interrupt Monitor : interrupt for ap_done detected @ "81003195000"
// Interrupt Monitor : interrupt for ap_done detected @ "82519035000"
// Interrupt Monitor : interrupt for ap_done detected @ "82687835000"
// Interrupt Monitor : interrupt for ap_done detected @ "82856675000"
// Interrupt Monitor : interrupt for ap_done detected @ "83025585000"
// Interrupt Monitor : interrupt for ap_done detected @ "83828405000"
// Interrupt Monitor : interrupt for ap_done detected @ "83997205000"
// Interrupt Monitor : interrupt for ap_done detected @ "84166045000"
// Interrupt Monitor : interrupt for ap_done detected @ "84334955000"
// Interrupt Monitor : interrupt for ap_done detected @ "102233625000"
MLKEM_ROW,2,1,42,3,56,1,0,3121840,4,64,4736,40452,40452,0,0,0,0,0,0,0,0x0001b570
KECCAK_ROW,2,26,26,26,0,16293,1969,3648
// Interrupt Monitor : interrupt for ap_done detected @ "105778945000"
// Interrupt Monitor : interrupt for ap_done detected @ "105984195000"
// Interrupt Monitor : interrupt for ap_done detected @ "106392465000"
// Interrupt Monitor : interrupt for ap_done detected @ "106800735000"
// Interrupt Monitor : interrupt for ap_done detected @ "107209005000"
// Interrupt Monitor : interrupt for ap_done detected @ "108773245000"
// Interrupt Monitor : interrupt for ap_done detected @ "109181515000"
// Interrupt Monitor : interrupt for ap_done detected @ "109589785000"
// Interrupt Monitor : interrupt for ap_done detected @ "109998055000"
// Interrupt Monitor : interrupt for ap_done detected @ "111549935000"
// Interrupt Monitor : interrupt for ap_done detected @ "111958205000"
// Interrupt Monitor : interrupt for ap_done detected @ "112366475000"
// Interrupt Monitor : interrupt for ap_done detected @ "112774745000"
// Interrupt Monitor : interrupt for ap_done detected @ "114335775000"
// Interrupt Monitor : interrupt for ap_done detected @ "114744045000"
// Interrupt Monitor : interrupt for ap_done detected @ "115152315000"
// Interrupt Monitor : interrupt for ap_done detected @ "115560585000"
// Interrupt Monitor : interrupt for ap_done detected @ "117094725000"
// Interrupt Monitor : interrupt for ap_done detected @ "117263525000"
// Interrupt Monitor : interrupt for ap_done detected @ "117432365000"
// Interrupt Monitor : interrupt for ap_done detected @ "117601275000"
// Interrupt Monitor : interrupt for ap_done detected @ "118404095000"
// Interrupt Monitor : interrupt for ap_done detected @ "118572895000"
// Interrupt Monitor : interrupt for ap_done detected @ "118741735000"
// Interrupt Monitor : interrupt for ap_done detected @ "118910645000"
// Interrupt Monitor : interrupt for ap_done detected @ "136809315000"
MLKEM_ROW,3,1,42,3,57,1,0,3121120,4,64,4736,40452,40452,0,0,0,0,0,0,0,0x0001b570
KECCAK_ROW,3,26,26,26,0,16293,1969,3648
// Interrupt Monitor : interrupt for ap_done detected @ "140354635000"
// Interrupt Monitor : interrupt for ap_done detected @ "140559885000"
// Interrupt Monitor : interrupt for ap_done detected @ "140968155000"
// Interrupt Monitor : interrupt for ap_done detected @ "141376425000"
// Interrupt Monitor : interrupt for ap_done detected @ "141784695000"
// Interrupt Monitor : interrupt for ap_done detected @ "143354905000"
// Interrupt Monitor : interrupt for ap_done detected @ "143763175000"
// Interrupt Monitor : interrupt for ap_done detected @ "144171445000"
// Interrupt Monitor : interrupt for ap_done detected @ "144579715000"
// Interrupt Monitor : interrupt for ap_done detected @ "146142025000"
// Interrupt Monitor : interrupt for ap_done detected @ "146550295000"
// Interrupt Monitor : interrupt for ap_done detected @ "146958565000"
// Interrupt Monitor : interrupt for ap_done detected @ "147366835000"
// Interrupt Monitor : interrupt for ap_done detected @ "148930155000"
// Interrupt Monitor : interrupt for ap_done detected @ "149338425000"
// Interrupt Monitor : interrupt for ap_done detected @ "149746695000"
// Interrupt Monitor : interrupt for ap_done detected @ "150154965000"
// Interrupt Monitor : interrupt for ap_done detected @ "151682335000"
// Interrupt Monitor : interrupt for ap_done detected @ "151851135000"
// Interrupt Monitor : interrupt for ap_done detected @ "152019975000"
// Interrupt Monitor : interrupt for ap_done detected @ "152188885000"
// Interrupt Monitor : interrupt for ap_done detected @ "152991705000"
// Interrupt Monitor : interrupt for ap_done detected @ "153160505000"
// Interrupt Monitor : interrupt for ap_done detected @ "153329345000"
// Interrupt Monitor : interrupt for ap_done detected @ "153498255000"
// Interrupt Monitor : interrupt for ap_done detected @ "171396925000"
MLKEM_ROW,4,1,42,3,58,1,0,3122312,4,64,4736,40452,40452,0,0,0,0,0,0,0,0x0001b570
KECCAK_ROW,4,26,26,26,0,16293,1969,3648
// Interrupt Monitor : interrupt for ap_done detected @ "174942245000"
// Interrupt Monitor : interrupt for ap_done detected @ "175147495000"
// Interrupt Monitor : interrupt for ap_done detected @ "175555765000"
// Interrupt Monitor : interrupt for ap_done detected @ "175964035000"
// Interrupt Monitor : interrupt for ap_done detected @ "176372305000"
// Interrupt Monitor : interrupt for ap_done detected @ "177933955000"
// Interrupt Monitor : interrupt for ap_done detected @ "178342225000"
// Interrupt Monitor : interrupt for ap_done detected @ "178750495000"
// Interrupt Monitor : interrupt for ap_done detected @ "179158765000"
// Interrupt Monitor : interrupt for ap_done detected @ "180715665000"
// Interrupt Monitor : interrupt for ap_done detected @ "181123935000"
// Interrupt Monitor : interrupt for ap_done detected @ "181532205000"
// Interrupt Monitor : interrupt for ap_done detected @ "181940475000"
// Interrupt Monitor : interrupt for ap_done detected @ "183499945000"
// Interrupt Monitor : interrupt for ap_done detected @ "183908215000"
// Interrupt Monitor : interrupt for ap_done detected @ "184316485000"
// Interrupt Monitor : interrupt for ap_done detected @ "184724755000"
// Interrupt Monitor : interrupt for ap_done detected @ "186251435000"
// Interrupt Monitor : interrupt for ap_done detected @ "186420235000"
// Interrupt Monitor : interrupt for ap_done detected @ "186589075000"
// Interrupt Monitor : interrupt for ap_done detected @ "186757985000"
// Interrupt Monitor : interrupt for ap_done detected @ "187560805000"
// Interrupt Monitor : interrupt for ap_done detected @ "187729605000"
// Interrupt Monitor : interrupt for ap_done detected @ "187898445000"
// Interrupt Monitor : interrupt for ap_done detected @ "188067355000"
// Interrupt Monitor : interrupt for ap_done detected @ "205966025000"
MLKEM_ROW,5,1,42,3,59,1,0,3120461,4,64,4736,40452,40452,0,0,0,0,0,0,0,0x0001b570
KECCAK_ROW,5,26,26,26,0,16293,1969,3648
// Interrupt Monitor : interrupt for ap_done detected @ "209511345000"
// Interrupt Monitor : interrupt for ap_done detected @ "209716595000"
// Interrupt Monitor : interrupt for ap_done detected @ "210124865000"
// Interrupt Monitor : interrupt for ap_done detected @ "210533135000"
// Interrupt Monitor : interrupt for ap_done detected @ "210941405000"
// Interrupt Monitor : interrupt for ap_done detected @ "212512605000"
// Interrupt Monitor : interrupt for ap_done detected @ "212920875000"
// Interrupt Monitor : interrupt for ap_done detected @ "213329145000"
// Interrupt Monitor : interrupt for ap_done detected @ "213737415000"
// Interrupt Monitor : interrupt for ap_done detected @ "215289165000"
// Interrupt Monitor : interrupt for ap_done detected @ "215697435000"
// Interrupt Monitor : interrupt for ap_done detected @ "216105705000"
// Interrupt Monitor : interrupt for ap_done detected @ "216513975000"
// Interrupt Monitor : interrupt for ap_done detected @ "218077095000"
// Interrupt Monitor : interrupt for ap_done detected @ "218485365000"
// Interrupt Monitor : interrupt for ap_done detected @ "218893635000"
// Interrupt Monitor : interrupt for ap_done detected @ "219301905000"
// Interrupt Monitor : interrupt for ap_done detected @ "220817575000"
// Interrupt Monitor : interrupt for ap_done detected @ "220986375000"
// Interrupt Monitor : interrupt for ap_done detected @ "221155215000"
// Interrupt Monitor : interrupt for ap_done detected @ "221324125000"
// Interrupt Monitor : interrupt for ap_done detected @ "222126945000"
// Interrupt Monitor : interrupt for ap_done detected @ "222295745000"
// Interrupt Monitor : interrupt for ap_done detected @ "222464585000"
// Interrupt Monitor : interrupt for ap_done detected @ "222633495000"
// Interrupt Monitor : interrupt for ap_done detected @ "240532165000"
MLKEM_ROW,6,1,42,3,60,1,0,3120165,4,64,4736,40452,40452,0,0,0,0,0,0,0,0x0001b570
KECCAK_ROW,6,26,26,26,0,16293,1969,3648
// Interrupt Monitor : interrupt for ap_done detected @ "244077485000"
// Interrupt Monitor : interrupt for ap_done detected @ "244282735000"
// Interrupt Monitor : interrupt for ap_done detected @ "244691005000"
// Interrupt Monitor : interrupt for ap_done detected @ "245099275000"
// Interrupt Monitor : interrupt for ap_done detected @ "245507545000"
// Interrupt Monitor : interrupt for ap_done detected @ "247082595000"
// Interrupt Monitor : interrupt for ap_done detected @ "247490865000"
// Interrupt Monitor : interrupt for ap_done detected @ "247899135000"
// Interrupt Monitor : interrupt for ap_done detected @ "248307405000"
// Interrupt Monitor : interrupt for ap_done detected @ "249889275000"
// Interrupt Monitor : interrupt for ap_done detected @ "250297545000"
// Interrupt Monitor : interrupt for ap_done detected @ "250705815000"
// Interrupt Monitor : interrupt for ap_done detected @ "251114085000"
// Interrupt Monitor : interrupt for ap_done detected @ "252685875000"
// Interrupt Monitor : interrupt for ap_done detected @ "253094145000"
// Interrupt Monitor : interrupt for ap_done detected @ "253502415000"
// Interrupt Monitor : interrupt for ap_done detected @ "253910685000"
// Interrupt Monitor : interrupt for ap_done detected @ "255437865000"
// Interrupt Monitor : interrupt for ap_done detected @ "255606665000"
// Interrupt Monitor : interrupt for ap_done detected @ "255775505000"
// Interrupt Monitor : interrupt for ap_done detected @ "255944415000"
// Interrupt Monitor : interrupt for ap_done detected @ "256747235000"
// Interrupt Monitor : interrupt for ap_done detected @ "256916035000"
// Interrupt Monitor : interrupt for ap_done detected @ "257084875000"
// Interrupt Monitor : interrupt for ap_done detected @ "257253785000"
// Interrupt Monitor : interrupt for ap_done detected @ "275152455000"
MLKEM_ROW,7,1,42,3,61,1,0,3125580,4,64,4736,40452,40452,0,0,0,0,0,0,0,0x0001b570
KECCAK_ROW,7,26,26,26,0,16293,1969,3648
MLKEM_PASS cases=8 input_bytes=512 output_bytes=37888 cpu_mul=1 cpu_fast_mul=1 cpu_div=1 expect_m=1 cycles=27752307 all_m=323616 min_sp=0x0001b570 stack_used=19072
KECCAK_PASS cases=8 starts=208 done=208 hash=208 squeeze=0
$finish called at time : 277523385 ns : File "E:/hls/k4kat_timing_decode_v3/20261004_170644_070317/snapshot/tb/tb_mlkem1024_keccak_kat.sv" Line 357
INFO: xsimkernel Simulation Memory Usage: 32324 KB (Peak: 32324 KB), Simulation CPU Usage: 424312 ms
