Copyright 1986-2022 Xilinx, Inc. All Rights Reserved. Copyright 2022-2024 Advanced Micro Devices, Inc. All Rights Reserved.
---------------------------------------------------------------------------------------------------------------------------------------------
| Tool Version : Vivado v.2024.2 (win64) Build 5239630 Fri Nov 08 22:35:27 MST 2024
| Date         : Sun Oct  4 15:10:24 2026
| Host         : DESKTOP-H0SRFHK running 64-bit major release  (build 9200)
| Command      : report_timing -delay_type max -max_paths 10 -file E:/hls/k4board/20261004_143831/board/reports/setup_paths.rpt
| Design       : mlkem1024_keccak_pynqz2_top
| Device       : 7z020-clg400
| Speed File   : -1  PRODUCTION 1.12 2019-11-22
| Design State : Routed
---------------------------------------------------------------------------------------------------------------------------------------------

Timing Report

Slack (MET) :             0.124ns  (required time - arrival time)
  Source:                 system_i/cpu/picorv32_core/mem_wstrb_reg[2]/C
                            (rising edge-triggered cell FDRE clocked by clk100_raw  {rise@0.000ns fall@5.000ns period=10.000ns})
  Destination:            system_i/adapter_i/output_mem_reg/WEA[3]
                            (rising edge-triggered cell RAMB36E1 clocked by clk100_raw  {rise@0.000ns fall@5.000ns period=10.000ns})
  Path Group:             clk100_raw
  Path Type:              Setup (Max at Slow Process Corner)
  Requirement:            10.000ns  (clk100_raw rise@10.000ns - clk100_raw rise@0.000ns)
  Data Path Delay:        8.768ns  (logic 1.903ns (21.703%)  route 6.865ns (78.297%))
  Logic Levels:           8  (LUT2=1 LUT4=1 LUT5=2 LUT6=4)
  Clock Path Skew:        -0.173ns (DCD - SCD + CPR)
    Destination Clock Delay (DCD):    -1.638ns = ( 8.362 - 10.000 ) 
    Source Clock Delay      (SCD):    -0.998ns
    Clock Pessimism Removal (CPR):    0.466ns
  Clock Uncertainty:      0.171ns  ((TSJ^2 + DJ^2)^1/2) / 2 + PE + UU
    Total System Jitter     (TSJ):    0.071ns
    Discrete Jitter          (DJ):    0.123ns
    Phase Error              (PE):    0.000ns
    User Uncertainty         (UU):    0.100ns

    Location             Delay type                Incr(ns)  Path(ns)    Netlist Resource(s)
  -------------------------------------------------------------------    -------------------
                         (clock clk100_raw rise edge)
                                                      0.000     0.000 r  
    H16                                               0.000     0.000 r  sys_clk (IN)
                         net (fo=0)                   0.000     0.000    sys_clk
    H16                  IBUF (Prop_ibuf_I_O)         1.451     1.451 r  sys_clk_IBUF_inst/O
                         net (fo=1, routed)           1.285     2.736    sys_clk_IBUF
    MMCME2_ADV_X1Y2      MMCME2_ADV (Prop_mmcme2_adv_CLKIN1_CLKOUT0)
                                                     -7.759    -5.023 r  clock_manager/CLKOUT0
                         net (fo=1, routed)           2.206    -2.817    clk100_raw
    BUFGCTRL_X0Y16       BUFG (Prop_bufg_I_O)         0.101    -2.716 r  system_clock_buffer/O
                         net (fo=17160, routed)       1.718    -0.998    system_i/cpu/picorv32_core/clk100
    SLICE_X58Y18         FDRE                                         r  system_i/cpu/picorv32_core/mem_wstrb_reg[2]/C
  -------------------------------------------------------------------    -------------------
    SLICE_X58Y18         FDRE (Prop_fdre_C_Q)         0.478    -0.520 r  system_i/cpu/picorv32_core/mem_wstrb_reg[2]/Q
                         net (fo=22, routed)          0.835     0.315    system_i/cpu/picorv32_core/mem_wstrb_reg[2]_0
    SLICE_X56Y18         LUT5 (Prop_lut5_I1_O)        0.323     0.638 f  system_i/cpu/picorv32_core/local_wstrb[3]_i_2/O
                         net (fo=5, routed)           0.886     1.524    system_i/cpu/picorv32_core/mem_wstrb_reg[3]_2
    SLICE_X53Y19         LUT6 (Prop_lut6_I0_O)        0.332     1.856 f  system_i/cpu/picorv32_core/local_awaddr[31]_i_7/O
                         net (fo=2, routed)           0.653     2.509    system_i/cpu/picorv32_core/local_awaddr[31]_i_7_n_2
    SLICE_X51Y19         LUT6 (Prop_lut6_I3_O)        0.124     2.633 f  system_i/cpu/picorv32_core/writes_reg[0]_i_9/O
                         net (fo=5, routed)           0.783     3.416    system_i/cpu/picorv32_core/writes_reg[0]_i_9_n_2
    SLICE_X47Y20         LUT5 (Prop_lut5_I3_O)        0.124     3.540 r  system_i/cpu/picorv32_core/writes_reg[0]_i_3/O
                         net (fo=3, routed)           0.430     3.970    system_i/cpu/picorv32_core/writes_reg[0]_i_3_n_2
    SLICE_X47Y20         LUT6 (Prop_lut6_I5_O)        0.124     4.094 f  system_i/cpu/picorv32_core/writes_reg[0]_i_6/O
                         net (fo=3, routed)           0.706     4.800    system_i/cpu/picorv32_core/writes_reg[0]_i_6_n_2
    SLICE_X47Y20         LUT6 (Prop_lut6_I4_O)        0.124     4.924 r  system_i/cpu/picorv32_core/writes_reg[0]_i_1/O
                         net (fo=38, routed)          0.673     5.597    system_i/cpu/picorv32_core/local_bvalid_reg_1
    SLICE_X51Y24         LUT4 (Prop_lut4_I0_O)        0.124     5.721 r  system_i/cpu/picorv32_core/input_mem_reg_i_43/O
                         net (fo=28, routed)          1.409     7.129    system_i/adapter_i/hls_i/WEBWE[3]
    SLICE_X34Y32         LUT2 (Prop_lut2_I1_O)        0.150     7.279 r  system_i/adapter_i/hls_i/output_mem_reg_i_44/O
                         net (fo=1, routed)           0.491     7.770    system_i/adapter_i/hls_i_n_49
    RAMB36_X2Y6          RAMB36E1                                     r  system_i/adapter_i/output_mem_reg/WEA[3]
  -------------------------------------------------------------------    -------------------

                         (clock clk100_raw rise edge)
                                                     10.000    10.000 r  
    H16                                               0.000    10.000 r  sys_clk (IN)
                         net (fo=0)                   0.000    10.000    sys_clk
    H16                  IBUF (Prop_ibuf_I_O)         1.380    11.380 r  sys_clk_IBUF_inst/O
                         net (fo=1, routed)           1.162    12.542    sys_clk_IBUF
    MMCME2_ADV_X1Y2      MMCME2_ADV (Prop_mmcme2_adv_CLKIN1_CLKOUT0)
                                                     -7.814     4.728 r  clock_manager/CLKOUT0
                         net (fo=1, routed)           2.012     6.740    clk100_raw
    BUFGCTRL_X0Y16       BUFG (Prop_bufg_I_O)         0.091     6.831 r  system_clock_buffer/O
                         net (fo=17160, routed)       1.531     8.362    system_i/adapter_i/clk100
    RAMB36_X2Y6          RAMB36E1                                     r  system_i/adapter_i/output_mem_reg/CLKARDCLK
                         clock pessimism              0.466     8.829    
                         clock uncertainty           -0.171     8.657    
    RAMB36_X2Y6          RAMB36E1 (Setup_ramb36e1_CLKARDCLK_WEA[3])
                                                     -0.763     7.894    system_i/adapter_i/output_mem_reg
  -------------------------------------------------------------------
                         required time                          7.894    
                         arrival time                          -7.770    
  -------------------------------------------------------------------
                         slack                                  0.124    

Slack (MET) :             0.241ns  (required time - arrival time)
  Source:                 system_i/adapter_i/hls_i/ap_CS_fsm_reg[5]_rep__2/C
                            (rising edge-triggered cell FDRE clocked by clk100_raw  {rise@0.000ns fall@5.000ns period=10.000ns})
  Destination:            system_i/adapter_i/hls_i/state_7_0_fu_500_reg[22]/D
                            (rising edge-triggered cell FDRE clocked by clk100_raw  {rise@0.000ns fall@5.000ns period=10.000ns})
  Path Group:             clk100_raw
  Path Type:              Setup (Max at Slow Process Corner)
  Requirement:            10.000ns  (clk100_raw rise@10.000ns - clk100_raw rise@0.000ns)
  Data Path Delay:        9.550ns  (logic 0.779ns (8.157%)  route 8.771ns (91.843%))
  Logic Levels:           1  (LUT4=1)
  Clock Path Skew:        -0.070ns (DCD - SCD + CPR)
    Destination Clock Delay (DCD):    -1.497ns = ( 8.503 - 10.000 ) 
    Source Clock Delay      (SCD):    -0.974ns
    Clock Pessimism Removal (CPR):    0.452ns
  Clock Uncertainty:      0.171ns  ((TSJ^2 + DJ^2)^1/2) / 2 + PE + UU
    Total System Jitter     (TSJ):    0.071ns
    Discrete Jitter          (DJ):    0.123ns
    Phase Error              (PE):    0.000ns
    User Uncertainty         (UU):    0.100ns

    Location             Delay type                Incr(ns)  Path(ns)    Netlist Resource(s)
  -------------------------------------------------------------------    -------------------
                         (clock clk100_raw rise edge)
                                                      0.000     0.000 r  
    H16                                               0.000     0.000 r  sys_clk (IN)
                         net (fo=0)                   0.000     0.000    sys_clk
    H16                  IBUF (Prop_ibuf_I_O)         1.451     1.451 r  sys_clk_IBUF_inst/O
                         net (fo=1, routed)           1.285     2.736    sys_clk_IBUF
    MMCME2_ADV_X1Y2      MMCME2_ADV (Prop_mmcme2_adv_CLKIN1_CLKOUT0)
                                                     -7.759    -5.023 r  clock_manager/CLKOUT0
                         net (fo=1, routed)           2.206    -2.817    clk100_raw
    BUFGCTRL_X0Y16       BUFG (Prop_bufg_I_O)         0.101    -2.716 r  system_clock_buffer/O
                         net (fo=17160, routed)       1.742    -0.974    system_i/adapter_i/hls_i/clk100
    SLICE_X30Y35         FDRE                                         r  system_i/adapter_i/hls_i/ap_CS_fsm_reg[5]_rep__2/C
  -------------------------------------------------------------------    -------------------
    SLICE_X30Y35         FDRE (Prop_fdre_C_Q)         0.478    -0.496 r  system_i/adapter_i/hls_i/ap_CS_fsm_reg[5]_rep__2/Q
                         net (fo=128, routed)         8.771     8.274    system_i/adapter_i/hls_i/grp_mlkem1024_keccak_accel_Pipeline_LOAD_CONTEXT_fu_2422/state_10_0_fu_512_reg[1]
    SLICE_X109Y79        LUT4 (Prop_lut4_I1_O)        0.301     8.575 r  system_i/adapter_i/hls_i/grp_mlkem1024_keccak_accel_Pipeline_LOAD_CONTEXT_fu_2422/state_7_0_fu_500[22]_i_1/O
                         net (fo=1, routed)           0.000     8.575    system_i/adapter_i/hls_i/grp_mlkem1024_keccak_accel_Pipeline_LOAD_CONTEXT_fu_2422_n_686
    SLICE_X109Y79        FDRE                                         r  system_i/adapter_i/hls_i/state_7_0_fu_500_reg[22]/D
  -------------------------------------------------------------------    -------------------

                         (clock clk100_raw rise edge)
                                                     10.000    10.000 r  
    H16                                               0.000    10.000 r  sys_clk (IN)
                         net (fo=0)                   0.000    10.000    sys_clk
    H16                  IBUF (Prop_ibuf_I_O)         1.380    11.380 r  sys_clk_IBUF_inst/O
                         net (fo=1, routed)           1.162    12.542    sys_clk_IBUF
    MMCME2_ADV_X1Y2      MMCME2_ADV (Prop_mmcme2_adv_CLKIN1_CLKOUT0)
                                                     -7.814     4.728 r  clock_manager/CLKOUT0
                         net (fo=1, routed)           2.012     6.740    clk100_raw
    BUFGCTRL_X0Y16       BUFG (Prop_bufg_I_O)         0.091     6.831 r  system_clock_buffer/O
                         net (fo=17160, routed)       1.672     8.503    system_i/adapter_i/hls_i/clk100
    SLICE_X109Y79        FDRE                                         r  system_i/adapter_i/hls_i/state_7_0_fu_500_reg[22]/C
                         clock pessimism              0.452     8.955    
                         clock uncertainty           -0.171     8.784    
    SLICE_X109Y79        FDRE (Setup_fdre_C_D)        0.032     8.816    system_i/adapter_i/hls_i/state_7_0_fu_500_reg[22]
  -------------------------------------------------------------------
                         required time                          8.816    
                         arrival time                          -8.575    
  -------------------------------------------------------------------
                         slack                                  0.241    

Slack (MET) :             0.314ns  (required time - arrival time)
  Source:                 system_i/cpu/picorv32_core/mem_wstrb_reg[2]/C
                            (rising edge-triggered cell FDRE clocked by clk100_raw  {rise@0.000ns fall@5.000ns period=10.000ns})
  Destination:            system_i/adapter_i/context_mem_reg/WEBWE[3]
                            (rising edge-triggered cell RAMB36E1 clocked by clk100_raw  {rise@0.000ns fall@5.000ns period=10.000ns})
  Path Group:             clk100_raw
  Path Type:              Setup (Max at Slow Process Corner)
  Requirement:            10.000ns  (clk100_raw rise@10.000ns - clk100_raw rise@0.000ns)
  Data Path Delay:        8.762ns  (logic 1.903ns (21.718%)  route 6.859ns (78.282%))
  Logic Levels:           8  (LUT3=1 LUT4=1 LUT5=2 LUT6=4)
  Clock Path Skew:        -0.013ns (DCD - SCD + CPR)
    Destination Clock Delay (DCD):    -1.578ns = ( 8.422 - 10.000 ) 
    Source Clock Delay      (SCD):    -0.998ns
    Clock Pessimism Removal (CPR):    0.567ns
  Clock Uncertainty:      0.171ns  ((TSJ^2 + DJ^2)^1/2) / 2 + PE + UU
    Total System Jitter     (TSJ):    0.071ns
    Discrete Jitter          (DJ):    0.123ns
    Phase Error              (PE):    0.000ns
    User Uncertainty         (UU):    0.100ns

    Location             Delay type                Incr(ns)  Path(ns)    Netlist Resource(s)
  -------------------------------------------------------------------    -------------------
                         (clock clk100_raw rise edge)
                                                      0.000     0.000 r  
    H16                                               0.000     0.000 r  sys_clk (IN)
                         net (fo=0)                   0.000     0.000    sys_clk
    H16                  IBUF (Prop_ibuf_I_O)         1.451     1.451 r  sys_clk_IBUF_inst/O
                         net (fo=1, routed)           1.285     2.736    sys_clk_IBUF
    MMCME2_ADV_X1Y2      MMCME2_ADV (Prop_mmcme2_adv_CLKIN1_CLKOUT0)
                                                     -7.759    -5.023 r  clock_manager/CLKOUT0
                         net (fo=1, routed)           2.206    -2.817    clk100_raw
    BUFGCTRL_X0Y16       BUFG (Prop_bufg_I_O)         0.101    -2.716 r  system_clock_buffer/O
                         net (fo=17160, routed)       1.718    -0.998    system_i/cpu/picorv32_core/clk100
    SLICE_X58Y18         FDRE                                         r  system_i/cpu/picorv32_core/mem_wstrb_reg[2]/C
  -------------------------------------------------------------------    -------------------
    SLICE_X58Y18         FDRE (Prop_fdre_C_Q)         0.478    -0.520 r  system_i/cpu/picorv32_core/mem_wstrb_reg[2]/Q
                         net (fo=22, routed)          0.835     0.315    system_i/cpu/picorv32_core/mem_wstrb_reg[2]_0
    SLICE_X56Y18         LUT5 (Prop_lut5_I1_O)        0.323     0.638 f  system_i/cpu/picorv32_core/local_wstrb[3]_i_2/O
                         net (fo=5, routed)           0.886     1.524    system_i/cpu/picorv32_core/mem_wstrb_reg[3]_2
    SLICE_X53Y19         LUT6 (Prop_lut6_I0_O)        0.332     1.856 f  system_i/cpu/picorv32_core/local_awaddr[31]_i_7/O
                         net (fo=2, routed)           0.653     2.509    system_i/cpu/picorv32_core/local_awaddr[31]_i_7_n_2
    SLICE_X51Y19         LUT6 (Prop_lut6_I3_O)        0.124     2.633 f  system_i/cpu/picorv32_core/writes_reg[0]_i_9/O
                         net (fo=5, routed)           0.783     3.416    system_i/cpu/picorv32_core/writes_reg[0]_i_9_n_2
    SLICE_X47Y20         LUT5 (Prop_lut5_I3_O)        0.124     3.540 r  system_i/cpu/picorv32_core/writes_reg[0]_i_3/O
                         net (fo=3, routed)           0.430     3.970    system_i/cpu/picorv32_core/writes_reg[0]_i_3_n_2
    SLICE_X47Y20         LUT6 (Prop_lut6_I5_O)        0.124     4.094 f  system_i/cpu/picorv32_core/writes_reg[0]_i_6/O
                         net (fo=3, routed)           0.706     4.800    system_i/cpu/picorv32_core/writes_reg[0]_i_6_n_2
    SLICE_X47Y20         LUT6 (Prop_lut6_I4_O)        0.124     4.924 r  system_i/cpu/picorv32_core/writes_reg[0]_i_1/O
                         net (fo=38, routed)          0.673     5.597    system_i/cpu/picorv32_core/local_bvalid_reg_1
    SLICE_X51Y24         LUT4 (Prop_lut4_I0_O)        0.124     5.721 r  system_i/cpu/picorv32_core/input_mem_reg_i_43/O
                         net (fo=28, routed)          1.236     6.957    system_i/cpu/picorv32_core/mem_wstrb_reg[3]_0
    SLICE_X55Y30         LUT3 (Prop_lut3_I2_O)        0.150     7.107 r  system_i/cpu/picorv32_core/context_mem_reg_i_75/O
                         net (fo=1, routed)           0.657     7.764    system_i/adapter_i/WEBWE[3]
    RAMB36_X3Y7          RAMB36E1                                     r  system_i/adapter_i/context_mem_reg/WEBWE[3]
  -------------------------------------------------------------------    -------------------

                         (clock clk100_raw rise edge)
                                                     10.000    10.000 r  
    H16                                               0.000    10.000 r  sys_clk (IN)
                         net (fo=0)                   0.000    10.000    sys_clk
    H16                  IBUF (Prop_ibuf_I_O)         1.380    11.380 r  sys_clk_IBUF_inst/O
                         net (fo=1, routed)           1.162    12.542    sys_clk_IBUF
    MMCME2_ADV_X1Y2      MMCME2_ADV (Prop_mmcme2_adv_CLKIN1_CLKOUT0)
                                                     -7.814     4.728 r  clock_manager/CLKOUT0
                         net (fo=1, routed)           2.012     6.740    clk100_raw
    BUFGCTRL_X0Y16       BUFG (Prop_bufg_I_O)         0.091     6.831 r  system_clock_buffer/O
                         net (fo=17160, routed)       1.591     8.422    system_i/adapter_i/clk100
    RAMB36_X3Y7          RAMB36E1                                     r  system_i/adapter_i/context_mem_reg/CLKBWRCLK
                         clock pessimism              0.567     8.989    
                         clock uncertainty           -0.171     8.818    
    RAMB36_X3Y7          RAMB36E1 (Setup_ramb36e1_CLKBWRCLK_WEBWE[3])
                                                     -0.740     8.078    system_i/adapter_i/context_mem_reg
  -------------------------------------------------------------------
                         required time                          8.078    
                         arrival time                          -7.764    
  -------------------------------------------------------------------
                         slack                                  0.314    

Slack (MET) :             0.323ns  (required time - arrival time)
  Source:                 system_i/adapter_i/hls_i/ap_CS_fsm_reg[5]_rep__2/C
                            (rising edge-triggered cell FDRE clocked by clk100_raw  {rise@0.000ns fall@5.000ns period=10.000ns})
  Destination:            system_i/adapter_i/hls_i/state_7_0_fu_500_reg[28]/D
                            (rising edge-triggered cell FDRE clocked by clk100_raw  {rise@0.000ns fall@5.000ns period=10.000ns})
  Path Group:             clk100_raw
  Path Type:              Setup (Max at Slow Process Corner)
  Requirement:            10.000ns  (clk100_raw rise@10.000ns - clk100_raw rise@0.000ns)
  Data Path Delay:        9.522ns  (logic 0.779ns (8.181%)  route 8.743ns (91.819%))
  Logic Levels:           1  (LUT4=1)
  Clock Path Skew:        -0.063ns (DCD - SCD + CPR)
    Destination Clock Delay (DCD):    -1.490ns = ( 8.510 - 10.000 ) 
    Source Clock Delay      (SCD):    -0.974ns
    Clock Pessimism Removal (CPR):    0.452ns
  Clock Uncertainty:      0.171ns  ((TSJ^2 + DJ^2)^1/2) / 2 + PE + UU
    Total System Jitter     (TSJ):    0.071ns
    Discrete Jitter          (DJ):    0.123ns
    Phase Error              (PE):    0.000ns
    User Uncertainty         (UU):    0.100ns

    Location             Delay type                Incr(ns)  Path(ns)    Netlist Resource(s)
  -------------------------------------------------------------------    -------------------
                         (clock clk100_raw rise edge)
                                                      0.000     0.000 r  
    H16                                               0.000     0.000 r  sys_clk (IN)
                         net (fo=0)                   0.000     0.000    sys_clk
    H16                  IBUF (Prop_ibuf_I_O)         1.451     1.451 r  sys_clk_IBUF_inst/O
                         net (fo=1, routed)           1.285     2.736    sys_clk_IBUF
    MMCME2_ADV_X1Y2      MMCME2_ADV (Prop_mmcme2_adv_CLKIN1_CLKOUT0)
                                                     -7.759    -5.023 r  clock_manager/CLKOUT0
                         net (fo=1, routed)           2.206    -2.817    clk100_raw
    BUFGCTRL_X0Y16       BUFG (Prop_bufg_I_O)         0.101    -2.716 r  system_clock_buffer/O
                         net (fo=17160, routed)       1.742    -0.974    system_i/adapter_i/hls_i/clk100
    SLICE_X30Y35         FDRE                                         r  system_i/adapter_i/hls_i/ap_CS_fsm_reg[5]_rep__2/C
  -------------------------------------------------------------------    -------------------
    SLICE_X30Y35         FDRE (Prop_fdre_C_Q)         0.478    -0.496 r  system_i/adapter_i/hls_i/ap_CS_fsm_reg[5]_rep__2/Q
                         net (fo=128, routed)         8.743     8.246    system_i/adapter_i/hls_i/grp_mlkem1024_keccak_accel_Pipeline_LOAD_CONTEXT_fu_2422/state_10_0_fu_512_reg[1]
    SLICE_X112Y83        LUT4 (Prop_lut4_I1_O)        0.301     8.547 r  system_i/adapter_i/hls_i/grp_mlkem1024_keccak_accel_Pipeline_LOAD_CONTEXT_fu_2422/state_7_0_fu_500[28]_i_1/O
                         net (fo=1, routed)           0.000     8.547    system_i/adapter_i/hls_i/grp_mlkem1024_keccak_accel_Pipeline_LOAD_CONTEXT_fu_2422_n_680
    SLICE_X112Y83        FDRE                                         r  system_i/adapter_i/hls_i/state_7_0_fu_500_reg[28]/D
  -------------------------------------------------------------------    -------------------

                         (clock clk100_raw rise edge)
                                                     10.000    10.000 r  
    H16                                               0.000    10.000 r  sys_clk (IN)
                         net (fo=0)                   0.000    10.000    sys_clk
    H16                  IBUF (Prop_ibuf_I_O)         1.380    11.380 r  sys_clk_IBUF_inst/O
                         net (fo=1, routed)           1.162    12.542    sys_clk_IBUF
    MMCME2_ADV_X1Y2      MMCME2_ADV (Prop_mmcme2_adv_CLKIN1_CLKOUT0)
                                                     -7.814     4.728 r  clock_manager/CLKOUT0
                         net (fo=1, routed)           2.012     6.740    clk100_raw
    BUFGCTRL_X0Y16       BUFG (Prop_bufg_I_O)         0.091     6.831 r  system_clock_buffer/O
                         net (fo=17160, routed)       1.679     8.510    system_i/adapter_i/hls_i/clk100
    SLICE_X112Y83        FDRE                                         r  system_i/adapter_i/hls_i/state_7_0_fu_500_reg[28]/C
                         clock pessimism              0.452     8.962    
                         clock uncertainty           -0.171     8.791    
    SLICE_X112Y83        FDRE (Setup_fdre_C_D)        0.079     8.870    system_i/adapter_i/hls_i/state_7_0_fu_500_reg[28]
  -------------------------------------------------------------------
                         required time                          8.870    
                         arrival time                          -8.547    
  -------------------------------------------------------------------
                         slack                                  0.323    

Slack (MET) :             0.331ns  (required time - arrival time)
  Source:                 system_i/adapter_i/hls_i/ap_CS_fsm_reg[5]_rep__2/C
                            (rising edge-triggered cell FDRE clocked by clk100_raw  {rise@0.000ns fall@5.000ns period=10.000ns})
  Destination:            system_i/adapter_i/hls_i/state_7_0_fu_500_reg[30]/D
                            (rising edge-triggered cell FDRE clocked by clk100_raw  {rise@0.000ns fall@5.000ns period=10.000ns})
  Path Group:             clk100_raw
  Path Type:              Setup (Max at Slow Process Corner)
  Requirement:            10.000ns  (clk100_raw rise@10.000ns - clk100_raw rise@0.000ns)
  Data Path Delay:        9.391ns  (logic 0.779ns (8.295%)  route 8.612ns (91.705%))
  Logic Levels:           1  (LUT4=1)
  Clock Path Skew:        -0.138ns (DCD - SCD + CPR)
    Destination Clock Delay (DCD):    -1.565ns = ( 8.435 - 10.000 ) 
    Source Clock Delay      (SCD):    -0.974ns
    Clock Pessimism Removal (CPR):    0.452ns
  Clock Uncertainty:      0.171ns  ((TSJ^2 + DJ^2)^1/2) / 2 + PE + UU
    Total System Jitter     (TSJ):    0.071ns
    Discrete Jitter          (DJ):    0.123ns
    Phase Error              (PE):    0.000ns
    User Uncertainty         (UU):    0.100ns

    Location             Delay type                Incr(ns)  Path(ns)    Netlist Resource(s)
  -------------------------------------------------------------------    -------------------
                         (clock clk100_raw rise edge)
                                                      0.000     0.000 r  
    H16                                               0.000     0.000 r  sys_clk (IN)
                         net (fo=0)                   0.000     0.000    sys_clk
    H16                  IBUF (Prop_ibuf_I_O)         1.451     1.451 r  sys_clk_IBUF_inst/O
                         net (fo=1, routed)           1.285     2.736    sys_clk_IBUF
    MMCME2_ADV_X1Y2      MMCME2_ADV (Prop_mmcme2_adv_CLKIN1_CLKOUT0)
                                                     -7.759    -5.023 r  clock_manager/CLKOUT0
                         net (fo=1, routed)           2.206    -2.817    clk100_raw
    BUFGCTRL_X0Y16       BUFG (Prop_bufg_I_O)         0.101    -2.716 r  system_clock_buffer/O
                         net (fo=17160, routed)       1.742    -0.974    system_i/adapter_i/hls_i/clk100
    SLICE_X30Y35         FDRE                                         r  system_i/adapter_i/hls_i/ap_CS_fsm_reg[5]_rep__2/C
  -------------------------------------------------------------------    -------------------
    SLICE_X30Y35         FDRE (Prop_fdre_C_Q)         0.478    -0.496 r  system_i/adapter_i/hls_i/ap_CS_fsm_reg[5]_rep__2/Q
                         net (fo=128, routed)         8.612     8.115    system_i/adapter_i/hls_i/grp_mlkem1024_keccak_accel_Pipeline_LOAD_CONTEXT_fu_2422/state_10_0_fu_512_reg[1]
    SLICE_X103Y85        LUT4 (Prop_lut4_I1_O)        0.301     8.416 r  system_i/adapter_i/hls_i/grp_mlkem1024_keccak_accel_Pipeline_LOAD_CONTEXT_fu_2422/state_7_0_fu_500[30]_i_1/O
                         net (fo=1, routed)           0.000     8.416    system_i/adapter_i/hls_i/grp_mlkem1024_keccak_accel_Pipeline_LOAD_CONTEXT_fu_2422_n_678
    SLICE_X103Y85        FDRE                                         r  system_i/adapter_i/hls_i/state_7_0_fu_500_reg[30]/D
  -------------------------------------------------------------------    -------------------

                         (clock clk100_raw rise edge)
                                                     10.000    10.000 r  
    H16                                               0.000    10.000 r  sys_clk (IN)
                         net (fo=0)                   0.000    10.000    sys_clk
    H16                  IBUF (Prop_ibuf_I_O)         1.380    11.380 r  sys_clk_IBUF_inst/O
                         net (fo=1, routed)           1.162    12.542    sys_clk_IBUF
    MMCME2_ADV_X1Y2      MMCME2_ADV (Prop_mmcme2_adv_CLKIN1_CLKOUT0)
                                                     -7.814     4.728 r  clock_manager/CLKOUT0
                         net (fo=1, routed)           2.012     6.740    clk100_raw
    BUFGCTRL_X0Y16       BUFG (Prop_bufg_I_O)         0.091     6.831 r  system_clock_buffer/O
                         net (fo=17160, routed)       1.604     8.435    system_i/adapter_i/hls_i/clk100
    SLICE_X103Y85        FDRE                                         r  system_i/adapter_i/hls_i/state_7_0_fu_500_reg[30]/C
                         clock pessimism              0.452     8.887    
                         clock uncertainty           -0.171     8.716    
    SLICE_X103Y85        FDRE (Setup_fdre_C_D)        0.031     8.747    system_i/adapter_i/hls_i/state_7_0_fu_500_reg[30]
  -------------------------------------------------------------------
                         required time                          8.747    
                         arrival time                          -8.416    
  -------------------------------------------------------------------
                         slack                                  0.331    

Slack (MET) :             0.332ns  (required time - arrival time)
  Source:                 system_i/adapter_i/hls_i/ap_CS_fsm_reg[13]_rep__18/C
                            (rising edge-triggered cell FDRE clocked by clk100_raw  {rise@0.000ns fall@5.000ns period=10.000ns})
  Destination:            system_i/adapter_i/hls_i/state_2_4_fu_592_reg[54]/D
                            (rising edge-triggered cell FDRE clocked by clk100_raw  {rise@0.000ns fall@5.000ns period=10.000ns})
  Path Group:             clk100_raw
  Path Type:              Setup (Max at Slow Process Corner)
  Requirement:            10.000ns  (clk100_raw rise@10.000ns - clk100_raw rise@0.000ns)
  Data Path Delay:        9.253ns  (logic 0.580ns (6.268%)  route 8.673ns (93.732%))
  Logic Levels:           1  (LUT4=1)
  Clock Path Skew:        -0.323ns (DCD - SCD + CPR)
    Destination Clock Delay (DCD):    -1.700ns = ( 8.300 - 10.000 ) 
    Source Clock Delay      (SCD):    -0.924ns
    Clock Pessimism Removal (CPR):    0.452ns
  Clock Uncertainty:      0.171ns  ((TSJ^2 + DJ^2)^1/2) / 2 + PE + UU
    Total System Jitter     (TSJ):    0.071ns
    Discrete Jitter          (DJ):    0.123ns
    Phase Error              (PE):    0.000ns
    User Uncertainty         (UU):    0.100ns

    Location             Delay type                Incr(ns)  Path(ns)    Netlist Resource(s)
  -------------------------------------------------------------------    -------------------
                         (clock clk100_raw rise edge)
                                                      0.000     0.000 r  
    H16                                               0.000     0.000 r  sys_clk (IN)
                         net (fo=0)                   0.000     0.000    sys_clk
    H16                  IBUF (Prop_ibuf_I_O)         1.451     1.451 r  sys_clk_IBUF_inst/O
                         net (fo=1, routed)           1.285     2.736    sys_clk_IBUF
    MMCME2_ADV_X1Y2      MMCME2_ADV (Prop_mmcme2_adv_CLKIN1_CLKOUT0)
                                                     -7.759    -5.023 r  clock_manager/CLKOUT0
                         net (fo=1, routed)           2.206    -2.817    clk100_raw
    BUFGCTRL_X0Y16       BUFG (Prop_bufg_I_O)         0.101    -2.716 r  system_clock_buffer/O
                         net (fo=17160, routed)       1.792    -0.924    system_i/adapter_i/hls_i/clk100
    SLICE_X105Y31        FDRE                                         r  system_i/adapter_i/hls_i/ap_CS_fsm_reg[13]_rep__18/C
  -------------------------------------------------------------------    -------------------
    SLICE_X105Y31        FDRE (Prop_fdre_C_Q)         0.456    -0.468 r  system_i/adapter_i/hls_i/ap_CS_fsm_reg[13]_rep__18/Q
                         net (fo=125, routed)         8.673     8.204    system_i/adapter_i/hls_i/grp_p_anonymous_namespace_keccak_f1600_fu_2505/flow_control_loop_pipe_sequential_init_U/state_4_5_fu_600_reg[23]
    SLICE_X34Y80         LUT4 (Prop_lut4_I0_O)        0.124     8.328 r  system_i/adapter_i/hls_i/grp_p_anonymous_namespace_keccak_f1600_fu_2505/flow_control_loop_pipe_sequential_init_U/state_2_4_fu_592[54]_i_1/O
                         net (fo=1, routed)           0.000     8.328    system_i/adapter_i/hls_i/grp_p_anonymous_namespace_keccak_f1600_fu_2505_n_4214
    SLICE_X34Y80         FDRE                                         r  system_i/adapter_i/hls_i/state_2_4_fu_592_reg[54]/D
  -------------------------------------------------------------------    -------------------

                         (clock clk100_raw rise edge)
                                                     10.000    10.000 r  
    H16                                               0.000    10.000 r  sys_clk (IN)
                         net (fo=0)                   0.000    10.000    sys_clk
    H16                  IBUF (Prop_ibuf_I_O)         1.380    11.380 r  sys_clk_IBUF_inst/O
                         net (fo=1, routed)           1.162    12.542    sys_clk_IBUF
    MMCME2_ADV_X1Y2      MMCME2_ADV (Prop_mmcme2_adv_CLKIN1_CLKOUT0)
                                                     -7.814     4.728 r  clock_manager/CLKOUT0
                         net (fo=1, routed)           2.012     6.740    clk100_raw
    BUFGCTRL_X0Y16       BUFG (Prop_bufg_I_O)         0.091     6.831 r  system_clock_buffer/O
                         net (fo=17160, routed)       1.469     8.300    system_i/adapter_i/hls_i/clk100
    SLICE_X34Y80         FDRE                                         r  system_i/adapter_i/hls_i/state_2_4_fu_592_reg[54]/C
                         clock pessimism              0.452     8.752    
                         clock uncertainty           -0.171     8.581    
    SLICE_X34Y80         FDRE (Setup_fdre_C_D)        0.079     8.660    system_i/adapter_i/hls_i/state_2_4_fu_592_reg[54]
  -------------------------------------------------------------------
                         required time                          8.660    
                         arrival time                          -8.328    
  -------------------------------------------------------------------
                         slack                                  0.332    

Slack (MET) :             0.369ns  (required time - arrival time)
  Source:                 system_i/adapter_i/hls_i/ap_CS_fsm_reg[13]_rep__9/C
                            (rising edge-triggered cell FDRE clocked by clk100_raw  {rise@0.000ns fall@5.000ns period=10.000ns})
  Destination:            system_i/adapter_i/hls_i/state_10_4_fu_624_reg[55]/D
                            (rising edge-triggered cell FDRE clocked by clk100_raw  {rise@0.000ns fall@5.000ns period=10.000ns})
  Path Group:             clk100_raw
  Path Type:              Setup (Max at Slow Process Corner)
  Requirement:            10.000ns  (clk100_raw rise@10.000ns - clk100_raw rise@0.000ns)
  Data Path Delay:        9.162ns  (logic 0.580ns (6.331%)  route 8.582ns (93.669%))
  Logic Levels:           1  (LUT4=1)
  Clock Path Skew:        -0.327ns (DCD - SCD + CPR)
    Destination Clock Delay (DCD):    -1.702ns = ( 8.298 - 10.000 ) 
    Source Clock Delay      (SCD):    -0.922ns
    Clock Pessimism Removal (CPR):    0.452ns
  Clock Uncertainty:      0.171ns  ((TSJ^2 + DJ^2)^1/2) / 2 + PE + UU
    Total System Jitter     (TSJ):    0.071ns
    Discrete Jitter          (DJ):    0.123ns
    Phase Error              (PE):    0.000ns
    User Uncertainty         (UU):    0.100ns

    Location             Delay type                Incr(ns)  Path(ns)    Netlist Resource(s)
  -------------------------------------------------------------------    -------------------
                         (clock clk100_raw rise edge)
                                                      0.000     0.000 r  
    H16                                               0.000     0.000 r  sys_clk (IN)
                         net (fo=0)                   0.000     0.000    sys_clk
    H16                  IBUF (Prop_ibuf_I_O)         1.451     1.451 r  sys_clk_IBUF_inst/O
                         net (fo=1, routed)           1.285     2.736    sys_clk_IBUF
    MMCME2_ADV_X1Y2      MMCME2_ADV (Prop_mmcme2_adv_CLKIN1_CLKOUT0)
                                                     -7.759    -5.023 r  clock_manager/CLKOUT0
                         net (fo=1, routed)           2.206    -2.817    clk100_raw
    BUFGCTRL_X0Y16       BUFG (Prop_bufg_I_O)         0.101    -2.716 r  system_clock_buffer/O
                         net (fo=17160, routed)       1.794    -0.922    system_i/adapter_i/hls_i/clk100
    SLICE_X105Y32        FDRE                                         r  system_i/adapter_i/hls_i/ap_CS_fsm_reg[13]_rep__9/C
  -------------------------------------------------------------------    -------------------
    SLICE_X105Y32        FDRE (Prop_fdre_C_Q)         0.456    -0.466 r  system_i/adapter_i/hls_i/ap_CS_fsm_reg[13]_rep__9/Q
                         net (fo=125, routed)         8.582     8.116    system_i/adapter_i/hls_i/grp_p_anonymous_namespace_keccak_f1600_fu_2505/flow_control_loop_pipe_sequential_init_U/state_7_4_fu_612_reg[12]
    SLICE_X43Y78         LUT4 (Prop_lut4_I0_O)        0.124     8.240 r  system_i/adapter_i/hls_i/grp_p_anonymous_namespace_keccak_f1600_fu_2505/flow_control_loop_pipe_sequential_init_U/state_10_4_fu_624[55]_i_1/O
                         net (fo=1, routed)           0.000     8.240    system_i/adapter_i/hls_i/grp_p_anonymous_namespace_keccak_f1600_fu_2505_n_394
    SLICE_X43Y78         FDRE                                         r  system_i/adapter_i/hls_i/state_10_4_fu_624_reg[55]/D
  -------------------------------------------------------------------    -------------------

                         (clock clk100_raw rise edge)
                                                     10.000    10.000 r  
    H16                                               0.000    10.000 r  sys_clk (IN)
                         net (fo=0)                   0.000    10.000    sys_clk
    H16                  IBUF (Prop_ibuf_I_O)         1.380    11.380 r  sys_clk_IBUF_inst/O
                         net (fo=1, routed)           1.162    12.542    sys_clk_IBUF
    MMCME2_ADV_X1Y2      MMCME2_ADV (Prop_mmcme2_adv_CLKIN1_CLKOUT0)
                                                     -7.814     4.728 r  clock_manager/CLKOUT0
                         net (fo=1, routed)           2.012     6.740    clk100_raw
    BUFGCTRL_X0Y16       BUFG (Prop_bufg_I_O)         0.091     6.831 r  system_clock_buffer/O
                         net (fo=17160, routed)       1.467     8.298    system_i/adapter_i/hls_i/clk100
    SLICE_X43Y78         FDRE                                         r  system_i/adapter_i/hls_i/state_10_4_fu_624_reg[55]/C
                         clock pessimism              0.452     8.750    
                         clock uncertainty           -0.171     8.579    
    SLICE_X43Y78         FDRE (Setup_fdre_C_D)        0.029     8.608    system_i/adapter_i/hls_i/state_10_4_fu_624_reg[55]
  -------------------------------------------------------------------
                         required time                          8.608    
                         arrival time                          -8.240    
  -------------------------------------------------------------------
                         slack                                  0.369    

Slack (MET) :             0.369ns  (required time - arrival time)
  Source:                 system_i/adapter_i/hls_i/ap_CS_fsm_reg[5]_rep__2/C
                            (rising edge-triggered cell FDRE clocked by clk100_raw  {rise@0.000ns fall@5.000ns period=10.000ns})
  Destination:            system_i/adapter_i/hls_i/state_7_0_fu_500_reg[26]/D
                            (rising edge-triggered cell FDRE clocked by clk100_raw  {rise@0.000ns fall@5.000ns period=10.000ns})
  Path Group:             clk100_raw
  Path Type:              Setup (Max at Slow Process Corner)
  Requirement:            10.000ns  (clk100_raw rise@10.000ns - clk100_raw rise@0.000ns)
  Data Path Delay:        9.420ns  (logic 0.779ns (8.269%)  route 8.641ns (91.731%))
  Logic Levels:           1  (LUT4=1)
  Clock Path Skew:        -0.070ns (DCD - SCD + CPR)
    Destination Clock Delay (DCD):    -1.497ns = ( 8.503 - 10.000 ) 
    Source Clock Delay      (SCD):    -0.974ns
    Clock Pessimism Removal (CPR):    0.452ns
  Clock Uncertainty:      0.171ns  ((TSJ^2 + DJ^2)^1/2) / 2 + PE + UU
    Total System Jitter     (TSJ):    0.071ns
    Discrete Jitter          (DJ):    0.123ns
    Phase Error              (PE):    0.000ns
    User Uncertainty         (UU):    0.100ns

    Location             Delay type                Incr(ns)  Path(ns)    Netlist Resource(s)
  -------------------------------------------------------------------    -------------------
                         (clock clk100_raw rise edge)
                                                      0.000     0.000 r  
    H16                                               0.000     0.000 r  sys_clk (IN)
                         net (fo=0)                   0.000     0.000    sys_clk
    H16                  IBUF (Prop_ibuf_I_O)         1.451     1.451 r  sys_clk_IBUF_inst/O
                         net (fo=1, routed)           1.285     2.736    sys_clk_IBUF
    MMCME2_ADV_X1Y2      MMCME2_ADV (Prop_mmcme2_adv_CLKIN1_CLKOUT0)
                                                     -7.759    -5.023 r  clock_manager/CLKOUT0
                         net (fo=1, routed)           2.206    -2.817    clk100_raw
    BUFGCTRL_X0Y16       BUFG (Prop_bufg_I_O)         0.101    -2.716 r  system_clock_buffer/O
                         net (fo=17160, routed)       1.742    -0.974    system_i/adapter_i/hls_i/clk100
    SLICE_X30Y35         FDRE                                         r  system_i/adapter_i/hls_i/ap_CS_fsm_reg[5]_rep__2/C
  -------------------------------------------------------------------    -------------------
    SLICE_X30Y35         FDRE (Prop_fdre_C_Q)         0.478    -0.496 r  system_i/adapter_i/hls_i/ap_CS_fsm_reg[5]_rep__2/Q
                         net (fo=128, routed)         8.641     8.145    system_i/adapter_i/hls_i/grp_mlkem1024_keccak_accel_Pipeline_LOAD_CONTEXT_fu_2422/state_10_0_fu_512_reg[1]
    SLICE_X106Y79        LUT4 (Prop_lut4_I1_O)        0.301     8.446 r  system_i/adapter_i/hls_i/grp_mlkem1024_keccak_accel_Pipeline_LOAD_CONTEXT_fu_2422/state_7_0_fu_500[26]_i_1/O
                         net (fo=1, routed)           0.000     8.446    system_i/adapter_i/hls_i/grp_mlkem1024_keccak_accel_Pipeline_LOAD_CONTEXT_fu_2422_n_682
    SLICE_X106Y79        FDRE                                         r  system_i/adapter_i/hls_i/state_7_0_fu_500_reg[26]/D
  -------------------------------------------------------------------    -------------------

                         (clock clk100_raw rise edge)
                                                     10.000    10.000 r  
    H16                                               0.000    10.000 r  sys_clk (IN)
                         net (fo=0)                   0.000    10.000    sys_clk
    H16                  IBUF (Prop_ibuf_I_O)         1.380    11.380 r  sys_clk_IBUF_inst/O
                         net (fo=1, routed)           1.162    12.542    sys_clk_IBUF
    MMCME2_ADV_X1Y2      MMCME2_ADV (Prop_mmcme2_adv_CLKIN1_CLKOUT0)
                                                     -7.814     4.728 r  clock_manager/CLKOUT0
                         net (fo=1, routed)           2.012     6.740    clk100_raw
    BUFGCTRL_X0Y16       BUFG (Prop_bufg_I_O)         0.091     6.831 r  system_clock_buffer/O
                         net (fo=17160, routed)       1.672     8.503    system_i/adapter_i/hls_i/clk100
    SLICE_X106Y79        FDRE                                         r  system_i/adapter_i/hls_i/state_7_0_fu_500_reg[26]/C
                         clock pessimism              0.452     8.955    
                         clock uncertainty           -0.171     8.784    
    SLICE_X106Y79        FDRE (Setup_fdre_C_D)        0.031     8.815    system_i/adapter_i/hls_i/state_7_0_fu_500_reg[26]
  -------------------------------------------------------------------
                         required time                          8.815    
                         arrival time                          -8.446    
  -------------------------------------------------------------------
                         slack                                  0.369    

Slack (MET) :             0.389ns  (required time - arrival time)
  Source:                 system_i/adapter_i/hls_i/ap_CS_fsm_reg[13]_rep__18/C
                            (rising edge-triggered cell FDRE clocked by clk100_raw  {rise@0.000ns fall@5.000ns period=10.000ns})
  Destination:            system_i/adapter_i/hls_i/state_4_5_fu_600_reg[15]/D
                            (rising edge-triggered cell FDRE clocked by clk100_raw  {rise@0.000ns fall@5.000ns period=10.000ns})
  Path Group:             clk100_raw
  Path Type:              Setup (Max at Slow Process Corner)
  Requirement:            10.000ns  (clk100_raw rise@10.000ns - clk100_raw rise@0.000ns)
  Data Path Delay:        9.241ns  (logic 0.580ns (6.276%)  route 8.661ns (93.724%))
  Logic Levels:           1  (LUT4=1)
  Clock Path Skew:        -0.279ns (DCD - SCD + CPR)
    Destination Clock Delay (DCD):    -1.656ns = ( 8.344 - 10.000 ) 
    Source Clock Delay      (SCD):    -0.924ns
    Clock Pessimism Removal (CPR):    0.452ns
  Clock Uncertainty:      0.171ns  ((TSJ^2 + DJ^2)^1/2) / 2 + PE + UU
    Total System Jitter     (TSJ):    0.071ns
    Discrete Jitter          (DJ):    0.123ns
    Phase Error              (PE):    0.000ns
    User Uncertainty         (UU):    0.100ns

    Location             Delay type                Incr(ns)  Path(ns)    Netlist Resource(s)
  -------------------------------------------------------------------    -------------------
                         (clock clk100_raw rise edge)
                                                      0.000     0.000 r  
    H16                                               0.000     0.000 r  sys_clk (IN)
                         net (fo=0)                   0.000     0.000    sys_clk
    H16                  IBUF (Prop_ibuf_I_O)         1.451     1.451 r  sys_clk_IBUF_inst/O
                         net (fo=1, routed)           1.285     2.736    sys_clk_IBUF
    MMCME2_ADV_X1Y2      MMCME2_ADV (Prop_mmcme2_adv_CLKIN1_CLKOUT0)
                                                     -7.759    -5.023 r  clock_manager/CLKOUT0
                         net (fo=1, routed)           2.206    -2.817    clk100_raw
    BUFGCTRL_X0Y16       BUFG (Prop_bufg_I_O)         0.101    -2.716 r  system_clock_buffer/O
                         net (fo=17160, routed)       1.792    -0.924    system_i/adapter_i/hls_i/clk100
    SLICE_X105Y31        FDRE                                         r  system_i/adapter_i/hls_i/ap_CS_fsm_reg[13]_rep__18/C
  -------------------------------------------------------------------    -------------------
    SLICE_X105Y31        FDRE (Prop_fdre_C_Q)         0.456    -0.468 r  system_i/adapter_i/hls_i/ap_CS_fsm_reg[13]_rep__18/Q
                         net (fo=125, routed)         8.661     8.193    system_i/adapter_i/hls_i/grp_p_anonymous_namespace_keccak_f1600_fu_2505/flow_control_loop_pipe_sequential_init_U/state_4_5_fu_600_reg[23]
    SLICE_X30Y78         LUT4 (Prop_lut4_I0_O)        0.124     8.317 r  system_i/adapter_i/hls_i/grp_p_anonymous_namespace_keccak_f1600_fu_2505/flow_control_loop_pipe_sequential_init_U/state_4_5_fu_600[15]_i_1/O
                         net (fo=1, routed)           0.000     8.317    system_i/adapter_i/hls_i/grp_p_anonymous_namespace_keccak_f1600_fu_2505_n_3613
    SLICE_X30Y78         FDRE                                         r  system_i/adapter_i/hls_i/state_4_5_fu_600_reg[15]/D
  -------------------------------------------------------------------    -------------------

                         (clock clk100_raw rise edge)
                                                     10.000    10.000 r  
    H16                                               0.000    10.000 r  sys_clk (IN)
                         net (fo=0)                   0.000    10.000    sys_clk
    H16                  IBUF (Prop_ibuf_I_O)         1.380    11.380 r  sys_clk_IBUF_inst/O
                         net (fo=1, routed)           1.162    12.542    sys_clk_IBUF
    MMCME2_ADV_X1Y2      MMCME2_ADV (Prop_mmcme2_adv_CLKIN1_CLKOUT0)
                                                     -7.814     4.728 r  clock_manager/CLKOUT0
                         net (fo=1, routed)           2.012     6.740    clk100_raw
    BUFGCTRL_X0Y16       BUFG (Prop_bufg_I_O)         0.091     6.831 r  system_clock_buffer/O
                         net (fo=17160, routed)       1.513     8.344    system_i/adapter_i/hls_i/clk100
    SLICE_X30Y78         FDRE                                         r  system_i/adapter_i/hls_i/state_4_5_fu_600_reg[15]/C
                         clock pessimism              0.452     8.796    
                         clock uncertainty           -0.171     8.625    
    SLICE_X30Y78         FDRE (Setup_fdre_C_D)        0.081     8.706    system_i/adapter_i/hls_i/state_4_5_fu_600_reg[15]
  -------------------------------------------------------------------
                         required time                          8.706    
                         arrival time                          -8.317    
  -------------------------------------------------------------------
                         slack                                  0.389    

Slack (MET) :             0.397ns  (required time - arrival time)
  Source:                 system_i/adapter_i/context_mem_reg/CLKARDCLK
                            (rising edge-triggered cell RAMB36E1 clocked by clk100_raw  {rise@0.000ns fall@5.000ns period=10.000ns})
  Destination:            system_i/adapter_i/hls_i/grp_mlkem1024_keccak_accel_Pipeline_LOAD_CONTEXT_fu_2422/state_fu_138_reg[23]/D
                            (rising edge-triggered cell FDRE clocked by clk100_raw  {rise@0.000ns fall@5.000ns period=10.000ns})
  Path Group:             clk100_raw
  Path Type:              Setup (Max at Slow Process Corner)
  Requirement:            10.000ns  (clk100_raw rise@10.000ns - clk100_raw rise@0.000ns)
  Data Path Delay:        9.226ns  (logic 2.454ns (26.598%)  route 6.772ns (73.402%))
  Logic Levels:           0  
  Clock Path Skew:        -0.175ns (DCD - SCD + CPR)
    Destination Clock Delay (DCD):    -1.576ns = ( 8.424 - 10.000 ) 
    Source Clock Delay      (SCD):    -0.949ns
    Clock Pessimism Removal (CPR):    0.452ns
  Clock Uncertainty:      0.171ns  ((TSJ^2 + DJ^2)^1/2) / 2 + PE + UU
    Total System Jitter     (TSJ):    0.071ns
    Discrete Jitter          (DJ):    0.123ns
    Phase Error              (PE):    0.000ns
    User Uncertainty         (UU):    0.100ns

    Location             Delay type                Incr(ns)  Path(ns)    Netlist Resource(s)
  -------------------------------------------------------------------    -------------------
                         (clock clk100_raw rise edge)
                                                      0.000     0.000 r  
    H16                                               0.000     0.000 r  sys_clk (IN)
                         net (fo=0)                   0.000     0.000    sys_clk
    H16                  IBUF (Prop_ibuf_I_O)         1.451     1.451 r  sys_clk_IBUF_inst/O
                         net (fo=1, routed)           1.285     2.736    sys_clk_IBUF
    MMCME2_ADV_X1Y2      MMCME2_ADV (Prop_mmcme2_adv_CLKIN1_CLKOUT0)
                                                     -7.759    -5.023 r  clock_manager/CLKOUT0
                         net (fo=1, routed)           2.206    -2.817    clk100_raw
    BUFGCTRL_X0Y16       BUFG (Prop_bufg_I_O)         0.101    -2.716 r  system_clock_buffer/O
                         net (fo=17160, routed)       1.767    -0.949    system_i/adapter_i/clk100
    RAMB36_X3Y7          RAMB36E1                                     r  system_i/adapter_i/context_mem_reg/CLKARDCLK
  -------------------------------------------------------------------    -------------------
    RAMB36_X3Y7          RAMB36E1 (Prop_ramb36e1_CLKARDCLK_DOADO[23])
                                                      2.454     1.505 r  system_i/adapter_i/context_mem_reg/DOADO[23]
                         net (fo=27, routed)          6.772     8.277    system_i/adapter_i/hls_i/grp_mlkem1024_keccak_accel_Pipeline_LOAD_CONTEXT_fu_2422/context_q[23]
    SLICE_X90Y71         FDRE                                         r  system_i/adapter_i/hls_i/grp_mlkem1024_keccak_accel_Pipeline_LOAD_CONTEXT_fu_2422/state_fu_138_reg[23]/D
  -------------------------------------------------------------------    -------------------

                         (clock clk100_raw rise edge)
                                                     10.000    10.000 r  
    H16                                               0.000    10.000 r  sys_clk (IN)
                         net (fo=0)                   0.000    10.000    sys_clk
    H16                  IBUF (Prop_ibuf_I_O)         1.380    11.380 r  sys_clk_IBUF_inst/O
                         net (fo=1, routed)           1.162    12.542    sys_clk_IBUF
    MMCME2_ADV_X1Y2      MMCME2_ADV (Prop_mmcme2_adv_CLKIN1_CLKOUT0)
                                                     -7.814     4.728 r  clock_manager/CLKOUT0
                         net (fo=1, routed)           2.012     6.740    clk100_raw
    BUFGCTRL_X0Y16       BUFG (Prop_bufg_I_O)         0.091     6.831 r  system_clock_buffer/O
                         net (fo=17160, routed)       1.593     8.424    system_i/adapter_i/hls_i/grp_mlkem1024_keccak_accel_Pipeline_LOAD_CONTEXT_fu_2422/clk100
    SLICE_X90Y71         FDRE                                         r  system_i/adapter_i/hls_i/grp_mlkem1024_keccak_accel_Pipeline_LOAD_CONTEXT_fu_2422/state_fu_138_reg[23]/C
                         clock pessimism              0.452     8.876    
                         clock uncertainty           -0.171     8.705    
    SLICE_X90Y71         FDRE (Setup_fdre_C_D)       -0.031     8.674    system_i/adapter_i/hls_i/grp_mlkem1024_keccak_accel_Pipeline_LOAD_CONTEXT_fu_2422/state_fu_138_reg[23]
  -------------------------------------------------------------------
                         required time                          8.674    
                         arrival time                          -8.277    
  -------------------------------------------------------------------
                         slack                                  0.397    




