Time resolution is 1 ps
CPU_BENCH_HEADER,case,mode,cpu_mul,cpu_fast_mul,cpu_div,expect_m,prepare,ntt_a,ntt_b,basemul,invntt,canonical,total,empty,m_total,mul,mulh,mulhsu,mulhu,div,divu,rem,remu,min_sp,checksum
CPU_BASELINE_START ram_bytes=16384 clock_mhz=100 mul=0 fast_mul=0 div=0 expect_m=0
CPU_BASELINE_PROGRESS begin_case=0 cycle=21029
CPU_BENCH_ROW,0,unsegmented,0,0,0,0,-1,-1,-1,-1,-1,-1,2829659,4,0,0,0,0,0,0,0,0,0,0x00003f20,0x811c9dc5
CPU_BENCH_ROW,0,profiled,0,0,0,0,6543,763907,763911,402941,855464,36896,2829662,4,0,0,0,0,0,0,0,0,0,0x00003f20,0x811c9dc5
CPU_BASELINE_PROGRESS complete_case=0 cycle=5742752 checks=512 min_sp=0x00003f20
CPU_BASELINE_PROGRESS begin_case=1 cycle=5907576
CPU_BENCH_ROW,1,unsegmented,0,0,0,0,-1,-1,-1,-1,-1,-1,2818256,4,0,0,0,0,0,0,0,0,0,0x00003f20,0x3b73945a
CPU_BENCH_ROW,1,profiled,0,0,0,0,6543,763907,763911,391538,855464,36896,2818259,4,0,0,0,0,0,0,0,0,0,0x00003f20,0x3b73945a
CPU_BASELINE_PROGRESS complete_case=1 cycle=11606493 checks=1024 min_sp=0x00003f20
CPU_BASELINE_PROGRESS begin_case=2 cycle=11619158
CPU_BENCH_ROW,2,unsegmented,0,0,0,0,-1,-1,-1,-1,-1,-1,2604377,4,0,0,0,0,0,0,0,0,0,0x00003f20,0x811c9dad
CPU_BENCH_ROW,2,profiled,0,0,0,0,6543,763907,763911,177659,855464,36896,2604380,4,0,0,0,0,0,0,0,0,0,0x00003f20,0x811c9dad
CPU_BASELINE_PROGRESS complete_case=2 cycle=16890317 checks=1536 min_sp=0x00003f20
CPU_BASELINE_PROGRESS begin_case=3 cycle=16943613
CPU_BENCH_ROW,3,unsegmented,0,0,0,0,-1,-1,-1,-1,-1,-1,2896753,4,0,0,0,0,0,0,0,0,0,0x00003f20,0x811c90c4
CPU_BENCH_ROW,3,profiled,0,0,0,0,6543,763907,763911,470035,855464,36896,2896756,4,0,0,0,0,0,0,0,0,0,0x00003f20,0x811c90c4
CPU_BASELINE_PROGRESS complete_case=3 cycle=22799524 checks=2048 min_sp=0x00003f20
CPU_BASELINE_PROGRESS begin_case=4 cycle=22817620
CPU_BENCH_ROW,4,unsegmented,0,0,0,0,-1,-1,-1,-1,-1,-1,2896797,4,0,0,0,0,0,0,0,0,0,0x00003f20,0x811c91c4
CPU_BENCH_ROW,4,profiled,0,0,0,0,6543,763907,763911,470079,855464,36896,2896800,4,0,0,0,0,0,0,0,0,0,0x00003f20,0x811c91c4
CPU_BASELINE_PROGRESS complete_case=4 cycle=28673619 checks=2560 min_sp=0x00003f20
CPU_BASELINE_PROGRESS begin_case=5 cycle=28980053
CPU_BENCH_ROW,5,unsegmented,0,0,0,0,-1,-1,-1,-1,-1,-1,2893870,4,0,0,0,0,0,0,0,0,0,0x00003f20,0xba1876c7
CPU_BENCH_ROW,5,profiled,0,0,0,0,6543,763907,763911,467152,855464,36896,2893873,4,0,0,0,0,0,0,0,0,0,0x00003f20,0xba1876c7
CPU_BASELINE_PROGRESS complete_case=5 cycle=34830198 checks=3072 min_sp=0x00003f20
CPU_BASELINE_PROGRESS begin_case=6 cycle=35408772
CPU_BENCH_ROW,6,unsegmented,0,0,0,0,-1,-1,-1,-1,-1,-1,2879752,4,0,0,0,0,0,0,0,0,0,0x00003f20,0xa289798c
CPU_BENCH_ROW,6,profiled,0,0,0,0,6543,763907,763911,453034,855464,36896,2879755,4,0,0,0,0,0,0,0,0,0,0x00003f20,0xa289798c
CPU_BASELINE_PROGRESS complete_case=6 cycle=41230681 checks=3584 min_sp=0x00003f20
CPU_BASELINE_PROGRESS begin_case=7 cycle=41810606
CPU_BENCH_ROW,7,unsegmented,0,0,0,0,-1,-1,-1,-1,-1,-1,2891063,4,0,0,0,0,0,0,0,0,0,0x00003f20,0x94cdc32c
CPU_BENCH_ROW,7,profiled,0,0,0,0,6543,763907,763911,464345,855464,36896,2891066,4,0,0,0,0,0,0,0,0,0,0x00003f20,0x94cdc32c
CPU_BASELINE_PROGRESS complete_case=7 cycle=47655137 checks=4096 min_sp=0x00003f20
CPU_BASELINE_PASS cases=8 checks=4096 mul=0 fast_mul=0 div=0 expect_m=0 cycles=47655193 m_total=0 min_sp=0x00003f20 stack_used=208
$finish called at time : 476552245 ns : File "E:/pqc/mlkem-polymul-rv32i-fpga/tb/software/tb_cpu_baseline.sv" Line 324
INFO: xsimkernel Simulation Memory Usage: 36228 KB (Peak: 36228 KB), Simulation CPU Usage: 395140 ms
