Time resolution is 1 ps
MLKEM_HEADER,index,dataset,vsId,tgId,tcId,op,return_code,raw_cycles,empty_cycles,input_bytes,output_bytes,m_total,mul,mulh,mulhsu,mulhu,div,divu,rem,remu,min_sp
MLKEM_START cases=145 ram_bytes=131072 stack_bytes=32768 clock_mhz=100 mul=1 fast_mul=1 div=1 expect_m=1
MLKEM_ROW,0,1,42,2,26,1,0,8297448,4,64,3584,28800,28800,0,0,0,0,0,0,0,0x0001c8e0
MLKEM_ROW,1,2,42,2,26,2,0,9047719,4,1216,1120,43776,43008,0,0,768,0,0,0,0,0x0001bc60
MLKEM_ROW,2,2,42,5,86,3,0,11647045,4,3488,32,60544,59776,0,0,768,0,0,0,0,0x0001b7f0
MLKEM_ROW,3,3,42,6,96,4,0,19313519,4,1152,32,89344,88576,0,0,768,0,0,0,0,0x0001b7f0
MLKEM_ROW,4,2,42,10,136,5,0,193076,4,1184,0,1536,1536,0,0,0,0,0,0,0,0x0001f490
MLKEM_ROW,5,2,42,9,126,6,0,1410382,4,2400,0,0,0,0,0,0,0,0,0,0,0x0001fc70
MLKEM_ROW,6,2,42,10,137,5,-4,193087,4,1184,0,1536,1536,0,0,0,0,0,0,0,0x0001f490
MLKEM_ROW,7,2,42,9,128,6,-5,1410393,4,2400,0,0,0,0,0,0,0,0,0,0,0x0001fc70
MLKEM_ROW,8,1,42,2,27,1,0,8298103,4,64,3584,28800,28800,0,0,0,0,0,0,0,0x0001c8e0
MLKEM_ROW,9,1,42,2,28,1,0,8296257,4,64,3584,28800,28800,0,0,0,0,0,0,0,0x0001c8e0
MLKEM_ROW,10,1,42,2,29,1,0,8295827,4,64,3584,28800,28800,0,0,0,0,0,0,0,0x0001c8e0
MLKEM_ROW,11,1,42,2,30,1,0,8294959,4,64,3584,28800,28800,0,0,0,0,0,0,0,0x0001c8e0
MLKEM_ROW,12,1,42,2,31,1,0,8296873,4,64,3584,28800,28800,0,0,0,0,0,0,0,0x0001c8e0
MLKEM_ROW,13,1,42,2,32,1,0,8297454,4,64,3584,28800,28800,0,0,0,0,0,0,0,0x0001c8e0
MLKEM_ROW,14,1,42,2,33,1,0,8923167,4,64,3584,28800,28800,0,0,0,0,0,0,0,0x0001c8e0
MLKEM_ROW,15,1,42,2,34,1,0,8299084,4,64,3584,28800,28800,0,0,0,0,0,0,0,0x0001c8e0
MLKEM_ROW,16,1,42,2,35,1,0,8296272,4,64,3584,28800,28800,0,0,0,0,0,0,0,0x0001c8e0
MLKEM_ROW,17,1,42,2,36,1,0,8298059,4,64,3584,28800,28800,0,0,0,0,0,0,0,0x0001c8e0
MLKEM_ROW,18,1,42,2,37,1,0,8298140,4,64,3584,28800,28800,0,0,0,0,0,0,0,0x0001c8e0
MLKEM_ROW,19,1,42,2,38,1,0,8297188,4,64,3584,28800,28800,0,0,0,0,0,0,0,0x0001c8e0
MLKEM_ROW,20,1,42,2,39,1,0,8295365,4,64,3584,28800,28800,0,0,0,0,0,0,0,0x0001c8e0
MLKEM_ROW,21,1,42,2,40,1,0,8299377,4,64,3584,28800,28800,0,0,0,0,0,0,0,0x0001c8e0
MLKEM_ROW,22,1,42,2,41,1,0,8299131,4,64,3584,28800,28800,0,0,0,0,0,0,0,0x0001c8e0
MLKEM_ROW,23,1,42,2,42,1,0,8295423,4,64,3584,28800,28800,0,0,0,0,0,0,0,0x0001c8e0
MLKEM_ROW,24,1,42,2,43,1,0,8294718,4,64,3584,28800,28800,0,0,0,0,0,0,0,0x0001c8e0
MLKEM_ROW,25,1,42,2,44,1,0,8298504,4,64,3584,28800,28800,0,0,0,0,0,0,0,0x0001c8e0
MLKEM_ROW,26,1,42,2,45,1,0,8296473,4,64,3584,28800,28800,0,0,0,0,0,0,0,0x0001c8e0
MLKEM_ROW,27,1,42,2,46,1,0,8297998,4,64,3584,28800,28800,0,0,0,0,0,0,0,0x0001c8e0
MLKEM_ROW,28,1,42,2,47,1,0,8297421,4,64,3584,28800,28800,0,0,0,0,0,0,0,0x0001c8e0
MLKEM_ROW,29,1,42,2,48,1,0,8296035,4,64,3584,28800,28800,0,0,0,0,0,0,0,0x0001c8e0
MLKEM_ROW,30,1,42,2,49,1,0,8295617,4,64,3584,28800,28800,0,0,0,0,0,0,0,0x0001c8e0
MLKEM_ROW,31,1,42,2,50,1,0,8296721,4,64,3584,28800,28800,0,0,0,0,0,0,0,0x0001c8e0
MLKEM_ROW,32,2,42,2,27,2,0,9047023,4,1216,1120,43776,43008,0,0,768,0,0,0,0,0x0001bc60
MLKEM_ROW,33,2,42,2,28,2,0,9672512,4,1216,1120,43776,43008,0,0,768,0,0,0,0,0x0001bc60
MLKEM_ROW,34,2,42,2,29,2,0,9045872,4,1216,1120,43776,43008,0,0,768,0,0,0,0,0x0001bc60
MLKEM_ROW,35,2,42,2,30,2,0,9672230,4,1216,1120,43776,43008,0,0,768,0,0,0,0,0x0001bc60
MLKEM_ROW,36,2,42,2,31,2,0,9046706,4,1216,1120,43776,43008,0,0,768,0,0,0,0,0x0001bc60
MLKEM_ROW,37,2,42,2,32,2,0,9047244,4,1216,1120,43776,43008,0,0,768,0,0,0,0,0x0001bc60
MLKEM_ROW,38,2,42,2,33,2,0,9042824,4,1216,1120,43776,43008,0,0,768,0,0,0,0,0x0001bc60
MLKEM_ROW,39,2,42,2,34,2,0,9046063,4,1216,1120,43776,43008,0,0,768,0,0,0,0,0x0001bc60
MLKEM_ROW,40,2,42,2,35,2,0,9047067,4,1216,1120,43776,43008,0,0,768,0,0,0,0,0x0001bc60
MLKEM_ROW,41,2,42,2,36,2,0,9046331,4,1216,1120,43776,43008,0,0,768,0,0,0,0,0x0001bc60
MLKEM_ROW,42,2,42,2,37,2,0,9673362,4,1216,1120,43776,43008,0,0,768,0,0,0,0,0x0001bc60
MLKEM_ROW,43,2,42,2,38,2,0,9045508,4,1216,1120,43776,43008,0,0,768,0,0,0,0,0x0001bc60
MLKEM_ROW,44,2,42,2,39,2,0,9042398,4,1216,1120,43776,43008,0,0,768,0,0,0,0,0x0001bc60
MLKEM_ROW,45,2,42,2,40,2,0,9047729,4,1216,1120,43776,43008,0,0,768,0,0,0,0,0x0001bc60
MLKEM_ROW,46,2,42,2,41,2,0,9045038,4,1216,1120,43776,43008,0,0,768,0,0,0,0,0x0001bc60
MLKEM_ROW,47,2,42,2,42,2,0,9048114,4,1216,1120,43776,43008,0,0,768,0,0,0,0,0x0001bc60
MLKEM_ROW,48,2,42,2,43,2,0,9043663,4,1216,1120,43776,43008,0,0,768,0,0,0,0,0x0001bc60
MLKEM_ROW,49,2,42,2,44,2,0,9045771,4,1216,1120,43776,43008,0,0,768,0,0,0,0,0x0001bc60
MLKEM_ROW,50,2,42,2,45,2,0,9044046,4,1216,1120,43776,43008,0,0,768,0,0,0,0,0x0001bc60
MLKEM_ROW,51,2,42,2,46,2,0,10296301,4,1216,1120,43776,43008,0,0,768,0,0,0,0,0x0001bc60
MLKEM_ROW,52,2,42,2,47,2,0,9046274,4,1216,1120,43776,43008,0,0,768,0,0,0,0,0x0001bc60
MLKEM_ROW,53,2,42,2,48,2,0,9047926,4,1216,1120,43776,43008,0,0,768,0,0,0,0,0x0001bc60
MLKEM_ROW,54,2,42,2,49,2,0,9045069,4,1216,1120,43776,43008,0,0,768,0,0,0,0,0x0001bc60
MLKEM_ROW,55,2,42,2,50,2,0,9046835,4,1216,1120,43776,43008,0,0,768,0,0,0,0,0x0001bc60
MLKEM_ROW,56,2,42,5,87,3,0,11019552,4,3488,32,60544,59776,0,0,768,0,0,0,0,0x0001b7f0
MLKEM_ROW,57,2,42,5,88,3,0,11016867,4,3488,32,60544,59776,0,0,768,0,0,0,0,0x0001b7f0
MLKEM_ROW,58,2,42,5,89,3,0,11022082,4,3488,32,60544,59776,0,0,768,0,0,0,0,0x0001b7f0
MLKEM_ROW,59,2,42,5,90,3,0,11019093,4,3488,32,60544,59776,0,0,768,0,0,0,0,0x0001b7f0
MLKEM_ROW,60,2,42,5,91,3,0,11020891,4,3488,32,60544,59776,0,0,768,0,0,0,0,0x0001b7f0
MLKEM_ROW,61,2,42,5,92,3,0,11015828,4,3488,32,60544,59776,0,0,768,0,0,0,0,0x0001b7f0
MLKEM_ROW,62,2,42,5,93,3,0,11019980,4,3488,32,60544,59776,0,0,768,0,0,0,0,0x0001b7f0
MLKEM_ROW,63,2,42,5,94,3,0,11020529,4,3488,32,60544,59776,0,0,768,0,0,0,0,0x0001b7f0
MLKEM_ROW,64,2,42,5,95,3,0,11016947,4,3488,32,60544,59776,0,0,768,0,0,0,0,0x0001b7f0
MLKEM_ROW,65,2,42,9,127,6,0,1410382,4,2400,0,0,0,0,0,0,0,0,0,0,0x0001fc70
MLKEM_ROW,66,2,42,9,129,6,0,1410382,4,2400,0,0,0,0,0,0,0,0,0,0,0x0001fc70
MLKEM_ROW,67,2,42,9,130,6,0,1410382,4,2400,0,0,0,0,0,0,0,0,0,0,0x0001fc70
MLKEM_ROW,68,2,42,9,131,6,0,1410382,4,2400,0,0,0,0,0,0,0,0,0,0,0x0001fc70
MLKEM_ROW,69,2,42,9,132,6,-5,1410393,4,2400,0,0,0,0,0,0,0,0,0,0,0x0001fc70
MLKEM_ROW,70,2,42,9,133,6,-5,1410393,4,2400,0,0,0,0,0,0,0,0,0,0,0x0001fc70
MLKEM_ROW,71,2,42,9,134,6,-5,1410393,4,2400,0,0,0,0,0,0,0,0,0,0,0x0001fc70
MLKEM_ROW,72,2,42,9,135,6,-5,1410393,4,2400,0,0,0,0,0,0,0,0,0,0,0x0001fc70
MLKEM_ROW,73,2,42,10,138,5,-4,193087,4,1184,0,1536,1536,0,0,0,0,0,0,0,0x0001f490
MLKEM_ROW,74,2,42,10,139,5,0,193076,4,1184,0,1536,1536,0,0,0,0,0,0,0,0x0001f490
MLKEM_ROW,75,2,42,10,140,5,0,193076,4,1184,0,1536,1536,0,0,0,0,0,0,0,0x0001f490
MLKEM_ROW,76,2,42,10,141,5,-4,193087,4,1184,0,1536,1536,0,0,0,0,0,0,0,0x0001f490
MLKEM_ROW,77,2,42,10,142,5,-4,193087,4,1184,0,1536,1536,0,0,0,0,0,0,0,0x0001f490
MLKEM_ROW,78,2,42,10,143,5,0,193076,4,1184,0,1536,1536,0,0,0,0,0,0,0,0x0001f490
MLKEM_ROW,79,2,42,10,144,5,0,193076,4,1184,0,1536,1536,0,0,0,0,0,0,0,0x0001f490
MLKEM_ROW,80,2,42,10,145,5,-4,193087,4,1184,0,1536,1536,0,0,0,0,0,0,0,0x0001f490
MLKEM_ROW,81,3,42,2,26,2,0,9045452,4,1216,1120,43776,43008,0,0,768,0,0,0,0,0x0001bc60
MLKEM_ROW,82,3,42,2,27,2,0,9045748,4,1216,1120,43776,43008,0,0,768,0,0,0,0,0x0001bc60
MLKEM_ROW,83,3,42,2,28,2,0,9044691,4,1216,1120,43776,43008,0,0,768,0,0,0,0,0x0001bc60
MLKEM_ROW,84,3,42,2,29,2,0,9045360,4,1216,1120,43776,43008,0,0,768,0,0,0,0,0x0001bc60
MLKEM_ROW,85,3,42,2,30,2,0,9045244,4,1216,1120,43776,43008,0,0,768,0,0,0,0,0x0001bc60
MLKEM_ROW,86,3,42,2,31,2,0,9047393,4,1216,1120,43776,43008,0,0,768,0,0,0,0,0x0001bc60
MLKEM_ROW,87,3,42,2,32,2,0,9050213,4,1216,1120,43776,43008,0,0,768,0,0,0,0,0x0001bc60
MLKEM_ROW,88,3,42,2,33,2,0,9046314,4,1216,1120,43776,43008,0,0,768,0,0,0,0,0x0001bc60
MLKEM_ROW,89,3,42,2,34,2,0,9045375,4,1216,1120,43776,43008,0,0,768,0,0,0,0,0x0001bc60
MLKEM_ROW,90,3,42,2,35,2,0,9043618,4,1216,1120,43776,43008,0,0,768,0,0,0,0,0x0001bc60
MLKEM_ROW,91,3,42,2,36,2,0,9044735,4,1216,1120,43776,43008,0,0,768,0,0,0,0,0x0001bc60
MLKEM_ROW,92,3,42,2,37,2,0,9046271,4,1216,1120,43776,43008,0,0,768,0,0,0,0,0x0001bc60
MLKEM_ROW,93,3,42,2,38,2,0,9045971,4,1216,1120,43776,43008,0,0,768,0,0,0,0,0x0001bc60
MLKEM_ROW,94,3,42,2,39,2,0,9046192,4,1216,1120,43776,43008,0,0,768,0,0,0,0,0x0001bc60
MLKEM_ROW,95,3,42,2,40,2,0,9046805,4,1216,1120,43776,43008,0,0,768,0,0,0,0,0x0001bc60
MLKEM_ROW,96,3,42,2,41,2,0,9047065,4,1216,1120,43776,43008,0,0,768,0,0,0,0,0x0001bc60
MLKEM_ROW,97,3,42,2,42,2,0,9044153,4,1216,1120,43776,43008,0,0,768,0,0,0,0,0x0001bc60
MLKEM_ROW,98,3,42,2,43,2,0,9045330,4,1216,1120,43776,43008,0,0,768,0,0,0,0,0x0001bc60
MLKEM_ROW,99,3,42,2,44,2,0,9671139,4,1216,1120,43776,43008,0,0,768,0,0,0,0,0x0001bc60
MLKEM_ROW,100,3,42,2,45,2,0,9045930,4,1216,1120,43776,43008,0,0,768,0,0,0,0,0x0001bc60
MLKEM_ROW,101,3,42,2,46,2,0,9043829,4,1216,1120,43776,43008,0,0,768,0,0,0,0,0x0001bc60
MLKEM_ROW,102,3,42,2,47,2,0,9047451,4,1216,1120,43776,43008,0,0,768,0,0,0,0,0x0001bc60
MLKEM_ROW,103,3,42,2,48,2,0,9043096,4,1216,1120,43776,43008,0,0,768,0,0,0,0,0x0001bc60
MLKEM_ROW,104,3,42,2,49,2,0,9048557,4,1216,1120,43776,43008,0,0,768,0,0,0,0,0x0001bc60
MLKEM_ROW,105,3,42,2,50,2,0,9045148,4,1216,1120,43776,43008,0,0,768,0,0,0,0,0x0001bc60
MLKEM_ROW,106,3,42,6,97,4,0,20570785,4,1152,32,89344,88576,0,0,768,0,0,0,0,0x0001b7f0
MLKEM_ROW,107,3,42,6,98,4,0,19314091,4,1152,32,89344,88576,0,0,768,0,0,0,0,0x0001b7f0
MLKEM_ROW,108,3,42,6,99,4,0,19316007,4,1152,32,89344,88576,0,0,768,0,0,0,0,0x0001b7f0
MLKEM_ROW,109,3,42,6,100,4,0,19630859,4,1152,32,89344,88576,0,0,768,0,0,0,0,0x0001b7f0
MLKEM_ROW,110,3,42,6,101,4,0,19315965,4,1152,32,89344,88576,0,0,768,0,0,0,0,0x0001b7f0
MLKEM_ROW,111,3,42,6,102,4,0,19312135,4,1152,32,89344,88576,0,0,768,0,0,0,0,0x0001b7f0
MLKEM_ROW,112,3,42,6,103,4,0,19316585,4,1152,32,89344,88576,0,0,768,0,0,0,0,0x0001b7f0
MLKEM_ROW,113,3,42,6,104,4,0,19317547,4,1152,32,89344,88576,0,0,768,0,0,0,0,0x0001b7f0
MLKEM_ROW,114,3,42,6,105,4,0,19316861,4,1152,32,89344,88576,0,0,768,0,0,0,0,0x0001b7f0
MLKEM_ROW,115,3,42,7,106,3,0,11017957,4,3488,32,60544,59776,0,0,768,0,0,0,0,0x0001b7f0
MLKEM_ROW,116,3,42,7,107,3,0,11021781,4,3488,32,60544,59776,0,0,768,0,0,0,0,0x0001b7f0
MLKEM_ROW,117,3,42,7,108,3,0,11018344,4,3488,32,60544,59776,0,0,768,0,0,0,0,0x0001b7f0
MLKEM_ROW,118,3,42,7,109,3,0,11019519,4,3488,32,60544,59776,0,0,768,0,0,0,0,0x0001b7f0
MLKEM_ROW,119,3,42,7,110,3,0,11016654,4,3488,32,60544,59776,0,0,768,0,0,0,0,0x0001b7f0
MLKEM_ROW,120,3,42,7,111,3,0,11017954,4,3488,32,60544,59776,0,0,768,0,0,0,0,0x0001b7f0
MLKEM_ROW,121,3,42,7,112,3,0,11018235,4,3488,32,60544,59776,0,0,768,0,0,0,0,0x0001b7f0
MLKEM_ROW,122,3,42,7,113,3,0,11018828,4,3488,32,60544,59776,0,0,768,0,0,0,0,0x0001b7f0
MLKEM_ROW,123,3,42,7,114,3,0,11017496,4,3488,32,60544,59776,0,0,768,0,0,0,0,0x0001b7f0
MLKEM_ROW,124,3,42,7,115,3,0,11644158,4,3488,32,60544,59776,0,0,768,0,0,0,0,0x0001b7f0
MLKEM_ROW,125,3,42,12,156,6,-5,1410393,4,2400,0,0,0,0,0,0,0,0,0,0,0x0001fc70
MLKEM_ROW,126,3,42,12,157,6,0,1410382,4,2400,0,0,0,0,0,0,0,0,0,0,0x0001fc70
MLKEM_ROW,127,3,42,12,158,6,0,1410382,4,2400,0,0,0,0,0,0,0,0,0,0,0x0001fc70
MLKEM_ROW,128,3,42,12,159,6,-5,1410393,4,2400,0,0,0,0,0,0,0,0,0,0,0x0001fc70
MLKEM_ROW,129,3,42,12,160,6,0,1410382,4,2400,0,0,0,0,0,0,0,0,0,0,0x0001fc70
MLKEM_ROW,130,3,42,12,161,6,0,1410382,4,2400,0,0,0,0,0,0,0,0,0,0,0x0001fc70
MLKEM_ROW,131,3,42,12,162,6,-5,1410393,4,2400,0,0,0,0,0,0,0,0,0,0,0x0001fc70
MLKEM_ROW,132,3,42,12,163,6,0,1410382,4,2400,0,0,0,0,0,0,0,0,0,0,0x0001fc70
MLKEM_ROW,133,3,42,12,164,6,-5,1410393,4,2400,0,0,0,0,0,0,0,0,0,0,0x0001fc70
MLKEM_ROW,134,3,42,12,165,6,-5,1410393,4,2400,0,0,0,0,0,0,0,0,0,0,0x0001fc70
MLKEM_ROW,135,3,42,13,166,5,-4,193087,4,1184,0,1536,1536,0,0,0,0,0,0,0,0x0001f490
MLKEM_ROW,136,3,42,13,167,5,-4,193087,4,1184,0,1536,1536,0,0,0,0,0,0,0,0x0001f490
MLKEM_ROW,137,3,42,13,168,5,-4,193087,4,1184,0,1536,1536,0,0,0,0,0,0,0,0x0001f490
MLKEM_ROW,138,3,42,13,169,5,-4,193087,4,1184,0,1536,1536,0,0,0,0,0,0,0,0x0001f490
MLKEM_ROW,139,3,42,13,170,5,-4,193087,4,1184,0,1536,1536,0,0,0,0,0,0,0,0x0001f490
MLKEM_ROW,140,3,42,13,171,5,0,193076,4,1184,0,1536,1536,0,0,0,0,0,0,0,0x0001f490
MLKEM_ROW,141,3,42,13,172,5,0,193076,4,1184,0,1536,1536,0,0,0,0,0,0,0,0x0001f490
MLKEM_ROW,142,3,42,13,173,5,0,193076,4,1184,0,1536,1536,0,0,0,0,0,0,0,0x0001f490
MLKEM_ROW,143,3,42,13,174,5,0,193076,4,1184,0,1536,1536,0,0,0,0,0,0,0,0x0001f490
MLKEM_ROW,144,3,42,13,175,5,0,193076,4,1184,0,1536,1536,0,0,0,0,0,0,0,0x0001f490
MLKEM_PASS cases=145 input_bytes=215360 output_bytes=146560 cpu_mul=1 cpu_fast_mul=1 cpu_div=1 expect_m=1 cycles=1147835590 all_m=5043840 min_sp=0x0001b7f0 stack_used=18432
$finish called at time : 11478356215 ns : File "E:/pqc/mlkem-polymul-rv32i-fpga/tb/software/tb_mlkem_suite.sv" Line 309
INFO: xsimkernel Simulation Memory Usage: 30848 KB (Peak: 30848 KB), Simulation CPU Usage: 8349827 ms
