Copyright 1986-2022 Xilinx, Inc. All Rights Reserved. Copyright 2022-2025 Advanced Micro Devices, Inc. All Rights Reserved.
---------------------------------------------------------------------------------------------------------------------------------------------------------------------
| Tool Version : Vivado v.2025.2 (win64) Build 6299465 Fri Nov 14 19:35:11 GMT 2025
| Date         : Mon Sep  7 20:08:59 2026
| Host         : <REDACTED_HOST> running 64-bit major release  (build 9200)
| Command      : report_utilization -hierarchical -file <ORIGINAL_PROJECT_ROOT>/results/bram_wrapper/bram/utilization_routed.rpt
| Design       : mlkem_polymul_rv32i_profile_top
| Device       : xc7z020clg400-1
| Speed File   : -1
| Design State : Routed
---------------------------------------------------------------------------------------------------------------------------------------------------------------------

Utilization Design Information

Table of Contents
-----------------
1. Utilization by Hierarchy

1. Utilization by Hierarchy
---------------------------

+-----------------------------------------------------------------------------+--------------------------------------------------------------------------------------------+------------+------------+---------+------+------+--------+--------+------------+
|                                   Instance                                  |                                           Module                                           | Total LUTs | Logic LUTs | LUTRAMs | SRLs |  FFs | RAMB36 | RAMB18 | DSP Blocks |
+-----------------------------------------------------------------------------+--------------------------------------------------------------------------------------------+------------+------------+---------+------+------+--------+--------+------------+
| mlkem_polymul_rv32i_profile_top                                             |                                                                                      (top) |       2936 |       2718 |     188 |   30 | 2759 |      4 |      5 |          1 |
|   (mlkem_polymul_rv32i_profile_top)                                         |                                                                                      (top) |          0 |          0 |       0 |    0 |  617 |      0 |      0 |          0 |
|   accel                                                                     |                                                                  mlkem_polymul_axi_wrapper |       1732 |       1558 |     144 |   30 | 1594 |      3 |      5 |          1 |
|     (accel)                                                                 |                                                                  mlkem_polymul_axi_wrapper |         74 |         74 |       0 |    0 |  133 |      0 |      0 |          0 |
|     b_ram                                                                   |                                                                      mlkem_coeff_tdp_ram_0 |         70 |         70 |       0 |    0 |    0 |      0 |      1 |          0 |
|     core                                                                    |                                                        mlkem_poly_mul256_v39e_true_one_dsp |       1523 |       1349 |     144 |   30 | 1461 |      3 |      2 |          1 |
|       (core)                                                                |                                                        mlkem_poly_mul256_v39e_true_one_dsp |         47 |         47 |       0 |    0 |   75 |      0 |      0 |          0 |
|       grp_batch39d_fu_172                                                   |                                               mlkem_poly_mul256_v39e_true_one_dsp_batch39d |        819 |        789 |       0 |   30 | 1014 |      0 |      1 |          1 |
|         issue39d_U0                                                         |                                               mlkem_poly_mul256_v39e_true_one_dsp_issue39d |        422 |        417 |       0 |    5 |  498 |      0 |      1 |          0 |
|           grp_issue39d_Pipeline_issue39d_loop_fu_100                        |                        mlkem_poly_mul256_v39e_true_one_dsp_issue39d_Pipeline_issue39d_loop |        384 |        379 |       0 |    5 |  465 |      0 |      1 |          0 |
|             (grp_issue39d_Pipeline_issue39d_loop_fu_100)                    |                        mlkem_poly_mul256_v39e_true_one_dsp_issue39d_Pipeline_issue39d_loop |        337 |        332 |       0 |    5 |  460 |      0 |      0 |          0 |
|         pe39c_U0                                                            |                                                  mlkem_poly_mul256_v39e_true_one_dsp_pe39c |        146 |        121 |       0 |   25 |  224 |      0 |      0 |          1 |
|           (pe39c_U0)                                                        |                                                  mlkem_poly_mul256_v39e_true_one_dsp_pe39c |         40 |         15 |       0 |   25 |  163 |      0 |      0 |          0 |
|         rq_U                                                                |                                          mlkem_poly_mul256_v39e_true_one_dsp_fifo_w76_d2_S |         45 |         45 |       0 |    0 |  154 |      0 |      0 |          0 |
|           U_mlkem_poly_mul256_v39e_true_one_dsp_fifo_w76_d2_S_ShiftReg      |                                 mlkem_poly_mul256_v39e_true_one_dsp_fifo_w76_d2_S_ShiftReg |         38 |         38 |       0 |    0 |  148 |      0 |      0 |          0 |
|         rs_U                                                                |                                          mlkem_poly_mul256_v39e_true_one_dsp_fifo_w39_d2_S |         74 |         74 |       0 |    0 |   82 |      0 |      0 |          0 |
|           U_mlkem_poly_mul256_v39e_true_one_dsp_fifo_w39_d2_S_ShiftReg      |                                 mlkem_poly_mul256_v39e_true_one_dsp_fifo_w39_d2_S_ShiftReg |         68 |         68 |       0 |    0 |   76 |      0 |      0 |          0 |
|         write39d_U0                                                         |                                               mlkem_poly_mul256_v39e_true_one_dsp_write39d |        125 |        125 |       0 |    0 |   48 |      0 |      0 |          0 |
|           (write39d_U0)                                                     |                                               mlkem_poly_mul256_v39e_true_one_dsp_write39d |        113 |        113 |       0 |    0 |   47 |      0 |      0 |          0 |
|       grp_mlkem_poly_mul256_v39e_true_one_dsp_Pipeline_load_a39d_fu_376     | mlkem_poly_mul256_v39e_true_one_dsp_mlkem_poly_mul256_v39e_true_one_dsp_Pipeline_load_a39d |         90 |         90 |       0 |    0 |   51 |      0 |      0 |          0 |
|         (grp_mlkem_poly_mul256_v39e_true_one_dsp_Pipeline_load_a39d_fu_376) | mlkem_poly_mul256_v39e_true_one_dsp_mlkem_poly_mul256_v39e_true_one_dsp_Pipeline_load_a39d |         61 |         61 |       0 |    0 |   49 |      0 |      0 |          0 |
|       grp_mlkem_poly_mul256_v39e_true_one_dsp_Pipeline_load_b39d_fu_390     | mlkem_poly_mul256_v39e_true_one_dsp_mlkem_poly_mul256_v39e_true_one_dsp_Pipeline_load_b39d |         73 |         73 |       0 |    0 |   51 |      0 |      0 |          0 |
|       grp_mlkem_poly_mul256_v39e_true_one_dsp_Pipeline_pack39d_fu_403       |   mlkem_poly_mul256_v39e_true_one_dsp_mlkem_poly_mul256_v39e_true_one_dsp_Pipeline_pack39d |         45 |         45 |       0 |    0 |   72 |      0 |      0 |          0 |
|         (grp_mlkem_poly_mul256_v39e_true_one_dsp_Pipeline_pack39d_fu_403)   |   mlkem_poly_mul256_v39e_true_one_dsp_mlkem_poly_mul256_v39e_true_one_dsp_Pipeline_pack39d |         31 |         31 |       0 |    0 |   70 |      0 |      0 |          0 |
|       ping_U                                                                |                                 mlkem_poly_mul256_v39e_true_one_dsp_ping_RAM_T2P_BRAM_1R1W |         85 |         85 |       0 |    0 |    0 |      1 |      0 |          0 |
|   cpu                                                                       |                                                                               picorv32_axi |       1205 |       1161 |      44 |    0 |  548 |      0 |      0 |          0 |
|     picorv32_core                                                           |                                                                                   picorv32 |       1193 |       1149 |      44 |    0 |  544 |      0 |      0 |          0 |
+-----------------------------------------------------------------------------+--------------------------------------------------------------------------------------------+------------+------------+---------+------+------+--------+--------+------------+
* Note: The sum of lower-level cells may be larger than their parent cells total, due to cross-hierarchy LUT combining


