Time resolution is 1 ps
MLKEM_HEADER,index,dataset,vsId,tgId,tcId,op,return_code,raw_cycles,empty_cycles,input_bytes,output_bytes,m_total,mul,mulh,mulhsu,mulhu,div,divu,rem,remu,min_sp
MLKEM_START cases=8 ram_bytes=131072 stack_bytes=32768 clock_mhz=100 mul=1 fast_mul=1 div=1 expect_m=1
// Interrupt Monitor : interrupt for ap_done detected @ "3260755000"
// Interrupt Monitor : interrupt for ap_done detected @ "3466005000"
// Interrupt Monitor : interrupt for ap_done detected @ "3874275000"
// Interrupt Monitor : interrupt for ap_done detected @ "4282545000"
// Interrupt Monitor : interrupt for ap_done detected @ "4690815000"
// Interrupt Monitor : interrupt for ap_done detected @ "6254485000"
// Interrupt Monitor : interrupt for ap_done detected @ "6662755000"
// Interrupt Monitor : interrupt for ap_done detected @ "7071025000"
// Interrupt Monitor : interrupt for ap_done detected @ "7479295000"
// Interrupt Monitor : interrupt for ap_done detected @ "9056365000"
// Interrupt Monitor : interrupt for ap_done detected @ "9464635000"
// Interrupt Monitor : interrupt for ap_done detected @ "9872905000"
// Interrupt Monitor : interrupt for ap_done detected @ "10281175000"
// Interrupt Monitor : interrupt for ap_done detected @ "11840485000"
// Interrupt Monitor : interrupt for ap_done detected @ "12248755000"
// Interrupt Monitor : interrupt for ap_done detected @ "12657025000"
// Interrupt Monitor : interrupt for ap_done detected @ "13065295000"
// Interrupt Monitor : interrupt for ap_done detected @ "14593415000"
// Interrupt Monitor : interrupt for ap_done detected @ "14762215000"
// Interrupt Monitor : interrupt for ap_done detected @ "14931055000"
// Interrupt Monitor : interrupt for ap_done detected @ "15099965000"
// Interrupt Monitor : interrupt for ap_done detected @ "15902785000"
// Interrupt Monitor : interrupt for ap_done detected @ "16071585000"
// Interrupt Monitor : interrupt for ap_done detected @ "16240425000"
// Interrupt Monitor : interrupt for ap_done detected @ "16409335000"
// Interrupt Monitor : interrupt for ap_done detected @ "34308005000"
// Interrupt Monitor : interrupt for ap_done detected @ "35058125000"
// Interrupt Monitor : interrupt for ap_done detected @ "44172995000"
// Interrupt Monitor : interrupt for ap_done detected @ "44889555000"
// Interrupt Monitor : interrupt for ap_done detected @ "45297825000"
// Interrupt Monitor : interrupt for ap_done detected @ "45706095000"
// Interrupt Monitor : interrupt for ap_done detected @ "46114365000"
// Interrupt Monitor : interrupt for ap_done detected @ "47688295000"
// Interrupt Monitor : interrupt for ap_done detected @ "48096565000"
// Interrupt Monitor : interrupt for ap_done detected @ "48504835000"
// Interrupt Monitor : interrupt for ap_done detected @ "48913105000"
// Interrupt Monitor : interrupt for ap_done detected @ "50470515000"
// Interrupt Monitor : interrupt for ap_done detected @ "50878785000"
// Interrupt Monitor : interrupt for ap_done detected @ "51287055000"
// Interrupt Monitor : interrupt for ap_done detected @ "51695325000"
// Interrupt Monitor : interrupt for ap_done detected @ "53262945000"
// Interrupt Monitor : interrupt for ap_done detected @ "53671215000"
// Interrupt Monitor : interrupt for ap_done detected @ "54079485000"
// Interrupt Monitor : interrupt for ap_done detected @ "54487755000"
// Interrupt Monitor : interrupt for ap_done detected @ "56016965000"
// Interrupt Monitor : interrupt for ap_done detected @ "56185765000"
// Interrupt Monitor : interrupt for ap_done detected @ "56354605000"
// Interrupt Monitor : interrupt for ap_done detected @ "56523515000"
// Interrupt Monitor : interrupt for ap_done detected @ "57326335000"
// Interrupt Monitor : interrupt for ap_done detected @ "57495135000"
// Interrupt Monitor : interrupt for ap_done detected @ "57663975000"
// Interrupt Monitor : interrupt for ap_done detected @ "57832885000"
// Interrupt Monitor : interrupt for ap_done detected @ "58624475000"
// Interrupt Monitor : interrupt for ap_done detected @ "80136315000"
MLKEM_ROW,0,3,42,8,117,4,0,7715635,4,1632,32,118792,117768,0,0,1024,0,0,0,0,0x0001a0b0
KECCAK_ROW,0,54,54,54,0,34149,4458,7440
// Interrupt Monitor : interrupt for ap_done detected @ "82739625000"
// Interrupt Monitor : interrupt for ap_done detected @ "82944875000"
// Interrupt Monitor : interrupt for ap_done detected @ "83353145000"
// Interrupt Monitor : interrupt for ap_done detected @ "83761415000"
// Interrupt Monitor : interrupt for ap_done detected @ "84169685000"
// Interrupt Monitor : interrupt for ap_done detected @ "85719275000"
// Interrupt Monitor : interrupt for ap_done detected @ "86127545000"
// Interrupt Monitor : interrupt for ap_done detected @ "86535815000"
// Interrupt Monitor : interrupt for ap_done detected @ "86944085000"
// Interrupt Monitor : interrupt for ap_done detected @ "88490065000"
// Interrupt Monitor : interrupt for ap_done detected @ "88898335000"
// Interrupt Monitor : interrupt for ap_done detected @ "89306605000"
// Interrupt Monitor : interrupt for ap_done detected @ "89714875000"
// Interrupt Monitor : interrupt for ap_done detected @ "91299465000"
// Interrupt Monitor : interrupt for ap_done detected @ "91707735000"
// Interrupt Monitor : interrupt for ap_done detected @ "92116005000"
// Interrupt Monitor : interrupt for ap_done detected @ "92524275000"
// Interrupt Monitor : interrupt for ap_done detected @ "94054075000"
// Interrupt Monitor : interrupt for ap_done detected @ "94222875000"
// Interrupt Monitor : interrupt for ap_done detected @ "94391715000"
// Interrupt Monitor : interrupt for ap_done detected @ "94560625000"
// Interrupt Monitor : interrupt for ap_done detected @ "95363445000"
// Interrupt Monitor : interrupt for ap_done detected @ "95532245000"
// Interrupt Monitor : interrupt for ap_done detected @ "95701085000"
// Interrupt Monitor : interrupt for ap_done detected @ "95869995000"
// Interrupt Monitor : interrupt for ap_done detected @ "113768665000"
// Interrupt Monitor : interrupt for ap_done detected @ "114518785000"
// Interrupt Monitor : interrupt for ap_done detected @ "123633655000"
// Interrupt Monitor : interrupt for ap_done detected @ "124350215000"
// Interrupt Monitor : interrupt for ap_done detected @ "124758485000"
// Interrupt Monitor : interrupt for ap_done detected @ "125166755000"
// Interrupt Monitor : interrupt for ap_done detected @ "125575025000"
// Interrupt Monitor : interrupt for ap_done detected @ "127139195000"
// Interrupt Monitor : interrupt for ap_done detected @ "127547465000"
// Interrupt Monitor : interrupt for ap_done detected @ "127955735000"
// Interrupt Monitor : interrupt for ap_done detected @ "128364005000"
// Interrupt Monitor : interrupt for ap_done detected @ "129922385000"
// Interrupt Monitor : interrupt for ap_done detected @ "130330655000"
// Interrupt Monitor : interrupt for ap_done detected @ "130738925000"
// Interrupt Monitor : interrupt for ap_done detected @ "131147195000"
// Interrupt Monitor : interrupt for ap_done detected @ "132712295000"
// Interrupt Monitor : interrupt for ap_done detected @ "133120565000"
// Interrupt Monitor : interrupt for ap_done detected @ "133528835000"
// Interrupt Monitor : interrupt for ap_done detected @ "133937105000"
// Interrupt Monitor : interrupt for ap_done detected @ "135459415000"
// Interrupt Monitor : interrupt for ap_done detected @ "135628215000"
// Interrupt Monitor : interrupt for ap_done detected @ "135797055000"
// Interrupt Monitor : interrupt for ap_done detected @ "135965965000"
// Interrupt Monitor : interrupt for ap_done detected @ "136768785000"
// Interrupt Monitor : interrupt for ap_done detected @ "136937585000"
// Interrupt Monitor : interrupt for ap_done detected @ "137106425000"
// Interrupt Monitor : interrupt for ap_done detected @ "137275335000"
// Interrupt Monitor : interrupt for ap_done detected @ "138066925000"
// Interrupt Monitor : interrupt for ap_done detected @ "159578765000"
MLKEM_ROW,1,3,42,8,118,4,0,7711993,4,1632,32,118792,117768,0,0,1024,0,0,0,0,0x0001a0b0
KECCAK_ROW,1,54,54,54,0,34149,4458,7440
// Interrupt Monitor : interrupt for ap_done detected @ "162182075000"
// Interrupt Monitor : interrupt for ap_done detected @ "162387325000"
// Interrupt Monitor : interrupt for ap_done detected @ "162795595000"
// Interrupt Monitor : interrupt for ap_done detected @ "163203865000"
// Interrupt Monitor : interrupt for ap_done detected @ "163612135000"
// Interrupt Monitor : interrupt for ap_done detected @ "165169815000"
// Interrupt Monitor : interrupt for ap_done detected @ "165578085000"
// Interrupt Monitor : interrupt for ap_done detected @ "165986355000"
// Interrupt Monitor : interrupt for ap_done detected @ "166394625000"
// Interrupt Monitor : interrupt for ap_done detected @ "167949515000"
// Interrupt Monitor : interrupt for ap_done detected @ "168357785000"
// Interrupt Monitor : interrupt for ap_done detected @ "168766055000"
// Interrupt Monitor : interrupt for ap_done detected @ "169174325000"
// Interrupt Monitor : interrupt for ap_done detected @ "170729855000"
// Interrupt Monitor : interrupt for ap_done detected @ "171138125000"
// Interrupt Monitor : interrupt for ap_done detected @ "171546395000"
// Interrupt Monitor : interrupt for ap_done detected @ "171954665000"
// Interrupt Monitor : interrupt for ap_done detected @ "173476415000"
// Interrupt Monitor : interrupt for ap_done detected @ "173645215000"
// Interrupt Monitor : interrupt for ap_done detected @ "173814055000"
// Interrupt Monitor : interrupt for ap_done detected @ "173982965000"
// Interrupt Monitor : interrupt for ap_done detected @ "174785785000"
// Interrupt Monitor : interrupt for ap_done detected @ "174954585000"
// Interrupt Monitor : interrupt for ap_done detected @ "175123425000"
// Interrupt Monitor : interrupt for ap_done detected @ "175292335000"
// Interrupt Monitor : interrupt for ap_done detected @ "193191005000"
// Interrupt Monitor : interrupt for ap_done detected @ "193941125000"
// Interrupt Monitor : interrupt for ap_done detected @ "203055995000"
// Interrupt Monitor : interrupt for ap_done detected @ "203772555000"
// Interrupt Monitor : interrupt for ap_done detected @ "204180825000"
// Interrupt Monitor : interrupt for ap_done detected @ "204589095000"
// Interrupt Monitor : interrupt for ap_done detected @ "204997365000"
// Interrupt Monitor : interrupt for ap_done detected @ "206556865000"
// Interrupt Monitor : interrupt for ap_done detected @ "206965135000"
// Interrupt Monitor : interrupt for ap_done detected @ "207373405000"
// Interrupt Monitor : interrupt for ap_done detected @ "207781675000"
// Interrupt Monitor : interrupt for ap_done detected @ "209334985000"
// Interrupt Monitor : interrupt for ap_done detected @ "209743255000"
// Interrupt Monitor : interrupt for ap_done detected @ "210151525000"
// Interrupt Monitor : interrupt for ap_done detected @ "210559795000"
// Interrupt Monitor : interrupt for ap_done detected @ "212117505000"
// Interrupt Monitor : interrupt for ap_done detected @ "212525775000"
// Interrupt Monitor : interrupt for ap_done detected @ "212934045000"
// Interrupt Monitor : interrupt for ap_done detected @ "213342315000"
// Interrupt Monitor : interrupt for ap_done detected @ "214861645000"
// Interrupt Monitor : interrupt for ap_done detected @ "215030445000"
// Interrupt Monitor : interrupt for ap_done detected @ "215199285000"
// Interrupt Monitor : interrupt for ap_done detected @ "215368195000"
// Interrupt Monitor : interrupt for ap_done detected @ "216171015000"
// Interrupt Monitor : interrupt for ap_done detected @ "216339815000"
// Interrupt Monitor : interrupt for ap_done detected @ "216508655000"
// Interrupt Monitor : interrupt for ap_done detected @ "216677565000"
// Interrupt Monitor : interrupt for ap_done detected @ "217469155000"
// Interrupt Monitor : interrupt for ap_done detected @ "238980995000"
MLKEM_ROW,2,3,42,8,119,4,0,7707971,4,1632,32,118792,117768,0,0,1024,0,0,0,0,0x0001a0b0
KECCAK_ROW,2,54,54,54,0,34149,4458,7440
// Interrupt Monitor : interrupt for ap_done detected @ "241584305000"
// Interrupt Monitor : interrupt for ap_done detected @ "241789555000"
// Interrupt Monitor : interrupt for ap_done detected @ "242197825000"
// Interrupt Monitor : interrupt for ap_done detected @ "242606095000"
// Interrupt Monitor : interrupt for ap_done detected @ "243014365000"
// Interrupt Monitor : interrupt for ap_done detected @ "244566345000"
// Interrupt Monitor : interrupt for ap_done detected @ "244974615000"
// Interrupt Monitor : interrupt for ap_done detected @ "245382885000"
// Interrupt Monitor : interrupt for ap_done detected @ "245791155000"
// Interrupt Monitor : interrupt for ap_done detected @ "247360005000"
// Interrupt Monitor : interrupt for ap_done detected @ "247768275000"
// Interrupt Monitor : interrupt for ap_done detected @ "248176545000"
// Interrupt Monitor : interrupt for ap_done detected @ "248584815000"
// Interrupt Monitor : interrupt for ap_done detected @ "250141045000"
// Interrupt Monitor : interrupt for ap_done detected @ "250549315000"
// Interrupt Monitor : interrupt for ap_done detected @ "250957585000"
// Interrupt Monitor : interrupt for ap_done detected @ "251365855000"
// Interrupt Monitor : interrupt for ap_done detected @ "252889165000"
// Interrupt Monitor : interrupt for ap_done detected @ "253057965000"
// Interrupt Monitor : interrupt for ap_done detected @ "253226805000"
// Interrupt Monitor : interrupt for ap_done detected @ "253395715000"
// Interrupt Monitor : interrupt for ap_done detected @ "254198535000"
// Interrupt Monitor : interrupt for ap_done detected @ "254367335000"
// Interrupt Monitor : interrupt for ap_done detected @ "254536175000"
// Interrupt Monitor : interrupt for ap_done detected @ "254705085000"
// Interrupt Monitor : interrupt for ap_done detected @ "272603755000"
// Interrupt Monitor : interrupt for ap_done detected @ "273353875000"
// Interrupt Monitor : interrupt for ap_done detected @ "282468745000"
// Interrupt Monitor : interrupt for ap_done detected @ "283185305000"
// Interrupt Monitor : interrupt for ap_done detected @ "283593575000"
// Interrupt Monitor : interrupt for ap_done detected @ "284001845000"
// Interrupt Monitor : interrupt for ap_done detected @ "284410115000"
// Interrupt Monitor : interrupt for ap_done detected @ "285975555000"
// Interrupt Monitor : interrupt for ap_done detected @ "286383825000"
// Interrupt Monitor : interrupt for ap_done detected @ "286792095000"
// Interrupt Monitor : interrupt for ap_done detected @ "287200365000"
// Interrupt Monitor : interrupt for ap_done detected @ "288748935000"
// Interrupt Monitor : interrupt for ap_done detected @ "289157205000"
// Interrupt Monitor : interrupt for ap_done detected @ "289565475000"
// Interrupt Monitor : interrupt for ap_done detected @ "289973745000"
// Interrupt Monitor : interrupt for ap_done detected @ "291530335000"
// Interrupt Monitor : interrupt for ap_done detected @ "291938605000"
// Interrupt Monitor : interrupt for ap_done detected @ "292346875000"
// Interrupt Monitor : interrupt for ap_done detected @ "292755145000"
// Interrupt Monitor : interrupt for ap_done detected @ "294284915000"
// Interrupt Monitor : interrupt for ap_done detected @ "294453715000"
// Interrupt Monitor : interrupt for ap_done detected @ "294622555000"
// Interrupt Monitor : interrupt for ap_done detected @ "294791465000"
// Interrupt Monitor : interrupt for ap_done detected @ "295594285000"
// Interrupt Monitor : interrupt for ap_done detected @ "295763085000"
// Interrupt Monitor : interrupt for ap_done detected @ "295931925000"
// Interrupt Monitor : interrupt for ap_done detected @ "296100835000"
// Interrupt Monitor : interrupt for ap_done detected @ "296892425000"
// Interrupt Monitor : interrupt for ap_done detected @ "318404265000"
MLKEM_ROW,3,3,42,8,120,4,0,7710075,4,1632,32,118792,117768,0,0,1024,0,0,0,0,0x0001a0b0
KECCAK_ROW,3,54,54,54,0,34149,4458,7440
// Interrupt Monitor : interrupt for ap_done detected @ "321007575000"
// Interrupt Monitor : interrupt for ap_done detected @ "321212825000"
// Interrupt Monitor : interrupt for ap_done detected @ "321621095000"
// Interrupt Monitor : interrupt for ap_done detected @ "322029365000"
// Interrupt Monitor : interrupt for ap_done detected @ "322437635000"
// Interrupt Monitor : interrupt for ap_done detected @ "324000815000"
// Interrupt Monitor : interrupt for ap_done detected @ "324409085000"
// Interrupt Monitor : interrupt for ap_done detected @ "324817355000"
// Interrupt Monitor : interrupt for ap_done detected @ "325225625000"
// Interrupt Monitor : interrupt for ap_done detected @ "326769375000"
// Interrupt Monitor : interrupt for ap_done detected @ "327177645000"
// Interrupt Monitor : interrupt for ap_done detected @ "327585915000"
// Interrupt Monitor : interrupt for ap_done detected @ "327994185000"
// Interrupt Monitor : interrupt for ap_done detected @ "329563335000"
// Interrupt Monitor : interrupt for ap_done detected @ "329971605000"
// Interrupt Monitor : interrupt for ap_done detected @ "330379875000"
// Interrupt Monitor : interrupt for ap_done detected @ "330788145000"
// Interrupt Monitor : interrupt for ap_done detected @ "332331535000"
// Interrupt Monitor : interrupt for ap_done detected @ "332500335000"
// Interrupt Monitor : interrupt for ap_done detected @ "332669175000"
// Interrupt Monitor : interrupt for ap_done detected @ "332838085000"
// Interrupt Monitor : interrupt for ap_done detected @ "333640905000"
// Interrupt Monitor : interrupt for ap_done detected @ "333809705000"
// Interrupt Monitor : interrupt for ap_done detected @ "333978545000"
// Interrupt Monitor : interrupt for ap_done detected @ "334147455000"
// Interrupt Monitor : interrupt for ap_done detected @ "352046125000"
// Interrupt Monitor : interrupt for ap_done detected @ "352796245000"
// Interrupt Monitor : interrupt for ap_done detected @ "361911115000"
// Interrupt Monitor : interrupt for ap_done detected @ "362627675000"
// Interrupt Monitor : interrupt for ap_done detected @ "363035945000"
// Interrupt Monitor : interrupt for ap_done detected @ "363444215000"
// Interrupt Monitor : interrupt for ap_done detected @ "363852485000"
// Interrupt Monitor : interrupt for ap_done detected @ "365419445000"
// Interrupt Monitor : interrupt for ap_done detected @ "365827715000"
// Interrupt Monitor : interrupt for ap_done detected @ "366235985000"
// Interrupt Monitor : interrupt for ap_done detected @ "366644255000"
// Interrupt Monitor : interrupt for ap_done detected @ "368203945000"
// Interrupt Monitor : interrupt for ap_done detected @ "368612215000"
// Interrupt Monitor : interrupt for ap_done detected @ "369020485000"
// Interrupt Monitor : interrupt for ap_done detected @ "369428755000"
// Interrupt Monitor : interrupt for ap_done detected @ "370990055000"
// Interrupt Monitor : interrupt for ap_done detected @ "371398325000"
// Interrupt Monitor : interrupt for ap_done detected @ "371806595000"
// Interrupt Monitor : interrupt for ap_done detected @ "372214865000"
// Interrupt Monitor : interrupt for ap_done detected @ "373746385000"
// Interrupt Monitor : interrupt for ap_done detected @ "373915185000"
// Interrupt Monitor : interrupt for ap_done detected @ "374084025000"
// Interrupt Monitor : interrupt for ap_done detected @ "374252935000"
// Interrupt Monitor : interrupt for ap_done detected @ "375055755000"
// Interrupt Monitor : interrupt for ap_done detected @ "375224555000"
// Interrupt Monitor : interrupt for ap_done detected @ "375393395000"
// Interrupt Monitor : interrupt for ap_done detected @ "375562305000"
// Interrupt Monitor : interrupt for ap_done detected @ "376353895000"
// Interrupt Monitor : interrupt for ap_done detected @ "397865735000"
MLKEM_ROW,4,3,42,8,121,4,0,7713895,4,1632,32,118792,117768,0,0,1024,0,0,0,0,0x0001a0b0
KECCAK_ROW,4,54,54,54,0,34149,4458,7440
// Interrupt Monitor : interrupt for ap_done detected @ "400469045000"
// Interrupt Monitor : interrupt for ap_done detected @ "400674295000"
// Interrupt Monitor : interrupt for ap_done detected @ "401082565000"
// Interrupt Monitor : interrupt for ap_done detected @ "401490835000"
// Interrupt Monitor : interrupt for ap_done detected @ "401899105000"
// Interrupt Monitor : interrupt for ap_done detected @ "403447375000"
// Interrupt Monitor : interrupt for ap_done detected @ "403855645000"
// Interrupt Monitor : interrupt for ap_done detected @ "404263915000"
// Interrupt Monitor : interrupt for ap_done detected @ "404672185000"
// Interrupt Monitor : interrupt for ap_done detected @ "406234805000"
// Interrupt Monitor : interrupt for ap_done detected @ "406643075000"
// Interrupt Monitor : interrupt for ap_done detected @ "407051345000"
// Interrupt Monitor : interrupt for ap_done detected @ "407459615000"
// Interrupt Monitor : interrupt for ap_done detected @ "409019015000"
// Interrupt Monitor : interrupt for ap_done detected @ "409427285000"
// Interrupt Monitor : interrupt for ap_done detected @ "409835555000"
// Interrupt Monitor : interrupt for ap_done detected @ "410243825000"
// Interrupt Monitor : interrupt for ap_done detected @ "411769385000"
// Interrupt Monitor : interrupt for ap_done detected @ "411938185000"
// Interrupt Monitor : interrupt for ap_done detected @ "412107025000"
// Interrupt Monitor : interrupt for ap_done detected @ "412275935000"
// Interrupt Monitor : interrupt for ap_done detected @ "413078755000"
// Interrupt Monitor : interrupt for ap_done detected @ "413247555000"
// Interrupt Monitor : interrupt for ap_done detected @ "413416395000"
// Interrupt Monitor : interrupt for ap_done detected @ "413585305000"
// Interrupt Monitor : interrupt for ap_done detected @ "431483975000"
// Interrupt Monitor : interrupt for ap_done detected @ "432234095000"
// Interrupt Monitor : interrupt for ap_done detected @ "441348965000"
// Interrupt Monitor : interrupt for ap_done detected @ "442065525000"
// Interrupt Monitor : interrupt for ap_done detected @ "442473795000"
// Interrupt Monitor : interrupt for ap_done detected @ "442882065000"
// Interrupt Monitor : interrupt for ap_done detected @ "443290335000"
// Interrupt Monitor : interrupt for ap_done detected @ "444846495000"
// Interrupt Monitor : interrupt for ap_done detected @ "445254765000"
// Interrupt Monitor : interrupt for ap_done detected @ "445663035000"
// Interrupt Monitor : interrupt for ap_done detected @ "446071305000"
// Interrupt Monitor : interrupt for ap_done detected @ "447616615000"
// Interrupt Monitor : interrupt for ap_done detected @ "448024885000"
// Interrupt Monitor : interrupt for ap_done detected @ "448433155000"
// Interrupt Monitor : interrupt for ap_done detected @ "448841425000"
// Interrupt Monitor : interrupt for ap_done detected @ "450422005000"
// Interrupt Monitor : interrupt for ap_done detected @ "450830275000"
// Interrupt Monitor : interrupt for ap_done detected @ "451238545000"
// Interrupt Monitor : interrupt for ap_done detected @ "451646815000"
// Interrupt Monitor : interrupt for ap_done detected @ "453160615000"
// Interrupt Monitor : interrupt for ap_done detected @ "453329415000"
// Interrupt Monitor : interrupt for ap_done detected @ "453498255000"
// Interrupt Monitor : interrupt for ap_done detected @ "453667165000"
// Interrupt Monitor : interrupt for ap_done detected @ "454469985000"
// Interrupt Monitor : interrupt for ap_done detected @ "454638785000"
// Interrupt Monitor : interrupt for ap_done detected @ "454807625000"
// Interrupt Monitor : interrupt for ap_done detected @ "454976535000"
// Interrupt Monitor : interrupt for ap_done detected @ "455768125000"
// Interrupt Monitor : interrupt for ap_done detected @ "477279965000"
MLKEM_ROW,5,3,42,8,122,4,0,7709171,4,1632,32,118792,117768,0,0,1024,0,0,0,0,0x0001a0b0
KECCAK_ROW,5,54,54,54,0,34149,4458,7440
// Interrupt Monitor : interrupt for ap_done detected @ "479883275000"
// Interrupt Monitor : interrupt for ap_done detected @ "480088525000"
// Interrupt Monitor : interrupt for ap_done detected @ "480496795000"
// Interrupt Monitor : interrupt for ap_done detected @ "480905065000"
// Interrupt Monitor : interrupt for ap_done detected @ "481313335000"
// Interrupt Monitor : interrupt for ap_done detected @ "482871715000"
// Interrupt Monitor : interrupt for ap_done detected @ "483279985000"
// Interrupt Monitor : interrupt for ap_done detected @ "483688255000"
// Interrupt Monitor : interrupt for ap_done detected @ "484096525000"
// Interrupt Monitor : interrupt for ap_done detected @ "485653405000"
// Interrupt Monitor : interrupt for ap_done detected @ "486061675000"
// Interrupt Monitor : interrupt for ap_done detected @ "486469945000"
// Interrupt Monitor : interrupt for ap_done detected @ "486878215000"
// Interrupt Monitor : interrupt for ap_done detected @ "488438975000"
// Interrupt Monitor : interrupt for ap_done detected @ "488847245000"
// Interrupt Monitor : interrupt for ap_done detected @ "489255515000"
// Interrupt Monitor : interrupt for ap_done detected @ "489663785000"
// Interrupt Monitor : interrupt for ap_done detected @ "491176545000"
// Interrupt Monitor : interrupt for ap_done detected @ "491345345000"
// Interrupt Monitor : interrupt for ap_done detected @ "491514185000"
// Interrupt Monitor : interrupt for ap_done detected @ "491683095000"
// Interrupt Monitor : interrupt for ap_done detected @ "492485915000"
// Interrupt Monitor : interrupt for ap_done detected @ "492654715000"
// Interrupt Monitor : interrupt for ap_done detected @ "492823555000"
// Interrupt Monitor : interrupt for ap_done detected @ "492992465000"
// Interrupt Monitor : interrupt for ap_done detected @ "510891135000"
// Interrupt Monitor : interrupt for ap_done detected @ "511641255000"
// Interrupt Monitor : interrupt for ap_done detected @ "520756125000"
// Interrupt Monitor : interrupt for ap_done detected @ "521472685000"
// Interrupt Monitor : interrupt for ap_done detected @ "521880955000"
// Interrupt Monitor : interrupt for ap_done detected @ "522289225000"
// Interrupt Monitor : interrupt for ap_done detected @ "522697495000"
// Interrupt Monitor : interrupt for ap_done detected @ "524255115000"
// Interrupt Monitor : interrupt for ap_done detected @ "524663385000"
// Interrupt Monitor : interrupt for ap_done detected @ "525071655000"
// Interrupt Monitor : interrupt for ap_done detected @ "525479925000"
// Interrupt Monitor : interrupt for ap_done detected @ "527046985000"
// Interrupt Monitor : interrupt for ap_done detected @ "527455255000"
// Interrupt Monitor : interrupt for ap_done detected @ "527863525000"
// Interrupt Monitor : interrupt for ap_done detected @ "528271795000"
// Interrupt Monitor : interrupt for ap_done detected @ "529818955000"
// Interrupt Monitor : interrupt for ap_done detected @ "530227225000"
// Interrupt Monitor : interrupt for ap_done detected @ "530635495000"
// Interrupt Monitor : interrupt for ap_done detected @ "531043765000"
// Interrupt Monitor : interrupt for ap_done detected @ "532560705000"
// Interrupt Monitor : interrupt for ap_done detected @ "532729505000"
// Interrupt Monitor : interrupt for ap_done detected @ "532898345000"
// Interrupt Monitor : interrupt for ap_done detected @ "533067255000"
// Interrupt Monitor : interrupt for ap_done detected @ "533870075000"
// Interrupt Monitor : interrupt for ap_done detected @ "534038875000"
// Interrupt Monitor : interrupt for ap_done detected @ "534207715000"
// Interrupt Monitor : interrupt for ap_done detected @ "534376625000"
// Interrupt Monitor : interrupt for ap_done detected @ "535168215000"
// Interrupt Monitor : interrupt for ap_done detected @ "556680055000"
MLKEM_ROW,6,3,42,8,123,4,0,7707757,4,1632,32,118792,117768,0,0,1024,0,0,0,0,0x0001a0b0
KECCAK_ROW,6,54,54,54,0,34149,4458,7440
// Interrupt Monitor : interrupt for ap_done detected @ "559283365000"
// Interrupt Monitor : interrupt for ap_done detected @ "559488615000"
// Interrupt Monitor : interrupt for ap_done detected @ "559896885000"
// Interrupt Monitor : interrupt for ap_done detected @ "560305155000"
// Interrupt Monitor : interrupt for ap_done detected @ "560713425000"
// Interrupt Monitor : interrupt for ap_done detected @ "562278265000"
// Interrupt Monitor : interrupt for ap_done detected @ "562686535000"
// Interrupt Monitor : interrupt for ap_done detected @ "563094805000"
// Interrupt Monitor : interrupt for ap_done detected @ "563503075000"
// Interrupt Monitor : interrupt for ap_done detected @ "565065035000"
// Interrupt Monitor : interrupt for ap_done detected @ "565473305000"
// Interrupt Monitor : interrupt for ap_done detected @ "565881575000"
// Interrupt Monitor : interrupt for ap_done detected @ "566289845000"
// Interrupt Monitor : interrupt for ap_done detected @ "567854565000"
// Interrupt Monitor : interrupt for ap_done detected @ "568262835000"
// Interrupt Monitor : interrupt for ap_done detected @ "568671105000"
// Interrupt Monitor : interrupt for ap_done detected @ "569079375000"
// Interrupt Monitor : interrupt for ap_done detected @ "570584515000"
// Interrupt Monitor : interrupt for ap_done detected @ "570753315000"
// Interrupt Monitor : interrupt for ap_done detected @ "570922155000"
// Interrupt Monitor : interrupt for ap_done detected @ "571091065000"
// Interrupt Monitor : interrupt for ap_done detected @ "571893885000"
// Interrupt Monitor : interrupt for ap_done detected @ "572062685000"
// Interrupt Monitor : interrupt for ap_done detected @ "572231525000"
// Interrupt Monitor : interrupt for ap_done detected @ "572400435000"
// Interrupt Monitor : interrupt for ap_done detected @ "590299105000"
// Interrupt Monitor : interrupt for ap_done detected @ "591049225000"
// Interrupt Monitor : interrupt for ap_done detected @ "600164095000"
// Interrupt Monitor : interrupt for ap_done detected @ "600880655000"
// Interrupt Monitor : interrupt for ap_done detected @ "601288925000"
// Interrupt Monitor : interrupt for ap_done detected @ "601697195000"
// Interrupt Monitor : interrupt for ap_done detected @ "602105465000"
// Interrupt Monitor : interrupt for ap_done detected @ "603676245000"
// Interrupt Monitor : interrupt for ap_done detected @ "604084515000"
// Interrupt Monitor : interrupt for ap_done detected @ "604492785000"
// Interrupt Monitor : interrupt for ap_done detected @ "604901055000"
// Interrupt Monitor : interrupt for ap_done detected @ "606451055000"
// Interrupt Monitor : interrupt for ap_done detected @ "606859325000"
// Interrupt Monitor : interrupt for ap_done detected @ "607267595000"
// Interrupt Monitor : interrupt for ap_done detected @ "607675865000"
// Interrupt Monitor : interrupt for ap_done detected @ "609233775000"
// Interrupt Monitor : interrupt for ap_done detected @ "609642045000"
// Interrupt Monitor : interrupt for ap_done detected @ "610050315000"
// Interrupt Monitor : interrupt for ap_done detected @ "610458585000"
// Interrupt Monitor : interrupt for ap_done detected @ "611976555000"
// Interrupt Monitor : interrupt for ap_done detected @ "612145355000"
// Interrupt Monitor : interrupt for ap_done detected @ "612314195000"
// Interrupt Monitor : interrupt for ap_done detected @ "612483105000"
// Interrupt Monitor : interrupt for ap_done detected @ "613285925000"
// Interrupt Monitor : interrupt for ap_done detected @ "613454725000"
// Interrupt Monitor : interrupt for ap_done detected @ "613623565000"
// Interrupt Monitor : interrupt for ap_done detected @ "613792475000"
// Interrupt Monitor : interrupt for ap_done detected @ "614584065000"
// Interrupt Monitor : interrupt for ap_done detected @ "636095905000"
MLKEM_ROW,7,3,42,8,124,4,0,7709333,4,1632,32,118792,117768,0,0,1024,0,0,0,0,0x0001a0b0
KECCAK_ROW,7,54,54,54,0,34149,4458,7440
MLKEM_PASS cases=8 input_bytes=13056 output_bytes=256 cpu_mul=1 cpu_fast_mul=1 cpu_div=1 expect_m=1 cycles=63634384 all_m=950336 min_sp=0x0001a0b0 stack_used=24384
KECCAK_PASS cases=8 starts=432 done=432 hash=432 squeeze=0
$finish called at time : 636344155 ns : File "E:/hls/k4kat/20260927_184823_252111/snapshot/tb/tb_mlkem1024_keccak_kat.sv" Line 357
INFO: xsimkernel Simulation Memory Usage: 32292 KB (Peak: 32292 KB), Simulation CPU Usage: 699578 ms
