Time resolution is 1 ps
MLKEM512_HEADER,index,dataset,vsId,tgId,tcId,op,return_code,raw_cycles,empty_cycles,input_bytes,output_bytes,m_total,mul,mulh,mulhsu,mulhu,div,divu,rem,remu,min_sp
MLKEM512_START cases=8 ram_bytes=65536 stack_bytes=16384 clock_mhz=100 mul=1 fast_mul=1 div=1 expect_m=1
ACCEL_METRICS index=0 starts=4 done=4 loads=2560 reads=512 core_cycles=544 load_cycles=169468 read_cycles=23372
MLKEM512_ROW,0,3,42,5,89,3,0,6994620,4,2400,32,37632,37120,0,0,512,0,0,0,0,0x0000cd70
ACCEL_METRICS index=1 starts=4 done=4 loads=2560 reads=512 core_cycles=544 load_cycles=169468 read_cycles=23372
MLKEM512_ROW,1,3,42,5,90,3,0,6995897,4,2400,32,37632,37120,0,0,512,0,0,0,0,0x0000cd70
ACCEL_METRICS index=2 starts=4 done=4 loads=2560 reads=512 core_cycles=544 load_cycles=169468 read_cycles=23372
MLKEM512_ROW,2,3,42,5,91,3,0,6994746,4,2400,32,37632,37120,0,0,512,0,0,0,0,0x0000cd70
ACCEL_METRICS index=3 starts=4 done=4 loads=2560 reads=512 core_cycles=544 load_cycles=169468 read_cycles=23372
MLKEM512_ROW,3,3,42,5,92,3,0,6993646,4,2400,32,37632,37120,0,0,512,0,0,0,0,0x0000cd70
ACCEL_METRICS index=4 starts=4 done=4 loads=2560 reads=512 core_cycles=544 load_cycles=169468 read_cycles=23372
MLKEM512_ROW,4,3,42,5,93,3,0,6996815,4,2400,32,37632,37120,0,0,512,0,0,0,0,0x0000cd70
ACCEL_METRICS index=5 starts=4 done=4 loads=2560 reads=512 core_cycles=544 load_cycles=169468 read_cycles=23372
MLKEM512_ROW,5,3,42,5,94,3,0,6995555,4,2400,32,37632,37120,0,0,512,0,0,0,0,0x0000cd70
ACCEL_METRICS index=6 starts=4 done=4 loads=2560 reads=512 core_cycles=544 load_cycles=169468 read_cycles=23372
MLKEM512_ROW,6,3,42,5,95,3,0,6995107,4,2400,32,37632,37120,0,0,512,0,0,0,0,0x0000cd70
ACCEL_METRICS index=7 starts=0 done=0 loads=0 reads=0 core_cycles=0 load_cycles=0 read_cycles=0
MLKEM512_ROW,7,3,42,10,136,6,0,941441,4,1632,0,0,0,0,0,0,0,0,0,0,0x0000fc70
MLKEM512_PASS cases=8 input_bytes=18432 output_bytes=224 cpu_mul=1 cpu_fast_mul=1 cpu_div=1 expect_m=1 cycles=51802851 all_m=263424 min_sp=0x0000cd70 stack_used=12928
$finish called at time : 518028825 ns : File "E:/pqc/mlkem-polymul-rv32i-fpga/tb/accelerator/tb_mlkem512_kat_accel.sv" Line 333
INFO: xsimkernel Simulation Memory Usage: 31312 KB (Peak: 31312 KB), Simulation CPU Usage: 760218 ms
