Time resolution is 1 ps
MLKEM512_HEADER,index,dataset,vsId,tgId,tcId,op,return_code,raw_cycles,empty_cycles,input_bytes,output_bytes,m_total,mul,mulh,mulhsu,mulhu,div,divu,rem,remu,min_sp
MLKEM512_START cases=8 ram_bytes=65536 stack_bytes=16384 clock_mhz=100 mul=1 fast_mul=1 div=1 expect_m=1
ACCEL_METRICS index=0 starts=3 done=3 loads=1920 reads=384 core_cycles=408 load_cycles=127101 read_cycles=17529
MLKEM512_ROW,0,3,42,1,22,2,0,5574453,4,832,800,25728,25216,0,0,512,0,0,0,0,0x0000d0a0
ACCEL_METRICS index=1 starts=3 done=3 loads=1920 reads=384 core_cycles=408 load_cycles=127101 read_cycles=17529
MLKEM512_ROW,1,3,42,1,23,2,0,5573813,4,832,800,25728,25216,0,0,512,0,0,0,0,0x0000d0a0
ACCEL_METRICS index=2 starts=3 done=3 loads=1920 reads=384 core_cycles=408 load_cycles=127101 read_cycles=17529
MLKEM512_ROW,2,3,42,1,24,2,0,5574390,4,832,800,25728,25216,0,0,512,0,0,0,0,0x0000d0a0
ACCEL_METRICS index=3 starts=3 done=3 loads=1920 reads=384 core_cycles=408 load_cycles=127101 read_cycles=17529
MLKEM512_ROW,3,3,42,1,25,2,0,5574883,4,832,800,25728,25216,0,0,512,0,0,0,0,0x0000d0a0
ACCEL_METRICS index=4 starts=6 done=6 loads=3840 reads=768 core_cycles=816 load_cycles=254202 read_cycles=35058
MLKEM512_ROW,4,3,42,4,77,4,0,12212936,4,832,32,52736,52224,0,0,512,0,0,0,0,0x0000cd70
ACCEL_METRICS index=5 starts=6 done=6 loads=3840 reads=768 core_cycles=816 load_cycles=254202 read_cycles=35058
MLKEM512_ROW,5,3,42,4,78,4,0,12217538,4,832,32,52736,52224,0,0,512,0,0,0,0,0x0000cd70
ACCEL_METRICS index=6 starts=6 done=6 loads=3840 reads=768 core_cycles=816 load_cycles=254202 read_cycles=35058
MLKEM512_ROW,6,3,42,4,79,4,0,12220872,4,832,32,52736,52224,0,0,512,0,0,0,0,0x0000cd70
ACCEL_METRICS index=7 starts=6 done=6 loads=3840 reads=768 core_cycles=816 load_cycles=254202 read_cycles=35058
MLKEM512_ROW,7,3,42,4,80,4,0,12221920,4,832,32,52736,52224,0,0,512,0,0,0,0,0x0000cd70
MLKEM512_PASS cases=8 input_bytes=6656 output_bytes=3328 cpu_mul=1 cpu_fast_mul=1 cpu_div=1 expect_m=1 cycles=72313823 all_m=313856 min_sp=0x0000cd70 stack_used=12928
$finish called at time : 723138545 ns : File "E:/pqc/mlkem-polymul-rv32i-fpga/tb/accelerator/tb_mlkem512_kat_accel.sv" Line 333
INFO: xsimkernel Simulation Memory Usage: 31320 KB (Peak: 31320 KB), Simulation CPU Usage: 848890 ms
