Copyright 1986-2022 Xilinx, Inc. All Rights Reserved. Copyright 2022-2024 Advanced Micro Devices, Inc. All Rights Reserved.
---------------------------------------------------------------------------------------------------------------------------------------------
| Tool Version : Vivado v.2024.2 (win64) Build 5239630 Fri Nov 08 22:35:27 MST 2024
| Date         : Fri Sep 25 19:47:36 2026
| Host         : DESKTOP-H0SRFHK running 64-bit major release  (build 9200)
| Command      : report_drc -file E:/pqc/mlkem-polymul-rv32i-fpga/results/accelerator_interface/vivado_impl/drc.rpt
| Design       : mlkem512_basemul_k2_pynqz2_top
| Device       : xc7z020clg400-1
| Speed File   : -1
| Design State : Fully Routed
---------------------------------------------------------------------------------------------------------------------------------------------

Report DRC

Table of Contents
-----------------
1. REPORT SUMMARY
2. REPORT DETAILS

1. REPORT SUMMARY
-----------------
            Netlist: netlist
          Floorplan: impl_1
      Design limits: <entire design considered>
           Ruledeck: default
             Max checks: <unlimited>
             Checks found: 27
+-----------+----------+----------------------------+--------+
| Rule      | Severity | Description                | Checks |
+-----------+----------+----------------------------+--------+
| CHECK-3   | Warning  | Report rule limit reached  | 1      |
| DPOP-1    | Warning  | PREG Output pipelining     | 2      |
| DPOP-2    | Warning  | MREG Output pipelining     | 2      |
| PDRC-134  | Warning  | SLICE_PairEqSame_B6B5_WARN | 1      |
| REQP-1840 | Warning  | RAMB18 async control check | 20     |
| ZPS7-1    | Warning  | PS7 block required         | 1      |
+-----------+----------+----------------------------+--------+

2. REPORT DETAILS
-----------------
CHECK-3#1 Warning
Report rule limit reached  
REQP-1840 rule limit reached: 20 violations have been found.
Related violations: <none>

DPOP-1#1 Warning
PREG Output pipelining  
DSP bist_i/adapter_i/hls_core/mul_16s_13s_16_1_1_U5/tmp_product output bist_i/adapter_i/hls_core/mul_16s_13s_16_1_1_U5/tmp_product/P[47:0] is not pipelined (PREG=0). Pipelining the DSP48 output will improve performance and often saves power so it is suggested whenever possible to fully pipeline this function.  If this DSP48 function was inferred, it is suggested to describe an additional register stage after this function.  If the DSP48 was instantiated in the design, it is suggested to set the PREG attribute to 1.
Related violations: <none>

DPOP-1#2 Warning
PREG Output pipelining  
DSP bist_i/adapter_i/hls_core/mul_16s_13s_16_1_1_U6/tmp_product output bist_i/adapter_i/hls_core/mul_16s_13s_16_1_1_U6/tmp_product/P[47:0] is not pipelined (PREG=0). Pipelining the DSP48 output will improve performance and often saves power so it is suggested whenever possible to fully pipeline this function.  If this DSP48 function was inferred, it is suggested to describe an additional register stage after this function.  If the DSP48 was instantiated in the design, it is suggested to set the PREG attribute to 1.
Related violations: <none>

DPOP-2#1 Warning
MREG Output pipelining  
DSP bist_i/adapter_i/hls_core/mul_16s_13s_16_1_1_U5/tmp_product multiplier stage bist_i/adapter_i/hls_core/mul_16s_13s_16_1_1_U5/tmp_product/P[47:0] is not pipelined (MREG=0). Pipelining the multiplier function will improve performance and will save significant power so it is suggested whenever possible to fully pipeline this function.  If this multiplier was inferred, it is suggested to describe an additional register stage after this function.  If there is no registered adder/accumulator following the multiply function, two pipeline stages are suggested to allow both the MREG and PREG registers to be used.  If the DSP48 was instantiated in the design, it is suggested to set both the MREG and PREG attributes to 1 when performing multiply functions.
Related violations: <none>

DPOP-2#2 Warning
MREG Output pipelining  
DSP bist_i/adapter_i/hls_core/mul_16s_13s_16_1_1_U6/tmp_product multiplier stage bist_i/adapter_i/hls_core/mul_16s_13s_16_1_1_U6/tmp_product/P[47:0] is not pipelined (MREG=0). Pipelining the multiplier function will improve performance and will save significant power so it is suggested whenever possible to fully pipeline this function.  If this multiplier was inferred, it is suggested to describe an additional register stage after this function.  If there is no registered adder/accumulator following the multiply function, two pipeline stages are suggested to allow both the MREG and PREG registers to be used.  If the DSP48 was instantiated in the design, it is suggested to set both the MREG and PREG attributes to 1 when performing multiply functions.
Related violations: <none>

PDRC-134#1 Warning
SLICE_PairEqSame_B6B5_WARN  
Luts B6LUT and B5LUT in use in site SLICE_X93Y21 with different equations without A6 pin connected to Global Logic High.
Related violations: <none>

REQP-1840#1 Warning
RAMB18 async control check  
The RAMB18E1 bist_i/adapter_i/a_0_bram/mem_reg has an input control pin bist_i/adapter_i/a_0_bram/mem_reg/ENARDEN (net: bist_i/adapter_i/a_0_bram/mem_reg_i_1__5_n_0) which is driven by a register (reset_sync_reg[3]) that has an active asychronous set or reset. This may cause corruption of the memory contents and/or read values when the set/reset is asserted and is not analyzed by the default static timing analysis. It is suggested to eliminate the use of a set/reset to registers driving this RAMB pin or else use a synchronous reset in which the assertion of the reset is timed by default.
Related violations: <none>

REQP-1840#2 Warning
RAMB18 async control check  
The RAMB18E1 bist_i/adapter_i/a_0_bram/mem_reg has an input control pin bist_i/adapter_i/a_0_bram/mem_reg/ENBWREN (net: bist_i/adapter_i/a_0_bram/mem_reg_i_1__5_n_0) which is driven by a register (reset_sync_reg[3]) that has an active asychronous set or reset. This may cause corruption of the memory contents and/or read values when the set/reset is asserted and is not analyzed by the default static timing analysis. It is suggested to eliminate the use of a set/reset to registers driving this RAMB pin or else use a synchronous reset in which the assertion of the reset is timed by default.
Related violations: <none>

REQP-1840#3 Warning
RAMB18 async control check  
The RAMB18E1 bist_i/adapter_i/a_0_bram/mem_reg has an input control pin bist_i/adapter_i/a_0_bram/mem_reg/WEA[0] (net: bist_i/adapter_i/a_0_bram/mem_reg_i_42_n_0) which is driven by a register (reset_sync_reg[3]) that has an active asychronous set or reset. This may cause corruption of the memory contents and/or read values when the set/reset is asserted and is not analyzed by the default static timing analysis. It is suggested to eliminate the use of a set/reset to registers driving this RAMB pin or else use a synchronous reset in which the assertion of the reset is timed by default.
Related violations: <none>

REQP-1840#4 Warning
RAMB18 async control check  
The RAMB18E1 bist_i/adapter_i/a_0_bram/mem_reg has an input control pin bist_i/adapter_i/a_0_bram/mem_reg/WEA[1] (net: bist_i/adapter_i/a_0_bram/mem_reg_i_42_n_0) which is driven by a register (reset_sync_reg[3]) that has an active asychronous set or reset. This may cause corruption of the memory contents and/or read values when the set/reset is asserted and is not analyzed by the default static timing analysis. It is suggested to eliminate the use of a set/reset to registers driving this RAMB pin or else use a synchronous reset in which the assertion of the reset is timed by default.
Related violations: <none>

REQP-1840#5 Warning
RAMB18 async control check  
The RAMB18E1 bist_i/adapter_i/a_0_bram/mem_reg has an input control pin bist_i/adapter_i/a_0_bram/mem_reg/WEBWE[0] (net: bist_i/adapter_i/a_0_bram/mem_reg_i_42_n_0) which is driven by a register (reset_sync_reg[3]) that has an active asychronous set or reset. This may cause corruption of the memory contents and/or read values when the set/reset is asserted and is not analyzed by the default static timing analysis. It is suggested to eliminate the use of a set/reset to registers driving this RAMB pin or else use a synchronous reset in which the assertion of the reset is timed by default.
Related violations: <none>

REQP-1840#6 Warning
RAMB18 async control check  
The RAMB18E1 bist_i/adapter_i/a_0_bram/mem_reg has an input control pin bist_i/adapter_i/a_0_bram/mem_reg/WEBWE[1] (net: bist_i/adapter_i/a_0_bram/mem_reg_i_42_n_0) which is driven by a register (reset_sync_reg[3]) that has an active asychronous set or reset. This may cause corruption of the memory contents and/or read values when the set/reset is asserted and is not analyzed by the default static timing analysis. It is suggested to eliminate the use of a set/reset to registers driving this RAMB pin or else use a synchronous reset in which the assertion of the reset is timed by default.
Related violations: <none>

REQP-1840#7 Warning
RAMB18 async control check  
The RAMB18E1 bist_i/adapter_i/b_1_bram/mem_reg has an input control pin bist_i/adapter_i/b_1_bram/mem_reg/ENARDEN (net: bist_i/adapter_i/b_1_bram/mem_reg_i_1__2_n_0) which is driven by a register (reset_sync_reg[3]) that has an active asychronous set or reset. This may cause corruption of the memory contents and/or read values when the set/reset is asserted and is not analyzed by the default static timing analysis. It is suggested to eliminate the use of a set/reset to registers driving this RAMB pin or else use a synchronous reset in which the assertion of the reset is timed by default.
Related violations: <none>

REQP-1840#8 Warning
RAMB18 async control check  
The RAMB18E1 bist_i/adapter_i/b_1_bram/mem_reg has an input control pin bist_i/adapter_i/b_1_bram/mem_reg/ENBWREN (net: bist_i/adapter_i/b_1_bram/mem_reg_i_1__2_n_0) which is driven by a register (reset_sync_reg[3]) that has an active asychronous set or reset. This may cause corruption of the memory contents and/or read values when the set/reset is asserted and is not analyzed by the default static timing analysis. It is suggested to eliminate the use of a set/reset to registers driving this RAMB pin or else use a synchronous reset in which the assertion of the reset is timed by default.
Related violations: <none>

REQP-1840#9 Warning
RAMB18 async control check  
The RAMB18E1 bist_i/adapter_i/b_1_bram/mem_reg has an input control pin bist_i/adapter_i/b_1_bram/mem_reg/WEA[0] (net: bist_i/adapter_i/b_1_bram/mem_reg_i_18__1_n_0) which is driven by a register (reset_sync_reg[3]) that has an active asychronous set or reset. This may cause corruption of the memory contents and/or read values when the set/reset is asserted and is not analyzed by the default static timing analysis. It is suggested to eliminate the use of a set/reset to registers driving this RAMB pin or else use a synchronous reset in which the assertion of the reset is timed by default.
Related violations: <none>

REQP-1840#10 Warning
RAMB18 async control check  
The RAMB18E1 bist_i/adapter_i/b_1_bram/mem_reg has an input control pin bist_i/adapter_i/b_1_bram/mem_reg/WEA[1] (net: bist_i/adapter_i/b_1_bram/mem_reg_i_18__1_n_0) which is driven by a register (reset_sync_reg[3]) that has an active asychronous set or reset. This may cause corruption of the memory contents and/or read values when the set/reset is asserted and is not analyzed by the default static timing analysis. It is suggested to eliminate the use of a set/reset to registers driving this RAMB pin or else use a synchronous reset in which the assertion of the reset is timed by default.
Related violations: <none>

REQP-1840#11 Warning
RAMB18 async control check  
The RAMB18E1 bist_i/adapter_i/b_1_bram/mem_reg has an input control pin bist_i/adapter_i/b_1_bram/mem_reg/WEBWE[0] (net: bist_i/adapter_i/b_1_bram/mem_reg_i_18__1_n_0) which is driven by a register (reset_sync_reg[3]) that has an active asychronous set or reset. This may cause corruption of the memory contents and/or read values when the set/reset is asserted and is not analyzed by the default static timing analysis. It is suggested to eliminate the use of a set/reset to registers driving this RAMB pin or else use a synchronous reset in which the assertion of the reset is timed by default.
Related violations: <none>

REQP-1840#12 Warning
RAMB18 async control check  
The RAMB18E1 bist_i/adapter_i/b_1_bram/mem_reg has an input control pin bist_i/adapter_i/b_1_bram/mem_reg/WEBWE[1] (net: bist_i/adapter_i/b_1_bram/mem_reg_i_18__1_n_0) which is driven by a register (reset_sync_reg[3]) that has an active asychronous set or reset. This may cause corruption of the memory contents and/or read values when the set/reset is asserted and is not analyzed by the default static timing analysis. It is suggested to eliminate the use of a set/reset to registers driving this RAMB pin or else use a synchronous reset in which the assertion of the reset is timed by default.
Related violations: <none>

REQP-1840#13 Warning
RAMB18 async control check  
The RAMB18E1 bist_i/adapter_i/b_cache_1_bram/mem_reg has an input control pin bist_i/adapter_i/b_cache_1_bram/mem_reg/ENARDEN (net: bist_i/adapter_i/b_cache_1_bram/en1032_out) which is driven by a register (reset_sync_reg[3]) that has an active asychronous set or reset. This may cause corruption of the memory contents and/or read values when the set/reset is asserted and is not analyzed by the default static timing analysis. It is suggested to eliminate the use of a set/reset to registers driving this RAMB pin or else use a synchronous reset in which the assertion of the reset is timed by default.
Related violations: <none>

REQP-1840#14 Warning
RAMB18 async control check  
The RAMB18E1 bist_i/adapter_i/b_cache_1_bram/mem_reg has an input control pin bist_i/adapter_i/b_cache_1_bram/mem_reg/ENBWREN (net: bist_i/adapter_i/b_cache_1_bram/mem_reg_i_2__0_n_0) which is driven by a register (reset_sync_reg[3]) that has an active asychronous set or reset. This may cause corruption of the memory contents and/or read values when the set/reset is asserted and is not analyzed by the default static timing analysis. It is suggested to eliminate the use of a set/reset to registers driving this RAMB pin or else use a synchronous reset in which the assertion of the reset is timed by default.
Related violations: <none>

REQP-1840#15 Warning
RAMB18 async control check  
The RAMB18E1 bist_i/adapter_i/b_cache_1_bram/mem_reg has an input control pin bist_i/adapter_i/b_cache_1_bram/mem_reg/WEA[0] (net: bist_i/adapter_i/b_cache_1_bram/mem_reg_i_19__0_n_0) which is driven by a register (reset_sync_reg[3]) that has an active asychronous set or reset. This may cause corruption of the memory contents and/or read values when the set/reset is asserted and is not analyzed by the default static timing analysis. It is suggested to eliminate the use of a set/reset to registers driving this RAMB pin or else use a synchronous reset in which the assertion of the reset is timed by default.
Related violations: <none>

REQP-1840#16 Warning
RAMB18 async control check  
The RAMB18E1 bist_i/adapter_i/b_cache_1_bram/mem_reg has an input control pin bist_i/adapter_i/b_cache_1_bram/mem_reg/WEA[1] (net: bist_i/adapter_i/b_cache_1_bram/mem_reg_i_19__0_n_0) which is driven by a register (reset_sync_reg[3]) that has an active asychronous set or reset. This may cause corruption of the memory contents and/or read values when the set/reset is asserted and is not analyzed by the default static timing analysis. It is suggested to eliminate the use of a set/reset to registers driving this RAMB pin or else use a synchronous reset in which the assertion of the reset is timed by default.
Related violations: <none>

REQP-1840#17 Warning
RAMB18 async control check  
The RAMB18E1 bist_i/adapter_i/b_cache_1_bram/mem_reg has an input control pin bist_i/adapter_i/b_cache_1_bram/mem_reg/WEBWE[0] (net: bist_i/adapter_i/b_cache_1_bram/mem_reg_i_19__0_n_0) which is driven by a register (reset_sync_reg[3]) that has an active asychronous set or reset. This may cause corruption of the memory contents and/or read values when the set/reset is asserted and is not analyzed by the default static timing analysis. It is suggested to eliminate the use of a set/reset to registers driving this RAMB pin or else use a synchronous reset in which the assertion of the reset is timed by default.
Related violations: <none>

REQP-1840#18 Warning
RAMB18 async control check  
The RAMB18E1 bist_i/adapter_i/b_cache_1_bram/mem_reg has an input control pin bist_i/adapter_i/b_cache_1_bram/mem_reg/WEBWE[1] (net: bist_i/adapter_i/b_cache_1_bram/mem_reg_i_19__0_n_0) which is driven by a register (reset_sync_reg[3]) that has an active asychronous set or reset. This may cause corruption of the memory contents and/or read values when the set/reset is asserted and is not analyzed by the default static timing analysis. It is suggested to eliminate the use of a set/reset to registers driving this RAMB pin or else use a synchronous reset in which the assertion of the reset is timed by default.
Related violations: <none>

REQP-1840#19 Warning
RAMB18 async control check  
The RAMB18E1 bist_i/adapter_i/result_bram/mem_reg has an input control pin bist_i/adapter_i/result_bram/mem_reg/ENARDEN (net: bist_i/adapter_i/result_bram/mem_reg_29) which is driven by a register (reset_sync_reg[3]) that has an active asychronous set or reset. This may cause corruption of the memory contents and/or read values when the set/reset is asserted and is not analyzed by the default static timing analysis. It is suggested to eliminate the use of a set/reset to registers driving this RAMB pin or else use a synchronous reset in which the assertion of the reset is timed by default.
Related violations: <none>

REQP-1840#20 Warning
RAMB18 async control check  
The RAMB18E1 bist_i/adapter_i/result_bram/mem_reg has an input control pin bist_i/adapter_i/result_bram/mem_reg/ENBWREN (net: bist_i/adapter_i/result_bram/mem_reg_29) which is driven by a register (reset_sync_reg[3]) that has an active asychronous set or reset. This may cause corruption of the memory contents and/or read values when the set/reset is asserted and is not analyzed by the default static timing analysis. It is suggested to eliminate the use of a set/reset to registers driving this RAMB pin or else use a synchronous reset in which the assertion of the reset is timed by default.
Related violations: <none>

ZPS7-1#1 Warning
PS7 block required  
The PS7 cell must be used in this Zynq design in order to enable correct default configuration.
Related violations: <none>


