Time resolution is 1 ps
MLKEM512_HEADER,index,dataset,vsId,tgId,tcId,op,return_code,raw_cycles,empty_cycles,input_bytes,output_bytes,m_total,mul,mulh,mulhsu,mulhu,div,divu,rem,remu,min_sp
MLKEM512_START cases=8 ram_bytes=65536 stack_bytes=16384 clock_mhz=100 mul=1 fast_mul=1 div=1 expect_m=1
ACCEL_METRICS index=0 starts=3 done=3 loads=1920 reads=384 core_cycles=408 load_cycles=127101 read_cycles=17529
MLKEM512_ROW,0,2,42,1,24,2,0,5574298,4,832,800,25728,25216,0,0,512,0,0,0,0,0x0000d0a0
ACCEL_METRICS index=1 starts=3 done=3 loads=1920 reads=384 core_cycles=408 load_cycles=127101 read_cycles=17529
MLKEM512_ROW,1,2,42,1,25,2,0,5574791,4,832,800,25728,25216,0,0,512,0,0,0,0,0x0000d0a0
ACCEL_METRICS index=2 starts=4 done=4 loads=2560 reads=512 core_cycles=544 load_cycles=169468 read_cycles=23372
MLKEM512_ROW,2,2,42,4,77,3,0,6993055,4,2400,32,37632,37120,0,0,512,0,0,0,0,0x0000cd70
ACCEL_METRICS index=3 starts=4 done=4 loads=2560 reads=512 core_cycles=544 load_cycles=169468 read_cycles=23372
MLKEM512_ROW,3,2,42,4,78,3,0,6996579,4,2400,32,37632,37120,0,0,512,0,0,0,0,0x0000cd70
ACCEL_METRICS index=4 starts=4 done=4 loads=2560 reads=512 core_cycles=544 load_cycles=169468 read_cycles=23372
MLKEM512_ROW,4,2,42,4,79,3,0,6995428,4,2400,32,37632,37120,0,0,512,0,0,0,0,0x0000cd70
ACCEL_METRICS index=5 starts=4 done=4 loads=2560 reads=512 core_cycles=544 load_cycles=169468 read_cycles=23372
MLKEM512_ROW,5,2,42,4,80,3,0,6994014,4,2400,32,37632,37120,0,0,512,0,0,0,0,0x0000cd70
ACCEL_METRICS index=6 starts=4 done=4 loads=2560 reads=512 core_cycles=544 load_cycles=169468 read_cycles=23372
MLKEM512_ROW,6,2,42,4,81,3,0,6994629,4,2400,32,37632,37120,0,0,512,0,0,0,0,0x0000cd70
ACCEL_METRICS index=7 starts=4 done=4 loads=2560 reads=512 core_cycles=544 load_cycles=169468 read_cycles=23372
MLKEM512_ROW,7,2,42,4,82,3,0,6994899,4,2400,32,37632,37120,0,0,512,0,0,0,0,0x0000cd70
MLKEM512_PASS cases=8 input_bytes=16064 output_bytes=1792 cpu_mul=1 cpu_fast_mul=1 cpu_div=1 expect_m=1 cycles=54905307 all_m=277248 min_sp=0x0000cd70 stack_used=12928
$finish called at time : 549053385 ns : File "E:/pqc/mlkem-polymul-rv32i-fpga/tb/accelerator/tb_mlkem512_kat_accel.sv" Line 333
INFO: xsimkernel Simulation Memory Usage: 31320 KB (Peak: 31320 KB), Simulation CPU Usage: 736812 ms
