Time resolution is 1 ps
CPU_BENCH_HEADER,case,mode,cpu_mul,cpu_fast_mul,cpu_div,expect_m,prepare,ntt_a,ntt_b,basemul,invntt,canonical,total,empty,m_total,mul,mulh,mulhsu,mulhu,div,divu,rem,remu,min_sp,checksum
CPU_BASELINE_START ram_bytes=16384 clock_mhz=100 mul=1 fast_mul=1 div=1 expect_m=1
CPU_BASELINE_PROGRESS begin_case=0 cycle=20999
CPU_BENCH_ROW,0,unsegmented,1,1,1,1,-1,-1,-1,-1,-1,-1,433599,4,14080,14080,0,0,0,0,0,0,0,0x00003f50,0x811c9dc5
CPU_BENCH_ROW,0,profiled,1,1,1,1,6543,108181,108181,36605,149728,24367,433605,4,14080,14080,0,0,0,0,0,0,0,0x00003f50,0x811c9dc5
CPU_BASELINE_PROGRESS complete_case=0 cycle=950634 checks=512 min_sp=0x00003f50
CPU_BASELINE_PROGRESS begin_case=1 cycle=974038
CPU_BENCH_ROW,1,unsegmented,1,1,1,1,-1,-1,-1,-1,-1,-1,433599,4,14080,14080,0,0,0,0,0,0,0,0x00003f50,0x3b73945a
CPU_BENCH_ROW,1,profiled,1,1,1,1,6543,108181,108181,36605,149728,24367,433605,4,14080,14080,0,0,0,0,0,0,0,0x00003f50,0x3b73945a
CPU_BASELINE_PROGRESS complete_case=1 cycle=1903673 checks=1024 min_sp=0x00003f50
CPU_BASELINE_PROGRESS begin_case=2 cycle=1916326
CPU_BENCH_ROW,2,unsegmented,1,1,1,1,-1,-1,-1,-1,-1,-1,433599,4,14080,14080,0,0,0,0,0,0,0,0x00003f50,0x811c9dad
CPU_BENCH_ROW,2,profiled,1,1,1,1,6543,108181,108181,36605,149728,24367,433605,4,14080,14080,0,0,0,0,0,0,0,0x00003f50,0x811c9dad
CPU_BASELINE_PROGRESS complete_case=2 cycle=2845961 checks=1536 min_sp=0x00003f50
CPU_BASELINE_PROGRESS begin_case=3 cycle=2863584
CPU_BENCH_ROW,3,unsegmented,1,1,1,1,-1,-1,-1,-1,-1,-1,433599,4,14080,14080,0,0,0,0,0,0,0,0x00003f50,0x811c90c4
CPU_BENCH_ROW,3,profiled,1,1,1,1,6543,108181,108181,36605,149728,24367,433605,4,14080,14080,0,0,0,0,0,0,0,0x00003f50,0x811c90c4
CPU_BASELINE_PROGRESS complete_case=3 cycle=3793219 checks=2048 min_sp=0x00003f50
CPU_BASELINE_PROGRESS begin_case=4 cycle=3811226
CPU_BENCH_ROW,4,unsegmented,1,1,1,1,-1,-1,-1,-1,-1,-1,433599,4,14080,14080,0,0,0,0,0,0,0,0x00003f50,0x811c91c4
CPU_BENCH_ROW,4,profiled,1,1,1,1,6543,108181,108181,36605,149728,24367,433605,4,14080,14080,0,0,0,0,0,0,0,0x00003f50,0x811c91c4
CPU_BASELINE_PROGRESS complete_case=4 cycle=4740861 checks=2560 min_sp=0x00003f50
CPU_BASELINE_PROGRESS begin_case=5 cycle=4787156
CPU_BENCH_ROW,5,unsegmented,1,1,1,1,-1,-1,-1,-1,-1,-1,433599,4,14080,14080,0,0,0,0,0,0,0,0x00003f50,0xba1876c7
CPU_BENCH_ROW,5,profiled,1,1,1,1,6543,108181,108181,36605,149728,24367,433605,4,14080,14080,0,0,0,0,0,0,0,0x00003f50,0xba1876c7
CPU_BASELINE_PROGRESS complete_case=5 cycle=5716791 checks=3072 min_sp=0x00003f50
CPU_BASELINE_PROGRESS begin_case=6 cycle=5756158
CPU_BENCH_ROW,6,unsegmented,1,1,1,1,-1,-1,-1,-1,-1,-1,433599,4,14080,14080,0,0,0,0,0,0,0,0x00003f50,0xa289798c
CPU_BENCH_ROW,6,profiled,1,1,1,1,6543,108181,108181,36605,149728,24367,433605,4,14080,14080,0,0,0,0,0,0,0,0x00003f50,0xa289798c
CPU_BASELINE_PROGRESS complete_case=6 cycle=6685793 checks=3584 min_sp=0x00003f50
CPU_BASELINE_PROGRESS begin_case=7 cycle=6725176
CPU_BENCH_ROW,7,unsegmented,1,1,1,1,-1,-1,-1,-1,-1,-1,433599,4,14080,14080,0,0,0,0,0,0,0,0x00003f50,0x94cdc32c
CPU_BENCH_ROW,7,profiled,1,1,1,1,6543,108181,108181,36605,149728,24367,433605,4,14080,14080,0,0,0,0,0,0,0,0x00003f50,0x94cdc32c
CPU_BASELINE_PROGRESS complete_case=7 cycle=7654811 checks=4096 min_sp=0x00003f50
CPU_BASELINE_PASS cases=8 checks=4096 mul=1 fast_mul=1 div=1 expect_m=1 cycles=7654867 m_total=225280 min_sp=0x00003f50 stack_used=160
$finish called at time : 76548985 ns : File "E:/pqc/mlkem-polymul-rv32i-fpga/tb/software/tb_cpu_baseline.sv" Line 324
INFO: xsimkernel Simulation Memory Usage: 37116 KB (Peak: 37116 KB), Simulation CPU Usage: 97124 ms
