Copyright 1986-2022 Xilinx, Inc. All Rights Reserved. Copyright 2022-2024 Advanced Micro Devices, Inc. All Rights Reserved.
------------------------------------------------------------------------------------------------------------------------------------------------------
| Tool Version : Vivado v.2024.2 (win64) Build 5239630 Fri Nov 08 22:35:27 MST 2024
| Date         : Wed Sep 23 20:36:09 2026
| Host         : DESKTOP-H0SRFHK running 64-bit major release  (build 9200)
| Command      : report_utilization -hierarchical -file E:/pqc/mlkem-polymul-rv32i-fpga/results/cpu_baseline/rv32im_fast/utilization_hierarchical.rpt
| Design       : cpu_benchmark_pynqz2_top
| Device       : xc7z020clg400-1
| Speed File   : -1
| Design State : Routed
------------------------------------------------------------------------------------------------------------------------------------------------------

Utilization Design Information

Table of Contents
-----------------
1. Utilization by Hierarchy

1. Utilization by Hierarchy
---------------------------

+------------------------------+------------------------+------------+------------+---------+------+------+--------+--------+------------+
|           Instance           |         Module         | Total LUTs | Logic LUTs | LUTRAMs | SRLs |  FFs | RAMB36 | RAMB18 | DSP Blocks |
+------------------------------+------------------------+------------+------------+---------+------+------+--------+--------+------------+
| cpu_benchmark_pynqz2_top     |                  (top) |       1720 |       1676 |      44 |    0 | 1393 |      4 |      0 |          4 |
|   (cpu_benchmark_pynqz2_top) |                  (top) |          1 |          1 |       0 |    0 |    4 |      0 |      0 |          0 |
|   system_i                   |   cpu_benchmark_system |       1719 |       1675 |      44 |    0 | 1389 |      4 |      0 |          4 |
|     (system_i)               |   cpu_benchmark_system |         26 |         26 |       0 |    0 |  615 |      0 |      0 |          0 |
|     cpu                      |           picorv32_axi |       1676 |       1632 |      44 |    0 |  774 |      0 |      0 |          4 |
|       (cpu)                  |           picorv32_axi |         12 |         12 |       0 |    0 |    0 |      0 |      0 |          0 |
|       axi_adapter            |   picorv32_axi_adapter |          3 |          3 |       0 |    0 |    4 |      0 |      0 |          0 |
|       picorv32_core          |               picorv32 |       1661 |       1617 |      44 |    0 |  770 |      0 |      0 |          4 |
|         (picorv32_core)      |               picorv32 |       1041 |        997 |      44 |    0 |  533 |      0 |      0 |          0 |
|         pcpi_div             |      picorv32_pcpi_div |        342 |        342 |       0 |    0 |  200 |      0 |      0 |          0 |
|         pcpi_mul             | picorv32_pcpi_fast_mul |        284 |        284 |       0 |    0 |   37 |      0 |      0 |          4 |
|     firmware_bram            |       xpm_memory_spram |         19 |         19 |       0 |    0 |    0 |      4 |      0 |          0 |
|       (firmware_bram)        |       xpm_memory_spram |         19 |         19 |       0 |    0 |    0 |      0 |      0 |          0 |
|       xpm_memory_base_inst   |        xpm_memory_base |          0 |          0 |       0 |    0 |    0 |      4 |      0 |          0 |
+------------------------------+------------------------+------------+------------+---------+------+------+--------+--------+------------+
* Note: The sum of lower-level cells may be larger than their parent cells total, due to cross-hierarchy LUT combining


