Time resolution is 1 ps
MLKEM512_HEADER,index,dataset,vsId,tgId,tcId,op,return_code,raw_cycles,empty_cycles,input_bytes,output_bytes,m_total,mul,mulh,mulhsu,mulhu,div,divu,rem,remu,min_sp
MLKEM512_START cases=8 ram_bytes=65536 stack_bytes=16384 clock_mhz=100 mul=1 fast_mul=1 div=1 expect_m=1
ACCEL_METRICS index=0 starts=0 done=0 loads=0 reads=0 core_cycles=0 load_cycles=0 read_cycles=0
MLKEM512_ROW,0,2,42,8,123,5,-4,128943,4,800,0,1024,1024,0,0,0,0,0,0,0,0x0000f810
ACCEL_METRICS index=1 starts=0 done=0 loads=0 reads=0 core_cycles=0 load_cycles=0 read_cycles=0
MLKEM512_ROW,1,2,42,8,124,5,0,128932,4,800,0,1024,1024,0,0,0,0,0,0,0,0x0000f810
ACCEL_METRICS index=2 starts=0 done=0 loads=0 reads=0 core_cycles=0 load_cycles=0 read_cycles=0
MLKEM512_ROW,2,2,42,8,125,5,-4,128943,4,800,0,1024,1024,0,0,0,0,0,0,0,0x0000f810
ACCEL_METRICS index=3 starts=3 done=3 loads=1920 reads=384 core_cycles=408 load_cycles=127101 read_cycles=17529
MLKEM512_ROW,3,3,42,1,1,2,0,5572938,4,832,800,25728,25216,0,0,512,0,0,0,0,0x0000d0a0
ACCEL_METRICS index=4 starts=3 done=3 loads=1920 reads=384 core_cycles=408 load_cycles=127101 read_cycles=17529
MLKEM512_ROW,4,3,42,1,2,2,0,6200782,4,832,800,25728,25216,0,0,512,0,0,0,0,0x0000d0a0
ACCEL_METRICS index=5 starts=3 done=3 loads=1920 reads=384 core_cycles=408 load_cycles=127101 read_cycles=17529
MLKEM512_ROW,5,3,42,1,3,2,0,5573505,4,832,800,25728,25216,0,0,512,0,0,0,0,0x0000d0a0
ACCEL_METRICS index=6 starts=3 done=3 loads=1920 reads=384 core_cycles=408 load_cycles=127101 read_cycles=17529
MLKEM512_ROW,6,3,42,1,4,2,0,5573448,4,832,800,25728,25216,0,0,512,0,0,0,0,0x0000d0a0
ACCEL_METRICS index=7 starts=3 done=3 loads=1920 reads=384 core_cycles=408 load_cycles=127101 read_cycles=17529
MLKEM512_ROW,7,3,42,1,5,2,0,5573551,4,832,800,25728,25216,0,0,512,0,0,0,0,0x0000d0a0
MLKEM512_PASS cases=8 input_bytes=6560 output_bytes=4000 cpu_mul=1 cpu_fast_mul=1 cpu_div=1 expect_m=1 cycles=30047716 all_m=131712 min_sp=0x0000d0a0 stack_used=12112
$finish called at time : 300477475 ns : File "E:/pqc/mlkem-polymul-rv32i-fpga/tb/accelerator/tb_mlkem512_kat_accel.sv" Line 333
INFO: xsimkernel Simulation Memory Usage: 31332 KB (Peak: 31332 KB), Simulation CPU Usage: 368858 ms
