Time resolution is 1 ps
CPU_BENCH_HEADER,case,mode,cpu_mul,cpu_fast_mul,cpu_div,expect_m,prepare,ntt_a,ntt_b,basemul,invntt,canonical,total,empty,m_total,mul,mulh,mulhsu,mulhu,div,divu,rem,remu,min_sp,checksum
CPU_BASELINE_START ram_bytes=16384 clock_mhz=100 mul=1 fast_mul=0 div=1 expect_m=1
CPU_BASELINE_PROGRESS begin_case=0 cycle=20999
CPU_BENCH_ROW,0,unsegmented,1,0,1,1,-1,-1,-1,-1,-1,-1,912319,4,14080,14080,0,0,0,0,0,0,0,0x00003f50,0x811c9dc5
CPU_BENCH_ROW,0,profiled,1,0,1,1,6543,216981,216981,101885,328160,41775,912325,4,14080,14080,0,0,0,0,0,0,0,0x00003f50,0x811c9dc5
CPU_BASELINE_PROGRESS complete_case=0 cycle=1908074 checks=512 min_sp=0x00003f50
CPU_BASELINE_PROGRESS begin_case=1 cycle=1940182
CPU_BENCH_ROW,1,unsegmented,1,0,1,1,-1,-1,-1,-1,-1,-1,912319,4,14080,14080,0,0,0,0,0,0,0,0x00003f50,0x3b73945a
CPU_BENCH_ROW,1,profiled,1,0,1,1,6543,216981,216981,101885,328160,41775,912325,4,14080,14080,0,0,0,0,0,0,0,0x00003f50,0x3b73945a
CPU_BASELINE_PROGRESS complete_case=1 cycle=3827257 checks=1024 min_sp=0x00003f50
CPU_BASELINE_PROGRESS begin_case=2 cycle=3839910
CPU_BENCH_ROW,2,unsegmented,1,0,1,1,-1,-1,-1,-1,-1,-1,912319,4,14080,14080,0,0,0,0,0,0,0,0x00003f50,0x811c9dad
CPU_BENCH_ROW,2,profiled,1,0,1,1,6543,216981,216981,101885,328160,41775,912325,4,14080,14080,0,0,0,0,0,0,0,0x00003f50,0x811c9dad
CPU_BASELINE_PROGRESS complete_case=2 cycle=5726985 checks=1536 min_sp=0x00003f50
CPU_BASELINE_PROGRESS begin_case=3 cycle=5744608
CPU_BENCH_ROW,3,unsegmented,1,0,1,1,-1,-1,-1,-1,-1,-1,912319,4,14080,14080,0,0,0,0,0,0,0,0x00003f50,0x811c90c4
CPU_BENCH_ROW,3,profiled,1,0,1,1,6543,216981,216981,101885,328160,41775,912325,4,14080,14080,0,0,0,0,0,0,0,0x00003f50,0x811c90c4
CPU_BASELINE_PROGRESS complete_case=3 cycle=7631683 checks=2048 min_sp=0x00003f50
CPU_BASELINE_PROGRESS begin_case=4 cycle=7649690
CPU_BENCH_ROW,4,unsegmented,1,0,1,1,-1,-1,-1,-1,-1,-1,912319,4,14080,14080,0,0,0,0,0,0,0,0x00003f50,0x811c91c4
CPU_BENCH_ROW,4,profiled,1,0,1,1,6543,216981,216981,101885,328160,41775,912325,4,14080,14080,0,0,0,0,0,0,0,0x00003f50,0x811c91c4
CPU_BASELINE_PROGRESS complete_case=4 cycle=9536765 checks=2560 min_sp=0x00003f50
CPU_BASELINE_PROGRESS begin_case=5 cycle=9591764
CPU_BENCH_ROW,5,unsegmented,1,0,1,1,-1,-1,-1,-1,-1,-1,912319,4,14080,14080,0,0,0,0,0,0,0,0x00003f50,0xba1876c7
CPU_BENCH_ROW,5,profiled,1,0,1,1,6543,216981,216981,101885,328160,41775,912325,4,14080,14080,0,0,0,0,0,0,0,0x00003f50,0xba1876c7
CPU_BASELINE_PROGRESS complete_case=5 cycle=11478839 checks=3072 min_sp=0x00003f50
CPU_BASELINE_PROGRESS begin_case=6 cycle=11535614
CPU_BENCH_ROW,6,unsegmented,1,0,1,1,-1,-1,-1,-1,-1,-1,912319,4,14080,14080,0,0,0,0,0,0,0,0x00003f50,0xa289798c
CPU_BENCH_ROW,6,profiled,1,0,1,1,6543,216981,216981,101885,328160,41775,912325,4,14080,14080,0,0,0,0,0,0,0,0x00003f50,0xa289798c
CPU_BASELINE_PROGRESS complete_case=6 cycle=13422689 checks=3584 min_sp=0x00003f50
CPU_BASELINE_PROGRESS begin_case=7 cycle=13479480
CPU_BENCH_ROW,7,unsegmented,1,0,1,1,-1,-1,-1,-1,-1,-1,912319,4,14080,14080,0,0,0,0,0,0,0,0x00003f50,0x94cdc32c
CPU_BENCH_ROW,7,profiled,1,0,1,1,6543,216981,216981,101885,328160,41775,912325,4,14080,14080,0,0,0,0,0,0,0,0x00003f50,0x94cdc32c
CPU_BASELINE_PROGRESS complete_case=7 cycle=15366555 checks=4096 min_sp=0x00003f50
CPU_BASELINE_PASS cases=8 checks=4096 mul=1 fast_mul=0 div=1 expect_m=1 cycles=15366611 m_total=225280 min_sp=0x00003f50 stack_used=160
$finish called at time : 153666425 ns : File "E:/pqc/mlkem-polymul-rv32i-fpga/tb/software/tb_cpu_baseline.sv" Line 324
INFO: xsimkernel Simulation Memory Usage: 37096 KB (Peak: 37096 KB), Simulation CPU Usage: 225218 ms
