Copyright 1986-2022 Xilinx, Inc. All Rights Reserved. Copyright 2022-2024 Advanced Micro Devices, Inc. All Rights Reserved.
-----------------------------------------------------------------------------------------------------------------------------------------------------------
| Tool Version : Vivado v.2024.2 (win64) Build 5239630 Fri Nov 08 22:35:27 MST 2024
| Date         : Wed Sep 23 20:35:52 2026
| Host         : DESKTOP-H0SRFHK running 64-bit major release  (build 9200)
| Command      : report_utilization -hierarchical -file E:/pqc/mlkem-polymul-rv32i-fpga/results/cpu_baseline/rv32im_iterative/utilization_hierarchical.rpt
| Design       : cpu_benchmark_pynqz2_top
| Device       : xc7z020clg400-1
| Speed File   : -1
| Design State : Routed
-----------------------------------------------------------------------------------------------------------------------------------------------------------

Utilization Design Information

Table of Contents
-----------------
1. Utilization by Hierarchy

1. Utilization by Hierarchy
---------------------------

+------------------------------+----------------------+------------+------------+---------+------+------+--------+--------+------------+
|           Instance           |        Module        | Total LUTs | Logic LUTs | LUTRAMs | SRLs |  FFs | RAMB36 | RAMB18 | DSP Blocks |
+------------------------------+----------------------+------------+------------+---------+------+------+--------+--------+------------+
| cpu_benchmark_pynqz2_top     |                (top) |       1828 |       1784 |      44 |    0 | 1611 |      4 |      0 |          0 |
|   (cpu_benchmark_pynqz2_top) |                (top) |          1 |          1 |       0 |    0 |    4 |      0 |      0 |          0 |
|   system_i                   | cpu_benchmark_system |       1827 |       1783 |      44 |    0 | 1607 |      4 |      0 |          0 |
|     (system_i)               | cpu_benchmark_system |         26 |         26 |       0 |    0 |  615 |      0 |      0 |          0 |
|     cpu                      |         picorv32_axi |       1777 |       1733 |      44 |    0 |  992 |      0 |      0 |          0 |
|       (cpu)                  |         picorv32_axi |         11 |         11 |       0 |    0 |    0 |      0 |      0 |          0 |
|       axi_adapter            | picorv32_axi_adapter |          3 |          3 |       0 |    0 |    4 |      0 |      0 |          0 |
|       picorv32_core          |             picorv32 |       1763 |       1719 |      44 |    0 |  988 |      0 |      0 |          0 |
|         (picorv32_core)      |             picorv32 |       1149 |       1105 |      44 |    0 |  533 |      0 |      0 |          0 |
|         pcpi_div             |    picorv32_pcpi_div |        334 |        334 |       0 |    0 |  200 |      0 |      0 |          0 |
|         pcpi_mul             |    picorv32_pcpi_mul |        281 |        281 |       0 |    0 |  255 |      0 |      0 |          0 |
|     firmware_bram            |     xpm_memory_spram |         26 |         26 |       0 |    0 |    0 |      4 |      0 |          0 |
|       (firmware_bram)        |     xpm_memory_spram |         26 |         26 |       0 |    0 |    0 |      0 |      0 |          0 |
|       xpm_memory_base_inst   |      xpm_memory_base |          0 |          0 |       0 |    0 |    0 |      4 |      0 |          0 |
+------------------------------+----------------------+------------+------------+---------+------+------+--------+--------+------------+
* Note: The sum of lower-level cells may be larger than their parent cells total, due to cross-hierarchy LUT combining


