Time resolution is 1 ps
MLKEM_HEADER,index,dataset,vsId,tgId,tcId,op,return_code,raw_cycles,empty_cycles,input_bytes,output_bytes,m_total,mul,mulh,mulhsu,mulhu,div,divu,rem,remu,min_sp
MLKEM_START cases=8 ram_bytes=131072 stack_bytes=32768 clock_mhz=100 mul=1 fast_mul=1 div=1 expect_m=1
// Interrupt Monitor : interrupt for ap_done detected @ "6211705000"
// Interrupt Monitor : interrupt for ap_done detected @ "15326575000"
// Interrupt Monitor : interrupt for ap_done detected @ "16043135000"
// Interrupt Monitor : interrupt for ap_done detected @ "16451405000"
// Interrupt Monitor : interrupt for ap_done detected @ "16859675000"
// Interrupt Monitor : interrupt for ap_done detected @ "17267945000"
// Interrupt Monitor : interrupt for ap_done detected @ "18829205000"
// Interrupt Monitor : interrupt for ap_done detected @ "19237475000"
// Interrupt Monitor : interrupt for ap_done detected @ "19645745000"
// Interrupt Monitor : interrupt for ap_done detected @ "20054015000"
// Interrupt Monitor : interrupt for ap_done detected @ "21622435000"
// Interrupt Monitor : interrupt for ap_done detected @ "22030705000"
// Interrupt Monitor : interrupt for ap_done detected @ "22438975000"
// Interrupt Monitor : interrupt for ap_done detected @ "22847245000"
// Interrupt Monitor : interrupt for ap_done detected @ "24410565000"
// Interrupt Monitor : interrupt for ap_done detected @ "24818835000"
// Interrupt Monitor : interrupt for ap_done detected @ "25227105000"
// Interrupt Monitor : interrupt for ap_done detected @ "25635375000"
// Interrupt Monitor : interrupt for ap_done detected @ "27142795000"
// Interrupt Monitor : interrupt for ap_done detected @ "27311595000"
// Interrupt Monitor : interrupt for ap_done detected @ "27480435000"
// Interrupt Monitor : interrupt for ap_done detected @ "27649345000"
// Interrupt Monitor : interrupt for ap_done detected @ "28452165000"
// Interrupt Monitor : interrupt for ap_done detected @ "28620965000"
// Interrupt Monitor : interrupt for ap_done detected @ "28789805000"
// Interrupt Monitor : interrupt for ap_done detected @ "28958715000"
// Interrupt Monitor : interrupt for ap_done detected @ "29750305000"
// Interrupt Monitor : interrupt for ap_done detected @ "51262145000"
MLKEM_ROW,0,2,42,6,96,3,0,4590097,4,4736,32,78340,77316,0,0,1024,0,0,0,0,0x0001a0b0
KECCAK_ROW,0,28,28,28,0,17856,2489,3792
// Interrupt Monitor : interrupt for ap_done detected @ "53865455000"
// Interrupt Monitor : interrupt for ap_done detected @ "54070705000"
// Interrupt Monitor : interrupt for ap_done detected @ "54478975000"
// Interrupt Monitor : interrupt for ap_done detected @ "54887245000"
// Interrupt Monitor : interrupt for ap_done detected @ "55295515000"
// Interrupt Monitor : interrupt for ap_done detected @ "56851535000"
// Interrupt Monitor : interrupt for ap_done detected @ "57259805000"
// Interrupt Monitor : interrupt for ap_done detected @ "57668075000"
// Interrupt Monitor : interrupt for ap_done detected @ "58076345000"
// Interrupt Monitor : interrupt for ap_done detected @ "59642345000"
// Interrupt Monitor : interrupt for ap_done detected @ "60050615000"
// Interrupt Monitor : interrupt for ap_done detected @ "60458885000"
// Interrupt Monitor : interrupt for ap_done detected @ "60867155000"
// Interrupt Monitor : interrupt for ap_done detected @ "62435015000"
// Interrupt Monitor : interrupt for ap_done detected @ "62843285000"
// Interrupt Monitor : interrupt for ap_done detected @ "63251555000"
// Interrupt Monitor : interrupt for ap_done detected @ "63659825000"
// Interrupt Monitor : interrupt for ap_done detected @ "65166955000"
// Interrupt Monitor : interrupt for ap_done detected @ "65335755000"
// Interrupt Monitor : interrupt for ap_done detected @ "65504595000"
// Interrupt Monitor : interrupt for ap_done detected @ "65673505000"
// Interrupt Monitor : interrupt for ap_done detected @ "66476325000"
// Interrupt Monitor : interrupt for ap_done detected @ "66645125000"
// Interrupt Monitor : interrupt for ap_done detected @ "66813965000"
// Interrupt Monitor : interrupt for ap_done detected @ "66982875000"
// Interrupt Monitor : interrupt for ap_done detected @ "84881545000"
// Interrupt Monitor : interrupt for ap_done detected @ "85631665000"
// Interrupt Monitor : interrupt for ap_done detected @ "94746535000"
// Interrupt Monitor : interrupt for ap_done detected @ "95463095000"
// Interrupt Monitor : interrupt for ap_done detected @ "95871365000"
// Interrupt Monitor : interrupt for ap_done detected @ "96279635000"
// Interrupt Monitor : interrupt for ap_done detected @ "96687905000"
// Interrupt Monitor : interrupt for ap_done detected @ "98256785000"
// Interrupt Monitor : interrupt for ap_done detected @ "98665055000"
// Interrupt Monitor : interrupt for ap_done detected @ "99073325000"
// Interrupt Monitor : interrupt for ap_done detected @ "99481595000"
// Interrupt Monitor : interrupt for ap_done detected @ "101037155000"
// Interrupt Monitor : interrupt for ap_done detected @ "101445425000"
// Interrupt Monitor : interrupt for ap_done detected @ "101853695000"
// Interrupt Monitor : interrupt for ap_done detected @ "102261965000"
// Interrupt Monitor : interrupt for ap_done detected @ "103821005000"
// Interrupt Monitor : interrupt for ap_done detected @ "104229275000"
// Interrupt Monitor : interrupt for ap_done detected @ "104637545000"
// Interrupt Monitor : interrupt for ap_done detected @ "105045815000"
// Interrupt Monitor : interrupt for ap_done detected @ "106559345000"
// Interrupt Monitor : interrupt for ap_done detected @ "106728145000"
// Interrupt Monitor : interrupt for ap_done detected @ "106896985000"
// Interrupt Monitor : interrupt for ap_done detected @ "107065895000"
// Interrupt Monitor : interrupt for ap_done detected @ "107868715000"
// Interrupt Monitor : interrupt for ap_done detected @ "108037515000"
// Interrupt Monitor : interrupt for ap_done detected @ "108206355000"
// Interrupt Monitor : interrupt for ap_done detected @ "108375265000"
// Interrupt Monitor : interrupt for ap_done detected @ "109166855000"
// Interrupt Monitor : interrupt for ap_done detected @ "130678695000"
MLKEM_ROW,1,3,42,8,116,4,0,7709403,4,1632,32,118792,117768,0,0,1024,0,0,0,0,0x0001a0b0
KECCAK_ROW,1,54,54,54,0,34149,4458,7440
MLKEM_ROW,2,2,42,12,156,5,0,257406,4,1568,0,2048,2048,0,0,0,0,0,0,0,0x0001f100
KECCAK_ROW,2,0,0,0,0,0,0,0
// Interrupt Monitor : interrupt for ap_done detected @ "139898105000"
MLKEM_ROW,3,2,42,11,146,6,-5,75223,4,3168,0,0,0,0,0,0,0,0,0,0,0x0001fdf0
KECCAK_ROW,3,1,1,1,0,1260,444,60
MLKEM_ROW,4,2,42,12,159,5,-4,257417,4,1568,0,2048,2048,0,0,0,0,0,0,0,0x0001f100
KECCAK_ROW,4,0,0,0,0,0,0,0
// Interrupt Monitor : interrupt for ap_done detected @ "149005265000"
MLKEM_ROW,5,2,42,11,148,6,0,75212,4,3168,0,0,0,0,0,0,0,0,0,0,0x0001fdf0
KECCAK_ROW,5,1,1,1,0,1260,444,60
// Interrupt Monitor : interrupt for ap_done detected @ "150315435000"
// Interrupt Monitor : interrupt for ap_done detected @ "150520685000"
// Interrupt Monitor : interrupt for ap_done detected @ "150928955000"
// Interrupt Monitor : interrupt for ap_done detected @ "151337225000"
// Interrupt Monitor : interrupt for ap_done detected @ "151745495000"
// Interrupt Monitor : interrupt for ap_done detected @ "153320205000"
// Interrupt Monitor : interrupt for ap_done detected @ "153728475000"
// Interrupt Monitor : interrupt for ap_done detected @ "154136745000"
// Interrupt Monitor : interrupt for ap_done detected @ "154545015000"
// Interrupt Monitor : interrupt for ap_done detected @ "155891005000"
// Interrupt Monitor : interrupt for ap_done detected @ "156052555000"
// Interrupt Monitor : interrupt for ap_done detected @ "156214105000"
// Interrupt Monitor : interrupt for ap_done detected @ "156375655000"
// Interrupt Monitor : interrupt for ap_done detected @ "156772515000"
// Interrupt Monitor : interrupt for ap_done detected @ "157180785000"
// Interrupt Monitor : interrupt for ap_done detected @ "157589055000"
// Interrupt Monitor : interrupt for ap_done detected @ "157997325000"
// Interrupt Monitor : interrupt for ap_done detected @ "159545925000"
// Interrupt Monitor : interrupt for ap_done detected @ "159954195000"
// Interrupt Monitor : interrupt for ap_done detected @ "160362465000"
// Interrupt Monitor : interrupt for ap_done detected @ "160770735000"
// Interrupt Monitor : interrupt for ap_done detected @ "162293175000"
// Interrupt Monitor : interrupt for ap_done detected @ "162461975000"
// Interrupt Monitor : interrupt for ap_done detected @ "162630815000"
// Interrupt Monitor : interrupt for ap_done detected @ "162799725000"
// Interrupt Monitor : interrupt for ap_done detected @ "163602545000"
// Interrupt Monitor : interrupt for ap_done detected @ "163771345000"
// Interrupt Monitor : interrupt for ap_done detected @ "163940185000"
// Interrupt Monitor : interrupt for ap_done detected @ "164109095000"
// Interrupt Monitor : interrupt for ap_done detected @ "182007765000"
MLKEM_ROW,6,1,42,3,52,1,0,3187316,4,64,4736,40453,40453,0,0,0,0,0,0,0,0x0001b570
KECCAK_ROW,6,30,30,26,4,17477,2177,4024
// Interrupt Monitor : interrupt for ap_done detected @ "185553085000"
// Interrupt Monitor : interrupt for ap_done detected @ "185758335000"
// Interrupt Monitor : interrupt for ap_done detected @ "186166605000"
// Interrupt Monitor : interrupt for ap_done detected @ "186574875000"
// Interrupt Monitor : interrupt for ap_done detected @ "186983145000"
// Interrupt Monitor : interrupt for ap_done detected @ "188541015000"
// Interrupt Monitor : interrupt for ap_done detected @ "188949285000"
// Interrupt Monitor : interrupt for ap_done detected @ "189357555000"
// Interrupt Monitor : interrupt for ap_done detected @ "189765825000"
// Interrupt Monitor : interrupt for ap_done detected @ "191332625000"
// Interrupt Monitor : interrupt for ap_done detected @ "191740895000"
// Interrupt Monitor : interrupt for ap_done detected @ "192149165000"
// Interrupt Monitor : interrupt for ap_done detected @ "192557435000"
// Interrupt Monitor : interrupt for ap_done detected @ "194116215000"
// Interrupt Monitor : interrupt for ap_done detected @ "194524485000"
// Interrupt Monitor : interrupt for ap_done detected @ "194932755000"
// Interrupt Monitor : interrupt for ap_done detected @ "195341025000"
// Interrupt Monitor : interrupt for ap_done detected @ "196850605000"
// Interrupt Monitor : interrupt for ap_done detected @ "197019405000"
// Interrupt Monitor : interrupt for ap_done detected @ "197188245000"
// Interrupt Monitor : interrupt for ap_done detected @ "197357155000"
// Interrupt Monitor : interrupt for ap_done detected @ "198159975000"
// Interrupt Monitor : interrupt for ap_done detected @ "198328775000"
// Interrupt Monitor : interrupt for ap_done detected @ "198497615000"
// Interrupt Monitor : interrupt for ap_done detected @ "198666525000"
// Interrupt Monitor : interrupt for ap_done detected @ "216565195000"
MLKEM_ROW,7,1,42,3,53,1,0,3119294,4,64,4736,40452,40452,0,0,0,0,0,0,0,0x0001b570
KECCAK_ROW,7,26,26,26,0,16293,1969,3648
MLKEM_PASS cases=8 input_bytes=15968 output_bytes=9536 cpu_mul=1 cpu_fast_mul=1 cpu_div=1 expect_m=1 cycles=21893581 all_m=282133 min_sp=0x0001a0b0 stack_used=24384
KECCAK_PASS cases=8 starts=140 done=140 hash=136 squeeze=4
$finish called at time : 218936125 ns : File "E:/hls/k4kat/20260927_171910_204931/snapshot/tb/tb_mlkem1024_keccak_kat.sv" Line 357
INFO: xsimkernel Simulation Memory Usage: 32304 KB (Peak: 32304 KB), Simulation CPU Usage: 274092 ms
