Copyright 1986-2022 Xilinx, Inc. All Rights Reserved. Copyright 2022-2024 Advanced Micro Devices, Inc. All Rights Reserved.
---------------------------------------------------------------------------------------------------------------------------------------------
| Tool Version : Vivado v.2024.2 (win64) Build 5239630 Fri Nov 08 22:35:27 MST 2024
| Date         : Sun Oct  4 16:26:57 2026
| Host         : DESKTOP-H0SRFHK running 64-bit major release  (build 9200)
| Command      : report_timing -delay_type max -max_paths 10 -file E:/hls/k4board/20261004_162430/board/reports/setup_paths.rpt
| Design       : mlkem1024_keccak_pynqz2_top
| Device       : 7z020-clg400
| Speed File   : -1  PRODUCTION 1.12 2019-11-22
| Design State : Routed
---------------------------------------------------------------------------------------------------------------------------------------------

Timing Report

Slack (MET) :             0.109ns  (required time - arrival time)
  Source:                 system_i/adapter_i/context_mem_reg/CLKARDCLK
                            (rising edge-triggered cell RAMB36E1 clocked by clk100_raw  {rise@0.000ns fall@5.000ns period=10.000ns})
  Destination:            system_i/adapter_i/hls_i/grp_mlkem1024_keccak_accel_Pipeline_LOAD_CONTEXT_fu_2422/state_13_fu_190_reg[53]/D
                            (rising edge-triggered cell FDRE clocked by clk100_raw  {rise@0.000ns fall@5.000ns period=10.000ns})
  Path Group:             clk100_raw
  Path Type:              Setup (Max at Slow Process Corner)
  Requirement:            10.000ns  (clk100_raw rise@10.000ns - clk100_raw rise@0.000ns)
  Data Path Delay:        9.324ns  (logic 2.454ns (26.320%)  route 6.870ns (73.680%))
  Logic Levels:           0  
  Clock Path Skew:        -0.329ns (DCD - SCD + CPR)
    Destination Clock Delay (DCD):    -1.660ns = ( 8.340 - 10.000 ) 
    Source Clock Delay      (SCD):    -0.879ns
    Clock Pessimism Removal (CPR):    0.452ns
  Clock Uncertainty:      0.171ns  ((TSJ^2 + DJ^2)^1/2) / 2 + PE + UU
    Total System Jitter     (TSJ):    0.071ns
    Discrete Jitter          (DJ):    0.123ns
    Phase Error              (PE):    0.000ns
    User Uncertainty         (UU):    0.100ns

    Location             Delay type                Incr(ns)  Path(ns)    Netlist Resource(s)
  -------------------------------------------------------------------    -------------------
                         (clock clk100_raw rise edge)
                                                      0.000     0.000 r  
    H16                                               0.000     0.000 r  sys_clk (IN)
                         net (fo=0)                   0.000     0.000    sys_clk
    H16                  IBUF (Prop_ibuf_I_O)         1.451     1.451 r  sys_clk_IBUF_inst/O
                         net (fo=1, routed)           1.285     2.736    sys_clk_IBUF
    MMCME2_ADV_X1Y2      MMCME2_ADV (Prop_mmcme2_adv_CLKIN1_CLKOUT0)
                                                     -7.759    -5.023 r  clock_manager/CLKOUT0
                         net (fo=1, routed)           2.206    -2.817    clk100_raw
    BUFGCTRL_X0Y16       BUFG (Prop_bufg_I_O)         0.101    -2.716 r  system_clock_buffer/O
                         net (fo=17125, routed)       1.837    -0.879    system_i/adapter_i/clk100
    RAMB36_X4Y2          RAMB36E1                                     r  system_i/adapter_i/context_mem_reg/CLKARDCLK
  -------------------------------------------------------------------    -------------------
    RAMB36_X4Y2          RAMB36E1 (Prop_ramb36e1_CLKARDCLK_DOBDO[21])
                                                      2.454     1.575 r  system_i/adapter_i/context_mem_reg/DOBDO[21]
                         net (fo=27, routed)          6.870     8.445    system_i/adapter_i/hls_i/grp_mlkem1024_keccak_accel_Pipeline_LOAD_CONTEXT_fu_2422/context_q[53]
    SLICE_X27Y71         FDRE                                         r  system_i/adapter_i/hls_i/grp_mlkem1024_keccak_accel_Pipeline_LOAD_CONTEXT_fu_2422/state_13_fu_190_reg[53]/D
  -------------------------------------------------------------------    -------------------

                         (clock clk100_raw rise edge)
                                                     10.000    10.000 r  
    H16                                               0.000    10.000 r  sys_clk (IN)
                         net (fo=0)                   0.000    10.000    sys_clk
    H16                  IBUF (Prop_ibuf_I_O)         1.380    11.380 r  sys_clk_IBUF_inst/O
                         net (fo=1, routed)           1.162    12.542    sys_clk_IBUF
    MMCME2_ADV_X1Y2      MMCME2_ADV (Prop_mmcme2_adv_CLKIN1_CLKOUT0)
                                                     -7.814     4.728 r  clock_manager/CLKOUT0
                         net (fo=1, routed)           2.012     6.740    clk100_raw
    BUFGCTRL_X0Y16       BUFG (Prop_bufg_I_O)         0.091     6.831 r  system_clock_buffer/O
                         net (fo=17125, routed)       1.509     8.340    system_i/adapter_i/hls_i/grp_mlkem1024_keccak_accel_Pipeline_LOAD_CONTEXT_fu_2422/clk100
    SLICE_X27Y71         FDRE                                         r  system_i/adapter_i/hls_i/grp_mlkem1024_keccak_accel_Pipeline_LOAD_CONTEXT_fu_2422/state_13_fu_190_reg[53]/C
                         clock pessimism              0.452     8.792    
                         clock uncertainty           -0.171     8.621    
    SLICE_X27Y71         FDRE (Setup_fdre_C_D)       -0.067     8.554    system_i/adapter_i/hls_i/grp_mlkem1024_keccak_accel_Pipeline_LOAD_CONTEXT_fu_2422/state_13_fu_190_reg[53]
  -------------------------------------------------------------------
                         required time                          8.554    
                         arrival time                          -8.445    
  -------------------------------------------------------------------
                         slack                                  0.109    

Slack (MET) :             0.114ns  (required time - arrival time)
  Source:                 system_i/adapter_i/hls_i/icmp_ln160_reg_5413_reg[0]/C
                            (rising edge-triggered cell FDRE clocked by clk100_raw  {rise@0.000ns fall@5.000ns period=10.000ns})
  Destination:            system_i/adapter_i/hls_i/state_14_4_ph_reg_2238_reg[0]/D
                            (rising edge-triggered cell FDRE clocked by clk100_raw  {rise@0.000ns fall@5.000ns period=10.000ns})
  Path Group:             clk100_raw
  Path Type:              Setup (Max at Slow Process Corner)
  Requirement:            10.000ns  (clk100_raw rise@10.000ns - clk100_raw rise@0.000ns)
  Data Path Delay:        9.702ns  (logic 0.642ns (6.617%)  route 9.060ns (93.383%))
  Logic Levels:           1  (LUT5=1)
  Clock Path Skew:        -0.094ns (DCD - SCD + CPR)
    Destination Clock Delay (DCD):    -1.551ns = ( 8.449 - 10.000 ) 
    Source Clock Delay      (SCD):    -1.005ns
    Clock Pessimism Removal (CPR):    0.452ns
  Clock Uncertainty:      0.171ns  ((TSJ^2 + DJ^2)^1/2) / 2 + PE + UU
    Total System Jitter     (TSJ):    0.071ns
    Discrete Jitter          (DJ):    0.123ns
    Phase Error              (PE):    0.000ns
    User Uncertainty         (UU):    0.100ns

    Location             Delay type                Incr(ns)  Path(ns)    Netlist Resource(s)
  -------------------------------------------------------------------    -------------------
                         (clock clk100_raw rise edge)
                                                      0.000     0.000 r  
    H16                                               0.000     0.000 r  sys_clk (IN)
                         net (fo=0)                   0.000     0.000    sys_clk
    H16                  IBUF (Prop_ibuf_I_O)         1.451     1.451 r  sys_clk_IBUF_inst/O
                         net (fo=1, routed)           1.285     2.736    sys_clk_IBUF
    MMCME2_ADV_X1Y2      MMCME2_ADV (Prop_mmcme2_adv_CLKIN1_CLKOUT0)
                                                     -7.759    -5.023 r  clock_manager/CLKOUT0
                         net (fo=1, routed)           2.206    -2.817    clk100_raw
    BUFGCTRL_X0Y16       BUFG (Prop_bufg_I_O)         0.101    -2.716 r  system_clock_buffer/O
                         net (fo=17125, routed)       1.711    -1.005    system_i/adapter_i/hls_i/clk100
    SLICE_X54Y53         FDRE                                         r  system_i/adapter_i/hls_i/icmp_ln160_reg_5413_reg[0]/C
  -------------------------------------------------------------------    -------------------
    SLICE_X54Y53         FDRE (Prop_fdre_C_Q)         0.518    -0.487 r  system_i/adapter_i/hls_i/icmp_ln160_reg_5413_reg[0]/Q
                         net (fo=6025, routed)        9.060     8.573    system_i/adapter_i/hls_i/grp_p_anonymous_namespace_keccak_f1600_fu_2505/flow_control_loop_pipe_sequential_init_U/ap_CS_fsm_reg[13]_rep__33_34
    SLICE_X94Y33         LUT5 (Prop_lut5_I2_O)        0.124     8.697 r  system_i/adapter_i/hls_i/grp_p_anonymous_namespace_keccak_f1600_fu_2505/flow_control_loop_pipe_sequential_init_U/state_14_4_ph_reg_2238[0]_i_1/O
                         net (fo=1, routed)           0.000     8.697    system_i/adapter_i/hls_i/state_14_4_ph_reg_2238[0]
    SLICE_X94Y33         FDRE                                         r  system_i/adapter_i/hls_i/state_14_4_ph_reg_2238_reg[0]/D
  -------------------------------------------------------------------    -------------------

                         (clock clk100_raw rise edge)
                                                     10.000    10.000 r  
    H16                                               0.000    10.000 r  sys_clk (IN)
                         net (fo=0)                   0.000    10.000    sys_clk
    H16                  IBUF (Prop_ibuf_I_O)         1.380    11.380 r  sys_clk_IBUF_inst/O
                         net (fo=1, routed)           1.162    12.542    sys_clk_IBUF
    MMCME2_ADV_X1Y2      MMCME2_ADV (Prop_mmcme2_adv_CLKIN1_CLKOUT0)
                                                     -7.814     4.728 r  clock_manager/CLKOUT0
                         net (fo=1, routed)           2.012     6.740    clk100_raw
    BUFGCTRL_X0Y16       BUFG (Prop_bufg_I_O)         0.091     6.831 r  system_clock_buffer/O
                         net (fo=17125, routed)       1.617     8.449    system_i/adapter_i/hls_i/clk100
    SLICE_X94Y33         FDRE                                         r  system_i/adapter_i/hls_i/state_14_4_ph_reg_2238_reg[0]/C
                         clock pessimism              0.452     8.901    
                         clock uncertainty           -0.171     8.730    
    SLICE_X94Y33         FDRE (Setup_fdre_C_D)        0.081     8.811    system_i/adapter_i/hls_i/state_14_4_ph_reg_2238_reg[0]
  -------------------------------------------------------------------
                         required time                          8.811    
                         arrival time                          -8.697    
  -------------------------------------------------------------------
                         slack                                  0.114    

Slack (MET) :             0.119ns  (required time - arrival time)
  Source:                 system_i/adapter_i/context_mem_reg/CLKARDCLK
                            (rising edge-triggered cell RAMB36E1 clocked by clk100_raw  {rise@0.000ns fall@5.000ns period=10.000ns})
  Destination:            system_i/adapter_i/hls_i/grp_mlkem1024_keccak_accel_Pipeline_LOAD_CONTEXT_fu_2422/state_10_fu_178_reg[47]/D
                            (rising edge-triggered cell FDRE clocked by clk100_raw  {rise@0.000ns fall@5.000ns period=10.000ns})
  Path Group:             clk100_raw
  Path Type:              Setup (Max at Slow Process Corner)
  Requirement:            10.000ns  (clk100_raw rise@10.000ns - clk100_raw rise@0.000ns)
  Data Path Delay:        9.324ns  (logic 2.454ns (26.320%)  route 6.870ns (73.680%))
  Logic Levels:           0  
  Clock Path Skew:        -0.358ns (DCD - SCD + CPR)
    Destination Clock Delay (DCD):    -1.689ns = ( 8.311 - 10.000 ) 
    Source Clock Delay      (SCD):    -0.879ns
    Clock Pessimism Removal (CPR):    0.452ns
  Clock Uncertainty:      0.171ns  ((TSJ^2 + DJ^2)^1/2) / 2 + PE + UU
    Total System Jitter     (TSJ):    0.071ns
    Discrete Jitter          (DJ):    0.123ns
    Phase Error              (PE):    0.000ns
    User Uncertainty         (UU):    0.100ns

    Location             Delay type                Incr(ns)  Path(ns)    Netlist Resource(s)
  -------------------------------------------------------------------    -------------------
                         (clock clk100_raw rise edge)
                                                      0.000     0.000 r  
    H16                                               0.000     0.000 r  sys_clk (IN)
                         net (fo=0)                   0.000     0.000    sys_clk
    H16                  IBUF (Prop_ibuf_I_O)         1.451     1.451 r  sys_clk_IBUF_inst/O
                         net (fo=1, routed)           1.285     2.736    sys_clk_IBUF
    MMCME2_ADV_X1Y2      MMCME2_ADV (Prop_mmcme2_adv_CLKIN1_CLKOUT0)
                                                     -7.759    -5.023 r  clock_manager/CLKOUT0
                         net (fo=1, routed)           2.206    -2.817    clk100_raw
    BUFGCTRL_X0Y16       BUFG (Prop_bufg_I_O)         0.101    -2.716 r  system_clock_buffer/O
                         net (fo=17125, routed)       1.837    -0.879    system_i/adapter_i/clk100
    RAMB36_X4Y2          RAMB36E1                                     r  system_i/adapter_i/context_mem_reg/CLKARDCLK
  -------------------------------------------------------------------    -------------------
    RAMB36_X4Y2          RAMB36E1 (Prop_ramb36e1_CLKARDCLK_DOBDO[15])
                                                      2.454     1.575 r  system_i/adapter_i/context_mem_reg/DOBDO[15]
                         net (fo=27, routed)          6.870     8.445    system_i/adapter_i/hls_i/grp_mlkem1024_keccak_accel_Pipeline_LOAD_CONTEXT_fu_2422/context_q[47]
    SLICE_X38Y98         FDRE                                         r  system_i/adapter_i/hls_i/grp_mlkem1024_keccak_accel_Pipeline_LOAD_CONTEXT_fu_2422/state_10_fu_178_reg[47]/D
  -------------------------------------------------------------------    -------------------

                         (clock clk100_raw rise edge)
                                                     10.000    10.000 r  
    H16                                               0.000    10.000 r  sys_clk (IN)
                         net (fo=0)                   0.000    10.000    sys_clk
    H16                  IBUF (Prop_ibuf_I_O)         1.380    11.380 r  sys_clk_IBUF_inst/O
                         net (fo=1, routed)           1.162    12.542    sys_clk_IBUF
    MMCME2_ADV_X1Y2      MMCME2_ADV (Prop_mmcme2_adv_CLKIN1_CLKOUT0)
                                                     -7.814     4.728 r  clock_manager/CLKOUT0
                         net (fo=1, routed)           2.012     6.740    clk100_raw
    BUFGCTRL_X0Y16       BUFG (Prop_bufg_I_O)         0.091     6.831 r  system_clock_buffer/O
                         net (fo=17125, routed)       1.480     8.311    system_i/adapter_i/hls_i/grp_mlkem1024_keccak_accel_Pipeline_LOAD_CONTEXT_fu_2422/clk100
    SLICE_X38Y98         FDRE                                         r  system_i/adapter_i/hls_i/grp_mlkem1024_keccak_accel_Pipeline_LOAD_CONTEXT_fu_2422/state_10_fu_178_reg[47]/C
                         clock pessimism              0.452     8.763    
                         clock uncertainty           -0.171     8.592    
    SLICE_X38Y98         FDRE (Setup_fdre_C_D)       -0.028     8.564    system_i/adapter_i/hls_i/grp_mlkem1024_keccak_accel_Pipeline_LOAD_CONTEXT_fu_2422/state_10_fu_178_reg[47]
  -------------------------------------------------------------------
                         required time                          8.564    
                         arrival time                          -8.445    
  -------------------------------------------------------------------
                         slack                                  0.119    

Slack (MET) :             0.136ns  (required time - arrival time)
  Source:                 system_i/adapter_i/hls_i/ap_CS_fsm_reg[13]_rep__19/C
                            (rising edge-triggered cell FDRE clocked by clk100_raw  {rise@0.000ns fall@5.000ns period=10.000ns})
  Destination:            system_i/adapter_i/hls_i/state_6_4_fu_608_reg[17]/D
                            (rising edge-triggered cell FDRE clocked by clk100_raw  {rise@0.000ns fall@5.000ns period=10.000ns})
  Path Group:             clk100_raw
  Path Type:              Setup (Max at Slow Process Corner)
  Requirement:            10.000ns  (clk100_raw rise@10.000ns - clk100_raw rise@0.000ns)
  Data Path Delay:        9.615ns  (logic 0.580ns (6.032%)  route 9.035ns (93.968%))
  Logic Levels:           1  (LUT4=1)
  Clock Path Skew:        -0.159ns (DCD - SCD + CPR)
    Destination Clock Delay (DCD):    -1.607ns = ( 8.393 - 10.000 ) 
    Source Clock Delay      (SCD):    -0.996ns
    Clock Pessimism Removal (CPR):    0.452ns
  Clock Uncertainty:      0.171ns  ((TSJ^2 + DJ^2)^1/2) / 2 + PE + UU
    Total System Jitter     (TSJ):    0.071ns
    Discrete Jitter          (DJ):    0.123ns
    Phase Error              (PE):    0.000ns
    User Uncertainty         (UU):    0.100ns

    Location             Delay type                Incr(ns)  Path(ns)    Netlist Resource(s)
  -------------------------------------------------------------------    -------------------
                         (clock clk100_raw rise edge)
                                                      0.000     0.000 r  
    H16                                               0.000     0.000 r  sys_clk (IN)
                         net (fo=0)                   0.000     0.000    sys_clk
    H16                  IBUF (Prop_ibuf_I_O)         1.451     1.451 r  sys_clk_IBUF_inst/O
                         net (fo=1, routed)           1.285     2.736    sys_clk_IBUF
    MMCME2_ADV_X1Y2      MMCME2_ADV (Prop_mmcme2_adv_CLKIN1_CLKOUT0)
                                                     -7.759    -5.023 r  clock_manager/CLKOUT0
                         net (fo=1, routed)           2.206    -2.817    clk100_raw
    BUFGCTRL_X0Y16       BUFG (Prop_bufg_I_O)         0.101    -2.716 r  system_clock_buffer/O
                         net (fo=17125, routed)       1.720    -0.996    system_i/adapter_i/hls_i/clk100
    SLICE_X88Y89         FDRE                                         r  system_i/adapter_i/hls_i/ap_CS_fsm_reg[13]_rep__19/C
  -------------------------------------------------------------------    -------------------
    SLICE_X88Y89         FDRE (Prop_fdre_C_Q)         0.456    -0.540 r  system_i/adapter_i/hls_i/ap_CS_fsm_reg[13]_rep__19/Q
                         net (fo=125, routed)         9.035     8.495    system_i/adapter_i/hls_i/grp_p_anonymous_namespace_keccak_f1600_fu_2505/flow_control_loop_pipe_sequential_init_U/state_5_4_fu_604_reg[43]
    SLICE_X22Y24         LUT4 (Prop_lut4_I0_O)        0.124     8.619 r  system_i/adapter_i/hls_i/grp_p_anonymous_namespace_keccak_f1600_fu_2505/flow_control_loop_pipe_sequential_init_U/state_6_4_fu_608[17]_i_1/O
                         net (fo=1, routed)           0.000     8.619    system_i/adapter_i/hls_i/grp_p_anonymous_namespace_keccak_f1600_fu_2505_n_3739
    SLICE_X22Y24         FDRE                                         r  system_i/adapter_i/hls_i/state_6_4_fu_608_reg[17]/D
  -------------------------------------------------------------------    -------------------

                         (clock clk100_raw rise edge)
                                                     10.000    10.000 r  
    H16                                               0.000    10.000 r  sys_clk (IN)
                         net (fo=0)                   0.000    10.000    sys_clk
    H16                  IBUF (Prop_ibuf_I_O)         1.380    11.380 r  sys_clk_IBUF_inst/O
                         net (fo=1, routed)           1.162    12.542    sys_clk_IBUF
    MMCME2_ADV_X1Y2      MMCME2_ADV (Prop_mmcme2_adv_CLKIN1_CLKOUT0)
                                                     -7.814     4.728 r  clock_manager/CLKOUT0
                         net (fo=1, routed)           2.012     6.740    clk100_raw
    BUFGCTRL_X0Y16       BUFG (Prop_bufg_I_O)         0.091     6.831 r  system_clock_buffer/O
                         net (fo=17125, routed)       1.561     8.393    system_i/adapter_i/hls_i/clk100
    SLICE_X22Y24         FDRE                                         r  system_i/adapter_i/hls_i/state_6_4_fu_608_reg[17]/C
                         clock pessimism              0.452     8.845    
                         clock uncertainty           -0.171     8.674    
    SLICE_X22Y24         FDRE (Setup_fdre_C_D)        0.081     8.755    system_i/adapter_i/hls_i/state_6_4_fu_608_reg[17]
  -------------------------------------------------------------------
                         required time                          8.755    
                         arrival time                          -8.619    
  -------------------------------------------------------------------
                         slack                                  0.136    

Slack (MET) :             0.140ns  (required time - arrival time)
  Source:                 system_i/adapter_i/context_mem_reg/CLKARDCLK
                            (rising edge-triggered cell RAMB36E1 clocked by clk100_raw  {rise@0.000ns fall@5.000ns period=10.000ns})
  Destination:            system_i/adapter_i/hls_i/grp_mlkem1024_keccak_accel_Pipeline_LOAD_CONTEXT_fu_2422/state_8_fu_170_reg[27]/D
                            (rising edge-triggered cell FDRE clocked by clk100_raw  {rise@0.000ns fall@5.000ns period=10.000ns})
  Path Group:             clk100_raw
  Path Type:              Setup (Max at Slow Process Corner)
  Requirement:            10.000ns  (clk100_raw rise@10.000ns - clk100_raw rise@0.000ns)
  Data Path Delay:        9.360ns  (logic 2.454ns (26.218%)  route 6.906ns (73.782%))
  Logic Levels:           0  
  Clock Path Skew:        -0.298ns (DCD - SCD + CPR)
    Destination Clock Delay (DCD):    -1.629ns = ( 8.371 - 10.000 ) 
    Source Clock Delay      (SCD):    -0.879ns
    Clock Pessimism Removal (CPR):    0.452ns
  Clock Uncertainty:      0.171ns  ((TSJ^2 + DJ^2)^1/2) / 2 + PE + UU
    Total System Jitter     (TSJ):    0.071ns
    Discrete Jitter          (DJ):    0.123ns
    Phase Error              (PE):    0.000ns
    User Uncertainty         (UU):    0.100ns

    Location             Delay type                Incr(ns)  Path(ns)    Netlist Resource(s)
  -------------------------------------------------------------------    -------------------
                         (clock clk100_raw rise edge)
                                                      0.000     0.000 r  
    H16                                               0.000     0.000 r  sys_clk (IN)
                         net (fo=0)                   0.000     0.000    sys_clk
    H16                  IBUF (Prop_ibuf_I_O)         1.451     1.451 r  sys_clk_IBUF_inst/O
                         net (fo=1, routed)           1.285     2.736    sys_clk_IBUF
    MMCME2_ADV_X1Y2      MMCME2_ADV (Prop_mmcme2_adv_CLKIN1_CLKOUT0)
                                                     -7.759    -5.023 r  clock_manager/CLKOUT0
                         net (fo=1, routed)           2.206    -2.817    clk100_raw
    BUFGCTRL_X0Y16       BUFG (Prop_bufg_I_O)         0.101    -2.716 r  system_clock_buffer/O
                         net (fo=17125, routed)       1.837    -0.879    system_i/adapter_i/clk100
    RAMB36_X4Y2          RAMB36E1                                     r  system_i/adapter_i/context_mem_reg/CLKARDCLK
  -------------------------------------------------------------------    -------------------
    RAMB36_X4Y2          RAMB36E1 (Prop_ramb36e1_CLKARDCLK_DOADO[27])
                                                      2.454     1.575 r  system_i/adapter_i/context_mem_reg/DOADO[27]
                         net (fo=27, routed)          6.906     8.481    system_i/adapter_i/hls_i/grp_mlkem1024_keccak_accel_Pipeline_LOAD_CONTEXT_fu_2422/context_q[27]
    SLICE_X62Y93         FDRE                                         r  system_i/adapter_i/hls_i/grp_mlkem1024_keccak_accel_Pipeline_LOAD_CONTEXT_fu_2422/state_8_fu_170_reg[27]/D
  -------------------------------------------------------------------    -------------------

                         (clock clk100_raw rise edge)
                                                     10.000    10.000 r  
    H16                                               0.000    10.000 r  sys_clk (IN)
                         net (fo=0)                   0.000    10.000    sys_clk
    H16                  IBUF (Prop_ibuf_I_O)         1.380    11.380 r  sys_clk_IBUF_inst/O
                         net (fo=1, routed)           1.162    12.542    sys_clk_IBUF
    MMCME2_ADV_X1Y2      MMCME2_ADV (Prop_mmcme2_adv_CLKIN1_CLKOUT0)
                                                     -7.814     4.728 r  clock_manager/CLKOUT0
                         net (fo=1, routed)           2.012     6.740    clk100_raw
    BUFGCTRL_X0Y16       BUFG (Prop_bufg_I_O)         0.091     6.831 r  system_clock_buffer/O
                         net (fo=17125, routed)       1.540     8.371    system_i/adapter_i/hls_i/grp_mlkem1024_keccak_accel_Pipeline_LOAD_CONTEXT_fu_2422/clk100
    SLICE_X62Y93         FDRE                                         r  system_i/adapter_i/hls_i/grp_mlkem1024_keccak_accel_Pipeline_LOAD_CONTEXT_fu_2422/state_8_fu_170_reg[27]/C
                         clock pessimism              0.452     8.823    
                         clock uncertainty           -0.171     8.652    
    SLICE_X62Y93         FDRE (Setup_fdre_C_D)       -0.031     8.621    system_i/adapter_i/hls_i/grp_mlkem1024_keccak_accel_Pipeline_LOAD_CONTEXT_fu_2422/state_8_fu_170_reg[27]
  -------------------------------------------------------------------
                         required time                          8.621    
                         arrival time                          -8.481    
  -------------------------------------------------------------------
                         slack                                  0.140    

Slack (MET) :             0.142ns  (required time - arrival time)
  Source:                 system_i/adapter_i/context_mem_reg/CLKARDCLK
                            (rising edge-triggered cell RAMB36E1 clocked by clk100_raw  {rise@0.000ns fall@5.000ns period=10.000ns})
  Destination:            system_i/adapter_i/hls_i/grp_mlkem1024_keccak_accel_Pipeline_LOAD_CONTEXT_fu_2422/state_17_fu_206_reg[28]/D
                            (rising edge-triggered cell FDRE clocked by clk100_raw  {rise@0.000ns fall@5.000ns period=10.000ns})
  Path Group:             clk100_raw
  Path Type:              Setup (Max at Slow Process Corner)
  Requirement:            10.000ns  (clk100_raw rise@10.000ns - clk100_raw rise@0.000ns)
  Data Path Delay:        9.246ns  (logic 2.454ns (26.542%)  route 6.792ns (73.458%))
  Logic Levels:           0  
  Clock Path Skew:        -0.360ns (DCD - SCD + CPR)
    Destination Clock Delay (DCD):    -1.691ns = ( 8.309 - 10.000 ) 
    Source Clock Delay      (SCD):    -0.879ns
    Clock Pessimism Removal (CPR):    0.452ns
  Clock Uncertainty:      0.171ns  ((TSJ^2 + DJ^2)^1/2) / 2 + PE + UU
    Total System Jitter     (TSJ):    0.071ns
    Discrete Jitter          (DJ):    0.123ns
    Phase Error              (PE):    0.000ns
    User Uncertainty         (UU):    0.100ns

    Location             Delay type                Incr(ns)  Path(ns)    Netlist Resource(s)
  -------------------------------------------------------------------    -------------------
                         (clock clk100_raw rise edge)
                                                      0.000     0.000 r  
    H16                                               0.000     0.000 r  sys_clk (IN)
                         net (fo=0)                   0.000     0.000    sys_clk
    H16                  IBUF (Prop_ibuf_I_O)         1.451     1.451 r  sys_clk_IBUF_inst/O
                         net (fo=1, routed)           1.285     2.736    sys_clk_IBUF
    MMCME2_ADV_X1Y2      MMCME2_ADV (Prop_mmcme2_adv_CLKIN1_CLKOUT0)
                                                     -7.759    -5.023 r  clock_manager/CLKOUT0
                         net (fo=1, routed)           2.206    -2.817    clk100_raw
    BUFGCTRL_X0Y16       BUFG (Prop_bufg_I_O)         0.101    -2.716 r  system_clock_buffer/O
                         net (fo=17125, routed)       1.837    -0.879    system_i/adapter_i/clk100
    RAMB36_X4Y2          RAMB36E1                                     r  system_i/adapter_i/context_mem_reg/CLKARDCLK
  -------------------------------------------------------------------    -------------------
    RAMB36_X4Y2          RAMB36E1 (Prop_ramb36e1_CLKARDCLK_DOADO[28])
                                                      2.454     1.575 r  system_i/adapter_i/context_mem_reg/DOADO[28]
                         net (fo=27, routed)          6.792     8.367    system_i/adapter_i/hls_i/grp_mlkem1024_keccak_accel_Pipeline_LOAD_CONTEXT_fu_2422/context_q[28]
    SLICE_X48Y99         FDRE                                         r  system_i/adapter_i/hls_i/grp_mlkem1024_keccak_accel_Pipeline_LOAD_CONTEXT_fu_2422/state_17_fu_206_reg[28]/D
  -------------------------------------------------------------------    -------------------

                         (clock clk100_raw rise edge)
                                                     10.000    10.000 r  
    H16                                               0.000    10.000 r  sys_clk (IN)
                         net (fo=0)                   0.000    10.000    sys_clk
    H16                  IBUF (Prop_ibuf_I_O)         1.380    11.380 r  sys_clk_IBUF_inst/O
                         net (fo=1, routed)           1.162    12.542    sys_clk_IBUF
    MMCME2_ADV_X1Y2      MMCME2_ADV (Prop_mmcme2_adv_CLKIN1_CLKOUT0)
                                                     -7.814     4.728 r  clock_manager/CLKOUT0
                         net (fo=1, routed)           2.012     6.740    clk100_raw
    BUFGCTRL_X0Y16       BUFG (Prop_bufg_I_O)         0.091     6.831 r  system_clock_buffer/O
                         net (fo=17125, routed)       1.478     8.309    system_i/adapter_i/hls_i/grp_mlkem1024_keccak_accel_Pipeline_LOAD_CONTEXT_fu_2422/clk100
    SLICE_X48Y99         FDRE                                         r  system_i/adapter_i/hls_i/grp_mlkem1024_keccak_accel_Pipeline_LOAD_CONTEXT_fu_2422/state_17_fu_206_reg[28]/C
                         clock pessimism              0.452     8.761    
                         clock uncertainty           -0.171     8.590    
    SLICE_X48Y99         FDRE (Setup_fdre_C_D)       -0.081     8.509    system_i/adapter_i/hls_i/grp_mlkem1024_keccak_accel_Pipeline_LOAD_CONTEXT_fu_2422/state_17_fu_206_reg[28]
  -------------------------------------------------------------------
                         required time                          8.509    
                         arrival time                          -8.367    
  -------------------------------------------------------------------
                         slack                                  0.142    

Slack (MET) :             0.149ns  (required time - arrival time)
  Source:                 system_i/adapter_i/context_mem_reg/CLKARDCLK
                            (rising edge-triggered cell RAMB36E1 clocked by clk100_raw  {rise@0.000ns fall@5.000ns period=10.000ns})
  Destination:            system_i/adapter_i/hls_i/grp_mlkem1024_keccak_accel_Pipeline_LOAD_CONTEXT_fu_2422/state_21_fu_222_reg[57]/D
                            (rising edge-triggered cell FDRE clocked by clk100_raw  {rise@0.000ns fall@5.000ns period=10.000ns})
  Path Group:             clk100_raw
  Path Type:              Setup (Max at Slow Process Corner)
  Requirement:            10.000ns  (clk100_raw rise@10.000ns - clk100_raw rise@0.000ns)
  Data Path Delay:        9.301ns  (logic 2.454ns (26.383%)  route 6.847ns (73.617%))
  Logic Levels:           0  
  Clock Path Skew:        -0.312ns (DCD - SCD + CPR)
    Destination Clock Delay (DCD):    -1.643ns = ( 8.357 - 10.000 ) 
    Source Clock Delay      (SCD):    -0.879ns
    Clock Pessimism Removal (CPR):    0.452ns
  Clock Uncertainty:      0.171ns  ((TSJ^2 + DJ^2)^1/2) / 2 + PE + UU
    Total System Jitter     (TSJ):    0.071ns
    Discrete Jitter          (DJ):    0.123ns
    Phase Error              (PE):    0.000ns
    User Uncertainty         (UU):    0.100ns

    Location             Delay type                Incr(ns)  Path(ns)    Netlist Resource(s)
  -------------------------------------------------------------------    -------------------
                         (clock clk100_raw rise edge)
                                                      0.000     0.000 r  
    H16                                               0.000     0.000 r  sys_clk (IN)
                         net (fo=0)                   0.000     0.000    sys_clk
    H16                  IBUF (Prop_ibuf_I_O)         1.451     1.451 r  sys_clk_IBUF_inst/O
                         net (fo=1, routed)           1.285     2.736    sys_clk_IBUF
    MMCME2_ADV_X1Y2      MMCME2_ADV (Prop_mmcme2_adv_CLKIN1_CLKOUT0)
                                                     -7.759    -5.023 r  clock_manager/CLKOUT0
                         net (fo=1, routed)           2.206    -2.817    clk100_raw
    BUFGCTRL_X0Y16       BUFG (Prop_bufg_I_O)         0.101    -2.716 r  system_clock_buffer/O
                         net (fo=17125, routed)       1.837    -0.879    system_i/adapter_i/clk100
    RAMB36_X4Y2          RAMB36E1                                     r  system_i/adapter_i/context_mem_reg/CLKARDCLK
  -------------------------------------------------------------------    -------------------
    RAMB36_X4Y2          RAMB36E1 (Prop_ramb36e1_CLKARDCLK_DOBDO[25])
                                                      2.454     1.575 r  system_i/adapter_i/context_mem_reg/DOBDO[25]
                         net (fo=27, routed)          6.847     8.422    system_i/adapter_i/hls_i/grp_mlkem1024_keccak_accel_Pipeline_LOAD_CONTEXT_fu_2422/context_q[57]
    SLICE_X31Y98         FDRE                                         r  system_i/adapter_i/hls_i/grp_mlkem1024_keccak_accel_Pipeline_LOAD_CONTEXT_fu_2422/state_21_fu_222_reg[57]/D
  -------------------------------------------------------------------    -------------------

                         (clock clk100_raw rise edge)
                                                     10.000    10.000 r  
    H16                                               0.000    10.000 r  sys_clk (IN)
                         net (fo=0)                   0.000    10.000    sys_clk
    H16                  IBUF (Prop_ibuf_I_O)         1.380    11.380 r  sys_clk_IBUF_inst/O
                         net (fo=1, routed)           1.162    12.542    sys_clk_IBUF
    MMCME2_ADV_X1Y2      MMCME2_ADV (Prop_mmcme2_adv_CLKIN1_CLKOUT0)
                                                     -7.814     4.728 r  clock_manager/CLKOUT0
                         net (fo=1, routed)           2.012     6.740    clk100_raw
    BUFGCTRL_X0Y16       BUFG (Prop_bufg_I_O)         0.091     6.831 r  system_clock_buffer/O
                         net (fo=17125, routed)       1.526     8.357    system_i/adapter_i/hls_i/grp_mlkem1024_keccak_accel_Pipeline_LOAD_CONTEXT_fu_2422/clk100
    SLICE_X31Y98         FDRE                                         r  system_i/adapter_i/hls_i/grp_mlkem1024_keccak_accel_Pipeline_LOAD_CONTEXT_fu_2422/state_21_fu_222_reg[57]/C
                         clock pessimism              0.452     8.809    
                         clock uncertainty           -0.171     8.638    
    SLICE_X31Y98         FDRE (Setup_fdre_C_D)       -0.067     8.571    system_i/adapter_i/hls_i/grp_mlkem1024_keccak_accel_Pipeline_LOAD_CONTEXT_fu_2422/state_21_fu_222_reg[57]
  -------------------------------------------------------------------
                         required time                          8.571    
                         arrival time                          -8.422    
  -------------------------------------------------------------------
                         slack                                  0.149    

Slack (MET) :             0.153ns  (required time - arrival time)
  Source:                 system_i/adapter_i/context_mem_reg/CLKARDCLK
                            (rising edge-triggered cell RAMB36E1 clocked by clk100_raw  {rise@0.000ns fall@5.000ns period=10.000ns})
  Destination:            system_i/adapter_i/hls_i/grp_mlkem1024_keccak_accel_Pipeline_LOAD_CONTEXT_fu_2422/state_20_fu_218_reg[15]/D
                            (rising edge-triggered cell FDRE clocked by clk100_raw  {rise@0.000ns fall@5.000ns period=10.000ns})
  Path Group:             clk100_raw
  Path Type:              Setup (Max at Slow Process Corner)
  Requirement:            10.000ns  (clk100_raw rise@10.000ns - clk100_raw rise@0.000ns)
  Data Path Delay:        9.247ns  (logic 2.454ns (26.539%)  route 6.793ns (73.461%))
  Logic Levels:           0  
  Clock Path Skew:        -0.362ns (DCD - SCD + CPR)
    Destination Clock Delay (DCD):    -1.693ns = ( 8.307 - 10.000 ) 
    Source Clock Delay      (SCD):    -0.879ns
    Clock Pessimism Removal (CPR):    0.452ns
  Clock Uncertainty:      0.171ns  ((TSJ^2 + DJ^2)^1/2) / 2 + PE + UU
    Total System Jitter     (TSJ):    0.071ns
    Discrete Jitter          (DJ):    0.123ns
    Phase Error              (PE):    0.000ns
    User Uncertainty         (UU):    0.100ns

    Location             Delay type                Incr(ns)  Path(ns)    Netlist Resource(s)
  -------------------------------------------------------------------    -------------------
                         (clock clk100_raw rise edge)
                                                      0.000     0.000 r  
    H16                                               0.000     0.000 r  sys_clk (IN)
                         net (fo=0)                   0.000     0.000    sys_clk
    H16                  IBUF (Prop_ibuf_I_O)         1.451     1.451 r  sys_clk_IBUF_inst/O
                         net (fo=1, routed)           1.285     2.736    sys_clk_IBUF
    MMCME2_ADV_X1Y2      MMCME2_ADV (Prop_mmcme2_adv_CLKIN1_CLKOUT0)
                                                     -7.759    -5.023 r  clock_manager/CLKOUT0
                         net (fo=1, routed)           2.206    -2.817    clk100_raw
    BUFGCTRL_X0Y16       BUFG (Prop_bufg_I_O)         0.101    -2.716 r  system_clock_buffer/O
                         net (fo=17125, routed)       1.837    -0.879    system_i/adapter_i/clk100
    RAMB36_X4Y2          RAMB36E1                                     r  system_i/adapter_i/context_mem_reg/CLKARDCLK
  -------------------------------------------------------------------    -------------------
    RAMB36_X4Y2          RAMB36E1 (Prop_ramb36e1_CLKARDCLK_DOADO[15])
                                                      2.454     1.575 r  system_i/adapter_i/context_mem_reg/DOADO[15]
                         net (fo=28, routed)          6.793     8.368    system_i/adapter_i/hls_i/grp_mlkem1024_keccak_accel_Pipeline_LOAD_CONTEXT_fu_2422/context_q[15]
    SLICE_X44Y59         FDRE                                         r  system_i/adapter_i/hls_i/grp_mlkem1024_keccak_accel_Pipeline_LOAD_CONTEXT_fu_2422/state_20_fu_218_reg[15]/D
  -------------------------------------------------------------------    -------------------

                         (clock clk100_raw rise edge)
                                                     10.000    10.000 r  
    H16                                               0.000    10.000 r  sys_clk (IN)
                         net (fo=0)                   0.000    10.000    sys_clk
    H16                  IBUF (Prop_ibuf_I_O)         1.380    11.380 r  sys_clk_IBUF_inst/O
                         net (fo=1, routed)           1.162    12.542    sys_clk_IBUF
    MMCME2_ADV_X1Y2      MMCME2_ADV (Prop_mmcme2_adv_CLKIN1_CLKOUT0)
                                                     -7.814     4.728 r  clock_manager/CLKOUT0
                         net (fo=1, routed)           2.012     6.740    clk100_raw
    BUFGCTRL_X0Y16       BUFG (Prop_bufg_I_O)         0.091     6.831 r  system_clock_buffer/O
                         net (fo=17125, routed)       1.476     8.307    system_i/adapter_i/hls_i/grp_mlkem1024_keccak_accel_Pipeline_LOAD_CONTEXT_fu_2422/clk100
    SLICE_X44Y59         FDRE                                         r  system_i/adapter_i/hls_i/grp_mlkem1024_keccak_accel_Pipeline_LOAD_CONTEXT_fu_2422/state_20_fu_218_reg[15]/C
                         clock pessimism              0.452     8.759    
                         clock uncertainty           -0.171     8.588    
    SLICE_X44Y59         FDRE (Setup_fdre_C_D)       -0.067     8.521    system_i/adapter_i/hls_i/grp_mlkem1024_keccak_accel_Pipeline_LOAD_CONTEXT_fu_2422/state_20_fu_218_reg[15]
  -------------------------------------------------------------------
                         required time                          8.521    
                         arrival time                          -8.368    
  -------------------------------------------------------------------
                         slack                                  0.153    

Slack (MET) :             0.157ns  (required time - arrival time)
  Source:                 system_i/adapter_i/context_mem_reg/CLKARDCLK
                            (rising edge-triggered cell RAMB36E1 clocked by clk100_raw  {rise@0.000ns fall@5.000ns period=10.000ns})
  Destination:            system_i/adapter_i/hls_i/grp_mlkem1024_keccak_accel_Pipeline_LOAD_CONTEXT_fu_2422/state_11_fu_182_reg[53]/D
                            (rising edge-triggered cell FDRE clocked by clk100_raw  {rise@0.000ns fall@5.000ns period=10.000ns})
  Path Group:             clk100_raw
  Path Type:              Setup (Max at Slow Process Corner)
  Requirement:            10.000ns  (clk100_raw rise@10.000ns - clk100_raw rise@0.000ns)
  Data Path Delay:        9.272ns  (logic 2.454ns (26.468%)  route 6.818ns (73.532%))
  Logic Levels:           0  
  Clock Path Skew:        -0.373ns (DCD - SCD + CPR)
    Destination Clock Delay (DCD):    -1.704ns = ( 8.296 - 10.000 ) 
    Source Clock Delay      (SCD):    -0.879ns
    Clock Pessimism Removal (CPR):    0.452ns
  Clock Uncertainty:      0.171ns  ((TSJ^2 + DJ^2)^1/2) / 2 + PE + UU
    Total System Jitter     (TSJ):    0.071ns
    Discrete Jitter          (DJ):    0.123ns
    Phase Error              (PE):    0.000ns
    User Uncertainty         (UU):    0.100ns

    Location             Delay type                Incr(ns)  Path(ns)    Netlist Resource(s)
  -------------------------------------------------------------------    -------------------
                         (clock clk100_raw rise edge)
                                                      0.000     0.000 r  
    H16                                               0.000     0.000 r  sys_clk (IN)
                         net (fo=0)                   0.000     0.000    sys_clk
    H16                  IBUF (Prop_ibuf_I_O)         1.451     1.451 r  sys_clk_IBUF_inst/O
                         net (fo=1, routed)           1.285     2.736    sys_clk_IBUF
    MMCME2_ADV_X1Y2      MMCME2_ADV (Prop_mmcme2_adv_CLKIN1_CLKOUT0)
                                                     -7.759    -5.023 r  clock_manager/CLKOUT0
                         net (fo=1, routed)           2.206    -2.817    clk100_raw
    BUFGCTRL_X0Y16       BUFG (Prop_bufg_I_O)         0.101    -2.716 r  system_clock_buffer/O
                         net (fo=17125, routed)       1.837    -0.879    system_i/adapter_i/clk100
    RAMB36_X4Y2          RAMB36E1                                     r  system_i/adapter_i/context_mem_reg/CLKARDCLK
  -------------------------------------------------------------------    -------------------
    RAMB36_X4Y2          RAMB36E1 (Prop_ramb36e1_CLKARDCLK_DOBDO[21])
                                                      2.454     1.575 r  system_i/adapter_i/context_mem_reg/DOBDO[21]
                         net (fo=27, routed)          6.818     8.393    system_i/adapter_i/hls_i/grp_mlkem1024_keccak_accel_Pipeline_LOAD_CONTEXT_fu_2422/context_q[53]
    SLICE_X42Y77         FDRE                                         r  system_i/adapter_i/hls_i/grp_mlkem1024_keccak_accel_Pipeline_LOAD_CONTEXT_fu_2422/state_11_fu_182_reg[53]/D
  -------------------------------------------------------------------    -------------------

                         (clock clk100_raw rise edge)
                                                     10.000    10.000 r  
    H16                                               0.000    10.000 r  sys_clk (IN)
                         net (fo=0)                   0.000    10.000    sys_clk
    H16                  IBUF (Prop_ibuf_I_O)         1.380    11.380 r  sys_clk_IBUF_inst/O
                         net (fo=1, routed)           1.162    12.542    sys_clk_IBUF
    MMCME2_ADV_X1Y2      MMCME2_ADV (Prop_mmcme2_adv_CLKIN1_CLKOUT0)
                                                     -7.814     4.728 r  clock_manager/CLKOUT0
                         net (fo=1, routed)           2.012     6.740    clk100_raw
    BUFGCTRL_X0Y16       BUFG (Prop_bufg_I_O)         0.091     6.831 r  system_clock_buffer/O
                         net (fo=17125, routed)       1.465     8.296    system_i/adapter_i/hls_i/grp_mlkem1024_keccak_accel_Pipeline_LOAD_CONTEXT_fu_2422/clk100
    SLICE_X42Y77         FDRE                                         r  system_i/adapter_i/hls_i/grp_mlkem1024_keccak_accel_Pipeline_LOAD_CONTEXT_fu_2422/state_11_fu_182_reg[53]/C
                         clock pessimism              0.452     8.748    
                         clock uncertainty           -0.171     8.577    
    SLICE_X42Y77         FDRE (Setup_fdre_C_D)       -0.028     8.549    system_i/adapter_i/hls_i/grp_mlkem1024_keccak_accel_Pipeline_LOAD_CONTEXT_fu_2422/state_11_fu_182_reg[53]
  -------------------------------------------------------------------
                         required time                          8.549    
                         arrival time                          -8.393    
  -------------------------------------------------------------------
                         slack                                  0.157    

Slack (MET) :             0.157ns  (required time - arrival time)
  Source:                 system_i/adapter_i/context_mem_reg/CLKARDCLK
                            (rising edge-triggered cell RAMB36E1 clocked by clk100_raw  {rise@0.000ns fall@5.000ns period=10.000ns})
  Destination:            system_i/adapter_i/hls_i/grp_mlkem1024_keccak_accel_Pipeline_LOAD_CONTEXT_fu_2422/state_15_fu_198_reg[28]/D
                            (rising edge-triggered cell FDRE clocked by clk100_raw  {rise@0.000ns fall@5.000ns period=10.000ns})
  Path Group:             clk100_raw
  Path Type:              Setup (Max at Slow Process Corner)
  Requirement:            10.000ns  (clk100_raw rise@10.000ns - clk100_raw rise@0.000ns)
  Data Path Delay:        9.409ns  (logic 2.454ns (26.082%)  route 6.955ns (73.918%))
  Logic Levels:           0  
  Clock Path Skew:        -0.196ns (DCD - SCD + CPR)
    Destination Clock Delay (DCD):    -1.528ns = ( 8.472 - 10.000 ) 
    Source Clock Delay      (SCD):    -0.879ns
    Clock Pessimism Removal (CPR):    0.452ns
  Clock Uncertainty:      0.171ns  ((TSJ^2 + DJ^2)^1/2) / 2 + PE + UU
    Total System Jitter     (TSJ):    0.071ns
    Discrete Jitter          (DJ):    0.123ns
    Phase Error              (PE):    0.000ns
    User Uncertainty         (UU):    0.100ns

    Location             Delay type                Incr(ns)  Path(ns)    Netlist Resource(s)
  -------------------------------------------------------------------    -------------------
                         (clock clk100_raw rise edge)
                                                      0.000     0.000 r  
    H16                                               0.000     0.000 r  sys_clk (IN)
                         net (fo=0)                   0.000     0.000    sys_clk
    H16                  IBUF (Prop_ibuf_I_O)         1.451     1.451 r  sys_clk_IBUF_inst/O
                         net (fo=1, routed)           1.285     2.736    sys_clk_IBUF
    MMCME2_ADV_X1Y2      MMCME2_ADV (Prop_mmcme2_adv_CLKIN1_CLKOUT0)
                                                     -7.759    -5.023 r  clock_manager/CLKOUT0
                         net (fo=1, routed)           2.206    -2.817    clk100_raw
    BUFGCTRL_X0Y16       BUFG (Prop_bufg_I_O)         0.101    -2.716 r  system_clock_buffer/O
                         net (fo=17125, routed)       1.837    -0.879    system_i/adapter_i/clk100
    RAMB36_X4Y2          RAMB36E1                                     r  system_i/adapter_i/context_mem_reg/CLKARDCLK
  -------------------------------------------------------------------    -------------------
    RAMB36_X4Y2          RAMB36E1 (Prop_ramb36e1_CLKARDCLK_DOADO[28])
                                                      2.454     1.575 r  system_i/adapter_i/context_mem_reg/DOADO[28]
                         net (fo=27, routed)          6.955     8.530    system_i/adapter_i/hls_i/grp_mlkem1024_keccak_accel_Pipeline_LOAD_CONTEXT_fu_2422/context_q[28]
    SLICE_X51Y102        FDRE                                         r  system_i/adapter_i/hls_i/grp_mlkem1024_keccak_accel_Pipeline_LOAD_CONTEXT_fu_2422/state_15_fu_198_reg[28]/D
  -------------------------------------------------------------------    -------------------

                         (clock clk100_raw rise edge)
                                                     10.000    10.000 r  
    H16                                               0.000    10.000 r  sys_clk (IN)
                         net (fo=0)                   0.000    10.000    sys_clk
    H16                  IBUF (Prop_ibuf_I_O)         1.380    11.380 r  sys_clk_IBUF_inst/O
                         net (fo=1, routed)           1.162    12.542    sys_clk_IBUF
    MMCME2_ADV_X1Y2      MMCME2_ADV (Prop_mmcme2_adv_CLKIN1_CLKOUT0)
                                                     -7.814     4.728 r  clock_manager/CLKOUT0
                         net (fo=1, routed)           2.012     6.740    clk100_raw
    BUFGCTRL_X0Y16       BUFG (Prop_bufg_I_O)         0.091     6.831 r  system_clock_buffer/O
                         net (fo=17125, routed)       1.641     8.472    system_i/adapter_i/hls_i/grp_mlkem1024_keccak_accel_Pipeline_LOAD_CONTEXT_fu_2422/clk100
    SLICE_X51Y102        FDRE                                         r  system_i/adapter_i/hls_i/grp_mlkem1024_keccak_accel_Pipeline_LOAD_CONTEXT_fu_2422/state_15_fu_198_reg[28]/C
                         clock pessimism              0.452     8.925    
                         clock uncertainty           -0.171     8.754    
    SLICE_X51Y102        FDRE (Setup_fdre_C_D)       -0.067     8.687    system_i/adapter_i/hls_i/grp_mlkem1024_keccak_accel_Pipeline_LOAD_CONTEXT_fu_2422/state_15_fu_198_reg[28]
  -------------------------------------------------------------------
                         required time                          8.687    
                         arrival time                          -8.530    
  -------------------------------------------------------------------
                         slack                                  0.157    




