Copyright 1986-2022 Xilinx, Inc. All Rights Reserved. Copyright 2022-2024 Advanced Micro Devices, Inc. All Rights Reserved.
-------------------------------------------------------------------------------------------------------------------------------------------------------
| Tool Version : Vivado v.2024.2 (win64) Build 5239630 Fri Nov 08 22:35:27 MST 2024
| Date         : Sun Oct  4 16:26:57 2026
| Host         : DESKTOP-H0SRFHK running 64-bit major release  (build 9200)
| Command      : report_timing_summary -delay_type min_max -report_unconstrained -file E:/hls/k4board/20261004_162430/board/reports/timing_summary.rpt
| Design       : mlkem1024_keccak_pynqz2_top
| Device       : 7z020-clg400
| Speed File   : -1  PRODUCTION 1.12 2019-11-22
| Design State : Routed
-------------------------------------------------------------------------------------------------------------------------------------------------------

Timing Summary Report

------------------------------------------------------------------------------------------------
| Timer Settings
| --------------
------------------------------------------------------------------------------------------------

  Enable Multi Corner Analysis               :  Yes
  Enable Pessimism Removal                   :  Yes
  Pessimism Removal Resolution               :  Nearest Common Node
  Enable Input Delay Default Clock           :  No
  Enable Preset / Clear Arcs                 :  No
  Disable Flight Delays                      :  No
  Ignore I/O Paths                           :  No
  Timing Early Launch at Borrowing Latches   :  No
  Borrow Time for Max Delay Exceptions       :  Yes
  Merge Timing Exceptions                    :  Yes
  Inter-SLR Compensation                     :  Conservative

  Corner  Analyze    Analyze    
  Name    Max Paths  Min Paths  
  ------  ---------  ---------  
  Slow    Yes        Yes        
  Fast    Yes        Yes        


------------------------------------------------------------------------------------------------
| Report Methodology
| ------------------
------------------------------------------------------------------------------------------------

No report available as report_methodology has not been run prior. Run report_methodology on the current design for the summary of methodology violations.



check_timing report

Table of Contents
-----------------
1. checking no_clock (0)
2. checking constant_clock (0)
3. checking pulse_width_clock (0)
4. checking unconstrained_internal_endpoints (0)
5. checking no_input_delay (1)
6. checking no_output_delay (4)
7. checking multiple_clock (0)
8. checking generated_clocks (0)
9. checking loops (0)
10. checking partial_input_delay (0)
11. checking partial_output_delay (0)
12. checking latch_loops (0)

1. checking no_clock (0)
------------------------
 There are 0 register/latch pins with no clock.


2. checking constant_clock (0)
------------------------------
 There are 0 register/latch pins with constant_clock.


3. checking pulse_width_clock (0)
---------------------------------
 There are 0 register/latch pins which need pulse_width check


4. checking unconstrained_internal_endpoints (0)
------------------------------------------------
 There are 0 pins that are not constrained for maximum delay.

 There are 0 pins that are not constrained for maximum delay due to constant clock.


5. checking no_input_delay (1)
------------------------------
 There are 0 input ports with no input delay specified.

 There is 1 input port with no input delay but user has a false path constraint. (MEDIUM)


6. checking no_output_delay (4)
-------------------------------
 There are 0 ports with no output delay specified.

 There are 4 ports with no output delay but user has a false path constraint (MEDIUM)

 There are 0 ports with no output delay but with a timing clock defined on it or propagating through it


7. checking multiple_clock (0)
------------------------------
 There are 0 register/latch pins with multiple clocks.


8. checking generated_clocks (0)
--------------------------------
 There are 0 generated clocks that are not connected to a clock source.


9. checking loops (0)
---------------------
 There are 0 combinational loops in the design.


10. checking partial_input_delay (0)
------------------------------------
 There are 0 input ports with partial input delay specified.


11. checking partial_output_delay (0)
-------------------------------------
 There are 0 ports with partial output delay specified.


12. checking latch_loops (0)
----------------------------
 There are 0 combinational latch loops in the design through latch input



------------------------------------------------------------------------------------------------
| Design Timing Summary
| ---------------------
------------------------------------------------------------------------------------------------

    WNS(ns)      TNS(ns)  TNS Failing Endpoints  TNS Total Endpoints      WHS(ns)      THS(ns)  THS Failing Endpoints  THS Total Endpoints     WPWS(ns)     TPWS(ns)  TPWS Failing Endpoints  TPWS Total Endpoints  
    -------      -------  ---------------------  -------------------      -------      -------  ---------------------  -------------------     --------     --------  ----------------------  --------------------  
      0.109        0.000                      0                37265        0.027        0.000                      0                37265        2.000        0.000                       0                 17131  


All user specified timing constraints are met.


------------------------------------------------------------------------------------------------
| Clock Summary
| -------------
------------------------------------------------------------------------------------------------

Clock           Waveform(ns)         Period(ns)      Frequency(MHz)
-----           ------------         ----------      --------------
sys_clk_125mhz  {0.000 4.000}        8.000           125.000         
  clk100_raw    {0.000 5.000}        10.000          100.000         
  feedback_raw  {0.000 4.000}        8.000           125.000         


------------------------------------------------------------------------------------------------
| Intra Clock Table
| -----------------
------------------------------------------------------------------------------------------------

Clock               WNS(ns)      TNS(ns)  TNS Failing Endpoints  TNS Total Endpoints      WHS(ns)      THS(ns)  THS Failing Endpoints  THS Total Endpoints     WPWS(ns)     TPWS(ns)  TPWS Failing Endpoints  TPWS Total Endpoints  
-----               -------      -------  ---------------------  -------------------      -------      -------  ---------------------  -------------------     --------     --------  ----------------------  --------------------  
sys_clk_125mhz                                                                                                                                                    2.000        0.000                       0                     1  
  clk100_raw          0.109        0.000                      0                37265        0.027        0.000                      0                37265        3.750        0.000                       0                 17127  
  feedback_raw                                                                                                                                                    5.845        0.000                       0                     3  


------------------------------------------------------------------------------------------------
| Inter Clock Table
| -----------------
------------------------------------------------------------------------------------------------

From Clock    To Clock          WNS(ns)      TNS(ns)  TNS Failing Endpoints  TNS Total Endpoints      WHS(ns)      THS(ns)  THS Failing Endpoints  THS Total Endpoints  
----------    --------          -------      -------  ---------------------  -------------------      -------      -------  ---------------------  -------------------  


------------------------------------------------------------------------------------------------
| Other Path Groups Table
| -----------------------
------------------------------------------------------------------------------------------------

Path Group    From Clock    To Clock          WNS(ns)      TNS(ns)  TNS Failing Endpoints  TNS Total Endpoints      WHS(ns)      THS(ns)  THS Failing Endpoints  THS Total Endpoints  
----------    ----------    --------          -------      -------  ---------------------  -------------------      -------      -------  ---------------------  -------------------  


------------------------------------------------------------------------------------------------
| User Ignored Path Table
| -----------------------
------------------------------------------------------------------------------------------------

Path Group    From Clock    To Clock    
----------    ----------    --------    
(none)        clk100_raw                  
(none)                      clk100_raw    


------------------------------------------------------------------------------------------------
| Unconstrained Path Table
| ------------------------
------------------------------------------------------------------------------------------------

Path Group    From Clock    To Clock    
----------    ----------    --------    
(none)        feedback_raw                


------------------------------------------------------------------------------------------------
| Timing Details
| --------------
------------------------------------------------------------------------------------------------


---------------------------------------------------------------------------------------------------
From Clock:  sys_clk_125mhz
  To Clock:  sys_clk_125mhz

Setup :           NA  Failing Endpoints,  Worst Slack           NA  ,  Total Violation           NA
Hold  :           NA  Failing Endpoints,  Worst Slack           NA  ,  Total Violation           NA
PW    :            0  Failing Endpoints,  Worst Slack        2.000ns,  Total Violation        0.000ns
---------------------------------------------------------------------------------------------------


Pulse Width Checks
--------------------------------------------------------------------------------------
Clock Name:         sys_clk_125mhz
Waveform(ns):       { 0.000 4.000 }
Period(ns):         8.000
Sources:            { sys_clk }

Check Type        Corner  Lib Pin            Reference Pin  Required(ns)  Actual(ns)  Slack(ns)  Location         Pin
Min Period        n/a     MMCME2_ADV/CLKIN1  n/a            1.249         8.000       6.751      MMCME2_ADV_X1Y2  clock_manager/CLKIN1
Max Period        n/a     MMCME2_ADV/CLKIN1  n/a            100.000       8.000       92.000     MMCME2_ADV_X1Y2  clock_manager/CLKIN1
Low Pulse Width   Slow    MMCME2_ADV/CLKIN1  n/a            2.000         4.000       2.000      MMCME2_ADV_X1Y2  clock_manager/CLKIN1
High Pulse Width  Slow    MMCME2_ADV/CLKIN1  n/a            2.000         4.000       2.000      MMCME2_ADV_X1Y2  clock_manager/CLKIN1



---------------------------------------------------------------------------------------------------
From Clock:  clk100_raw
  To Clock:  clk100_raw

Setup :            0  Failing Endpoints,  Worst Slack        0.109ns,  Total Violation        0.000ns
Hold  :            0  Failing Endpoints,  Worst Slack        0.027ns,  Total Violation        0.000ns
PW    :            0  Failing Endpoints,  Worst Slack        3.750ns,  Total Violation        0.000ns
---------------------------------------------------------------------------------------------------


Max Delay Paths
--------------------------------------------------------------------------------------
Slack (MET) :             0.109ns  (required time - arrival time)
  Source:                 system_i/adapter_i/context_mem_reg/CLKARDCLK
                            (rising edge-triggered cell RAMB36E1 clocked by clk100_raw  {rise@0.000ns fall@5.000ns period=10.000ns})
  Destination:            system_i/adapter_i/hls_i/grp_mlkem1024_keccak_accel_Pipeline_LOAD_CONTEXT_fu_2422/state_13_fu_190_reg[53]/D
                            (rising edge-triggered cell FDRE clocked by clk100_raw  {rise@0.000ns fall@5.000ns period=10.000ns})
  Path Group:             clk100_raw
  Path Type:              Setup (Max at Slow Process Corner)
  Requirement:            10.000ns  (clk100_raw rise@10.000ns - clk100_raw rise@0.000ns)
  Data Path Delay:        9.324ns  (logic 2.454ns (26.320%)  route 6.870ns (73.680%))
  Logic Levels:           0  
  Clock Path Skew:        -0.329ns (DCD - SCD + CPR)
    Destination Clock Delay (DCD):    -1.660ns = ( 8.340 - 10.000 ) 
    Source Clock Delay      (SCD):    -0.879ns
    Clock Pessimism Removal (CPR):    0.452ns
  Clock Uncertainty:      0.171ns  ((TSJ^2 + DJ^2)^1/2) / 2 + PE + UU
    Total System Jitter     (TSJ):    0.071ns
    Discrete Jitter          (DJ):    0.123ns
    Phase Error              (PE):    0.000ns
    User Uncertainty         (UU):    0.100ns

    Location             Delay type                Incr(ns)  Path(ns)    Netlist Resource(s)
  -------------------------------------------------------------------    -------------------
                         (clock clk100_raw rise edge)
                                                      0.000     0.000 r  
    H16                                               0.000     0.000 r  sys_clk (IN)
                         net (fo=0)                   0.000     0.000    sys_clk
    H16                  IBUF (Prop_ibuf_I_O)         1.451     1.451 r  sys_clk_IBUF_inst/O
                         net (fo=1, routed)           1.285     2.736    sys_clk_IBUF
    MMCME2_ADV_X1Y2      MMCME2_ADV (Prop_mmcme2_adv_CLKIN1_CLKOUT0)
                                                     -7.759    -5.023 r  clock_manager/CLKOUT0
                         net (fo=1, routed)           2.206    -2.817    clk100_raw
    BUFGCTRL_X0Y16       BUFG (Prop_bufg_I_O)         0.101    -2.716 r  system_clock_buffer/O
                         net (fo=17125, routed)       1.837    -0.879    system_i/adapter_i/clk100
    RAMB36_X4Y2          RAMB36E1                                     r  system_i/adapter_i/context_mem_reg/CLKARDCLK
  -------------------------------------------------------------------    -------------------
    RAMB36_X4Y2          RAMB36E1 (Prop_ramb36e1_CLKARDCLK_DOBDO[21])
                                                      2.454     1.575 r  system_i/adapter_i/context_mem_reg/DOBDO[21]
                         net (fo=27, routed)          6.870     8.445    system_i/adapter_i/hls_i/grp_mlkem1024_keccak_accel_Pipeline_LOAD_CONTEXT_fu_2422/context_q[53]
    SLICE_X27Y71         FDRE                                         r  system_i/adapter_i/hls_i/grp_mlkem1024_keccak_accel_Pipeline_LOAD_CONTEXT_fu_2422/state_13_fu_190_reg[53]/D
  -------------------------------------------------------------------    -------------------

                         (clock clk100_raw rise edge)
                                                     10.000    10.000 r  
    H16                                               0.000    10.000 r  sys_clk (IN)
                         net (fo=0)                   0.000    10.000    sys_clk
    H16                  IBUF (Prop_ibuf_I_O)         1.380    11.380 r  sys_clk_IBUF_inst/O
                         net (fo=1, routed)           1.162    12.542    sys_clk_IBUF
    MMCME2_ADV_X1Y2      MMCME2_ADV (Prop_mmcme2_adv_CLKIN1_CLKOUT0)
                                                     -7.814     4.728 r  clock_manager/CLKOUT0
                         net (fo=1, routed)           2.012     6.740    clk100_raw
    BUFGCTRL_X0Y16       BUFG (Prop_bufg_I_O)         0.091     6.831 r  system_clock_buffer/O
                         net (fo=17125, routed)       1.509     8.340    system_i/adapter_i/hls_i/grp_mlkem1024_keccak_accel_Pipeline_LOAD_CONTEXT_fu_2422/clk100
    SLICE_X27Y71         FDRE                                         r  system_i/adapter_i/hls_i/grp_mlkem1024_keccak_accel_Pipeline_LOAD_CONTEXT_fu_2422/state_13_fu_190_reg[53]/C
                         clock pessimism              0.452     8.792    
                         clock uncertainty           -0.171     8.621    
    SLICE_X27Y71         FDRE (Setup_fdre_C_D)       -0.067     8.554    system_i/adapter_i/hls_i/grp_mlkem1024_keccak_accel_Pipeline_LOAD_CONTEXT_fu_2422/state_13_fu_190_reg[53]
  -------------------------------------------------------------------
                         required time                          8.554    
                         arrival time                          -8.445    
  -------------------------------------------------------------------
                         slack                                  0.109    





Min Delay Paths
--------------------------------------------------------------------------------------
Slack (MET) :             0.027ns  (arrival time - required time)
  Source:                 system_i/adapter_i/hls_i/state_12_5_ph_reg_2256_reg[28]/C
                            (rising edge-triggered cell FDRE clocked by clk100_raw  {rise@0.000ns fall@5.000ns period=10.000ns})
  Destination:            system_i/adapter_i/hls_i/state_12_5_fu_632_reg[28]/D
                            (rising edge-triggered cell FDRE clocked by clk100_raw  {rise@0.000ns fall@5.000ns period=10.000ns})
  Path Group:             clk100_raw
  Path Type:              Hold (Min at Fast Process Corner)
  Requirement:            0.000ns  (clk100_raw rise@0.000ns - clk100_raw rise@0.000ns)
  Data Path Delay:        0.480ns  (logic 0.186ns (38.772%)  route 0.294ns (61.228%))
  Logic Levels:           1  (LUT4=1)
  Clock Path Skew:        0.261ns (DCD - SCD - CPR)
    Destination Clock Delay (DCD):    -0.921ns
    Source Clock Delay      (SCD):    -0.678ns
    Clock Pessimism Removal (CPR):    -0.504ns
  Clock Uncertainty:      0.100ns  ((TSJ^2 + DJ^2)^1/2) / 2 + PE + UU
    Total System Jitter     (TSJ):    0.000ns
    Discrete Jitter          (DJ):    0.000ns
    Phase Error              (PE):    0.000ns
    User Uncertainty         (UU):    0.100ns

    Location             Delay type                Incr(ns)  Path(ns)    Netlist Resource(s)
  -------------------------------------------------------------------    -------------------
                         (clock clk100_raw rise edge)
                                                      0.000     0.000 r  
    H16                                               0.000     0.000 r  sys_clk (IN)
                         net (fo=0)                   0.000     0.000    sys_clk
    H16                  IBUF (Prop_ibuf_I_O)         0.219     0.219 r  sys_clk_IBUF_inst/O
                         net (fo=1, routed)           0.440     0.659    sys_clk_IBUF
    MMCME2_ADV_X1Y2      MMCME2_ADV (Prop_mmcme2_adv_CLKIN1_CLKOUT0)
                                                     -2.613    -1.954 r  clock_manager/CLKOUT0
                         net (fo=1, routed)           0.696    -1.257    clk100_raw
    BUFGCTRL_X0Y16       BUFG (Prop_bufg_I_O)         0.026    -1.231 r  system_clock_buffer/O
                         net (fo=17125, routed)       0.553    -0.678    system_i/adapter_i/hls_i/clk100
    SLICE_X53Y97         FDRE                                         r  system_i/adapter_i/hls_i/state_12_5_ph_reg_2256_reg[28]/C
  -------------------------------------------------------------------    -------------------
    SLICE_X53Y97         FDRE (Prop_fdre_C_Q)         0.141    -0.537 r  system_i/adapter_i/hls_i/state_12_5_ph_reg_2256_reg[28]/Q
                         net (fo=1, routed)           0.294    -0.244    system_i/adapter_i/hls_i/grp_p_anonymous_namespace_keccak_f1600_fu_2505/flow_control_loop_pipe_sequential_init_U/state_12_5_fu_632_reg[63][28]
    SLICE_X49Y86         LUT4 (Prop_lut4_I2_O)        0.045    -0.199 r  system_i/adapter_i/hls_i/grp_p_anonymous_namespace_keccak_f1600_fu_2505/flow_control_loop_pipe_sequential_init_U/state_12_5_fu_632[28]_i_1/O
                         net (fo=1, routed)           0.000    -0.199    system_i/adapter_i/hls_i/grp_p_anonymous_namespace_keccak_f1600_fu_2505_n_3920
    SLICE_X49Y86         FDRE                                         r  system_i/adapter_i/hls_i/state_12_5_fu_632_reg[28]/D
  -------------------------------------------------------------------    -------------------

                         (clock clk100_raw rise edge)
                                                      0.000     0.000 r  
    H16                                               0.000     0.000 r  sys_clk (IN)
                         net (fo=0)                   0.000     0.000    sys_clk
    H16                  IBUF (Prop_ibuf_I_O)         0.406     0.406 r  sys_clk_IBUF_inst/O
                         net (fo=1, routed)           0.480     0.886    sys_clk_IBUF
    MMCME2_ADV_X1Y2      MMCME2_ADV (Prop_mmcme2_adv_CLKIN1_CLKOUT0)
                                                     -3.407    -2.521 r  clock_manager/CLKOUT0
                         net (fo=1, routed)           0.752    -1.769    clk100_raw
    BUFGCTRL_X0Y16       BUFG (Prop_bufg_I_O)         0.029    -1.740 r  system_clock_buffer/O
                         net (fo=17125, routed)       0.819    -0.921    system_i/adapter_i/hls_i/clk100
    SLICE_X49Y86         FDRE                                         r  system_i/adapter_i/hls_i/state_12_5_fu_632_reg[28]/C
                         clock pessimism              0.504    -0.417    
                         clock uncertainty            0.100    -0.317    
    SLICE_X49Y86         FDRE (Hold_fdre_C_D)         0.091    -0.226    system_i/adapter_i/hls_i/state_12_5_fu_632_reg[28]
  -------------------------------------------------------------------
                         required time                          0.226    
                         arrival time                          -0.199    
  -------------------------------------------------------------------
                         slack                                  0.027    





Pulse Width Checks
--------------------------------------------------------------------------------------
Clock Name:         clk100_raw
Waveform(ns):       { 0.000 5.000 }
Period(ns):         10.000
Sources:            { clock_manager/CLKOUT0 }

Check Type        Corner  Lib Pin             Reference Pin  Required(ns)  Actual(ns)  Slack(ns)  Location         Pin
Min Period        n/a     DSP48E1/CLK         n/a            3.884         10.000      6.116      DSP48_X2Y6       system_i/cpu/picorv32_core/pcpi_mul/rd_reg/CLK
Max Period        n/a     MMCME2_ADV/CLKOUT0  n/a            213.360       10.000      203.360    MMCME2_ADV_X1Y2  clock_manager/CLKOUT0
Low Pulse Width   Slow    RAMD32/CLK          n/a            1.250         5.000       3.750      SLICE_X38Y4      system_i/cpu/picorv32_core/cpuregs_reg_r1_0_31_0_5/RAMA/CLK
High Pulse Width  Slow    RAMD32/CLK          n/a            1.250         5.000       3.750      SLICE_X38Y4      system_i/cpu/picorv32_core/cpuregs_reg_r1_0_31_0_5/RAMA/CLK



---------------------------------------------------------------------------------------------------
From Clock:  feedback_raw
  To Clock:  feedback_raw

Setup :           NA  Failing Endpoints,  Worst Slack           NA  ,  Total Violation           NA
Hold  :           NA  Failing Endpoints,  Worst Slack           NA  ,  Total Violation           NA
PW    :            0  Failing Endpoints,  Worst Slack        5.845ns,  Total Violation        0.000ns
---------------------------------------------------------------------------------------------------


Pulse Width Checks
--------------------------------------------------------------------------------------
Clock Name:         feedback_raw
Waveform(ns):       { 0.000 4.000 }
Period(ns):         8.000
Sources:            { clock_manager/CLKFBOUT }

Check Type  Corner  Lib Pin             Reference Pin  Required(ns)  Actual(ns)  Slack(ns)  Location         Pin
Min Period  n/a     BUFG/I              n/a            2.155         8.000       5.845      BUFGCTRL_X0Y17   feedback_buffer/I
Max Period  n/a     MMCME2_ADV/CLKFBIN  n/a            100.000       8.000       92.000     MMCME2_ADV_X1Y2  clock_manager/CLKFBIN



--------------------------------------------------------------------------------------
Path Group:  (none)
From Clock:  clk100_raw
  To Clock:  

Max Delay             4 Endpoints
Min Delay             4 Endpoints
--------------------------------------------------------------------------------------


Max Delay Paths
--------------------------------------------------------------------------------------
Slack:                    inf
  Source:                 system_i/debug_regs_reg[0][31]/C
                            (rising edge-triggered cell FDRE clocked by clk100_raw  {rise@0.000ns fall@5.000ns period=10.000ns})
  Destination:            led[1]
                            (output port)
  Path Group:             (none)
  Path Type:              Max at Slow Process Corner
  Data Path Delay:        13.538ns  (logic 4.447ns (32.850%)  route 9.091ns (67.150%))
  Logic Levels:           4  (LUT4=2 LUT5=1 OBUF=1)
  Clock Uncertainty:      0.264ns  ((TSJ^2 + DJ^2)^1/2) / 2 + PE + UU
    Total System Jitter     (TSJ):    0.050ns
    Discrete Jitter          (DJ):    0.123ns
    Phase Error              (PE):    0.097ns
    User Uncertainty         (UU):    0.100ns
  Timing Exception:       False Path

    Location             Delay type                Incr(ns)  Path(ns)    Netlist Resource(s)
  -------------------------------------------------------------------    -------------------
                         (clock clk100_raw rise edge)
                                                      0.000     0.000 r  
    H16                                               0.000     0.000 r  sys_clk (IN)
                         net (fo=0)                   0.000     0.000    sys_clk
    H16                  IBUF (Prop_ibuf_I_O)         1.451     1.451 r  sys_clk_IBUF_inst/O
                         net (fo=1, routed)           1.285     2.736    sys_clk_IBUF
    MMCME2_ADV_X1Y2      MMCME2_ADV (Prop_mmcme2_adv_CLKIN1_CLKOUT0)
                                                     -7.759    -5.023 r  clock_manager/CLKOUT0
                         net (fo=1, routed)           2.206    -2.817    clk100_raw
    BUFGCTRL_X0Y16       BUFG (Prop_bufg_I_O)         0.101    -2.716 r  system_clock_buffer/O
                         net (fo=17125, routed)       1.723    -0.993    system_i/clk100
    SLICE_X54Y13         FDRE                                         r  system_i/debug_regs_reg[0][31]/C
  -------------------------------------------------------------------    -------------------
    SLICE_X54Y13         FDRE (Prop_fdre_C_Q)         0.518    -0.475 f  system_i/debug_regs_reg[0][31]/Q
                         net (fo=2, routed)           0.975     0.499    system_i/status[31]
    SLICE_X54Y12         LUT4 (Prop_lut4_I2_O)        0.124     0.623 f  system_i/led_OBUF[2]_inst_i_7/O
                         net (fo=1, routed)           1.015     1.638    system_i/led_OBUF[2]_inst_i_7_n_2
    SLICE_X52Y12         LUT4 (Prop_lut4_I0_O)        0.124     1.762 r  system_i/led_OBUF[2]_inst_i_3/O
                         net (fo=3, routed)           1.250     3.012    system_i/cpu/picorv32_core/led[2]
    SLICE_X67Y7          LUT5 (Prop_lut5_I1_O)        0.124     3.136 r  system_i/cpu/picorv32_core/led_OBUF[1]_inst_i_1/O
                         net (fo=1, routed)           5.851     8.988    led_OBUF[1]
    P14                  OBUF (Prop_obuf_I_O)         3.557    12.545 r  led_OBUF[1]_inst/O
                         net (fo=0)                   0.000    12.545    led[1]
    P14                                                               r  led[1] (OUT)
  -------------------------------------------------------------------    -------------------





Min Delay Paths
--------------------------------------------------------------------------------------
Slack:                    inf
  Source:                 system_i/debug_regs_reg[0][4]/C
                            (rising edge-triggered cell FDRE clocked by clk100_raw  {rise@0.000ns fall@5.000ns period=10.000ns})
  Destination:            led[2]
                            (output port)
  Path Group:             (none)
  Path Type:              Min at Fast Process Corner
  Data Path Delay:        3.700ns  (logic 1.567ns (42.349%)  route 2.133ns (57.651%))
  Logic Levels:           3  (LUT5=1 LUT6=1 OBUF=1)
  Clock Uncertainty:      0.264ns  ((TSJ^2 + DJ^2)^1/2) / 2 + PE + UU
    Total System Jitter     (TSJ):    0.050ns
    Discrete Jitter          (DJ):    0.123ns
    Phase Error              (PE):    0.097ns
    User Uncertainty         (UU):    0.100ns
  Timing Exception:       False Path

    Location             Delay type                Incr(ns)  Path(ns)    Netlist Resource(s)
  -------------------------------------------------------------------    -------------------
                         (clock clk100_raw rise edge)
                                                      0.000     0.000 r  
    H16                                               0.000     0.000 r  sys_clk (IN)
                         net (fo=0)                   0.000     0.000    sys_clk
    H16                  IBUF (Prop_ibuf_I_O)         0.219     0.219 r  sys_clk_IBUF_inst/O
                         net (fo=1, routed)           0.440     0.659    sys_clk_IBUF
    MMCME2_ADV_X1Y2      MMCME2_ADV (Prop_mmcme2_adv_CLKIN1_CLKOUT0)
                                                     -2.613    -1.954 r  clock_manager/CLKOUT0
                         net (fo=1, routed)           0.696    -1.257    clk100_raw
    BUFGCTRL_X0Y16       BUFG (Prop_bufg_I_O)         0.026    -1.231 r  system_clock_buffer/O
                         net (fo=17125, routed)       0.584    -0.648    system_i/clk100
    SLICE_X67Y7          FDRE                                         r  system_i/debug_regs_reg[0][4]/C
  -------------------------------------------------------------------    -------------------
    SLICE_X67Y7          FDRE (Prop_fdre_C_Q)         0.141    -0.507 r  system_i/debug_regs_reg[0][4]/Q
                         net (fo=3, routed)           0.203    -0.303    system_i/status[4]
    SLICE_X67Y7          LUT5 (Prop_lut5_I1_O)        0.046    -0.257 r  system_i/led_OBUF[2]_inst_i_2/O
                         net (fo=3, routed)           0.169    -0.088    system_i/cpu/picorv32_core/led[2]_0
    SLICE_X67Y7          LUT6 (Prop_lut6_I1_O)        0.107     0.019 r  system_i/cpu/picorv32_core/led_OBUF[2]_inst_i_1/O
                         net (fo=1, routed)           1.761     1.780    led_OBUF[2]
    N16                  OBUF (Prop_obuf_I_O)         1.273     3.052 r  led_OBUF[2]_inst/O
                         net (fo=0)                   0.000     3.052    led[2]
    N16                                                               r  led[2] (OUT)
  -------------------------------------------------------------------    -------------------





--------------------------------------------------------------------------------------
Path Group:  (none)
From Clock:  
  To Clock:  clk100_raw

Max Delay             4 Endpoints
Min Delay             4 Endpoints
--------------------------------------------------------------------------------------


Max Delay Paths
--------------------------------------------------------------------------------------
Slack:                    inf
  Source:                 btn0
                            (input port)
  Destination:            reset_sync_reg[0]/CLR
                            (recovery check against rising-edge clock clk100_raw  {rise@0.000ns fall@5.000ns period=10.000ns})
  Path Group:             (none)
  Path Type:              Recovery (Max at Slow Process Corner)
  Data Path Delay:        4.980ns  (logic 1.613ns (32.398%)  route 3.366ns (67.602%))
  Logic Levels:           2  (IBUF=1 LUT2=1)
  Clock Path Skew:        -1.561ns (DCD - SCD + CPR)
    Destination Clock Delay (DCD):    -1.561ns
    Source Clock Delay      (SCD):    0.000ns
    Clock Pessimism Removal (CPR):    0.000ns
  Clock Uncertainty:      0.264ns  ((TSJ^2 + DJ^2)^1/2) / 2 + PE + UU
    Total System Jitter     (TSJ):    0.050ns
    Discrete Jitter          (DJ):    0.123ns
    Phase Error              (PE):    0.097ns
    User Uncertainty         (UU):    0.100ns
  Timing Exception:       False Path

    Location             Delay type                Incr(ns)  Path(ns)    Netlist Resource(s)
  -------------------------------------------------------------------    -------------------
    D19                                               0.000     0.000 f  btn0 (IN)
                         net (fo=0)                   0.000     0.000    btn0
    D19                  IBUF (Prop_ibuf_I_O)         1.463     1.463 f  btn0_IBUF_inst/O
                         net (fo=1, routed)           2.503     3.967    btn0_IBUF
    SLICE_X113Y101       LUT2 (Prop_lut2_I0_O)        0.150     4.117 f  reset_sync[3]_i_1/O
                         net (fo=4, routed)           0.863     4.980    reset_request
    SLICE_X100Y95        FDCE                                         f  reset_sync_reg[0]/CLR
  -------------------------------------------------------------------    -------------------

                         (clock clk100_raw rise edge)
                                                      0.000     0.000 r  
    H16                                               0.000     0.000 r  sys_clk (IN)
                         net (fo=0)                   0.000     0.000    sys_clk
    H16                  IBUF (Prop_ibuf_I_O)         1.380     1.380 r  sys_clk_IBUF_inst/O
                         net (fo=1, routed)           1.162     2.542    sys_clk_IBUF
    MMCME2_ADV_X1Y2      MMCME2_ADV (Prop_mmcme2_adv_CLKIN1_CLKOUT0)
                                                     -7.814    -5.272 r  clock_manager/CLKOUT0
                         net (fo=1, routed)           2.012    -3.260    clk100_raw
    BUFGCTRL_X0Y16       BUFG (Prop_bufg_I_O)         0.091    -3.169 r  system_clock_buffer/O
                         net (fo=17125, routed)       1.608    -1.561    clk100
    SLICE_X100Y95        FDCE                                         r  reset_sync_reg[0]/C





Min Delay Paths
--------------------------------------------------------------------------------------
Slack:                    inf
  Source:                 btn0
                            (input port)
  Destination:            reset_sync_reg[0]/CLR
                            (removal check against rising-edge clock clk100_raw  {rise@0.000ns fall@5.000ns period=10.000ns})
  Path Group:             (none)
  Path Type:              Removal (Min at Fast Process Corner)
  Data Path Delay:        1.678ns  (logic 0.273ns (16.295%)  route 1.404ns (83.705%))
  Logic Levels:           2  (IBUF=1 LUT2=1)
  Clock Path Skew:        -0.862ns (DCD - SCD - CPR)
    Destination Clock Delay (DCD):    -0.862ns
    Source Clock Delay      (SCD):    0.000ns
    Clock Pessimism Removal (CPR):    -0.000ns
  Timing Exception:       False Path

    Location             Delay type                Incr(ns)  Path(ns)    Netlist Resource(s)
  -------------------------------------------------------------------    -------------------
    D19                                               0.000     0.000 f  btn0 (IN)
                         net (fo=0)                   0.000     0.000    btn0
    D19                  IBUF (Prop_ibuf_I_O)         0.231     0.231 f  btn0_IBUF_inst/O
                         net (fo=1, routed)           1.015     1.247    btn0_IBUF
    SLICE_X113Y101       LUT2 (Prop_lut2_I0_O)        0.042     1.289 f  reset_sync[3]_i_1/O
                         net (fo=4, routed)           0.389     1.678    reset_request
    SLICE_X100Y95        FDCE                                         f  reset_sync_reg[0]/CLR
  -------------------------------------------------------------------    -------------------

                         (clock clk100_raw rise edge)
                                                      0.000     0.000 r  
    H16                                               0.000     0.000 r  sys_clk (IN)
                         net (fo=0)                   0.000     0.000    sys_clk
    H16                  IBUF (Prop_ibuf_I_O)         0.406     0.406 r  sys_clk_IBUF_inst/O
                         net (fo=1, routed)           0.480     0.886    sys_clk_IBUF
    MMCME2_ADV_X1Y2      MMCME2_ADV (Prop_mmcme2_adv_CLKIN1_CLKOUT0)
                                                     -3.407    -2.521 r  clock_manager/CLKOUT0
                         net (fo=1, routed)           0.752    -1.769    clk100_raw
    BUFGCTRL_X0Y16       BUFG (Prop_bufg_I_O)         0.029    -1.740 r  system_clock_buffer/O
                         net (fo=17125, routed)       0.878    -0.862    clk100
    SLICE_X100Y95        FDCE                                         r  reset_sync_reg[0]/C





--------------------------------------------------------------------------------------
Path Group:  (none)
From Clock:  feedback_raw
  To Clock:  

Max Delay             1 Endpoint
Min Delay             1 Endpoint
--------------------------------------------------------------------------------------


Max Delay Paths
--------------------------------------------------------------------------------------
Slack:                    inf
  Source:                 clock_manager/CLKFBOUT
                            (clock source 'feedback_raw'  {rise@0.000ns fall@4.000ns period=8.000ns})
  Destination:            clock_manager/CLKFBIN
  Path Group:             (none)
  Path Type:              Max at Slow Process Corner
  Data Path Delay:        4.287ns  (logic 0.101ns (2.356%)  route 4.186ns (97.644%))
  Logic Levels:           1  (BUFG=1)
  Clock Uncertainty:      0.144ns  ((TSJ^2 + DJ^2)^1/2) / 2 + PE
    Total System Jitter     (TSJ):    0.050ns
    Discrete Jitter          (DJ):    0.079ns
    Phase Error              (PE):    0.097ns

    Location             Delay type                Incr(ns)  Path(ns)    Netlist Resource(s)
  -------------------------------------------------------------------    -------------------
                         (clock feedback_raw fall edge)
                                                      4.000     4.000 f  
    H16                                               0.000     4.000 f  sys_clk (IN)
                         net (fo=0)                   0.000     4.000    sys_clk
    H16                  IBUF (Prop_ibuf_I_O)         1.451     5.451 f  sys_clk_IBUF_inst/O
                         net (fo=1, routed)           1.285     6.736    sys_clk_IBUF
  -------------------------------------------------------------------    -------------------
    MMCME2_ADV_X1Y2      MMCME2_ADV (Prop_mmcme2_adv_CLKIN1_CLKFBOUT)
                                                     -7.759    -1.023 f  clock_manager/CLKFBOUT
                         net (fo=1, routed)           2.206     1.183    feedback_raw
    BUFGCTRL_X0Y17       BUFG (Prop_bufg_I_O)         0.101     1.284 f  feedback_buffer/O
                         net (fo=1, routed)           1.980     3.264    feedback
    MMCME2_ADV_X1Y2      MMCME2_ADV                                   f  clock_manager/CLKFBIN
  -------------------------------------------------------------------    -------------------





Min Delay Paths
--------------------------------------------------------------------------------------
Slack:                    inf
  Source:                 clock_manager/CLKFBOUT
                            (clock source 'feedback_raw'  {rise@0.000ns fall@4.000ns period=8.000ns})
  Destination:            clock_manager/CLKFBIN
  Path Group:             (none)
  Path Type:              Min at Slow Process Corner
  Data Path Delay:        3.873ns  (logic 0.091ns (2.349%)  route 3.782ns (97.651%))
  Logic Levels:           1  (BUFG=1)
  Clock Uncertainty:      0.144ns  ((TSJ^2 + DJ^2)^1/2) / 2 + PE
    Total System Jitter     (TSJ):    0.050ns
    Discrete Jitter          (DJ):    0.079ns
    Phase Error              (PE):    0.097ns

    Location             Delay type                Incr(ns)  Path(ns)    Netlist Resource(s)
  -------------------------------------------------------------------    -------------------
                         (clock feedback_raw rise edge)
                                                      0.000     0.000 r  
    H16                                               0.000     0.000 r  sys_clk (IN)
                         net (fo=0)                   0.000     0.000    sys_clk
    H16                  IBUF (Prop_ibuf_I_O)         1.380     1.380 r  sys_clk_IBUF_inst/O
                         net (fo=1, routed)           1.162     2.542    sys_clk_IBUF
  -------------------------------------------------------------------    -------------------
    MMCME2_ADV_X1Y2      MMCME2_ADV (Prop_mmcme2_adv_CLKIN1_CLKFBOUT)
                                                     -7.814    -5.272 r  clock_manager/CLKFBOUT
                         net (fo=1, routed)           2.012    -3.260    feedback_raw
    BUFGCTRL_X0Y17       BUFG (Prop_bufg_I_O)         0.091    -3.169 r  feedback_buffer/O
                         net (fo=1, routed)           1.770    -1.399    feedback
    MMCME2_ADV_X1Y2      MMCME2_ADV                                   r  clock_manager/CLKFBIN
  -------------------------------------------------------------------    -------------------





