Copyright 1986-2022 Xilinx, Inc. All Rights Reserved. Copyright 2022-2024 Advanced Micro Devices, Inc. All Rights Reserved.
---------------------------------------------------------------------------------------------------------------------------------------------
| Tool Version : Vivado v.2024.2 (win64) Build 5239630 Fri Nov 08 22:35:27 MST 2024
| Date         : Sun Oct  4 16:26:48 2026
| Host         : DESKTOP-H0SRFHK running 64-bit major release  (build 9200)
| Command      : report_utilization -hierarchical -file E:/hls/k4board/20261004_162430/board/reports/utilization_hierarchical.rpt
| Design       : mlkem1024_keccak_pynqz2_top
| Device       : xc7z020clg400-1
| Speed File   : -1
| Design State : Routed
---------------------------------------------------------------------------------------------------------------------------------------------

Utilization Design Information

Table of Contents
-----------------
1. Utilization by Hierarchy

1. Utilization by Hierarchy
---------------------------

+-----------------------------------------------------------------------+---------------------------------------------------------------------------------------------------------+------------+------------+---------+------+-------+--------+--------+------------+
|                                Instance                               |                                                  Module                                                 | Total LUTs | Logic LUTs | LUTRAMs | SRLs |  FFs  | RAMB36 | RAMB18 | DSP Blocks |
+-----------------------------------------------------------------------+---------------------------------------------------------------------------------------------------------+------------+------------+---------+------+-------+--------+--------+------------+
| mlkem1024_keccak_pynqz2_top                                           |                                                                                                   (top) |      19030 |      18986 |      44 |    0 | 16963 |     34 |      1 |          4 |
|   (mlkem1024_keccak_pynqz2_top)                                       |                                                                                                   (top) |          1 |          1 |       0 |    0 |     5 |      0 |      0 |          0 |
|   system_i                                                            |                                                                                 mlkem1024_keccak_system |      19030 |      18986 |      44 |    0 | 16958 |     34 |      1 |          4 |
|     (system_i)                                                        |                                                                                 mlkem1024_keccak_system |         25 |         25 |       0 |    0 |   616 |      0 |      0 |          0 |
|     adapter_i                                                         |                                                                                     keccak_mmio_adapter |      17238 |      17238 |       0 |    0 | 15569 |      2 |      1 |          0 |
|       (adapter_i)                                                     |                                                                                     keccak_mmio_adapter |        114 |        114 |       0 |    0 |   257 |      2 |      1 |          0 |
|       hls_i                                                           |                                                                                  mlkem1024_keccak_accel |      17124 |      17124 |       0 |    0 | 15312 |      0 |      0 |          0 |
|         (hls_i)                                                       |                                                                                  mlkem1024_keccak_accel |       3001 |       3001 |       0 |    0 | 10407 |      0 |      0 |          0 |
|         control_s_axi_U                                               |                                                                    mlkem1024_keccak_accel_control_s_axi |        201 |        201 |       0 |    0 |   135 |      0 |      0 |          0 |
|         grp_mlkem1024_keccak_accel_Pipeline_ABSORB_WORDS_fu_2454      |                                     mlkem1024_keccak_accel_mlkem1024_keccak_accel_Pipeline_ABSORB_WORDS |       3871 |       3871 |       0 |    0 |  1457 |      0 |      0 |          0 |
|           (grp_mlkem1024_keccak_accel_Pipeline_ABSORB_WORDS_fu_2454)  |                                     mlkem1024_keccak_accel_mlkem1024_keccak_accel_Pipeline_ABSORB_WORDS |       3124 |       3124 |       0 |    0 |  1455 |      0 |      0 |          0 |
|           flow_control_loop_pipe_sequential_init_U                    |                                         mlkem1024_keccak_accel_flow_control_loop_pipe_sequential_init_3 |        747 |        747 |       0 |    0 |     2 |      0 |      0 |          0 |
|         grp_mlkem1024_keccak_accel_Pipeline_CLEAR_CONTEXT_fu_2416     |                                    mlkem1024_keccak_accel_mlkem1024_keccak_accel_Pipeline_CLEAR_CONTEXT |         37 |         37 |       0 |    0 |     7 |      0 |      0 |          0 |
|           (grp_mlkem1024_keccak_accel_Pipeline_CLEAR_CONTEXT_fu_2416) |                                    mlkem1024_keccak_accel_mlkem1024_keccak_accel_Pipeline_CLEAR_CONTEXT |          0 |          0 |       0 |    0 |     5 |      0 |      0 |          0 |
|           flow_control_loop_pipe_sequential_init_U                    |                                         mlkem1024_keccak_accel_flow_control_loop_pipe_sequential_init_2 |         37 |         37 |       0 |    0 |     2 |      0 |      0 |          0 |
|         grp_mlkem1024_keccak_accel_Pipeline_LOAD_CONTEXT_fu_2422      |                                     mlkem1024_keccak_accel_mlkem1024_keccak_accel_Pipeline_LOAD_CONTEXT |       1659 |       1659 |       0 |    0 |  1614 |      0 |      0 |          0 |
|           (grp_mlkem1024_keccak_accel_Pipeline_LOAD_CONTEXT_fu_2422)  |                                     mlkem1024_keccak_accel_mlkem1024_keccak_accel_Pipeline_LOAD_CONTEXT |       1639 |       1639 |       0 |    0 |  1612 |      0 |      0 |          0 |
|           flow_control_loop_pipe_sequential_init_U                    |                                         mlkem1024_keccak_accel_flow_control_loop_pipe_sequential_init_1 |         20 |         20 |       0 |    0 |     2 |      0 |      0 |          0 |
|         grp_mlkem1024_keccak_accel_Pipeline_SAVE_CONTEXT_fu_2559      |                                     mlkem1024_keccak_accel_mlkem1024_keccak_accel_Pipeline_SAVE_CONTEXT |        529 |        529 |       0 |    0 |    77 |      0 |      0 |          0 |
|           (grp_mlkem1024_keccak_accel_Pipeline_SAVE_CONTEXT_fu_2559)  |                                     mlkem1024_keccak_accel_mlkem1024_keccak_accel_Pipeline_SAVE_CONTEXT |         62 |         62 |       0 |    0 |    75 |      0 |      0 |          0 |
|           flow_control_loop_pipe_sequential_init_U                    |                                         mlkem1024_keccak_accel_flow_control_loop_pipe_sequential_init_0 |        467 |        467 |       0 |    0 |     2 |      0 |      0 |          0 |
|         grp_p_anonymous_namespace_keccak_f1600_fu_2505                |                                               mlkem1024_keccak_accel_p_anonymous_namespace_keccak_f1600 |       7830 |       7830 |       0 |    0 |  1615 |      0 |      0 |          0 |
|           (grp_p_anonymous_namespace_keccak_f1600_fu_2505)            |                                               mlkem1024_keccak_accel_p_anonymous_namespace_keccak_f1600 |       2953 |       2953 |       0 |    0 |  1606 |      0 |      0 |          0 |
|           flow_control_loop_pipe_sequential_init_U                    |                                           mlkem1024_keccak_accel_flow_control_loop_pipe_sequential_init |       4870 |       4870 |       0 |    0 |     2 |      0 |      0 |          0 |
|           p_anonymous_namespace_ROUND_CONSTANTS_U                     | mlkem1024_keccak_accel_p_anonymous_namespace_keccak_f1600_p_anonymous_namespace_ROUND_CONSTANTS_ROM_bkb |          7 |          7 |       0 |    0 |     7 |      0 |      0 |          0 |
|     cpu                                                               |                                                                                            picorv32_axi |       1749 |       1705 |      44 |    0 |   773 |      0 |      0 |          4 |
|       (cpu)                                                           |                                                                                            picorv32_axi |         10 |         10 |       0 |    0 |     0 |      0 |      0 |          0 |
|       axi_adapter                                                     |                                                                                    picorv32_axi_adapter |          9 |          9 |       0 |    0 |     4 |      0 |      0 |          0 |
|       picorv32_core                                                   |                                                                                                picorv32 |       1730 |       1686 |      44 |    0 |   769 |      0 |      0 |          4 |
|         (picorv32_core)                                               |                                                                                                picorv32 |       1102 |       1058 |      44 |    0 |   532 |      0 |      0 |          0 |
|         pcpi_div                                                      |                                                                                       picorv32_pcpi_div |        345 |        345 |       0 |    0 |   200 |      0 |      0 |          0 |
|         pcpi_mul                                                      |                                                                                  picorv32_pcpi_fast_mul |        290 |        290 |       0 |    0 |    37 |      0 |      0 |          4 |
|     firmware_bram                                                     |                                                                                        xpm_memory_spram |         26 |         26 |       0 |    0 |     0 |     32 |      0 |          0 |
|       (firmware_bram)                                                 |                                                                                        xpm_memory_spram |         26 |         26 |       0 |    0 |     0 |      0 |      0 |          0 |
|       xpm_memory_base_inst                                            |                                                                                         xpm_memory_base |          0 |          0 |       0 |    0 |     0 |     32 |      0 |          0 |
+-----------------------------------------------------------------------+---------------------------------------------------------------------------------------------------------+------------+------------+---------+------+-------+--------+--------+------------+
* Note: The sum of lower-level cells may be larger than their parent cells total, due to cross-hierarchy LUT combining


