Time resolution is 1 ps
MLKEM_HEADER,index,dataset,vsId,tgId,tcId,op,return_code,raw_cycles,empty_cycles,input_bytes,output_bytes,m_total,mul,mulh,mulhsu,mulhu,div,divu,rem,remu,min_sp
MLKEM_START cases=3 ram_bytes=131072 stack_bytes=32768 clock_mhz=100 mul=1 fast_mul=1 div=1 expect_m=1
// Interrupt Monitor : interrupt for ap_done detected @ "2080085000"
// Interrupt Monitor : interrupt for ap_done detected @ "2285335000"
// Interrupt Monitor : interrupt for ap_done detected @ "2693605000"
// Interrupt Monitor : interrupt for ap_done detected @ "3101875000"
// Interrupt Monitor : interrupt for ap_done detected @ "3510145000"
// Interrupt Monitor : interrupt for ap_done detected @ "5072405000"
// Interrupt Monitor : interrupt for ap_done detected @ "5480675000"
// Interrupt Monitor : interrupt for ap_done detected @ "5888945000"
// Interrupt Monitor : interrupt for ap_done detected @ "6297215000"
// Interrupt Monitor : interrupt for ap_done detected @ "7866825000"
// Interrupt Monitor : interrupt for ap_done detected @ "8275095000"
// Interrupt Monitor : interrupt for ap_done detected @ "8683365000"
// Interrupt Monitor : interrupt for ap_done detected @ "9091635000"
// Interrupt Monitor : interrupt for ap_done detected @ "10637555000"
// Interrupt Monitor : interrupt for ap_done detected @ "11045825000"
// Interrupt Monitor : interrupt for ap_done detected @ "11454095000"
// Interrupt Monitor : interrupt for ap_done detected @ "11862365000"
// Interrupt Monitor : interrupt for ap_done detected @ "13394155000"
// Interrupt Monitor : interrupt for ap_done detected @ "13562955000"
// Interrupt Monitor : interrupt for ap_done detected @ "13731795000"
// Interrupt Monitor : interrupt for ap_done detected @ "13900705000"
// Interrupt Monitor : interrupt for ap_done detected @ "14703525000"
// Interrupt Monitor : interrupt for ap_done detected @ "14872325000"
// Interrupt Monitor : interrupt for ap_done detected @ "15041165000"
// Interrupt Monitor : interrupt for ap_done detected @ "15210075000"
// Interrupt Monitor : interrupt for ap_done detected @ "33108745000"
MLKEM_ROW,0,1,42,3,51,1,0,3120949,4,64,4736,40452,40452,0,0,0,0,0,0,0,0x0001b570
KECCAK_ROW,0,26,26,26,0,16293,1969,3648
// Interrupt Monitor : interrupt for ap_done detected @ "40970465000"
// Interrupt Monitor : interrupt for ap_done detected @ "41152235000"
// Interrupt Monitor : interrupt for ap_done detected @ "41868755000"
// Interrupt Monitor : interrupt for ap_done detected @ "42277025000"
// Interrupt Monitor : interrupt for ap_done detected @ "42685295000"
// Interrupt Monitor : interrupt for ap_done detected @ "43093565000"
// Interrupt Monitor : interrupt for ap_done detected @ "44650175000"
// Interrupt Monitor : interrupt for ap_done detected @ "45058445000"
// Interrupt Monitor : interrupt for ap_done detected @ "45466715000"
// Interrupt Monitor : interrupt for ap_done detected @ "45874985000"
// Interrupt Monitor : interrupt for ap_done detected @ "47426805000"
// Interrupt Monitor : interrupt for ap_done detected @ "47835075000"
// Interrupt Monitor : interrupt for ap_done detected @ "48243345000"
// Interrupt Monitor : interrupt for ap_done detected @ "48651615000"
// Interrupt Monitor : interrupt for ap_done detected @ "50216915000"
// Interrupt Monitor : interrupt for ap_done detected @ "50625185000"
// Interrupt Monitor : interrupt for ap_done detected @ "51033455000"
// Interrupt Monitor : interrupt for ap_done detected @ "51441725000"
// Interrupt Monitor : interrupt for ap_done detected @ "52968705000"
// Interrupt Monitor : interrupt for ap_done detected @ "53137505000"
// Interrupt Monitor : interrupt for ap_done detected @ "53306345000"
// Interrupt Monitor : interrupt for ap_done detected @ "53475255000"
// Interrupt Monitor : interrupt for ap_done detected @ "54278075000"
// Interrupt Monitor : interrupt for ap_done detected @ "54446875000"
// Interrupt Monitor : interrupt for ap_done detected @ "54615715000"
// Interrupt Monitor : interrupt for ap_done detected @ "54784625000"
// Interrupt Monitor : interrupt for ap_done detected @ "55576215000"
MLKEM_ROW,1,2,42,3,51,2,0,3841529,4,1600,1600,58244,57220,0,0,1024,0,0,0,0,0x0001a700
KECCAK_ROW,1,27,27,27,0,16580,2037,3732
// Interrupt Monitor : interrupt for ap_done detected @ "82253705000"
// Interrupt Monitor : interrupt for ap_done detected @ "91368575000"
// Interrupt Monitor : interrupt for ap_done detected @ "92085135000"
// Interrupt Monitor : interrupt for ap_done detected @ "92493405000"
// Interrupt Monitor : interrupt for ap_done detected @ "92901675000"
// Interrupt Monitor : interrupt for ap_done detected @ "93309945000"
// Interrupt Monitor : interrupt for ap_done detected @ "94864905000"
// Interrupt Monitor : interrupt for ap_done detected @ "95273175000"
// Interrupt Monitor : interrupt for ap_done detected @ "95681445000"
// Interrupt Monitor : interrupt for ap_done detected @ "96089715000"
// Interrupt Monitor : interrupt for ap_done detected @ "97647595000"
// Interrupt Monitor : interrupt for ap_done detected @ "98055865000"
// Interrupt Monitor : interrupt for ap_done detected @ "98464135000"
// Interrupt Monitor : interrupt for ap_done detected @ "98872405000"
// Interrupt Monitor : interrupt for ap_done detected @ "100451565000"
// Interrupt Monitor : interrupt for ap_done detected @ "100859835000"
// Interrupt Monitor : interrupt for ap_done detected @ "101268105000"
// Interrupt Monitor : interrupt for ap_done detected @ "101676375000"
// Interrupt Monitor : interrupt for ap_done detected @ "103025985000"
// Interrupt Monitor : interrupt for ap_done detected @ "103187535000"
// Interrupt Monitor : interrupt for ap_done detected @ "103349085000"
// Interrupt Monitor : interrupt for ap_done detected @ "103510635000"
// Interrupt Monitor : interrupt for ap_done detected @ "103870055000"
// Interrupt Monitor : interrupt for ap_done detected @ "104038855000"
// Interrupt Monitor : interrupt for ap_done detected @ "104207695000"
// Interrupt Monitor : interrupt for ap_done detected @ "104376605000"
// Interrupt Monitor : interrupt for ap_done detected @ "105179425000"
// Interrupt Monitor : interrupt for ap_done detected @ "105348225000"
// Interrupt Monitor : interrupt for ap_done detected @ "105517065000"
// Interrupt Monitor : interrupt for ap_done detected @ "105685975000"
// Interrupt Monitor : interrupt for ap_done detected @ "106477565000"
// Interrupt Monitor : interrupt for ap_done detected @ "127989405000"
MLKEM_ROW,2,3,42,9,126,3,0,4658623,4,4736,32,78341,77317,0,0,1024,0,0,0,0,0x0001a0b0
KECCAK_ROW,2,32,32,28,4,19040,2697,4168
MLKEM_PASS cases=3 input_bytes=6400 output_bytes=6368 cpu_mul=1 cpu_fast_mul=1 cpu_div=1 expect_m=1 cycles=12823734 all_m=177037 min_sp=0x0001a0b0 stack_used=24384
KECCAK_PASS cases=3 starts=85 done=85 hash=81 squeeze=4
$finish called at time : 128237655 ns : File "E:/hls/k4kat_candidate/20261004_115407_151585/snapshot/tb/tb_mlkem1024_keccak_kat.sv" Line 357
INFO: xsimkernel Simulation Memory Usage: 32316 KB (Peak: 32316 KB), Simulation CPU Usage: 238062 ms
