Time resolution is 1 ps
MLKEM_HEADER,index,dataset,vsId,tgId,tcId,op,return_code,raw_cycles,empty_cycles,input_bytes,output_bytes,m_total,mul,mulh,mulhsu,mulhu,div,divu,rem,remu,min_sp
MLKEM_START cases=8 ram_bytes=131072 stack_bytes=32768 clock_mhz=100 mul=1 fast_mul=1 div=1 expect_m=1
// Interrupt Monitor : interrupt for ap_done detected @ "6396485000"
// Interrupt Monitor : interrupt for ap_done detected @ "6578255000"
// Interrupt Monitor : interrupt for ap_done detected @ "7294775000"
// Interrupt Monitor : interrupt for ap_done detected @ "7703045000"
// Interrupt Monitor : interrupt for ap_done detected @ "8111315000"
// Interrupt Monitor : interrupt for ap_done detected @ "8519585000"
// Interrupt Monitor : interrupt for ap_done detected @ "9854685000"
// Interrupt Monitor : interrupt for ap_done detected @ "10016235000"
// Interrupt Monitor : interrupt for ap_done detected @ "10177785000"
// Interrupt Monitor : interrupt for ap_done detected @ "10339335000"
// Interrupt Monitor : interrupt for ap_done detected @ "10736665000"
// Interrupt Monitor : interrupt for ap_done detected @ "11144935000"
// Interrupt Monitor : interrupt for ap_done detected @ "11553205000"
// Interrupt Monitor : interrupt for ap_done detected @ "11961475000"
// Interrupt Monitor : interrupt for ap_done detected @ "13519715000"
// Interrupt Monitor : interrupt for ap_done detected @ "13927985000"
// Interrupt Monitor : interrupt for ap_done detected @ "14336255000"
// Interrupt Monitor : interrupt for ap_done detected @ "14744525000"
// Interrupt Monitor : interrupt for ap_done detected @ "16308985000"
// Interrupt Monitor : interrupt for ap_done detected @ "16717255000"
// Interrupt Monitor : interrupt for ap_done detected @ "17125525000"
// Interrupt Monitor : interrupt for ap_done detected @ "17533795000"
// Interrupt Monitor : interrupt for ap_done detected @ "19049035000"
// Interrupt Monitor : interrupt for ap_done detected @ "19217835000"
// Interrupt Monitor : interrupt for ap_done detected @ "19386675000"
// Interrupt Monitor : interrupt for ap_done detected @ "19555585000"
// Interrupt Monitor : interrupt for ap_done detected @ "20358405000"
// Interrupt Monitor : interrupt for ap_done detected @ "20527205000"
// Interrupt Monitor : interrupt for ap_done detected @ "20696045000"
// Interrupt Monitor : interrupt for ap_done detected @ "20864955000"
// Interrupt Monitor : interrupt for ap_done detected @ "21656545000"
MLKEM_ROW,0,2,42,3,70,2,0,3906960,4,1600,1600,58245,57221,0,0,1024,0,0,0,0,0x0001a700
KECCAK_ROW,0,31,31,27,4,17764,2245,4108
// Interrupt Monitor : interrupt for ap_done detected @ "48518815000"
// Interrupt Monitor : interrupt for ap_done detected @ "48700585000"
// Interrupt Monitor : interrupt for ap_done detected @ "49417105000"
// Interrupt Monitor : interrupt for ap_done detected @ "49825375000"
// Interrupt Monitor : interrupt for ap_done detected @ "50233645000"
// Interrupt Monitor : interrupt for ap_done detected @ "50641915000"
// Interrupt Monitor : interrupt for ap_done detected @ "52193925000"
// Interrupt Monitor : interrupt for ap_done detected @ "52602195000"
// Interrupt Monitor : interrupt for ap_done detected @ "53010465000"
// Interrupt Monitor : interrupt for ap_done detected @ "53418735000"
// Interrupt Monitor : interrupt for ap_done detected @ "54972225000"
// Interrupt Monitor : interrupt for ap_done detected @ "55380495000"
// Interrupt Monitor : interrupt for ap_done detected @ "55788765000"
// Interrupt Monitor : interrupt for ap_done detected @ "56197035000"
// Interrupt Monitor : interrupt for ap_done detected @ "57767005000"
// Interrupt Monitor : interrupt for ap_done detected @ "58175275000"
// Interrupt Monitor : interrupt for ap_done detected @ "58583545000"
// Interrupt Monitor : interrupt for ap_done detected @ "58991815000"
// Interrupt Monitor : interrupt for ap_done detected @ "60513855000"
// Interrupt Monitor : interrupt for ap_done detected @ "60682655000"
// Interrupt Monitor : interrupt for ap_done detected @ "60851495000"
// Interrupt Monitor : interrupt for ap_done detected @ "61020405000"
// Interrupt Monitor : interrupt for ap_done detected @ "61823225000"
// Interrupt Monitor : interrupt for ap_done detected @ "61992025000"
// Interrupt Monitor : interrupt for ap_done detected @ "62160865000"
// Interrupt Monitor : interrupt for ap_done detected @ "62329775000"
// Interrupt Monitor : interrupt for ap_done detected @ "63121365000"
MLKEM_ROW,1,2,42,3,71,2,0,3841209,4,1600,1600,58244,57220,0,0,1024,0,0,0,0,0x0001a700
KECCAK_ROW,1,27,27,27,0,16580,2037,3732
// Interrupt Monitor : interrupt for ap_done detected @ "89983635000"
// Interrupt Monitor : interrupt for ap_done detected @ "90165405000"
// Interrupt Monitor : interrupt for ap_done detected @ "90881925000"
// Interrupt Monitor : interrupt for ap_done detected @ "91290195000"
// Interrupt Monitor : interrupt for ap_done detected @ "91698465000"
// Interrupt Monitor : interrupt for ap_done detected @ "92106735000"
// Interrupt Monitor : interrupt for ap_done detected @ "93655795000"
// Interrupt Monitor : interrupt for ap_done detected @ "94064065000"
// Interrupt Monitor : interrupt for ap_done detected @ "94472335000"
// Interrupt Monitor : interrupt for ap_done detected @ "94880605000"
// Interrupt Monitor : interrupt for ap_done detected @ "96444605000"
// Interrupt Monitor : interrupt for ap_done detected @ "96852875000"
// Interrupt Monitor : interrupt for ap_done detected @ "97261145000"
// Interrupt Monitor : interrupt for ap_done detected @ "97669415000"
// Interrupt Monitor : interrupt for ap_done detected @ "99226095000"
// Interrupt Monitor : interrupt for ap_done detected @ "99634365000"
// Interrupt Monitor : interrupt for ap_done detected @ "100042635000"
// Interrupt Monitor : interrupt for ap_done detected @ "100450905000"
// Interrupt Monitor : interrupt for ap_done detected @ "101970625000"
// Interrupt Monitor : interrupt for ap_done detected @ "102139425000"
// Interrupt Monitor : interrupt for ap_done detected @ "102308265000"
// Interrupt Monitor : interrupt for ap_done detected @ "102477175000"
// Interrupt Monitor : interrupt for ap_done detected @ "103279995000"
// Interrupt Monitor : interrupt for ap_done detected @ "103448795000"
// Interrupt Monitor : interrupt for ap_done detected @ "103617635000"
// Interrupt Monitor : interrupt for ap_done detected @ "103786545000"
// Interrupt Monitor : interrupt for ap_done detected @ "104578135000"
MLKEM_ROW,2,2,42,3,72,2,0,3840404,4,1600,1600,58244,57220,0,0,1024,0,0,0,0,0x0001a700
KECCAK_ROW,2,27,27,27,0,16580,2037,3732
// Interrupt Monitor : interrupt for ap_done detected @ "131440405000"
// Interrupt Monitor : interrupt for ap_done detected @ "131622175000"
// Interrupt Monitor : interrupt for ap_done detected @ "132338695000"
// Interrupt Monitor : interrupt for ap_done detected @ "132746965000"
// Interrupt Monitor : interrupt for ap_done detected @ "133155235000"
// Interrupt Monitor : interrupt for ap_done detected @ "133563505000"
// Interrupt Monitor : interrupt for ap_done detected @ "135137625000"
// Interrupt Monitor : interrupt for ap_done detected @ "135545895000"
// Interrupt Monitor : interrupt for ap_done detected @ "135954165000"
// Interrupt Monitor : interrupt for ap_done detected @ "136362435000"
// Interrupt Monitor : interrupt for ap_done detected @ "137932775000"
// Interrupt Monitor : interrupt for ap_done detected @ "138341045000"
// Interrupt Monitor : interrupt for ap_done detected @ "138749315000"
// Interrupt Monitor : interrupt for ap_done detected @ "139157585000"
// Interrupt Monitor : interrupt for ap_done detected @ "140734515000"
// Interrupt Monitor : interrupt for ap_done detected @ "141142785000"
// Interrupt Monitor : interrupt for ap_done detected @ "141551055000"
// Interrupt Monitor : interrupt for ap_done detected @ "141959325000"
// Interrupt Monitor : interrupt for ap_done detected @ "143474705000"
// Interrupt Monitor : interrupt for ap_done detected @ "143643505000"
// Interrupt Monitor : interrupt for ap_done detected @ "143812345000"
// Interrupt Monitor : interrupt for ap_done detected @ "143981255000"
// Interrupt Monitor : interrupt for ap_done detected @ "144784075000"
// Interrupt Monitor : interrupt for ap_done detected @ "144952875000"
// Interrupt Monitor : interrupt for ap_done detected @ "145121715000"
// Interrupt Monitor : interrupt for ap_done detected @ "145290625000"
// Interrupt Monitor : interrupt for ap_done detected @ "146082215000"
MLKEM_ROW,3,2,42,3,73,2,0,3845135,4,1600,1600,58244,57220,0,0,1024,0,0,0,0,0x0001a700
KECCAK_ROW,3,27,27,27,0,16580,2037,3732
// Interrupt Monitor : interrupt for ap_done detected @ "172944485000"
// Interrupt Monitor : interrupt for ap_done detected @ "173126255000"
// Interrupt Monitor : interrupt for ap_done detected @ "173842775000"
// Interrupt Monitor : interrupt for ap_done detected @ "174251045000"
// Interrupt Monitor : interrupt for ap_done detected @ "174659315000"
// Interrupt Monitor : interrupt for ap_done detected @ "175067585000"
// Interrupt Monitor : interrupt for ap_done detected @ "176609425000"
// Interrupt Monitor : interrupt for ap_done detected @ "177017695000"
// Interrupt Monitor : interrupt for ap_done detected @ "177425965000"
// Interrupt Monitor : interrupt for ap_done detected @ "177834235000"
// Interrupt Monitor : interrupt for ap_done detected @ "179390255000"
// Interrupt Monitor : interrupt for ap_done detected @ "179798525000"
// Interrupt Monitor : interrupt for ap_done detected @ "180206795000"
// Interrupt Monitor : interrupt for ap_done detected @ "180615065000"
// Interrupt Monitor : interrupt for ap_done detected @ "182155735000"
// Interrupt Monitor : interrupt for ap_done detected @ "182564005000"
// Interrupt Monitor : interrupt for ap_done detected @ "182972275000"
// Interrupt Monitor : interrupt for ap_done detected @ "183380545000"
// Interrupt Monitor : interrupt for ap_done detected @ "184918065000"
// Interrupt Monitor : interrupt for ap_done detected @ "185086865000"
// Interrupt Monitor : interrupt for ap_done detected @ "185255705000"
// Interrupt Monitor : interrupt for ap_done detected @ "185424615000"
// Interrupt Monitor : interrupt for ap_done detected @ "186227435000"
// Interrupt Monitor : interrupt for ap_done detected @ "186396235000"
// Interrupt Monitor : interrupt for ap_done detected @ "186565075000"
// Interrupt Monitor : interrupt for ap_done detected @ "186733985000"
// Interrupt Monitor : interrupt for ap_done detected @ "187525575000"
MLKEM_ROW,4,2,42,3,74,2,0,3839063,4,1600,1600,58244,57220,0,0,1024,0,0,0,0,0x0001a700
KECCAK_ROW,4,27,27,27,0,16580,2037,3732
// Interrupt Monitor : interrupt for ap_done detected @ "214387845000"
// Interrupt Monitor : interrupt for ap_done detected @ "214569615000"
// Interrupt Monitor : interrupt for ap_done detected @ "215286135000"
// Interrupt Monitor : interrupt for ap_done detected @ "215694405000"
// Interrupt Monitor : interrupt for ap_done detected @ "216102675000"
// Interrupt Monitor : interrupt for ap_done detected @ "216510945000"
// Interrupt Monitor : interrupt for ap_done detected @ "218078465000"
// Interrupt Monitor : interrupt for ap_done detected @ "218486735000"
// Interrupt Monitor : interrupt for ap_done detected @ "218895005000"
// Interrupt Monitor : interrupt for ap_done detected @ "219303275000"
// Interrupt Monitor : interrupt for ap_done detected @ "220867955000"
// Interrupt Monitor : interrupt for ap_done detected @ "221276225000"
// Interrupt Monitor : interrupt for ap_done detected @ "221684495000"
// Interrupt Monitor : interrupt for ap_done detected @ "222092765000"
// Interrupt Monitor : interrupt for ap_done detected @ "223649645000"
// Interrupt Monitor : interrupt for ap_done detected @ "224057915000"
// Interrupt Monitor : interrupt for ap_done detected @ "224466185000"
// Interrupt Monitor : interrupt for ap_done detected @ "224874455000"
// Interrupt Monitor : interrupt for ap_done detected @ "226399245000"
// Interrupt Monitor : interrupt for ap_done detected @ "226568045000"
// Interrupt Monitor : interrupt for ap_done detected @ "226736885000"
// Interrupt Monitor : interrupt for ap_done detected @ "226905795000"
// Interrupt Monitor : interrupt for ap_done detected @ "227708615000"
// Interrupt Monitor : interrupt for ap_done detected @ "227877415000"
// Interrupt Monitor : interrupt for ap_done detected @ "228046255000"
// Interrupt Monitor : interrupt for ap_done detected @ "228215165000"
// Interrupt Monitor : interrupt for ap_done detected @ "229006755000"
MLKEM_ROW,5,2,42,3,75,2,0,3842845,4,1600,1600,58244,57220,0,0,1024,0,0,0,0,0x0001a700
KECCAK_ROW,5,27,27,27,0,16580,2037,3732
// Interrupt Monitor : interrupt for ap_done detected @ "255684245000"
// Interrupt Monitor : interrupt for ap_done detected @ "264799115000"
// Interrupt Monitor : interrupt for ap_done detected @ "265515675000"
// Interrupt Monitor : interrupt for ap_done detected @ "265923945000"
// Interrupt Monitor : interrupt for ap_done detected @ "266332215000"
// Interrupt Monitor : interrupt for ap_done detected @ "266740485000"
// Interrupt Monitor : interrupt for ap_done detected @ "268296245000"
// Interrupt Monitor : interrupt for ap_done detected @ "268704515000"
// Interrupt Monitor : interrupt for ap_done detected @ "269112785000"
// Interrupt Monitor : interrupt for ap_done detected @ "269521055000"
// Interrupt Monitor : interrupt for ap_done detected @ "271061975000"
// Interrupt Monitor : interrupt for ap_done detected @ "271470245000"
// Interrupt Monitor : interrupt for ap_done detected @ "271878515000"
// Interrupt Monitor : interrupt for ap_done detected @ "272286785000"
// Interrupt Monitor : interrupt for ap_done detected @ "273843895000"
// Interrupt Monitor : interrupt for ap_done detected @ "274252165000"
// Interrupt Monitor : interrupt for ap_done detected @ "274660435000"
// Interrupt Monitor : interrupt for ap_done detected @ "275068705000"
// Interrupt Monitor : interrupt for ap_done detected @ "276580795000"
// Interrupt Monitor : interrupt for ap_done detected @ "276749595000"
// Interrupt Monitor : interrupt for ap_done detected @ "276918435000"
// Interrupt Monitor : interrupt for ap_done detected @ "277087345000"
// Interrupt Monitor : interrupt for ap_done detected @ "277890165000"
// Interrupt Monitor : interrupt for ap_done detected @ "278058965000"
// Interrupt Monitor : interrupt for ap_done detected @ "278227805000"
// Interrupt Monitor : interrupt for ap_done detected @ "278396715000"
// Interrupt Monitor : interrupt for ap_done detected @ "279188305000"
// Interrupt Monitor : interrupt for ap_done detected @ "300700145000"
MLKEM_ROW,6,2,42,6,97,3,0,4586643,4,4736,32,78340,77316,0,0,1024,0,0,0,0,0x0001a0b0
KECCAK_ROW,6,28,28,28,0,17856,2489,3792
// Interrupt Monitor : interrupt for ap_done detected @ "306254405000"
// Interrupt Monitor : interrupt for ap_done detected @ "315369275000"
// Interrupt Monitor : interrupt for ap_done detected @ "316085835000"
// Interrupt Monitor : interrupt for ap_done detected @ "316494105000"
// Interrupt Monitor : interrupt for ap_done detected @ "316902375000"
// Interrupt Monitor : interrupt for ap_done detected @ "317310645000"
// Interrupt Monitor : interrupt for ap_done detected @ "318886755000"
// Interrupt Monitor : interrupt for ap_done detected @ "319295025000"
// Interrupt Monitor : interrupt for ap_done detected @ "319703295000"
// Interrupt Monitor : interrupt for ap_done detected @ "320111565000"
// Interrupt Monitor : interrupt for ap_done detected @ "321655355000"
// Interrupt Monitor : interrupt for ap_done detected @ "322063625000"
// Interrupt Monitor : interrupt for ap_done detected @ "322471895000"
// Interrupt Monitor : interrupt for ap_done detected @ "322880165000"
// Interrupt Monitor : interrupt for ap_done detected @ "324436155000"
// Interrupt Monitor : interrupt for ap_done detected @ "324844425000"
// Interrupt Monitor : interrupt for ap_done detected @ "325252695000"
// Interrupt Monitor : interrupt for ap_done detected @ "325660965000"
// Interrupt Monitor : interrupt for ap_done detected @ "327184595000"
// Interrupt Monitor : interrupt for ap_done detected @ "327353395000"
// Interrupt Monitor : interrupt for ap_done detected @ "327522235000"
// Interrupt Monitor : interrupt for ap_done detected @ "327691145000"
// Interrupt Monitor : interrupt for ap_done detected @ "328493965000"
// Interrupt Monitor : interrupt for ap_done detected @ "328662765000"
// Interrupt Monitor : interrupt for ap_done detected @ "328831605000"
// Interrupt Monitor : interrupt for ap_done detected @ "329000515000"
// Interrupt Monitor : interrupt for ap_done detected @ "329792105000"
// Interrupt Monitor : interrupt for ap_done detected @ "351303945000"
MLKEM_ROW,7,2,42,6,98,3,0,4590007,4,4736,32,78340,77316,0,0,1024,0,0,0,0,0x0001a0b0
KECCAK_ROW,7,28,28,28,0,17856,2489,3792
MLKEM_PASS cases=8 input_bytes=19072 output_bytes=9664 cpu_mul=1 cpu_fast_mul=1 cpu_div=1 expect_m=1 cycles=35155188 all_m=506145 min_sp=0x0001a0b0 stack_used=24384
KECCAK_PASS cases=8 starts=222 done=222 hash=218 squeeze=4
$finish called at time : 351552195 ns : File "E:/hls/k4kat/20260927_180405_839517/snapshot/tb/tb_mlkem1024_keccak_kat.sv" Line 357
INFO: xsimkernel Simulation Memory Usage: 32296 KB (Peak: 32296 KB), Simulation CPU Usage: 369358 ms
