Time resolution is 1 ps
MLKEM_HEADER,index,dataset,vsId,tgId,tcId,op,return_code,raw_cycles,empty_cycles,input_bytes,output_bytes,m_total,mul,mulh,mulhsu,mulhu,div,divu,rem,remu,min_sp
MLKEM_START cases=8 ram_bytes=131072 stack_bytes=32768 clock_mhz=100 mul=1 fast_mul=1 div=1 expect_m=1
// Interrupt Monitor : interrupt for ap_done detected @ "2080085000"
// Interrupt Monitor : interrupt for ap_done detected @ "2285335000"
// Interrupt Monitor : interrupt for ap_done detected @ "2693605000"
// Interrupt Monitor : interrupt for ap_done detected @ "3101875000"
// Interrupt Monitor : interrupt for ap_done detected @ "3510145000"
// Interrupt Monitor : interrupt for ap_done detected @ "5065835000"
// Interrupt Monitor : interrupt for ap_done detected @ "5474105000"
// Interrupt Monitor : interrupt for ap_done detected @ "5882375000"
// Interrupt Monitor : interrupt for ap_done detected @ "6290645000"
// Interrupt Monitor : interrupt for ap_done detected @ "7860065000"
// Interrupt Monitor : interrupt for ap_done detected @ "8268335000"
// Interrupt Monitor : interrupt for ap_done detected @ "8676605000"
// Interrupt Monitor : interrupt for ap_done detected @ "9084875000"
// Interrupt Monitor : interrupt for ap_done detected @ "10649655000"
// Interrupt Monitor : interrupt for ap_done detected @ "11057925000"
// Interrupt Monitor : interrupt for ap_done detected @ "11466195000"
// Interrupt Monitor : interrupt for ap_done detected @ "11874465000"
// Interrupt Monitor : interrupt for ap_done detected @ "13387655000"
// Interrupt Monitor : interrupt for ap_done detected @ "13556455000"
// Interrupt Monitor : interrupt for ap_done detected @ "13725295000"
// Interrupt Monitor : interrupt for ap_done detected @ "13894205000"
// Interrupt Monitor : interrupt for ap_done detected @ "14697025000"
// Interrupt Monitor : interrupt for ap_done detected @ "14865825000"
// Interrupt Monitor : interrupt for ap_done detected @ "15034665000"
// Interrupt Monitor : interrupt for ap_done detected @ "15203575000"
// Interrupt Monitor : interrupt for ap_done detected @ "33102245000"
MLKEM_ROW,0,1,42,3,70,1,0,3120299,4,64,4736,40452,40452,0,0,0,0,0,0,0,0x0001b570
KECCAK_ROW,0,26,26,26,0,16293,1969,3648
// Interrupt Monitor : interrupt for ap_done detected @ "36647565000"
// Interrupt Monitor : interrupt for ap_done detected @ "36852815000"
// Interrupt Monitor : interrupt for ap_done detected @ "37261085000"
// Interrupt Monitor : interrupt for ap_done detected @ "37669355000"
// Interrupt Monitor : interrupt for ap_done detected @ "38077625000"
// Interrupt Monitor : interrupt for ap_done detected @ "39632485000"
// Interrupt Monitor : interrupt for ap_done detected @ "40040755000"
// Interrupt Monitor : interrupt for ap_done detected @ "40449025000"
// Interrupt Monitor : interrupt for ap_done detected @ "40857295000"
// Interrupt Monitor : interrupt for ap_done detected @ "42421635000"
// Interrupt Monitor : interrupt for ap_done detected @ "42829905000"
// Interrupt Monitor : interrupt for ap_done detected @ "43238175000"
// Interrupt Monitor : interrupt for ap_done detected @ "43646445000"
// Interrupt Monitor : interrupt for ap_done detected @ "45205755000"
// Interrupt Monitor : interrupt for ap_done detected @ "45614025000"
// Interrupt Monitor : interrupt for ap_done detected @ "46022295000"
// Interrupt Monitor : interrupt for ap_done detected @ "46430565000"
// Interrupt Monitor : interrupt for ap_done detected @ "47944955000"
// Interrupt Monitor : interrupt for ap_done detected @ "48113755000"
// Interrupt Monitor : interrupt for ap_done detected @ "48282595000"
// Interrupt Monitor : interrupt for ap_done detected @ "48451505000"
// Interrupt Monitor : interrupt for ap_done detected @ "49254325000"
// Interrupt Monitor : interrupt for ap_done detected @ "49423125000"
// Interrupt Monitor : interrupt for ap_done detected @ "49591965000"
// Interrupt Monitor : interrupt for ap_done detected @ "49760875000"
// Interrupt Monitor : interrupt for ap_done detected @ "67659545000"
MLKEM_ROW,1,1,42,3,71,1,0,3119281,4,64,4736,40452,40452,0,0,0,0,0,0,0,0x0001b570
KECCAK_ROW,1,26,26,26,0,16293,1969,3648
// Interrupt Monitor : interrupt for ap_done detected @ "71204865000"
// Interrupt Monitor : interrupt for ap_done detected @ "71410115000"
// Interrupt Monitor : interrupt for ap_done detected @ "71818385000"
// Interrupt Monitor : interrupt for ap_done detected @ "72226655000"
// Interrupt Monitor : interrupt for ap_done detected @ "72634925000"
// Interrupt Monitor : interrupt for ap_done detected @ "73969905000"
// Interrupt Monitor : interrupt for ap_done detected @ "74131455000"
// Interrupt Monitor : interrupt for ap_done detected @ "74293005000"
// Interrupt Monitor : interrupt for ap_done detected @ "74454555000"
// Interrupt Monitor : interrupt for ap_done detected @ "74852575000"
// Interrupt Monitor : interrupt for ap_done detected @ "75260845000"
// Interrupt Monitor : interrupt for ap_done detected @ "75669115000"
// Interrupt Monitor : interrupt for ap_done detected @ "76077385000"
// Interrupt Monitor : interrupt for ap_done detected @ "77646565000"
// Interrupt Monitor : interrupt for ap_done detected @ "78054835000"
// Interrupt Monitor : interrupt for ap_done detected @ "78463105000"
// Interrupt Monitor : interrupt for ap_done detected @ "78871375000"
// Interrupt Monitor : interrupt for ap_done detected @ "80428325000"
// Interrupt Monitor : interrupt for ap_done detected @ "80836595000"
// Interrupt Monitor : interrupt for ap_done detected @ "81244865000"
// Interrupt Monitor : interrupt for ap_done detected @ "81653135000"
// Interrupt Monitor : interrupt for ap_done detected @ "83182975000"
// Interrupt Monitor : interrupt for ap_done detected @ "83351775000"
// Interrupt Monitor : interrupt for ap_done detected @ "83520615000"
// Interrupt Monitor : interrupt for ap_done detected @ "83689525000"
// Interrupt Monitor : interrupt for ap_done detected @ "84492345000"
// Interrupt Monitor : interrupt for ap_done detected @ "84661145000"
// Interrupt Monitor : interrupt for ap_done detected @ "84829985000"
// Interrupt Monitor : interrupt for ap_done detected @ "84998895000"
// Interrupt Monitor : interrupt for ap_done detected @ "102897565000"
MLKEM_ROW,2,1,42,3,72,1,0,3187353,4,64,4736,40453,40453,0,0,0,0,0,0,0,0x0001b570
KECCAK_ROW,2,30,30,26,4,17477,2177,4024
// Interrupt Monitor : interrupt for ap_done detected @ "106442885000"
// Interrupt Monitor : interrupt for ap_done detected @ "106648135000"
// Interrupt Monitor : interrupt for ap_done detected @ "107056405000"
// Interrupt Monitor : interrupt for ap_done detected @ "107464675000"
// Interrupt Monitor : interrupt for ap_done detected @ "107872945000"
// Interrupt Monitor : interrupt for ap_done detected @ "109214135000"
// Interrupt Monitor : interrupt for ap_done detected @ "109375685000"
// Interrupt Monitor : interrupt for ap_done detected @ "109537235000"
// Interrupt Monitor : interrupt for ap_done detected @ "109698785000"
// Interrupt Monitor : interrupt for ap_done detected @ "110099985000"
// Interrupt Monitor : interrupt for ap_done detected @ "110508255000"
// Interrupt Monitor : interrupt for ap_done detected @ "110916525000"
// Interrupt Monitor : interrupt for ap_done detected @ "111324795000"
// Interrupt Monitor : interrupt for ap_done detected @ "112900965000"
// Interrupt Monitor : interrupt for ap_done detected @ "113309235000"
// Interrupt Monitor : interrupt for ap_done detected @ "113717505000"
// Interrupt Monitor : interrupt for ap_done detected @ "114125775000"
// Interrupt Monitor : interrupt for ap_done detected @ "115693135000"
// Interrupt Monitor : interrupt for ap_done detected @ "116101405000"
// Interrupt Monitor : interrupt for ap_done detected @ "116509675000"
// Interrupt Monitor : interrupt for ap_done detected @ "116917945000"
// Interrupt Monitor : interrupt for ap_done detected @ "118447015000"
// Interrupt Monitor : interrupt for ap_done detected @ "118615815000"
// Interrupt Monitor : interrupt for ap_done detected @ "118784655000"
// Interrupt Monitor : interrupt for ap_done detected @ "118953565000"
// Interrupt Monitor : interrupt for ap_done detected @ "119756385000"
// Interrupt Monitor : interrupt for ap_done detected @ "119925185000"
// Interrupt Monitor : interrupt for ap_done detected @ "120094025000"
// Interrupt Monitor : interrupt for ap_done detected @ "120262935000"
// Interrupt Monitor : interrupt for ap_done detected @ "138161605000"
MLKEM_ROW,3,1,42,3,73,1,0,3189955,4,64,4736,40453,40453,0,0,0,0,0,0,0,0x0001b570
KECCAK_ROW,3,30,30,26,4,17477,2177,4024
// Interrupt Monitor : interrupt for ap_done detected @ "141706925000"
// Interrupt Monitor : interrupt for ap_done detected @ "141912175000"
// Interrupt Monitor : interrupt for ap_done detected @ "142320445000"
// Interrupt Monitor : interrupt for ap_done detected @ "142728715000"
// Interrupt Monitor : interrupt for ap_done detected @ "143136985000"
// Interrupt Monitor : interrupt for ap_done detected @ "144707455000"
// Interrupt Monitor : interrupt for ap_done detected @ "145115725000"
// Interrupt Monitor : interrupt for ap_done detected @ "145523995000"
// Interrupt Monitor : interrupt for ap_done detected @ "145932265000"
// Interrupt Monitor : interrupt for ap_done detected @ "147494555000"
// Interrupt Monitor : interrupt for ap_done detected @ "147902825000"
// Interrupt Monitor : interrupt for ap_done detected @ "148311095000"
// Interrupt Monitor : interrupt for ap_done detected @ "148719365000"
// Interrupt Monitor : interrupt for ap_done detected @ "150277155000"
// Interrupt Monitor : interrupt for ap_done detected @ "150685425000"
// Interrupt Monitor : interrupt for ap_done detected @ "151093695000"
// Interrupt Monitor : interrupt for ap_done detected @ "151501965000"
// Interrupt Monitor : interrupt for ap_done detected @ "153033685000"
// Interrupt Monitor : interrupt for ap_done detected @ "153202485000"
// Interrupt Monitor : interrupt for ap_done detected @ "153371325000"
// Interrupt Monitor : interrupt for ap_done detected @ "153540235000"
// Interrupt Monitor : interrupt for ap_done detected @ "154343055000"
// Interrupt Monitor : interrupt for ap_done detected @ "154511855000"
// Interrupt Monitor : interrupt for ap_done detected @ "154680695000"
// Interrupt Monitor : interrupt for ap_done detected @ "154849605000"
// Interrupt Monitor : interrupt for ap_done detected @ "172748275000"
MLKEM_ROW,4,1,42,3,74,1,0,3122218,4,64,4736,40452,40452,0,0,0,0,0,0,0,0x0001b570
KECCAK_ROW,4,26,26,26,0,16293,1969,3648
// Interrupt Monitor : interrupt for ap_done detected @ "176293595000"
// Interrupt Monitor : interrupt for ap_done detected @ "176498845000"
// Interrupt Monitor : interrupt for ap_done detected @ "176907115000"
// Interrupt Monitor : interrupt for ap_done detected @ "177315385000"
// Interrupt Monitor : interrupt for ap_done detected @ "177723655000"
// Interrupt Monitor : interrupt for ap_done detected @ "179283585000"
// Interrupt Monitor : interrupt for ap_done detected @ "179691855000"
// Interrupt Monitor : interrupt for ap_done detected @ "180100125000"
// Interrupt Monitor : interrupt for ap_done detected @ "180508395000"
// Interrupt Monitor : interrupt for ap_done detected @ "182068825000"
// Interrupt Monitor : interrupt for ap_done detected @ "182477095000"
// Interrupt Monitor : interrupt for ap_done detected @ "182885365000"
// Interrupt Monitor : interrupt for ap_done detected @ "183293635000"
// Interrupt Monitor : interrupt for ap_done detected @ "184636875000"
// Interrupt Monitor : interrupt for ap_done detected @ "184798425000"
// Interrupt Monitor : interrupt for ap_done detected @ "184959975000"
// Interrupt Monitor : interrupt for ap_done detected @ "185121525000"
// Interrupt Monitor : interrupt for ap_done detected @ "185518415000"
// Interrupt Monitor : interrupt for ap_done detected @ "185926685000"
// Interrupt Monitor : interrupt for ap_done detected @ "186334955000"
// Interrupt Monitor : interrupt for ap_done detected @ "186743225000"
// Interrupt Monitor : interrupt for ap_done detected @ "188266395000"
// Interrupt Monitor : interrupt for ap_done detected @ "188435195000"
// Interrupt Monitor : interrupt for ap_done detected @ "188604035000"
// Interrupt Monitor : interrupt for ap_done detected @ "188772945000"
// Interrupt Monitor : interrupt for ap_done detected @ "189575765000"
// Interrupt Monitor : interrupt for ap_done detected @ "189744565000"
// Interrupt Monitor : interrupt for ap_done detected @ "189913405000"
// Interrupt Monitor : interrupt for ap_done detected @ "190082315000"
// Interrupt Monitor : interrupt for ap_done detected @ "207980985000"
MLKEM_ROW,5,1,42,3,75,1,0,3186822,4,64,4736,40453,40453,0,0,0,0,0,0,0,0x0001b570
KECCAK_ROW,5,30,30,26,4,17477,2177,4024
// Interrupt Monitor : interrupt for ap_done detected @ "215842705000"
// Interrupt Monitor : interrupt for ap_done detected @ "216024475000"
// Interrupt Monitor : interrupt for ap_done detected @ "216740995000"
// Interrupt Monitor : interrupt for ap_done detected @ "217149265000"
// Interrupt Monitor : interrupt for ap_done detected @ "217557535000"
// Interrupt Monitor : interrupt for ap_done detected @ "217965805000"
// Interrupt Monitor : interrupt for ap_done detected @ "219531145000"
// Interrupt Monitor : interrupt for ap_done detected @ "219939415000"
// Interrupt Monitor : interrupt for ap_done detected @ "220347685000"
// Interrupt Monitor : interrupt for ap_done detected @ "220755955000"
// Interrupt Monitor : interrupt for ap_done detected @ "222318845000"
// Interrupt Monitor : interrupt for ap_done detected @ "222727115000"
// Interrupt Monitor : interrupt for ap_done detected @ "223135385000"
// Interrupt Monitor : interrupt for ap_done detected @ "223543655000"
// Interrupt Monitor : interrupt for ap_done detected @ "225093605000"
// Interrupt Monitor : interrupt for ap_done detected @ "225501875000"
// Interrupt Monitor : interrupt for ap_done detected @ "225910145000"
// Interrupt Monitor : interrupt for ap_done detected @ "226318415000"
// Interrupt Monitor : interrupt for ap_done detected @ "227666995000"
// Interrupt Monitor : interrupt for ap_done detected @ "227828545000"
// Interrupt Monitor : interrupt for ap_done detected @ "227990095000"
// Interrupt Monitor : interrupt for ap_done detected @ "228151645000"
// Interrupt Monitor : interrupt for ap_done detected @ "228509815000"
// Interrupt Monitor : interrupt for ap_done detected @ "228678615000"
// Interrupt Monitor : interrupt for ap_done detected @ "228847455000"
// Interrupt Monitor : interrupt for ap_done detected @ "229016365000"
// Interrupt Monitor : interrupt for ap_done detected @ "229819185000"
// Interrupt Monitor : interrupt for ap_done detected @ "229987985000"
// Interrupt Monitor : interrupt for ap_done detected @ "230156825000"
// Interrupt Monitor : interrupt for ap_done detected @ "230325735000"
// Interrupt Monitor : interrupt for ap_done detected @ "231117325000"
MLKEM_ROW,6,2,42,3,52,2,0,3908416,4,1600,1600,58245,57221,0,0,1024,0,0,0,0,0x0001a700
KECCAK_ROW,6,31,31,27,4,17764,2245,4108
// Interrupt Monitor : interrupt for ap_done detected @ "257979595000"
// Interrupt Monitor : interrupt for ap_done detected @ "258161365000"
// Interrupt Monitor : interrupt for ap_done detected @ "258877885000"
// Interrupt Monitor : interrupt for ap_done detected @ "259286155000"
// Interrupt Monitor : interrupt for ap_done detected @ "259694425000"
// Interrupt Monitor : interrupt for ap_done detected @ "260102695000"
// Interrupt Monitor : interrupt for ap_done detected @ "261659905000"
// Interrupt Monitor : interrupt for ap_done detected @ "262068175000"
// Interrupt Monitor : interrupt for ap_done detected @ "262476445000"
// Interrupt Monitor : interrupt for ap_done detected @ "262884715000"
// Interrupt Monitor : interrupt for ap_done detected @ "264436435000"
// Interrupt Monitor : interrupt for ap_done detected @ "264844705000"
// Interrupt Monitor : interrupt for ap_done detected @ "265252975000"
// Interrupt Monitor : interrupt for ap_done detected @ "265661245000"
// Interrupt Monitor : interrupt for ap_done detected @ "267214385000"
// Interrupt Monitor : interrupt for ap_done detected @ "267622655000"
// Interrupt Monitor : interrupt for ap_done detected @ "268030925000"
// Interrupt Monitor : interrupt for ap_done detected @ "268439195000"
// Interrupt Monitor : interrupt for ap_done detected @ "269954595000"
// Interrupt Monitor : interrupt for ap_done detected @ "270123395000"
// Interrupt Monitor : interrupt for ap_done detected @ "270292235000"
// Interrupt Monitor : interrupt for ap_done detected @ "270461145000"
// Interrupt Monitor : interrupt for ap_done detected @ "271263965000"
// Interrupt Monitor : interrupt for ap_done detected @ "271432765000"
// Interrupt Monitor : interrupt for ap_done detected @ "271601605000"
// Interrupt Monitor : interrupt for ap_done detected @ "271770515000"
// Interrupt Monitor : interrupt for ap_done detected @ "272562105000"
MLKEM_ROW,7,2,42,3,53,2,0,3839205,4,1600,1600,58244,57220,0,0,1024,0,0,0,0,0x0001a700
KECCAK_ROW,7,27,27,27,0,16580,2037,3732
MLKEM_PASS cases=8 input_bytes=3584 output_bytes=31616 cpu_mul=1 cpu_fast_mul=1 cpu_div=1 expect_m=1 cycles=29393327 all_m=359204 min_sp=0x0001a700 stack_used=22768
KECCAK_PASS cases=8 starts=226 done=226 hash=210 squeeze=16
$finish called at time : 293933585 ns : File "E:/hls/k4kat_timing_decode_v3/20261004_172530_032063/snapshot/tb/tb_mlkem1024_keccak_kat.sv" Line 357
INFO: xsimkernel Simulation Memory Usage: 32316 KB (Peak: 32316 KB), Simulation CPU Usage: 677062 ms
