Time resolution is 1 ps
MLKEM_HEADER,index,dataset,vsId,tgId,tcId,op,return_code,raw_cycles,empty_cycles,input_bytes,output_bytes,m_total,mul,mulh,mulhsu,mulhu,div,divu,rem,remu,min_sp
MLKEM_START cases=8 ram_bytes=131072 stack_bytes=32768 clock_mhz=100 mul=1 fast_mul=1 div=1 expect_m=1
// Interrupt Monitor : interrupt for ap_done detected @ "2080085000"
// Interrupt Monitor : interrupt for ap_done detected @ "2285335000"
// Interrupt Monitor : interrupt for ap_done detected @ "2693605000"
// Interrupt Monitor : interrupt for ap_done detected @ "3101875000"
// Interrupt Monitor : interrupt for ap_done detected @ "3510145000"
// Interrupt Monitor : interrupt for ap_done detected @ "5070695000"
// Interrupt Monitor : interrupt for ap_done detected @ "5478965000"
// Interrupt Monitor : interrupt for ap_done detected @ "5887235000"
// Interrupt Monitor : interrupt for ap_done detected @ "6295505000"
// Interrupt Monitor : interrupt for ap_done detected @ "7856605000"
// Interrupt Monitor : interrupt for ap_done detected @ "8264875000"
// Interrupt Monitor : interrupt for ap_done detected @ "8673145000"
// Interrupt Monitor : interrupt for ap_done detected @ "9081415000"
// Interrupt Monitor : interrupt for ap_done detected @ "10638005000"
// Interrupt Monitor : interrupt for ap_done detected @ "11046275000"
// Interrupt Monitor : interrupt for ap_done detected @ "11454545000"
// Interrupt Monitor : interrupt for ap_done detected @ "11862815000"
// Interrupt Monitor : interrupt for ap_done detected @ "13366665000"
// Interrupt Monitor : interrupt for ap_done detected @ "13535465000"
// Interrupt Monitor : interrupt for ap_done detected @ "13704305000"
// Interrupt Monitor : interrupt for ap_done detected @ "13873215000"
// Interrupt Monitor : interrupt for ap_done detected @ "14676035000"
// Interrupt Monitor : interrupt for ap_done detected @ "14844835000"
// Interrupt Monitor : interrupt for ap_done detected @ "15013675000"
// Interrupt Monitor : interrupt for ap_done detected @ "15182585000"
// Interrupt Monitor : interrupt for ap_done detected @ "33081255000"
MLKEM_ROW,0,1,42,3,62,1,0,3118200,4,64,4736,40452,40452,0,0,0,0,0,0,0,0x0001b570
KECCAK_ROW,0,26,26,26,0,16293,1969,3648
// Interrupt Monitor : interrupt for ap_done detected @ "36626575000"
// Interrupt Monitor : interrupt for ap_done detected @ "36831825000"
// Interrupt Monitor : interrupt for ap_done detected @ "37240095000"
// Interrupt Monitor : interrupt for ap_done detected @ "37648365000"
// Interrupt Monitor : interrupt for ap_done detected @ "38056635000"
// Interrupt Monitor : interrupt for ap_done detected @ "39594865000"
// Interrupt Monitor : interrupt for ap_done detected @ "40003135000"
// Interrupt Monitor : interrupt for ap_done detected @ "40411405000"
// Interrupt Monitor : interrupt for ap_done detected @ "40819675000"
// Interrupt Monitor : interrupt for ap_done detected @ "42385935000"
// Interrupt Monitor : interrupt for ap_done detected @ "42794205000"
// Interrupt Monitor : interrupt for ap_done detected @ "43202475000"
// Interrupt Monitor : interrupt for ap_done detected @ "43610745000"
// Interrupt Monitor : interrupt for ap_done detected @ "45182125000"
// Interrupt Monitor : interrupt for ap_done detected @ "45590395000"
// Interrupt Monitor : interrupt for ap_done detected @ "45998665000"
// Interrupt Monitor : interrupt for ap_done detected @ "46406935000"
// Interrupt Monitor : interrupt for ap_done detected @ "47934255000"
// Interrupt Monitor : interrupt for ap_done detected @ "48103055000"
// Interrupt Monitor : interrupt for ap_done detected @ "48271895000"
// Interrupt Monitor : interrupt for ap_done detected @ "48440805000"
// Interrupt Monitor : interrupt for ap_done detected @ "49243625000"
// Interrupt Monitor : interrupt for ap_done detected @ "49412425000"
// Interrupt Monitor : interrupt for ap_done detected @ "49581265000"
// Interrupt Monitor : interrupt for ap_done detected @ "49750175000"
// Interrupt Monitor : interrupt for ap_done detected @ "67648845000"
MLKEM_ROW,1,1,42,3,63,1,0,3120310,4,64,4736,40452,40452,0,0,0,0,0,0,0,0x0001b570
KECCAK_ROW,1,26,26,26,0,16293,1969,3648
// Interrupt Monitor : interrupt for ap_done detected @ "71194165000"
// Interrupt Monitor : interrupt for ap_done detected @ "71399415000"
// Interrupt Monitor : interrupt for ap_done detected @ "71807685000"
// Interrupt Monitor : interrupt for ap_done detected @ "72215955000"
// Interrupt Monitor : interrupt for ap_done detected @ "72624225000"
// Interrupt Monitor : interrupt for ap_done detected @ "74173685000"
// Interrupt Monitor : interrupt for ap_done detected @ "74581955000"
// Interrupt Monitor : interrupt for ap_done detected @ "74990225000"
// Interrupt Monitor : interrupt for ap_done detected @ "75398495000"
// Interrupt Monitor : interrupt for ap_done detected @ "76943015000"
// Interrupt Monitor : interrupt for ap_done detected @ "77351285000"
// Interrupt Monitor : interrupt for ap_done detected @ "77759555000"
// Interrupt Monitor : interrupt for ap_done detected @ "78167825000"
// Interrupt Monitor : interrupt for ap_done detected @ "79729715000"
// Interrupt Monitor : interrupt for ap_done detected @ "80137985000"
// Interrupt Monitor : interrupt for ap_done detected @ "80546255000"
// Interrupt Monitor : interrupt for ap_done detected @ "80954525000"
// Interrupt Monitor : interrupt for ap_done detected @ "82475635000"
// Interrupt Monitor : interrupt for ap_done detected @ "82644435000"
// Interrupt Monitor : interrupt for ap_done detected @ "82813275000"
// Interrupt Monitor : interrupt for ap_done detected @ "82982185000"
// Interrupt Monitor : interrupt for ap_done detected @ "83785005000"
// Interrupt Monitor : interrupt for ap_done detected @ "83953805000"
// Interrupt Monitor : interrupt for ap_done detected @ "84122645000"
// Interrupt Monitor : interrupt for ap_done detected @ "84291555000"
// Interrupt Monitor : interrupt for ap_done detected @ "102190225000"
MLKEM_ROW,2,1,42,3,64,1,0,3117689,4,64,4736,40452,40452,0,0,0,0,0,0,0,0x0001b570
KECCAK_ROW,2,26,26,26,0,16293,1969,3648
// Interrupt Monitor : interrupt for ap_done detected @ "105735545000"
// Interrupt Monitor : interrupt for ap_done detected @ "105940795000"
// Interrupt Monitor : interrupt for ap_done detected @ "106349065000"
// Interrupt Monitor : interrupt for ap_done detected @ "106757335000"
// Interrupt Monitor : interrupt for ap_done detected @ "107165605000"
// Interrupt Monitor : interrupt for ap_done detected @ "108729755000"
// Interrupt Monitor : interrupt for ap_done detected @ "109138025000"
// Interrupt Monitor : interrupt for ap_done detected @ "109546295000"
// Interrupt Monitor : interrupt for ap_done detected @ "109954565000"
// Interrupt Monitor : interrupt for ap_done detected @ "111518905000"
// Interrupt Monitor : interrupt for ap_done detected @ "111927175000"
// Interrupt Monitor : interrupt for ap_done detected @ "112335445000"
// Interrupt Monitor : interrupt for ap_done detected @ "112743715000"
// Interrupt Monitor : interrupt for ap_done detected @ "114306825000"
// Interrupt Monitor : interrupt for ap_done detected @ "114715095000"
// Interrupt Monitor : interrupt for ap_done detected @ "115123365000"
// Interrupt Monitor : interrupt for ap_done detected @ "115531635000"
// Interrupt Monitor : interrupt for ap_done detected @ "117070775000"
// Interrupt Monitor : interrupt for ap_done detected @ "117239575000"
// Interrupt Monitor : interrupt for ap_done detected @ "117408415000"
// Interrupt Monitor : interrupt for ap_done detected @ "117577325000"
// Interrupt Monitor : interrupt for ap_done detected @ "118380145000"
// Interrupt Monitor : interrupt for ap_done detected @ "118548945000"
// Interrupt Monitor : interrupt for ap_done detected @ "118717785000"
// Interrupt Monitor : interrupt for ap_done detected @ "118886695000"
// Interrupt Monitor : interrupt for ap_done detected @ "136785365000"
MLKEM_ROW,3,1,42,3,65,1,0,3123065,4,64,4736,40452,40452,0,0,0,0,0,0,0,0x0001b570
KECCAK_ROW,3,26,26,26,0,16293,1969,3648
// Interrupt Monitor : interrupt for ap_done detected @ "140330685000"
// Interrupt Monitor : interrupt for ap_done detected @ "140535935000"
// Interrupt Monitor : interrupt for ap_done detected @ "140944205000"
// Interrupt Monitor : interrupt for ap_done detected @ "141352475000"
// Interrupt Monitor : interrupt for ap_done detected @ "141760745000"
// Interrupt Monitor : interrupt for ap_done detected @ "143333755000"
// Interrupt Monitor : interrupt for ap_done detected @ "143742025000"
// Interrupt Monitor : interrupt for ap_done detected @ "144150295000"
// Interrupt Monitor : interrupt for ap_done detected @ "144558565000"
// Interrupt Monitor : interrupt for ap_done detected @ "146144905000"
// Interrupt Monitor : interrupt for ap_done detected @ "146553175000"
// Interrupt Monitor : interrupt for ap_done detected @ "146961445000"
// Interrupt Monitor : interrupt for ap_done detected @ "147369715000"
// Interrupt Monitor : interrupt for ap_done detected @ "148916235000"
// Interrupt Monitor : interrupt for ap_done detected @ "149324505000"
// Interrupt Monitor : interrupt for ap_done detected @ "149732775000"
// Interrupt Monitor : interrupt for ap_done detected @ "150141045000"
// Interrupt Monitor : interrupt for ap_done detected @ "151654105000"
// Interrupt Monitor : interrupt for ap_done detected @ "151822905000"
// Interrupt Monitor : interrupt for ap_done detected @ "151991745000"
// Interrupt Monitor : interrupt for ap_done detected @ "152160655000"
// Interrupt Monitor : interrupt for ap_done detected @ "152963475000"
// Interrupt Monitor : interrupt for ap_done detected @ "153132275000"
// Interrupt Monitor : interrupt for ap_done detected @ "153301115000"
// Interrupt Monitor : interrupt for ap_done detected @ "153470025000"
// Interrupt Monitor : interrupt for ap_done detected @ "171368695000"
MLKEM_ROW,4,1,42,3,66,1,0,3121884,4,64,4736,40452,40452,0,0,0,0,0,0,0,0x0001b570
KECCAK_ROW,4,26,26,26,0,16293,1969,3648
// Interrupt Monitor : interrupt for ap_done detected @ "174914015000"
// Interrupt Monitor : interrupt for ap_done detected @ "175119265000"
// Interrupt Monitor : interrupt for ap_done detected @ "175527535000"
// Interrupt Monitor : interrupt for ap_done detected @ "175935805000"
// Interrupt Monitor : interrupt for ap_done detected @ "176344075000"
// Interrupt Monitor : interrupt for ap_done detected @ "177895455000"
// Interrupt Monitor : interrupt for ap_done detected @ "178303725000"
// Interrupt Monitor : interrupt for ap_done detected @ "178711995000"
// Interrupt Monitor : interrupt for ap_done detected @ "179120265000"
// Interrupt Monitor : interrupt for ap_done detected @ "180675525000"
// Interrupt Monitor : interrupt for ap_done detected @ "181083795000"
// Interrupt Monitor : interrupt for ap_done detected @ "181492065000"
// Interrupt Monitor : interrupt for ap_done detected @ "181900335000"
// Interrupt Monitor : interrupt for ap_done detected @ "183463355000"
// Interrupt Monitor : interrupt for ap_done detected @ "183871625000"
// Interrupt Monitor : interrupt for ap_done detected @ "184279895000"
// Interrupt Monitor : interrupt for ap_done detected @ "184688165000"
// Interrupt Monitor : interrupt for ap_done detected @ "186194765000"
// Interrupt Monitor : interrupt for ap_done detected @ "186363565000"
// Interrupt Monitor : interrupt for ap_done detected @ "186532405000"
// Interrupt Monitor : interrupt for ap_done detected @ "186701315000"
// Interrupt Monitor : interrupt for ap_done detected @ "187504135000"
// Interrupt Monitor : interrupt for ap_done detected @ "187672935000"
// Interrupt Monitor : interrupt for ap_done detected @ "187841775000"
// Interrupt Monitor : interrupt for ap_done detected @ "188010685000"
// Interrupt Monitor : interrupt for ap_done detected @ "205909355000"
MLKEM_ROW,5,1,42,3,67,1,0,3117617,4,64,4736,40452,40452,0,0,0,0,0,0,0,0x0001b570
KECCAK_ROW,5,26,26,26,0,16293,1969,3648
// Interrupt Monitor : interrupt for ap_done detected @ "209454675000"
// Interrupt Monitor : interrupt for ap_done detected @ "209659925000"
// Interrupt Monitor : interrupt for ap_done detected @ "210068195000"
// Interrupt Monitor : interrupt for ap_done detected @ "210476465000"
// Interrupt Monitor : interrupt for ap_done detected @ "210884735000"
// Interrupt Monitor : interrupt for ap_done detected @ "212441845000"
// Interrupt Monitor : interrupt for ap_done detected @ "212850115000"
// Interrupt Monitor : interrupt for ap_done detected @ "213258385000"
// Interrupt Monitor : interrupt for ap_done detected @ "213666655000"
// Interrupt Monitor : interrupt for ap_done detected @ "215238975000"
// Interrupt Monitor : interrupt for ap_done detected @ "215647245000"
// Interrupt Monitor : interrupt for ap_done detected @ "216055515000"
// Interrupt Monitor : interrupt for ap_done detected @ "216463785000"
// Interrupt Monitor : interrupt for ap_done detected @ "217816285000"
// Interrupt Monitor : interrupt for ap_done detected @ "217977835000"
// Interrupt Monitor : interrupt for ap_done detected @ "218139385000"
// Interrupt Monitor : interrupt for ap_done detected @ "218300935000"
// Interrupt Monitor : interrupt for ap_done detected @ "218700655000"
// Interrupt Monitor : interrupt for ap_done detected @ "219108925000"
// Interrupt Monitor : interrupt for ap_done detected @ "219517195000"
// Interrupt Monitor : interrupt for ap_done detected @ "219925465000"
// Interrupt Monitor : interrupt for ap_done detected @ "221462315000"
// Interrupt Monitor : interrupt for ap_done detected @ "221631115000"
// Interrupt Monitor : interrupt for ap_done detected @ "221799955000"
// Interrupt Monitor : interrupt for ap_done detected @ "221968865000"
// Interrupt Monitor : interrupt for ap_done detected @ "222771685000"
// Interrupt Monitor : interrupt for ap_done detected @ "222940485000"
// Interrupt Monitor : interrupt for ap_done detected @ "223109325000"
// Interrupt Monitor : interrupt for ap_done detected @ "223278235000"
// Interrupt Monitor : interrupt for ap_done detected @ "241176905000"
MLKEM_ROW,6,1,42,3,68,1,0,3190306,4,64,4736,40453,40453,0,0,0,0,0,0,0,0x0001b570
KECCAK_ROW,6,30,30,26,4,17477,2177,4024
// Interrupt Monitor : interrupt for ap_done detected @ "244722225000"
// Interrupt Monitor : interrupt for ap_done detected @ "244927475000"
// Interrupt Monitor : interrupt for ap_done detected @ "245335745000"
// Interrupt Monitor : interrupt for ap_done detected @ "245744015000"
// Interrupt Monitor : interrupt for ap_done detected @ "246152285000"
// Interrupt Monitor : interrupt for ap_done detected @ "247715135000"
// Interrupt Monitor : interrupt for ap_done detected @ "248123405000"
// Interrupt Monitor : interrupt for ap_done detected @ "248531675000"
// Interrupt Monitor : interrupt for ap_done detected @ "248939945000"
// Interrupt Monitor : interrupt for ap_done detected @ "250509025000"
// Interrupt Monitor : interrupt for ap_done detected @ "250917295000"
// Interrupt Monitor : interrupt for ap_done detected @ "251325565000"
// Interrupt Monitor : interrupt for ap_done detected @ "251733835000"
// Interrupt Monitor : interrupt for ap_done detected @ "253301195000"
// Interrupt Monitor : interrupt for ap_done detected @ "253709465000"
// Interrupt Monitor : interrupt for ap_done detected @ "254117735000"
// Interrupt Monitor : interrupt for ap_done detected @ "254526005000"
// Interrupt Monitor : interrupt for ap_done detected @ "256052125000"
// Interrupt Monitor : interrupt for ap_done detected @ "256220925000"
// Interrupt Monitor : interrupt for ap_done detected @ "256389765000"
// Interrupt Monitor : interrupt for ap_done detected @ "256558675000"
// Interrupt Monitor : interrupt for ap_done detected @ "257361495000"
// Interrupt Monitor : interrupt for ap_done detected @ "257530295000"
// Interrupt Monitor : interrupt for ap_done detected @ "257699135000"
// Interrupt Monitor : interrupt for ap_done detected @ "257868045000"
// Interrupt Monitor : interrupt for ap_done detected @ "275766715000"
MLKEM_ROW,7,1,42,3,69,1,0,3122532,4,64,4736,40452,40452,0,0,0,0,0,0,0,0x0001b570
KECCAK_ROW,7,26,26,26,0,16293,1969,3648
MLKEM_PASS cases=8 input_bytes=512 output_bytes=37888 cpu_mul=1 cpu_fast_mul=1 cpu_div=1 expect_m=1 cycles=27813733 all_m=323617 min_sp=0x0001b570 stack_used=19072
KECCAK_PASS cases=8 starts=212 done=212 hash=208 squeeze=4
$finish called at time : 278137645 ns : File "E:/hls/k4kat_timing_decode_v3/20261004_171418_341783/snapshot/tb/tb_mlkem1024_keccak_kat.sv" Line 357
INFO: xsimkernel Simulation Memory Usage: 32304 KB (Peak: 32304 KB), Simulation CPU Usage: 634936 ms
