Copyright 1986-2022 Xilinx, Inc. All Rights Reserved. Copyright 2022-2024 Advanced Micro Devices, Inc. All Rights Reserved.
---------------------------------------------------------------------------------------------------------------------------------------------
| Tool Version : Vivado v.2024.2 (win64) Build 5239630 Fri Nov 08 22:35:27 MST 2024
| Date         : Sun Oct  4 12:14:00 2026
| Host         : DESKTOP-H0SRFHK running 64-bit major release  (build 9200)
| Command      : report_timing -delay_type min -max_paths 10 -file E:/hls/k4sys/20261004_120120/keccak/reports/hold_paths.rpt
| Design       : mlkem1024_keccak_system
| Device       : 7z020-clg400
| Speed File   : -1  PRODUCTION 1.12 2019-11-22
| Design State : Routed
---------------------------------------------------------------------------------------------------------------------------------------------

Timing Report

Slack (VIOLATED) :        -1.281ns  (arrival time - required time)
  Source:                 resetn
                            (input port clocked by system_clk  {rise@0.000ns fall@5.000ns period=10.000ns})
  Destination:            cpu/picorv32_core/pcpi_div/pcpi_wait_reg/D
                            (rising edge-triggered cell FDRE clocked by system_clk  {rise@0.000ns fall@5.000ns period=10.000ns})
  Path Group:             system_clk
  Path Type:              Hold (Min at Slow Process Corner)
  Requirement:            0.000ns  (system_clk rise@0.000ns - system_clk rise@0.000ns)
  Data Path Delay:        1.024ns  (logic 0.100ns (9.762%)  route 0.924ns (90.238%))
  Logic Levels:           1  (LUT5=1)
  Input Delay:            0.000ns
  Clock Path Skew:        1.837ns (DCD - SCD - CPR)
    Destination Clock Delay (DCD):    1.837ns
    Source Clock Delay      (SCD):    0.000ns
    Clock Pessimism Removal (CPR):    -0.000ns
  Clock Uncertainty:      0.135ns  ((TSJ^2 + TIJ^2)^1/2 + DJ) / 2 + PE + UU
    Total System Jitter     (TSJ):    0.071ns
    Total Input Jitter      (TIJ):    0.000ns
    Discrete Jitter          (DJ):    0.000ns
    Phase Error              (PE):    0.000ns
    User Uncertainty         (UU):    0.100ns

    Location             Delay type                Incr(ns)  Path(ns)    Netlist Resource(s)
  -------------------------------------------------------------------    -------------------
                         (clock system_clk rise edge)
                                                      0.000     0.000 r  
                         input delay                  0.000     0.000    
                                                      0.000     0.000 r  resetn (IN)
                         net (fo=59, unset)           0.924     0.924    cpu/picorv32_core/pcpi_div/resetn
    SLICE_X0Y6           LUT5 (Prop_lut5_I4_O)        0.100     1.024 r  cpu/picorv32_core/pcpi_div/pcpi_wait_i_1/O
                         net (fo=1, routed)           0.000     1.024    cpu/picorv32_core/pcpi_div/pcpi_wait0
    SLICE_X0Y6           FDRE                                         r  cpu/picorv32_core/pcpi_div/pcpi_wait_reg/D
  -------------------------------------------------------------------    -------------------

                         (clock system_clk rise edge)
                                                      0.000     0.000 r  
                                                      0.000     0.000 r  clk (IN)
                         net (fo=17163, unset)        1.837     1.837    cpu/picorv32_core/pcpi_div/clk
    SLICE_X0Y6           FDRE                                         r  cpu/picorv32_core/pcpi_div/pcpi_wait_reg/C
                         clock pessimism              0.000     1.837    
                         clock uncertainty            0.135     1.972    
    SLICE_X0Y6           FDRE (Hold_fdre_C_D)         0.333     2.305    cpu/picorv32_core/pcpi_div/pcpi_wait_reg
  -------------------------------------------------------------------
                         required time                         -2.305    
                         arrival time                           1.024    
  -------------------------------------------------------------------
                         slack                                 -1.281    

Slack (VIOLATED) :        -1.279ns  (arrival time - required time)
  Source:                 resetn
                            (input port clocked by system_clk  {rise@0.000ns fall@5.000ns period=10.000ns})
  Destination:            cpu/picorv32_core/pcpi_div/outsign_reg/D
                            (rising edge-triggered cell FDRE clocked by system_clk  {rise@0.000ns fall@5.000ns period=10.000ns})
  Path Group:             system_clk
  Path Type:              Hold (Min at Slow Process Corner)
  Requirement:            0.000ns  (system_clk rise@0.000ns - system_clk rise@0.000ns)
  Data Path Delay:        1.024ns  (logic 0.100ns (9.762%)  route 0.924ns (90.238%))
  Logic Levels:           1  (LUT5=1)
  Input Delay:            0.000ns
  Clock Path Skew:        1.838ns (DCD - SCD - CPR)
    Destination Clock Delay (DCD):    1.838ns
    Source Clock Delay      (SCD):    0.000ns
    Clock Pessimism Removal (CPR):    -0.000ns
  Clock Uncertainty:      0.135ns  ((TSJ^2 + TIJ^2)^1/2 + DJ) / 2 + PE + UU
    Total System Jitter     (TSJ):    0.071ns
    Total Input Jitter      (TIJ):    0.000ns
    Discrete Jitter          (DJ):    0.000ns
    Phase Error              (PE):    0.000ns
    User Uncertainty         (UU):    0.100ns

    Location             Delay type                Incr(ns)  Path(ns)    Netlist Resource(s)
  -------------------------------------------------------------------    -------------------
                         (clock system_clk rise edge)
                                                      0.000     0.000 r  
                         input delay                  0.000     0.000    
                                                      0.000     0.000 r  resetn (IN)
                         net (fo=59, unset)           0.924     0.924    cpu/picorv32_core/pcpi_div/resetn
    SLICE_X4Y1           LUT5 (Prop_lut5_I1_O)        0.100     1.024 r  cpu/picorv32_core/pcpi_div/outsign_i_1/O
                         net (fo=1, routed)           0.000     1.024    cpu/picorv32_core/pcpi_div/outsign_i_1_n_2
    SLICE_X4Y1           FDRE                                         r  cpu/picorv32_core/pcpi_div/outsign_reg/D
  -------------------------------------------------------------------    -------------------

                         (clock system_clk rise edge)
                                                      0.000     0.000 r  
                                                      0.000     0.000 r  clk (IN)
                         net (fo=17163, unset)        1.838     1.838    cpu/picorv32_core/pcpi_div/clk
    SLICE_X4Y1           FDRE                                         r  cpu/picorv32_core/pcpi_div/outsign_reg/C
                         clock pessimism              0.000     1.838    
                         clock uncertainty            0.135     1.973    
    SLICE_X4Y1           FDRE (Hold_fdre_C_D)         0.330     2.303    cpu/picorv32_core/pcpi_div/outsign_reg
  -------------------------------------------------------------------
                         required time                         -2.303    
                         arrival time                           1.024    
  -------------------------------------------------------------------
                         slack                                 -1.279    

Slack (VIOLATED) :        -1.278ns  (arrival time - required time)
  Source:                 resetn
                            (input port clocked by system_clk  {rise@0.000ns fall@5.000ns period=10.000ns})
  Destination:            cpu/picorv32_core/pcpi_div/pcpi_ready_reg/D
                            (rising edge-triggered cell FDRE clocked by system_clk  {rise@0.000ns fall@5.000ns period=10.000ns})
  Path Group:             system_clk
  Path Type:              Hold (Min at Slow Process Corner)
  Requirement:            0.000ns  (system_clk rise@0.000ns - system_clk rise@0.000ns)
  Data Path Delay:        1.024ns  (logic 0.100ns (9.762%)  route 0.924ns (90.238%))
  Logic Levels:           1  (LUT4=1)
  Input Delay:            0.000ns
  Clock Path Skew:        1.837ns (DCD - SCD - CPR)
    Destination Clock Delay (DCD):    1.837ns
    Source Clock Delay      (SCD):    0.000ns
    Clock Pessimism Removal (CPR):    -0.000ns
  Clock Uncertainty:      0.135ns  ((TSJ^2 + TIJ^2)^1/2 + DJ) / 2 + PE + UU
    Total System Jitter     (TSJ):    0.071ns
    Total Input Jitter      (TIJ):    0.000ns
    Discrete Jitter          (DJ):    0.000ns
    Phase Error              (PE):    0.000ns
    User Uncertainty         (UU):    0.100ns

    Location             Delay type                Incr(ns)  Path(ns)    Netlist Resource(s)
  -------------------------------------------------------------------    -------------------
                         (clock system_clk rise edge)
                                                      0.000     0.000 r  
                         input delay                  0.000     0.000    
                                                      0.000     0.000 r  resetn (IN)
                         net (fo=59, unset)           0.924     0.924    cpu/picorv32_core/pcpi_div/resetn
    SLICE_X0Y4           LUT4 (Prop_lut4_I2_O)        0.100     1.024 r  cpu/picorv32_core/pcpi_div/pcpi_ready_i_1/O
                         net (fo=1, routed)           0.000     1.024    cpu/picorv32_core/pcpi_div/pcpi_ready_i_1_n_2
    SLICE_X0Y4           FDRE                                         r  cpu/picorv32_core/pcpi_div/pcpi_ready_reg/D
  -------------------------------------------------------------------    -------------------

                         (clock system_clk rise edge)
                                                      0.000     0.000 r  
                                                      0.000     0.000 r  clk (IN)
                         net (fo=17163, unset)        1.837     1.837    cpu/picorv32_core/pcpi_div/clk
    SLICE_X0Y4           FDRE                                         r  cpu/picorv32_core/pcpi_div/pcpi_ready_reg/C
                         clock pessimism              0.000     1.837    
                         clock uncertainty            0.135     1.972    
    SLICE_X0Y4           FDRE (Hold_fdre_C_D)         0.330     2.302    cpu/picorv32_core/pcpi_div/pcpi_ready_reg
  -------------------------------------------------------------------
                         required time                         -2.302    
                         arrival time                           1.024    
  -------------------------------------------------------------------
                         slack                                 -1.278    

Slack (VIOLATED) :        -1.274ns  (arrival time - required time)
  Source:                 resetn
                            (input port clocked by system_clk  {rise@0.000ns fall@5.000ns period=10.000ns})
  Destination:            cpu/picorv32_core/pcpi_div/pcpi_wait_q_reg/D
                            (rising edge-triggered cell FDRE clocked by system_clk  {rise@0.000ns fall@5.000ns period=10.000ns})
  Path Group:             system_clk
  Path Type:              Hold (Min at Slow Process Corner)
  Requirement:            0.000ns  (system_clk rise@0.000ns - system_clk rise@0.000ns)
  Data Path Delay:        1.042ns  (logic 0.118ns (11.321%)  route 0.924ns (88.679%))
  Logic Levels:           1  (LUT2=1)
  Input Delay:            0.000ns
  Clock Path Skew:        1.838ns (DCD - SCD - CPR)
    Destination Clock Delay (DCD):    1.838ns
    Source Clock Delay      (SCD):    0.000ns
    Clock Pessimism Removal (CPR):    -0.000ns
  Clock Uncertainty:      0.135ns  ((TSJ^2 + TIJ^2)^1/2 + DJ) / 2 + PE + UU
    Total System Jitter     (TSJ):    0.071ns
    Total Input Jitter      (TIJ):    0.000ns
    Discrete Jitter          (DJ):    0.000ns
    Phase Error              (PE):    0.000ns
    User Uncertainty         (UU):    0.100ns

    Location             Delay type                Incr(ns)  Path(ns)    Netlist Resource(s)
  -------------------------------------------------------------------    -------------------
                         (clock system_clk rise edge)
                                                      0.000     0.000 r  
                         input delay                  0.000     0.000    
                                                      0.000     0.000 r  resetn (IN)
                         net (fo=59, unset)           0.924     0.924    cpu/picorv32_core/pcpi_div/resetn
    SLICE_X4Y1           LUT2 (Prop_lut2_I1_O)        0.118     1.042 r  cpu/picorv32_core/pcpi_div/pcpi_wait_q_i_1/O
                         net (fo=1, routed)           0.000     1.042    cpu/picorv32_core/pcpi_div/pcpi_wait_q0
    SLICE_X4Y1           FDRE                                         r  cpu/picorv32_core/pcpi_div/pcpi_wait_q_reg/D
  -------------------------------------------------------------------    -------------------

                         (clock system_clk rise edge)
                                                      0.000     0.000 r  
                                                      0.000     0.000 r  clk (IN)
                         net (fo=17163, unset)        1.838     1.838    cpu/picorv32_core/pcpi_div/clk
    SLICE_X4Y1           FDRE                                         r  cpu/picorv32_core/pcpi_div/pcpi_wait_q_reg/C
                         clock pessimism              0.000     1.838    
                         clock uncertainty            0.135     1.973    
    SLICE_X4Y1           FDRE (Hold_fdre_C_D)         0.343     2.316    cpu/picorv32_core/pcpi_div/pcpi_wait_q_reg
  -------------------------------------------------------------------
                         required time                         -2.316    
                         arrival time                           1.042    
  -------------------------------------------------------------------
                         slack                                 -1.274    

Slack (VIOLATED) :        -1.273ns  (arrival time - required time)
  Source:                 resetn
                            (input port clocked by system_clk  {rise@0.000ns fall@5.000ns period=10.000ns})
  Destination:            cpu/picorv32_core/is_compare_reg/D
                            (rising edge-triggered cell FDRE clocked by system_clk  {rise@0.000ns fall@5.000ns period=10.000ns})
  Path Group:             system_clk
  Path Type:              Hold (Min at Slow Process Corner)
  Requirement:            0.000ns  (system_clk rise@0.000ns - system_clk rise@0.000ns)
  Data Path Delay:        1.024ns  (logic 0.100ns (9.762%)  route 0.924ns (90.238%))
  Logic Levels:           1  (LUT6=1)
  Input Delay:            0.000ns
  Clock Path Skew:        1.832ns (DCD - SCD - CPR)
    Destination Clock Delay (DCD):    1.832ns
    Source Clock Delay      (SCD):    0.000ns
    Clock Pessimism Removal (CPR):    -0.000ns
  Clock Uncertainty:      0.135ns  ((TSJ^2 + TIJ^2)^1/2 + DJ) / 2 + PE + UU
    Total System Jitter     (TSJ):    0.071ns
    Total Input Jitter      (TIJ):    0.000ns
    Discrete Jitter          (DJ):    0.000ns
    Phase Error              (PE):    0.000ns
    User Uncertainty         (UU):    0.100ns

    Location             Delay type                Incr(ns)  Path(ns)    Netlist Resource(s)
  -------------------------------------------------------------------    -------------------
                         (clock system_clk rise edge)
                                                      0.000     0.000 r  
                         input delay                  0.000     0.000    
                                                      0.000     0.000 r  resetn (IN)
                         net (fo=59, unset)           0.924     0.924    cpu/picorv32_core/resetn
    SLICE_X0Y14          LUT6 (Prop_lut6_I4_O)        0.100     1.024 r  cpu/picorv32_core/is_compare_i_1/O
                         net (fo=1, routed)           0.000     1.024    cpu/picorv32_core/is_compare_i_1_n_2
    SLICE_X0Y14          FDRE                                         r  cpu/picorv32_core/is_compare_reg/D
  -------------------------------------------------------------------    -------------------

                         (clock system_clk rise edge)
                                                      0.000     0.000 r  
                                                      0.000     0.000 r  clk (IN)
                         net (fo=17163, unset)        1.832     1.832    cpu/picorv32_core/clk
    SLICE_X0Y14          FDRE                                         r  cpu/picorv32_core/is_compare_reg/C
                         clock pessimism              0.000     1.832    
                         clock uncertainty            0.135     1.967    
    SLICE_X0Y14          FDRE (Hold_fdre_C_D)         0.330     2.297    cpu/picorv32_core/is_compare_reg
  -------------------------------------------------------------------
                         required time                         -2.297    
                         arrival time                           1.024    
  -------------------------------------------------------------------
                         slack                                 -1.273    

Slack (VIOLATED) :        -1.270ns  (arrival time - required time)
  Source:                 resetn
                            (input port clocked by system_clk  {rise@0.000ns fall@5.000ns period=10.000ns})
  Destination:            cpu/picorv32_core/pcpi_div/running_reg/D
                            (rising edge-triggered cell FDRE clocked by system_clk  {rise@0.000ns fall@5.000ns period=10.000ns})
  Path Group:             system_clk
  Path Type:              Hold (Min at Slow Process Corner)
  Requirement:            0.000ns  (system_clk rise@0.000ns - system_clk rise@0.000ns)
  Data Path Delay:        1.045ns  (logic 0.121ns (11.575%)  route 0.924ns (88.425%))
  Logic Levels:           1  (LUT5=1)
  Input Delay:            0.000ns
  Clock Path Skew:        1.837ns (DCD - SCD - CPR)
    Destination Clock Delay (DCD):    1.837ns
    Source Clock Delay      (SCD):    0.000ns
    Clock Pessimism Removal (CPR):    -0.000ns
  Clock Uncertainty:      0.135ns  ((TSJ^2 + TIJ^2)^1/2 + DJ) / 2 + PE + UU
    Total System Jitter     (TSJ):    0.071ns
    Total Input Jitter      (TIJ):    0.000ns
    Discrete Jitter          (DJ):    0.000ns
    Phase Error              (PE):    0.000ns
    User Uncertainty         (UU):    0.100ns

    Location             Delay type                Incr(ns)  Path(ns)    Netlist Resource(s)
  -------------------------------------------------------------------    -------------------
                         (clock system_clk rise edge)
                                                      0.000     0.000 r  
                         input delay                  0.000     0.000    
                                                      0.000     0.000 r  resetn (IN)
                         net (fo=59, unset)           0.924     0.924    cpu/picorv32_core/pcpi_div/resetn
    SLICE_X0Y4           LUT5 (Prop_lut5_I4_O)        0.121     1.045 r  cpu/picorv32_core/pcpi_div/running_i_1/O
                         net (fo=1, routed)           0.000     1.045    cpu/picorv32_core/pcpi_div/running_i_1_n_2
    SLICE_X0Y4           FDRE                                         r  cpu/picorv32_core/pcpi_div/running_reg/D
  -------------------------------------------------------------------    -------------------

                         (clock system_clk rise edge)
                                                      0.000     0.000 r  
                                                      0.000     0.000 r  clk (IN)
                         net (fo=17163, unset)        1.837     1.837    cpu/picorv32_core/pcpi_div/clk
    SLICE_X0Y4           FDRE                                         r  cpu/picorv32_core/pcpi_div/running_reg/C
                         clock pessimism              0.000     1.837    
                         clock uncertainty            0.135     1.972    
    SLICE_X0Y4           FDRE (Hold_fdre_C_D)         0.343     2.315    cpu/picorv32_core/pcpi_div/running_reg
  -------------------------------------------------------------------
                         required time                         -2.315    
                         arrival time                           1.045    
  -------------------------------------------------------------------
                         slack                                 -1.270    

Slack (VIOLATED) :        -1.265ns  (arrival time - required time)
  Source:                 resetn
                            (input port clocked by system_clk  {rise@0.000ns fall@5.000ns period=10.000ns})
  Destination:            adapter_i/hls_i/grp_mlkem1024_keccak_accel_Pipeline_LOAD_CONTEXT_fu_2422/flow_control_loop_pipe_sequential_init_U/ap_loop_init_int_reg/D
                            (rising edge-triggered cell FDRE clocked by system_clk  {rise@0.000ns fall@5.000ns period=10.000ns})
  Path Group:             system_clk
  Path Type:              Hold (Min at Slow Process Corner)
  Requirement:            0.000ns  (system_clk rise@0.000ns - system_clk rise@0.000ns)
  Data Path Delay:        1.024ns  (logic 0.100ns (9.762%)  route 0.924ns (90.238%))
  Logic Levels:           1  (LUT4=1)
  Input Delay:            0.000ns
  Clock Path Skew:        1.824ns (DCD - SCD - CPR)
    Destination Clock Delay (DCD):    1.824ns
    Source Clock Delay      (SCD):    0.000ns
    Clock Pessimism Removal (CPR):    -0.000ns
  Clock Uncertainty:      0.135ns  ((TSJ^2 + TIJ^2)^1/2 + DJ) / 2 + PE + UU
    Total System Jitter     (TSJ):    0.071ns
    Total Input Jitter      (TIJ):    0.000ns
    Discrete Jitter          (DJ):    0.000ns
    Phase Error              (PE):    0.000ns
    User Uncertainty         (UU):    0.100ns

    Location             Delay type                Incr(ns)  Path(ns)    Netlist Resource(s)
  -------------------------------------------------------------------    -------------------
                         (clock system_clk rise edge)
                                                      0.000     0.000 r  
                         input delay                  0.000     0.000    
                                                      0.000     0.000 f  resetn (IN)
                         net (fo=59, unset)           0.924     0.924    adapter_i/hls_i/grp_mlkem1024_keccak_accel_Pipeline_LOAD_CONTEXT_fu_2422/flow_control_loop_pipe_sequential_init_U/resetn
    SLICE_X4Y20          LUT4 (Prop_lut4_I0_O)        0.100     1.024 r  adapter_i/hls_i/grp_mlkem1024_keccak_accel_Pipeline_LOAD_CONTEXT_fu_2422/flow_control_loop_pipe_sequential_init_U/ap_loop_init_int_i_1__0/O
                         net (fo=1, routed)           0.000     1.024    adapter_i/hls_i/grp_mlkem1024_keccak_accel_Pipeline_LOAD_CONTEXT_fu_2422/flow_control_loop_pipe_sequential_init_U/ap_loop_init_int_i_1__0_n_2
    SLICE_X4Y20          FDRE                                         r  adapter_i/hls_i/grp_mlkem1024_keccak_accel_Pipeline_LOAD_CONTEXT_fu_2422/flow_control_loop_pipe_sequential_init_U/ap_loop_init_int_reg/D
  -------------------------------------------------------------------    -------------------

                         (clock system_clk rise edge)
                                                      0.000     0.000 r  
                                                      0.000     0.000 r  clk (IN)
                         net (fo=17163, unset)        1.824     1.824    adapter_i/hls_i/grp_mlkem1024_keccak_accel_Pipeline_LOAD_CONTEXT_fu_2422/flow_control_loop_pipe_sequential_init_U/clk
    SLICE_X4Y20          FDRE                                         r  adapter_i/hls_i/grp_mlkem1024_keccak_accel_Pipeline_LOAD_CONTEXT_fu_2422/flow_control_loop_pipe_sequential_init_U/ap_loop_init_int_reg/C
                         clock pessimism              0.000     1.824    
                         clock uncertainty            0.135     1.959    
    SLICE_X4Y20          FDRE (Hold_fdre_C_D)         0.330     2.289    adapter_i/hls_i/grp_mlkem1024_keccak_accel_Pipeline_LOAD_CONTEXT_fu_2422/flow_control_loop_pipe_sequential_init_U/ap_loop_init_int_reg
  -------------------------------------------------------------------
                         required time                         -2.289    
                         arrival time                           1.024    
  -------------------------------------------------------------------
                         slack                                 -1.265    

Slack (VIOLATED) :        -1.217ns  (arrival time - required time)
  Source:                 resetn
                            (input port clocked by system_clk  {rise@0.000ns fall@5.000ns period=10.000ns})
  Destination:            cpu/picorv32_core/mem_wordsize_reg[0]/D
                            (rising edge-triggered cell FDRE clocked by system_clk  {rise@0.000ns fall@5.000ns period=10.000ns})
  Path Group:             system_clk
  Path Type:              Hold (Min at Slow Process Corner)
  Requirement:            0.000ns  (system_clk rise@0.000ns - system_clk rise@0.000ns)
  Data Path Delay:        1.024ns  (logic 0.100ns (9.762%)  route 0.924ns (90.238%))
  Logic Levels:           1  (LUT5=1)
  Input Delay:            0.000ns
  Clock Path Skew:        1.836ns (DCD - SCD - CPR)
    Destination Clock Delay (DCD):    1.836ns
    Source Clock Delay      (SCD):    0.000ns
    Clock Pessimism Removal (CPR):    -0.000ns
  Clock Uncertainty:      0.135ns  ((TSJ^2 + TIJ^2)^1/2 + DJ) / 2 + PE + UU
    Total System Jitter     (TSJ):    0.071ns
    Total Input Jitter      (TIJ):    0.000ns
    Discrete Jitter          (DJ):    0.000ns
    Phase Error              (PE):    0.000ns
    User Uncertainty         (UU):    0.100ns

    Location             Delay type                Incr(ns)  Path(ns)    Netlist Resource(s)
  -------------------------------------------------------------------    -------------------
                         (clock system_clk rise edge)
                                                      0.000     0.000 r  
                         input delay                  0.000     0.000    
                                                      0.000     0.000 r  resetn (IN)
                         net (fo=59, unset)           0.924     0.924    cpu/picorv32_core/resetn
    SLICE_X1Y10          LUT5 (Prop_lut5_I2_O)        0.100     1.024 r  cpu/picorv32_core/mem_wordsize[0]_i_1/O
                         net (fo=1, routed)           0.000     1.024    cpu/picorv32_core/mem_wordsize[0]_i_1_n_2
    SLICE_X1Y10          FDRE                                         r  cpu/picorv32_core/mem_wordsize_reg[0]/D
  -------------------------------------------------------------------    -------------------

                         (clock system_clk rise edge)
                                                      0.000     0.000 r  
                                                      0.000     0.000 r  clk (IN)
                         net (fo=17163, unset)        1.836     1.836    cpu/picorv32_core/clk
    SLICE_X1Y10          FDRE                                         r  cpu/picorv32_core/mem_wordsize_reg[0]/C
                         clock pessimism              0.000     1.836    
                         clock uncertainty            0.135     1.971    
    SLICE_X1Y10          FDRE (Hold_fdre_C_D)         0.270     2.241    cpu/picorv32_core/mem_wordsize_reg[0]
  -------------------------------------------------------------------
                         required time                         -2.241    
                         arrival time                           1.024    
  -------------------------------------------------------------------
                         slack                                 -1.217    

Slack (VIOLATED) :        -1.217ns  (arrival time - required time)
  Source:                 resetn
                            (input port clocked by system_clk  {rise@0.000ns fall@5.000ns period=10.000ns})
  Destination:            cpu/picorv32_core/mem_wordsize_reg[1]/D
                            (rising edge-triggered cell FDRE clocked by system_clk  {rise@0.000ns fall@5.000ns period=10.000ns})
  Path Group:             system_clk
  Path Type:              Hold (Min at Slow Process Corner)
  Requirement:            0.000ns  (system_clk rise@0.000ns - system_clk rise@0.000ns)
  Data Path Delay:        1.024ns  (logic 0.100ns (9.762%)  route 0.924ns (90.238%))
  Logic Levels:           1  (LUT5=1)
  Input Delay:            0.000ns
  Clock Path Skew:        1.836ns (DCD - SCD - CPR)
    Destination Clock Delay (DCD):    1.836ns
    Source Clock Delay      (SCD):    0.000ns
    Clock Pessimism Removal (CPR):    -0.000ns
  Clock Uncertainty:      0.135ns  ((TSJ^2 + TIJ^2)^1/2 + DJ) / 2 + PE + UU
    Total System Jitter     (TSJ):    0.071ns
    Total Input Jitter      (TIJ):    0.000ns
    Discrete Jitter          (DJ):    0.000ns
    Phase Error              (PE):    0.000ns
    User Uncertainty         (UU):    0.100ns

    Location             Delay type                Incr(ns)  Path(ns)    Netlist Resource(s)
  -------------------------------------------------------------------    -------------------
                         (clock system_clk rise edge)
                                                      0.000     0.000 r  
                         input delay                  0.000     0.000    
                                                      0.000     0.000 r  resetn (IN)
                         net (fo=59, unset)           0.924     0.924    cpu/picorv32_core/resetn
    SLICE_X1Y10          LUT5 (Prop_lut5_I2_O)        0.100     1.024 r  cpu/picorv32_core/mem_wordsize[1]_i_1/O
                         net (fo=1, routed)           0.000     1.024    cpu/picorv32_core/mem_wordsize[1]_i_1_n_2
    SLICE_X1Y10          FDRE                                         r  cpu/picorv32_core/mem_wordsize_reg[1]/D
  -------------------------------------------------------------------    -------------------

                         (clock system_clk rise edge)
                                                      0.000     0.000 r  
                                                      0.000     0.000 r  clk (IN)
                         net (fo=17163, unset)        1.836     1.836    cpu/picorv32_core/clk
    SLICE_X1Y10          FDRE                                         r  cpu/picorv32_core/mem_wordsize_reg[1]/C
                         clock pessimism              0.000     1.836    
                         clock uncertainty            0.135     1.971    
    SLICE_X1Y10          FDRE (Hold_fdre_C_D)         0.270     2.241    cpu/picorv32_core/mem_wordsize_reg[1]
  -------------------------------------------------------------------
                         required time                         -2.241    
                         arrival time                           1.024    
  -------------------------------------------------------------------
                         slack                                 -1.217    

Slack (VIOLATED) :        -1.208ns  (arrival time - required time)
  Source:                 resetn
                            (input port clocked by system_clk  {rise@0.000ns fall@5.000ns period=10.000ns})
  Destination:            adapter_i/hls_i/grp_mlkem1024_keccak_accel_Pipeline_CLEAR_CONTEXT_fu_2416/flow_control_loop_pipe_sequential_init_U/ap_loop_init_int_reg/D
                            (rising edge-triggered cell FDRE clocked by system_clk  {rise@0.000ns fall@5.000ns period=10.000ns})
  Path Group:             system_clk
  Path Type:              Hold (Min at Slow Process Corner)
  Requirement:            0.000ns  (system_clk rise@0.000ns - system_clk rise@0.000ns)
  Data Path Delay:        1.024ns  (logic 0.100ns (9.762%)  route 0.924ns (90.238%))
  Logic Levels:           1  (LUT4=1)
  Input Delay:            0.000ns
  Clock Path Skew:        1.828ns (DCD - SCD - CPR)
    Destination Clock Delay (DCD):    1.828ns
    Source Clock Delay      (SCD):    0.000ns
    Clock Pessimism Removal (CPR):    -0.000ns
  Clock Uncertainty:      0.135ns  ((TSJ^2 + TIJ^2)^1/2 + DJ) / 2 + PE + UU
    Total System Jitter     (TSJ):    0.071ns
    Total Input Jitter      (TIJ):    0.000ns
    Discrete Jitter          (DJ):    0.000ns
    Phase Error              (PE):    0.000ns
    User Uncertainty         (UU):    0.100ns

    Location             Delay type                Incr(ns)  Path(ns)    Netlist Resource(s)
  -------------------------------------------------------------------    -------------------
                         (clock system_clk rise edge)
                                                      0.000     0.000 r  
                         input delay                  0.000     0.000    
                                                      0.000     0.000 f  resetn (IN)
                         net (fo=59, unset)           0.924     0.924    adapter_i/hls_i/grp_mlkem1024_keccak_accel_Pipeline_CLEAR_CONTEXT_fu_2416/flow_control_loop_pipe_sequential_init_U/resetn
    SLICE_X5Y17          LUT4 (Prop_lut4_I0_O)        0.100     1.024 r  adapter_i/hls_i/grp_mlkem1024_keccak_accel_Pipeline_CLEAR_CONTEXT_fu_2416/flow_control_loop_pipe_sequential_init_U/ap_loop_init_int_i_1/O
                         net (fo=1, routed)           0.000     1.024    adapter_i/hls_i/grp_mlkem1024_keccak_accel_Pipeline_CLEAR_CONTEXT_fu_2416/flow_control_loop_pipe_sequential_init_U/ap_loop_init_int_i_1_n_2
    SLICE_X5Y17          FDRE                                         r  adapter_i/hls_i/grp_mlkem1024_keccak_accel_Pipeline_CLEAR_CONTEXT_fu_2416/flow_control_loop_pipe_sequential_init_U/ap_loop_init_int_reg/D
  -------------------------------------------------------------------    -------------------

                         (clock system_clk rise edge)
                                                      0.000     0.000 r  
                                                      0.000     0.000 r  clk (IN)
                         net (fo=17163, unset)        1.828     1.828    adapter_i/hls_i/grp_mlkem1024_keccak_accel_Pipeline_CLEAR_CONTEXT_fu_2416/flow_control_loop_pipe_sequential_init_U/clk
    SLICE_X5Y17          FDRE                                         r  adapter_i/hls_i/grp_mlkem1024_keccak_accel_Pipeline_CLEAR_CONTEXT_fu_2416/flow_control_loop_pipe_sequential_init_U/ap_loop_init_int_reg/C
                         clock pessimism              0.000     1.828    
                         clock uncertainty            0.135     1.963    
    SLICE_X5Y17          FDRE (Hold_fdre_C_D)         0.269     2.232    adapter_i/hls_i/grp_mlkem1024_keccak_accel_Pipeline_CLEAR_CONTEXT_fu_2416/flow_control_loop_pipe_sequential_init_U/ap_loop_init_int_reg
  -------------------------------------------------------------------
                         required time                         -2.232    
                         arrival time                           1.024    
  -------------------------------------------------------------------
                         slack                                 -1.208    




