Copyright 1986-2022 Xilinx, Inc. All Rights Reserved. Copyright 2022-2024 Advanced Micro Devices, Inc. All Rights Reserved.
------------------------------------------------------------------------------------------------------------------------------------------------------
| Tool Version : Vivado v.2024.2 (win64) Build 5239630 Fri Nov 08 22:35:27 MST 2024
| Date         : Sun Oct  4 12:14:00 2026
| Host         : DESKTOP-H0SRFHK running 64-bit major release  (build 9200)
| Command      : report_timing_summary -delay_type min_max -report_unconstrained -file E:/hls/k4sys/20261004_120120/keccak/reports/timing_summary.rpt
| Design       : mlkem1024_keccak_system
| Device       : 7z020-clg400
| Speed File   : -1  PRODUCTION 1.12 2019-11-22
| Design State : Routed
------------------------------------------------------------------------------------------------------------------------------------------------------

Timing Summary Report

------------------------------------------------------------------------------------------------
| Timer Settings
| --------------
------------------------------------------------------------------------------------------------

  Enable Multi Corner Analysis               :  Yes
  Enable Pessimism Removal                   :  Yes
  Pessimism Removal Resolution               :  Nearest Common Node
  Enable Input Delay Default Clock           :  No
  Enable Preset / Clear Arcs                 :  No
  Disable Flight Delays                      :  No
  Ignore I/O Paths                           :  No
  Timing Early Launch at Borrowing Latches   :  No
  Borrow Time for Max Delay Exceptions       :  Yes
  Merge Timing Exceptions                    :  Yes
  Inter-SLR Compensation                     :  Conservative

  Corner  Analyze    Analyze    
  Name    Max Paths  Min Paths  
  ------  ---------  ---------  
  Slow    Yes        Yes        
  Fast    Yes        Yes        


------------------------------------------------------------------------------------------------
| Report Methodology
| ------------------
------------------------------------------------------------------------------------------------

No report available as report_methodology has not been run prior. Run report_methodology on the current design for the summary of methodology violations.



check_timing report

Table of Contents
-----------------
1. checking no_clock (0)
2. checking constant_clock (0)
3. checking pulse_width_clock (0)
4. checking unconstrained_internal_endpoints (0)
5. checking no_input_delay (0)
6. checking no_output_delay (0)
7. checking multiple_clock (0)
8. checking generated_clocks (0)
9. checking loops (0)
10. checking partial_input_delay (0)
11. checking partial_output_delay (0)
12. checking latch_loops (0)

1. checking no_clock (0)
------------------------
 There are 0 register/latch pins with no clock.


2. checking constant_clock (0)
------------------------------
 There are 0 register/latch pins with constant_clock.


3. checking pulse_width_clock (0)
---------------------------------
 There are 0 register/latch pins which need pulse_width check


4. checking unconstrained_internal_endpoints (0)
------------------------------------------------
 There are 0 pins that are not constrained for maximum delay.

 There are 0 pins that are not constrained for maximum delay due to constant clock.


5. checking no_input_delay (0)
------------------------------
 There are 0 input ports with no input delay specified.

 There are 0 input ports with no input delay but user has a false path constraint.


6. checking no_output_delay (0)
-------------------------------
 There are 0 ports with no output delay specified.

 There are 0 ports with no output delay but user has a false path constraint

 There are 0 ports with no output delay but with a timing clock defined on it or propagating through it


7. checking multiple_clock (0)
------------------------------
 There are 0 register/latch pins with multiple clocks.


8. checking generated_clocks (0)
--------------------------------
 There are 0 generated clocks that are not connected to a clock source.


9. checking loops (0)
---------------------
 There are 0 combinational loops in the design.


10. checking partial_input_delay (0)
------------------------------------
 There are 0 input ports with partial input delay specified.


11. checking partial_output_delay (0)
-------------------------------------
 There are 0 ports with partial output delay specified.


12. checking latch_loops (0)
----------------------------
 There are 0 combinational latch loops in the design through latch input



------------------------------------------------------------------------------------------------
| Design Timing Summary
| ---------------------
------------------------------------------------------------------------------------------------

    WNS(ns)      TNS(ns)  TNS Failing Endpoints  TNS Total Endpoints      WHS(ns)      THS(ns)  THS Failing Endpoints  THS Total Endpoints     WPWS(ns)     TPWS(ns)  TPWS Failing Endpoints  TPWS Total Endpoints  
    -------      -------  ---------------------  -------------------      -------      -------  ---------------------  -------------------     --------     --------  ----------------------  --------------------  
     -1.059      -99.269                    387                37769       -1.281      -29.727                     25                37769        3.750        0.000                       0                 17164  


Timing constraints are not met.


------------------------------------------------------------------------------------------------
| Clock Summary
| -------------
------------------------------------------------------------------------------------------------

Clock       Waveform(ns)       Period(ns)      Frequency(MHz)
-----       ------------       ----------      --------------
system_clk  {0.000 5.000}      10.000          100.000         


------------------------------------------------------------------------------------------------
| Intra Clock Table
| -----------------
------------------------------------------------------------------------------------------------

Clock             WNS(ns)      TNS(ns)  TNS Failing Endpoints  TNS Total Endpoints      WHS(ns)      THS(ns)  THS Failing Endpoints  THS Total Endpoints     WPWS(ns)     TPWS(ns)  TPWS Failing Endpoints  TPWS Total Endpoints  
-----             -------      -------  ---------------------  -------------------      -------      -------  ---------------------  -------------------     --------     --------  ----------------------  --------------------  
system_clk         -1.059      -99.269                    387                37769       -1.281      -29.727                     25                37769        3.750        0.000                       0                 17164  


------------------------------------------------------------------------------------------------
| Inter Clock Table
| -----------------
------------------------------------------------------------------------------------------------

From Clock    To Clock          WNS(ns)      TNS(ns)  TNS Failing Endpoints  TNS Total Endpoints      WHS(ns)      THS(ns)  THS Failing Endpoints  THS Total Endpoints  
----------    --------          -------      -------  ---------------------  -------------------      -------      -------  ---------------------  -------------------  


------------------------------------------------------------------------------------------------
| Other Path Groups Table
| -----------------------
------------------------------------------------------------------------------------------------

Path Group    From Clock    To Clock          WNS(ns)      TNS(ns)  TNS Failing Endpoints  TNS Total Endpoints      WHS(ns)      THS(ns)  THS Failing Endpoints  THS Total Endpoints  
----------    ----------    --------          -------      -------  ---------------------  -------------------      -------      -------  ---------------------  -------------------  


------------------------------------------------------------------------------------------------
| User Ignored Path Table
| -----------------------
------------------------------------------------------------------------------------------------

Path Group    From Clock    To Clock    
----------    ----------    --------    


------------------------------------------------------------------------------------------------
| Unconstrained Path Table
| ------------------------
------------------------------------------------------------------------------------------------

Path Group    From Clock    To Clock    
----------    ----------    --------    


------------------------------------------------------------------------------------------------
| Timing Details
| --------------
------------------------------------------------------------------------------------------------


---------------------------------------------------------------------------------------------------
From Clock:  system_clk
  To Clock:  system_clk

Setup :          387  Failing Endpoints,  Worst Slack       -1.059ns,  Total Violation      -99.269ns
Hold  :           25  Failing Endpoints,  Worst Slack       -1.281ns,  Total Violation      -29.727ns
PW    :            0  Failing Endpoints,  Worst Slack        3.750ns,  Total Violation        0.000ns
---------------------------------------------------------------------------------------------------


Max Delay Paths
--------------------------------------------------------------------------------------
Slack (VIOLATED) :        -1.059ns  (required time - arrival time)
  Source:                 cpu/picorv32_core/mem_addr_reg[23]/C
                            (rising edge-triggered cell FDRE clocked by system_clk  {rise@0.000ns fall@5.000ns period=10.000ns})
  Destination:            local_aw_hold_reg/D
                            (rising edge-triggered cell FDRE clocked by system_clk  {rise@0.000ns fall@5.000ns period=10.000ns})
  Path Group:             system_clk
  Path Type:              Setup (Max at Slow Process Corner)
  Requirement:            10.000ns  (system_clk rise@10.000ns - system_clk rise@0.000ns)
  Data Path Delay:        10.755ns  (logic 2.723ns (25.319%)  route 8.032ns (74.681%))
  Logic Levels:           12  (CARRY4=2 LUT2=2 LUT3=1 LUT4=1 LUT5=1 LUT6=5)
  Clock Path Skew:        -0.138ns (DCD - SCD + CPR)
    Destination Clock Delay (DCD):    1.495ns = ( 11.495 - 10.000 ) 
    Source Clock Delay      (SCD):    1.748ns
    Clock Pessimism Removal (CPR):    0.115ns
  Clock Uncertainty:      0.135ns  ((TSJ^2 + TIJ^2)^1/2 + DJ) / 2 + PE + UU
    Total System Jitter     (TSJ):    0.071ns
    Total Input Jitter      (TIJ):    0.000ns
    Discrete Jitter          (DJ):    0.000ns
    Phase Error              (PE):    0.000ns
    User Uncertainty         (UU):    0.100ns

    Location             Delay type                Incr(ns)  Path(ns)    Netlist Resource(s)
  -------------------------------------------------------------------    -------------------
                         (clock system_clk rise edge)
                                                      0.000     0.000 r  
                                                      0.000     0.000 r  clk (IN)
                         net (fo=17163, unset)        1.748     1.748    cpu/picorv32_core/clk
    SLICE_X29Y0          FDRE                                         r  cpu/picorv32_core/mem_addr_reg[23]/C
  -------------------------------------------------------------------    -------------------
    SLICE_X29Y0          FDRE (Prop_fdre_C_Q)         0.456     2.204 f  cpu/picorv32_core/mem_addr_reg[23]/Q
                         net (fo=9, routed)           0.778     2.982    cpu/picorv32_core/Q[21]
    SLICE_X29Y3          LUT3 (Prop_lut3_I0_O)        0.124     3.106 f  cpu/picorv32_core/xpm_memory_base_inst_i_24/O
                         net (fo=2, routed)           0.316     3.422    cpu/picorv32_core/xpm_memory_base_inst_i_24_n_2
    SLICE_X30Y3          LUT5 (Prop_lut5_I0_O)        0.124     3.546 f  cpu/picorv32_core/control_addr[5]_i_10/O
                         net (fo=3, routed)           1.075     4.621    cpu/picorv32_core/control_addr[5]_i_10_n_2
    SLICE_X32Y3          LUT6 (Prop_lut6_I0_O)        0.124     4.745 f  cpu/picorv32_core/control_addr[5]_i_6/O
                         net (fo=34, routed)          0.700     5.445    cpu/picorv32_core/control_addr[5]_i_6_n_2
    SLICE_X32Y7          LUT6 (Prop_lut6_I5_O)        0.124     5.569 r  cpu/picorv32_core/context_mem_reg_i_88/O
                         net (fo=45, routed)          0.658     6.228    cpu/picorv32_core/local_aw_hold_reg_0
    SLICE_X33Y9          LUT2 (Prop_lut2_I0_O)        0.124     6.352 r  cpu/picorv32_core/context_mem_reg_i_201/O
                         net (fo=1, routed)           0.000     6.352    cpu/picorv32_core/context_mem_reg_i_201_n_2
    SLICE_X33Y9          CARRY4 (Prop_carry4_S[0]_CO[3])
                                                      0.532     6.884 r  cpu/picorv32_core/context_mem_reg_i_182/CO[3]
                         net (fo=1, routed)           0.000     6.884    cpu/picorv32_core/context_mem_reg_i_182_n_2
    SLICE_X33Y10         CARRY4 (Prop_carry4_CI_O[3])
                                                      0.313     7.197 r  cpu/picorv32_core/context_mem_reg_i_181/O[3]
                         net (fo=1, routed)           0.430     7.626    cpu/picorv32_core/adapter_i/offset[26]
    SLICE_X32Y10         LUT2 (Prop_lut2_I1_O)        0.306     7.932 r  cpu/picorv32_core/context_mem_reg_i_166/O
                         net (fo=1, routed)           0.735     8.667    cpu/picorv32_core/context_mem_reg_i_166_n_2
    SLICE_X34Y8          LUT6 (Prop_lut6_I1_O)        0.124     8.791 r  cpu/picorv32_core/context_mem_reg_i_143_comp/O
                         net (fo=11, routed)          0.706     9.497    cpu/picorv32_core/context_mem_reg_i_143_n_2
    SLICE_X31Y8          LUT6 (Prop_lut6_I4_O)        0.124     9.621 r  cpu/picorv32_core/accel_read_pending_i_4/O
                         net (fo=3, routed)           0.176     9.797    cpu/picorv32_core/accel_read_pending_i_4_n_2
    SLICE_X31Y8          LUT6 (Prop_lut6_I3_O)        0.124     9.921 r  cpu/picorv32_core/debug_regs[11][31]_i_2/O
                         net (fo=61, routed)          0.938    10.859    cpu/picorv32_core/debug_regs[11][31]_i_2_n_2
    SLICE_X30Y4          LUT4 (Prop_lut4_I2_O)        0.124    10.983 r  cpu/picorv32_core/local_aw_hold_i_1/O
                         net (fo=1, routed)           1.520    12.503    cpu_n_263
    SLICE_X32Y4          FDRE                                         r  local_aw_hold_reg/D
  -------------------------------------------------------------------    -------------------

                         (clock system_clk rise edge)
                                                     10.000    10.000 r  
                                                      0.000    10.000 r  clk (IN)
                         net (fo=17163, unset)        1.495    11.495    clk
    SLICE_X32Y4          FDRE                                         r  local_aw_hold_reg/C
                         clock pessimism              0.115    11.610    
                         clock uncertainty           -0.135    11.475    
    SLICE_X32Y4          FDRE (Setup_fdre_C_D)       -0.031    11.444    local_aw_hold_reg
  -------------------------------------------------------------------
                         required time                         11.444    
                         arrival time                         -12.503    
  -------------------------------------------------------------------
                         slack                                 -1.059    





Min Delay Paths
--------------------------------------------------------------------------------------
Slack (VIOLATED) :        -1.281ns  (arrival time - required time)
  Source:                 resetn
                            (input port clocked by system_clk  {rise@0.000ns fall@5.000ns period=10.000ns})
  Destination:            cpu/picorv32_core/pcpi_div/pcpi_wait_reg/D
                            (rising edge-triggered cell FDRE clocked by system_clk  {rise@0.000ns fall@5.000ns period=10.000ns})
  Path Group:             system_clk
  Path Type:              Hold (Min at Slow Process Corner)
  Requirement:            0.000ns  (system_clk rise@0.000ns - system_clk rise@0.000ns)
  Data Path Delay:        1.024ns  (logic 0.100ns (9.762%)  route 0.924ns (90.238%))
  Logic Levels:           1  (LUT5=1)
  Input Delay:            0.000ns
  Clock Path Skew:        1.837ns (DCD - SCD - CPR)
    Destination Clock Delay (DCD):    1.837ns
    Source Clock Delay      (SCD):    0.000ns
    Clock Pessimism Removal (CPR):    -0.000ns
  Clock Uncertainty:      0.135ns  ((TSJ^2 + TIJ^2)^1/2 + DJ) / 2 + PE + UU
    Total System Jitter     (TSJ):    0.071ns
    Total Input Jitter      (TIJ):    0.000ns
    Discrete Jitter          (DJ):    0.000ns
    Phase Error              (PE):    0.000ns
    User Uncertainty         (UU):    0.100ns

    Location             Delay type                Incr(ns)  Path(ns)    Netlist Resource(s)
  -------------------------------------------------------------------    -------------------
                         (clock system_clk rise edge)
                                                      0.000     0.000 r  
                         input delay                  0.000     0.000    
                                                      0.000     0.000 r  resetn (IN)
                         net (fo=59, unset)           0.924     0.924    cpu/picorv32_core/pcpi_div/resetn
    SLICE_X0Y6           LUT5 (Prop_lut5_I4_O)        0.100     1.024 r  cpu/picorv32_core/pcpi_div/pcpi_wait_i_1/O
                         net (fo=1, routed)           0.000     1.024    cpu/picorv32_core/pcpi_div/pcpi_wait0
    SLICE_X0Y6           FDRE                                         r  cpu/picorv32_core/pcpi_div/pcpi_wait_reg/D
  -------------------------------------------------------------------    -------------------

                         (clock system_clk rise edge)
                                                      0.000     0.000 r  
                                                      0.000     0.000 r  clk (IN)
                         net (fo=17163, unset)        1.837     1.837    cpu/picorv32_core/pcpi_div/clk
    SLICE_X0Y6           FDRE                                         r  cpu/picorv32_core/pcpi_div/pcpi_wait_reg/C
                         clock pessimism              0.000     1.837    
                         clock uncertainty            0.135     1.972    
    SLICE_X0Y6           FDRE (Hold_fdre_C_D)         0.333     2.305    cpu/picorv32_core/pcpi_div/pcpi_wait_reg
  -------------------------------------------------------------------
                         required time                         -2.305    
                         arrival time                           1.024    
  -------------------------------------------------------------------
                         slack                                 -1.281    





Pulse Width Checks
--------------------------------------------------------------------------------------
Clock Name:         system_clk
Waveform(ns):       { 0.000 5.000 }
Period(ns):         10.000
Sources:            { clk }

Check Type        Corner  Lib Pin      Reference Pin  Required(ns)  Actual(ns)  Slack(ns)  Location     Pin
Min Period        n/a     DSP48E1/CLK  n/a            3.884         10.000      6.116      DSP48_X0Y3   cpu/picorv32_core/pcpi_mul/rd_reg/CLK
Low Pulse Width   Slow    RAMD32/CLK   n/a            1.250         5.000       3.750      SLICE_X18Y7  cpu/picorv32_core/cpuregs_reg_r1_0_31_0_5/RAMA/CLK
High Pulse Width  Slow    RAMD32/CLK   n/a            1.250         5.000       3.750      SLICE_X18Y7  cpu/picorv32_core/cpuregs_reg_r1_0_31_0_5/RAMA/CLK



