==============================================================
Vitis HLS - High-Level Synthesis from C, C++ and OpenCL v2024.2 (64-bit)
Tool Version Limit: 2024.11
Copyright 1986-2022 Xilinx, Inc. All Rights Reserved.
Copyright 2022-2024 Advanced Micro Devices, Inc. All Rights Reserved.

==============================================================
INFO: [HLS 200-1505] Using default flow_target 'vivado'
INFO: [HLS 200-1510] Running: set_part xc7z020clg400-1 
INFO: [HLS 200-1611] Setting target device to 'xc7z020-clg400-1'
INFO: [HLS 200-1510] Running: create_clock -period 10 -name default 
INFO: [SYN 201-201] Setting up clock 'default' with a period of 10ns.
INFO: [HLS 200-1510] Running: csim_design 
INFO: [SIM 211-2] *************** CSIM start ***************
INFO: [SIM 211-4] CSIM will launch CLANG as the compiler.
INFO: [HLS 200-2036] Building debug C Simulation binaries
INFO: [SIM 211-1] CSim done with 0 errors.
INFO: [SIM 211-3] *************** CSIM finish ***************
INFO: [HLS 200-2161] Finished Command csim_design Elapsed time: 00:00:01; Allocated memory: 0.473 MB.
INFO: [HLS 200-1510] Running: csynth_design 
INFO: [HLS 200-111] Finished File checks and directory preparation: CPU user time: 0 seconds. CPU system time: 0 seconds. Elapsed time: 0.109 seconds; current allocated memory: 271.113 MB.
INFO: [HLS 200-10] Analyzing design file 'src/mlkem512_basemul_acc_k2.cpp' ... 
INFO: [HLS 200-111] Finished Source Code Analysis and Preprocessing: CPU user time: 1 seconds. CPU system time: 0 seconds. Elapsed time: 1.368 seconds; current allocated memory: 273.414 MB.
INFO: [HLS 200-777] Using interface defaults for 'Vivado' flow target.
INFO: [HLS 200-1995] There were 104 instructions in the design after the 'Compile/Link' phase of compilation. See the Design Size Report for more details: E:/hlsk2/mlkem512_basemul_k2_vivado/solution1/syn/report/csynth_design_size.rpt
INFO: [HLS 200-1995] There were 97 instructions in the design after the 'Unroll/Inline (step 1)' phase of compilation. See the Design Size Report for more details: E:/hlsk2/mlkem512_basemul_k2_vivado/solution1/syn/report/csynth_design_size.rpt
INFO: [HLS 200-1995] There were 77 instructions in the design after the 'Unroll/Inline (step 2)' phase of compilation. See the Design Size Report for more details: E:/hlsk2/mlkem512_basemul_k2_vivado/solution1/syn/report/csynth_design_size.rpt
INFO: [HLS 200-1995] There were 70 instructions in the design after the 'Unroll/Inline (step 3)' phase of compilation. See the Design Size Report for more details: E:/hlsk2/mlkem512_basemul_k2_vivado/solution1/syn/report/csynth_design_size.rpt
INFO: [HLS 200-1995] There were 70 instructions in the design after the 'Unroll/Inline (step 4)' phase of compilation. See the Design Size Report for more details: E:/hlsk2/mlkem512_basemul_k2_vivado/solution1/syn/report/csynth_design_size.rpt
INFO: [HLS 200-1995] There were 80 instructions in the design after the 'Array/Struct (step 1)' phase of compilation. See the Design Size Report for more details: E:/hlsk2/mlkem512_basemul_k2_vivado/solution1/syn/report/csynth_design_size.rpt
INFO: [HLS 200-1995] There were 70 instructions in the design after the 'Array/Struct (step 2)' phase of compilation. See the Design Size Report for more details: E:/hlsk2/mlkem512_basemul_k2_vivado/solution1/syn/report/csynth_design_size.rpt
INFO: [HLS 200-1995] There were 70 instructions in the design after the 'Array/Struct (step 3)' phase of compilation. See the Design Size Report for more details: E:/hlsk2/mlkem512_basemul_k2_vivado/solution1/syn/report/csynth_design_size.rpt
INFO: [HLS 200-1995] There were 70 instructions in the design after the 'Array/Struct (step 4)' phase of compilation. See the Design Size Report for more details: E:/hlsk2/mlkem512_basemul_k2_vivado/solution1/syn/report/csynth_design_size.rpt
INFO: [HLS 200-1995] There were 70 instructions in the design after the 'Array/Struct (step 5)' phase of compilation. See the Design Size Report for more details: E:/hlsk2/mlkem512_basemul_k2_vivado/solution1/syn/report/csynth_design_size.rpt
INFO: [HLS 200-1995] There were 70 instructions in the design after the 'Performance (step 1)' phase of compilation. See the Design Size Report for more details: E:/hlsk2/mlkem512_basemul_k2_vivado/solution1/syn/report/csynth_design_size.rpt
INFO: [HLS 200-1995] There were 70 instructions in the design after the 'Performance (step 2)' phase of compilation. See the Design Size Report for more details: E:/hlsk2/mlkem512_basemul_k2_vivado/solution1/syn/report/csynth_design_size.rpt
INFO: [HLS 200-1995] There were 70 instructions in the design after the 'Performance (step 3)' phase of compilation. See the Design Size Report for more details: E:/hlsk2/mlkem512_basemul_k2_vivado/solution1/syn/report/csynth_design_size.rpt
INFO: [HLS 200-1995] There were 70 instructions in the design after the 'Performance (step 4)' phase of compilation. See the Design Size Report for more details: E:/hlsk2/mlkem512_basemul_k2_vivado/solution1/syn/report/csynth_design_size.rpt
INFO: [HLS 200-1995] There were 84 instructions in the design after the 'HW Transforms (step 1)' phase of compilation. See the Design Size Report for more details: E:/hlsk2/mlkem512_basemul_k2_vivado/solution1/syn/report/csynth_design_size.rpt
INFO: [HLS 200-1995] There were 90 instructions in the design after the 'HW Transforms (step 2)' phase of compilation. See the Design Size Report for more details: E:/hlsk2/mlkem512_basemul_k2_vivado/solution1/syn/report/csynth_design_size.rpt
INFO: [HLS 214-291] Loop 'VITIS_LOOP_38_2' is marked as complete unroll implied by the pipeline pragma (src/mlkem512_basemul_acc_k2.cpp:38:26)
INFO: [HLS 214-186] Unrolling loop 'VITIS_LOOP_38_2' (src/mlkem512_basemul_acc_k2.cpp:38:26) in function 'mlkem512_basemul_acc_k2' completely with a factor of 2 (src/mlkem512_basemul_acc_k2.cpp:25:0)
INFO: [HLS 214-178] Inlining function '(anonymous namespace)::montgomery_reduce(int)' into 'mlkem512_basemul_acc_k2(short const (*) [256], short const (*) [256], short const (*) [128], short*)' (src/mlkem512_basemul_acc_k2.cpp:25:0)
INFO: [HLS 214-248] Applying array_partition to 'a': Complete partitioning on dimension 1. (src/mlkem512_basemul_acc_k2.cpp:25:0)
INFO: [HLS 214-248] Applying array_partition to 'b': Complete partitioning on dimension 1. (src/mlkem512_basemul_acc_k2.cpp:25:0)
INFO: [HLS 214-248] Applying array_partition to 'b_cache': Complete partitioning on dimension 1. (src/mlkem512_basemul_acc_k2.cpp:25:0)
INFO: [HLS 200-111] Finished Compiling Optimization and Transform: CPU user time: 0 seconds. CPU system time: 0 seconds. Elapsed time: 9.366 seconds; current allocated memory: 275.195 MB.
INFO: [HLS 200-111] Finished Checking Pragmas: CPU user time: 0 seconds. CPU system time: 0 seconds. Elapsed time: 0.002 seconds; current allocated memory: 275.199 MB.
INFO: [HLS 200-10] Starting code transformations ...
INFO: [HLS 200-111] Finished Standard Transforms: CPU user time: 0 seconds. CPU system time: 0 seconds. Elapsed time: 0.037 seconds; current allocated memory: 279.105 MB.
INFO: [HLS 200-10] Checking synthesizability ...
INFO: [HLS 200-111] Finished Checking Synthesizability: CPU user time: 0 seconds. CPU system time: 0 seconds. Elapsed time: 0.032 seconds; current allocated memory: 280.242 MB.
INFO: [XFORM 203-11] Balancing expressions in function 'mlkem512_basemul_acc_k2' (src/mlkem512_basemul_acc_k2.cpp:13:19)...6 expression(s) balanced.
INFO: [HLS 200-111] Finished Loop, function and other optimizations: CPU user time: 0 seconds. CPU system time: 0 seconds. Elapsed time: 0.071 seconds; current allocated memory: 300.945 MB.
INFO: [HLS 200-111] Finished Architecture Synthesis: CPU user time: 0 seconds. CPU system time: 0 seconds. Elapsed time: 0.073 seconds; current allocated memory: 300.949 MB.
INFO: [HLS 200-10] Starting hardware synthesis ...
INFO: [HLS 200-10] Synthesizing 'mlkem512_basemul_acc_k2' ...
INFO: [HLS 200-10] ----------------------------------------------------------------
INFO: [HLS 200-42] -- Implementing module 'mlkem512_basemul_acc_k2' 
INFO: [HLS 200-10] ----------------------------------------------------------------
INFO: [SCHED 204-11] Starting scheduling ...
INFO: [HLS 200-486] Changing DSP latency (root=lifted_1) to 3 in order to utilize available DSP registers.
INFO: [HLS 200-486] Changing DSP latency (root=lifted) to 3 in order to utilize available DSP registers.
INFO: [HLS 200-486] Changing DSP latency (root=add_ln49_1) to 3 in order to utilize available DSP registers.
INFO: [HLS 200-486] Changing DSP latency (root=add_ln49) to 3 in order to utilize available DSP registers.
INFO: [HLS 200-486] Changing DSP latency (root=add_ln47_1) to 3 in order to utilize available DSP registers.
INFO: [HLS 200-486] Changing DSP latency (root=add_ln47) to 3 in order to utilize available DSP registers.
INFO: [SCHED 204-61] Pipelining loop 'VITIS_LOOP_33_1'.
INFO: [HLS 200-1470] Pipelining result : Target II = 1, Final II = 1, Depth = 9, loop 'VITIS_LOOP_33_1'
INFO: [SCHED 204-11] Finished scheduling.
INFO: [HLS 200-111] Finished Scheduling: CPU user time: 0 seconds. CPU system time: 0 seconds. Elapsed time: 0.329 seconds; current allocated memory: 300.949 MB.
INFO: [BIND 205-100] Starting micro-architecture generation ...
INFO: [BIND 205-101] Performing variable lifetime analysis.
INFO: [BIND 205-101] Exploring resource sharing.
INFO: [BIND 205-101] Binding ...
INFO: [BIND 205-100] Finished micro-architecture generation.
INFO: [HLS 200-111] Finished Binding: CPU user time: 0 seconds. CPU system time: 0 seconds. Elapsed time: 0.116 seconds; current allocated memory: 300.949 MB.
INFO: [HLS 200-10] ----------------------------------------------------------------
INFO: [HLS 200-10] -- Generating RTL for module 'mlkem512_basemul_acc_k2' 
INFO: [HLS 200-10] ----------------------------------------------------------------
INFO: [RTGEN 206-500] Setting interface mode on port 'mlkem512_basemul_acc_k2/a_0' to 'ap_memory'.
INFO: [RTGEN 206-500] Setting interface mode on port 'mlkem512_basemul_acc_k2/a_1' to 'ap_memory'.
INFO: [RTGEN 206-500] Setting interface mode on port 'mlkem512_basemul_acc_k2/b_0' to 'ap_memory'.
INFO: [RTGEN 206-500] Setting interface mode on port 'mlkem512_basemul_acc_k2/b_1' to 'ap_memory'.
INFO: [RTGEN 206-500] Setting interface mode on port 'mlkem512_basemul_acc_k2/b_cache_0' to 'ap_memory'.
INFO: [RTGEN 206-500] Setting interface mode on port 'mlkem512_basemul_acc_k2/b_cache_1' to 'ap_memory'.
INFO: [RTGEN 206-500] Setting interface mode on port 'mlkem512_basemul_acc_k2/result' to 'ap_memory'.
INFO: [RTGEN 206-500] Setting interface mode on function 'mlkem512_basemul_acc_k2' to 'ap_ctrl_hs'.
INFO: [HLS 200-1030] Apply Unified Pipeline Control on module 'mlkem512_basemul_acc_k2' pipeline 'VITIS_LOOP_33_1' pipeline type 'loop pipeline'
INFO: [RTGEN 206-100] Generating core module 'mac_muladd_16s_13s_32s_32_4_1': 2 instance(s).
INFO: [RTGEN 206-100] Generating core module 'mac_muladd_16s_16s_32s_32_4_1': 4 instance(s).
INFO: [RTGEN 206-100] Generating core module 'mul_16s_13s_16_1_1': 2 instance(s).
INFO: [RTGEN 206-100] Generating core module 'mul_16s_16s_32_1_1': 4 instance(s).
INFO: [RTGEN 206-100] Finished creating RTL model for 'mlkem512_basemul_acc_k2'.
INFO: [HLS 200-111] Finished Creating RTL model: CPU user time: 0 seconds. CPU system time: 0 seconds. Elapsed time: 0.314 seconds; current allocated memory: 302.176 MB.
INFO: [HLS 200-111] Finished Generating all RTL models: CPU user time: 1 seconds. CPU system time: 0 seconds. Elapsed time: 0.599 seconds; current allocated memory: 306.875 MB.
INFO: [HLS 200-111] Finished Updating report files: CPU user time: 0 seconds. CPU system time: 0 seconds. Elapsed time: 0.845 seconds; current allocated memory: 309.090 MB.
INFO: [VHDL 208-304] Generating VHDL RTL for mlkem512_basemul_acc_k2.
INFO: [VLOG 209-307] Generating Verilog RTL for mlkem512_basemul_acc_k2.
INFO: [HLS 200-790] **** Loop Constraint Status: All loop constraints were satisfied.
INFO: [HLS 200-789] **** Estimated Fmax: 150.83 MHz
INFO: [HLS 200-2161] Finished Command csynth_design Elapsed time: 00:00:13; Allocated memory: 38.391 MB.
INFO: [HLS 200-1510] Running: export_design -format ip_catalog 
INFO: [IMPL 213-8] Exporting RTL as a Vivado IP.
INFO: [HLS 200-802] Generated output file mlkem512_basemul_k2_vivado/solution1/impl/export.zip
INFO: [HLS 200-2161] Finished Command export_design Elapsed time: 00:00:12; Allocated memory: 4.848 MB.
INFO: [HLS 200-1510] Running: close_project 
