  **** HLS Build v2025.2 6295257
INFO: [HLS 200-1465] Applying config ini 'param.hls.enable_hidden_option_error=false' from <CANDIDATE_ROOT>/hls/hls_config.cfg(4)
INFO: [HLS 200-2005] Using work_dir <CSIM_TEMP>/component 
INFO: [HLS 200-2176] Writing Vitis IDE component file <CSIM_TEMP>/component/vitis-comp.json
INFO: [HLS 200-10] Creating and opening component '<CSIM_TEMP>/component'.
INFO: [HLS 200-1505] Using default flow_target 'vivado'
Resolution: For help on HLS 200-1505 see docs.amd.com/access/sources/dita/topic?Doc_Version=2025.2%20English&url=ug1448-hls-guidance&resourceid=200-1505.html
INFO: [HLS 200-2174] Applying component config ini file <CANDIDATE_ROOT>/hls/hls_config.cfg
INFO: [HLS 200-1465] Applying config ini 'param.hls.enable_hidden_option_error=false' from <CANDIDATE_ROOT>/hls/hls_config.cfg(4)
INFO: [HLS 200-1465] Applying config ini 'syn.file=src/mlkem_poly_mul256_v39e_true_one_dsp.cpp' from <CANDIDATE_ROOT>/hls/hls_config.cfg(8)
INFO: [HLS 200-10] Adding design file '<CANDIDATE_ROOT>/hls/src/mlkem_poly_mul256_v39e_true_one_dsp.cpp' to the project
INFO: [HLS 200-1465] Applying config ini 'tb.file=tb/tb_mlkem_poly_mul256_v39e.cpp' from <CANDIDATE_ROOT>/hls/hls_config.cfg(10)
INFO: [HLS 200-10] Adding test bench file '<CANDIDATE_ROOT>/hls/tb/tb_mlkem_poly_mul256_v39e.cpp' to the project
INFO: [HLS 200-1465] Applying config ini 'syn.top=mlkem_poly_mul256_v39e_true_one_dsp' from <CANDIDATE_ROOT>/hls/hls_config.cfg(9)
INFO: [HLS 200-1465] Applying config ini 'flow_target=vivado' from <CANDIDATE_ROOT>/hls/hls_config.cfg(7)
INFO: [HLS 200-1505] Using flow_target 'vivado'
Resolution: For help on HLS 200-1505 see docs.amd.com/access/sources/dita/topic?Doc_Version=2025.2%20English&url=ug1448-hls-guidance&resourceid=200-1505.html
INFO: [HLS 200-1465] Applying config ini 'part=xc7z020-clg400-1' from <CANDIDATE_ROOT>/hls/hls_config.cfg(1)
INFO: [HLS 200-1611] Setting target device to 'xc7z020-clg400-1'
INFO: [HLS 200-1465] Applying config ini 'clock=10ns' from <CANDIDATE_ROOT>/hls/hls_config.cfg(5)
INFO: [SYN 201-201] Setting up clock 'default' with a period of 10ns.
INFO: [HLS 200-1465] Applying config ini 'clock_uncertainty=2ns' from <CANDIDATE_ROOT>/hls/hls_config.cfg(6)
INFO: [SYN 201-201] Setting up clock 'default' with an uncertainty of 2ns.
INFO: [HLS 200-1465] Applying config ini 'syn.compile.pipeline_loops=0' from <CANDIDATE_ROOT>/hls/hls_config.cfg(11)
INFO: [HLS 200-2176] Writing Vitis IDE component file <CSIM_TEMP>/component/vitis-comp.json
INFO: [SIM 211-2] *************** CSIM start ***************
INFO: [HLS 200-2191] C-Simulation will use clang-16 as the compiler
INFO: [HLS 200-2036] Building debug C Simulation binaries
   Compiling <CANDIDATE_ROOT>/hls/tb/tb_mlkem_poly_mul256_v39e.cpp in debug mode
   Compiling <CANDIDATE_ROOT>/hls/src/mlkem_poly_mul256_v39e_true_one_dsp.cpp in debug mode
   Generating csim.exe
In file included from <CANDIDATE_ROOT>/hls/tb/tb_mlkem_poly_mul256_v39e.cpp:1:
In file included from <AMD_2025_2>/Vitis/include\ap_int.h:10:
In file included from <AMD_2025_2>/Vitis/include\etc/ap_common.h:668:
In file included from <AMD_2025_2>/Vitis/include\etc/ap_private.h:68:
In file included from <AMD_2025_2>/Vitis/include\hls_half.h:26:
In file included from <AMD_2025_2>/Vitis/include/etc/hls_half_fpo.h:19:
In file included from <AMD_2025_2>/Vitis/include\hls_fpo.h:140:
In file included from <AMD_2025_2>/Vitis/include/floating_point_v7_1_bitacc_cmodel.h:150:
<AMD_2025_2>/Vitis/include\gmp.h:58:9: warning: '__GMP_LIBGMP_DLL' macro redefined [-Wmacro-redefined]
#define __GMP_LIBGMP_DLL  0
        ^
<AMD_2025_2>/Vitis/include/floating_point_v7_1_bitacc_cmodel.h:142:9: note: previous definition is here
#define __GMP_LIBGMP_DLL 1
        ^
1 warning generated.
In file included from <CANDIDATE_ROOT>/hls/src/mlkem_poly_mul256_v39e_true_one_dsp.cpp:2:
In file included from <CANDIDATE_ROOT>/hls/src/mlkem_poly_mul256_v39e_unified_stream_support.cpp:1:
In file included from <AMD_2025_2>/Vitis/include\ap_int.h:10:
In file included from <AMD_2025_2>/Vitis/include\etc/ap_common.h:668:
In file included from <AMD_2025_2>/Vitis/include\etc/ap_private.h:68:
In file included from <AMD_2025_2>/Vitis/include\hls_half.h:26:
In file included from <AMD_2025_2>/Vitis/include/etc/hls_half_fpo.h:19:
In file included from <AMD_2025_2>/Vitis/include\hls_fpo.h:140:
In file included from <AMD_2025_2>/Vitis/include/floating_point_v7_1_bitacc_cmodel.h:150:
<AMD_2025_2>/Vitis/include\gmp.h:58:9: warning: '__GMP_LIBGMP_DLL' macro redefined [-Wmacro-redefined]
#define __GMP_LIBGMP_DLL  0
        ^
<AMD_2025_2>/Vitis/include/floating_point_v7_1_bitacc_cmodel.h:142:9: note: previous definition is here
#define __GMP_LIBGMP_DLL 1
        ^
1 warning generated.
PASS [ring boundary x^255*x=-1]: independent negacyclic oracle and canonical output
PASS [deterministic dense pair]: independent negacyclic oracle and canonical output
PASS [deterministic pseudo-random pair]: independent negacyclic oracle and canonical output
V39-E TRUE-ONE-DSP COMPLETE POLYMUL PASS
INFO [HLS SIM]: The maximum depth reached by any hls::stream() instance in the design is 128
INFO: [SIM 211-1] CSim done with 0 errors.
INFO: [SIM 211-3] *************** CSIM finish ***************
INFO: [HLS 200-112] Total CPU user time: 3 seconds. Total CPU system time: 9 seconds. Total elapsed time: 28.002 seconds; peak allocated memory: 100.180 MB.
INFO: [vitis-run 60-791] Total elapsed time: 0h 0m 35s
