  **** HLS Build v2025.2 6295257
INFO: [HLS 200-1465] Applying config ini 'param.hls.enable_hidden_option_error=false' from <CANDIDATE_ROOT>/hls/hls_config.cfg(4)
INFO: [HLS 200-2005] Using work_dir <CANDIDATE_ROOT>/build/hls_csim 
INFO: [HLS 200-2006] Changing directory to <CANDIDATE_ROOT>/build
INFO: [HLS 200-2176] Writing Vitis IDE component file <CANDIDATE_ROOT>/build/hls_csim/vitis-comp.json
INFO: [HLS 200-10] Creating and opening component '<CANDIDATE_ROOT>/build/hls_csim'.
INFO: [HLS 200-1505] Using default flow_target 'vivado'
Resolution: For help on HLS 200-1505 see docs.amd.com/access/sources/dita/topic?Doc_Version=2025.2%20English&url=ug1448-hls-guidance&resourceid=200-1505.html
INFO: [HLS 200-2174] Applying component config ini file ../hls/hls_config.cfg
INFO: [HLS 200-1465] Applying config ini 'param.hls.enable_hidden_option_error=false' from ../hls/hls_config.cfg(4)
INFO: [HLS 200-1465] Applying config ini 'syn.file=src/mlkem_poly_mul256_v39e_true_one_dsp.cpp' from ../hls/hls_config.cfg(8)
INFO: [HLS 200-10] Adding design file '<CANDIDATE_ROOT>/hls/src/mlkem_poly_mul256_v39e_true_one_dsp.cpp' to the project
INFO: [HLS 200-1465] Applying config ini 'tb.file=tb/tb_mlkem_poly_mul256_v39e.cpp' from ../hls/hls_config.cfg(10)
INFO: [HLS 200-10] Adding test bench file '<CANDIDATE_ROOT>/hls/tb/tb_mlkem_poly_mul256_v39e.cpp' to the project
INFO: [HLS 200-1465] Applying config ini 'syn.top=mlkem_poly_mul256_v39e_true_one_dsp' from ../hls/hls_config.cfg(9)
INFO: [HLS 200-1465] Applying config ini 'flow_target=vivado' from ../hls/hls_config.cfg(7)
INFO: [HLS 200-1505] Using flow_target 'vivado'
Resolution: For help on HLS 200-1505 see docs.amd.com/access/sources/dita/topic?Doc_Version=2025.2%20English&url=ug1448-hls-guidance&resourceid=200-1505.html
INFO: [HLS 200-1465] Applying config ini 'part=xc7z020-clg400-1' from ../hls/hls_config.cfg(1)
INFO: [HLS 200-1611] Setting target device to 'xc7z020-clg400-1'
INFO: [HLS 200-1465] Applying config ini 'clock=10ns' from ../hls/hls_config.cfg(5)
INFO: [SYN 201-201] Setting up clock 'default' with a period of 10ns.
INFO: [HLS 200-1465] Applying config ini 'clock_uncertainty=2ns' from ../hls/hls_config.cfg(6)
INFO: [SYN 201-201] Setting up clock 'default' with an uncertainty of 2ns.
INFO: [HLS 200-1465] Applying config ini 'syn.compile.pipeline_loops=0' from ../hls/hls_config.cfg(11)
INFO: [HLS 200-2176] Writing Vitis IDE component file <CANDIDATE_ROOT>/build/hls_csim/vitis-comp.json
INFO: [SIM 211-2] *************** CSIM start ***************
INFO: [HLS 200-2191] C-Simulation will use clang-16 as the compiler
INFO: [HLS 200-2036] Building debug C Simulation binaries
/dev/null:1: *** missing separator.  Stop.
ERROR: [SIM 211-100] 'csim_design' failed: compilation error(s).
INFO: [SIM 211-3] *************** CSIM finish ***************
ERROR: CSIM Failed
INFO: [HLS 200-112] Total CPU user time: 3 seconds. Total CPU system time: 9 seconds. Total elapsed time: 16.468 seconds; peak allocated memory: 151.535 MB.
