Time resolution is 1 ps
MLKEM_HEADER,index,dataset,vsId,tgId,tcId,op,return_code,raw_cycles,empty_cycles,input_bytes,output_bytes,m_total,mul,mulh,mulhsu,mulhu,div,divu,rem,remu,min_sp
MLKEM_START cases=8 ram_bytes=131072 stack_bytes=32768 clock_mhz=100 mul=1 fast_mul=1 div=1 expect_m=1
// Interrupt Monitor : interrupt for ap_done detected @ "6396485000"
// Interrupt Monitor : interrupt for ap_done detected @ "6578255000"
// Interrupt Monitor : interrupt for ap_done detected @ "7294775000"
// Interrupt Monitor : interrupt for ap_done detected @ "7703045000"
// Interrupt Monitor : interrupt for ap_done detected @ "8111315000"
// Interrupt Monitor : interrupt for ap_done detected @ "8519585000"
// Interrupt Monitor : interrupt for ap_done detected @ "10090485000"
// Interrupt Monitor : interrupt for ap_done detected @ "10498755000"
// Interrupt Monitor : interrupt for ap_done detected @ "10907025000"
// Interrupt Monitor : interrupt for ap_done detected @ "11315295000"
// Interrupt Monitor : interrupt for ap_done detected @ "12882255000"
// Interrupt Monitor : interrupt for ap_done detected @ "13290525000"
// Interrupt Monitor : interrupt for ap_done detected @ "13698795000"
// Interrupt Monitor : interrupt for ap_done detected @ "14107065000"
// Interrupt Monitor : interrupt for ap_done detected @ "15680355000"
// Interrupt Monitor : interrupt for ap_done detected @ "16088625000"
// Interrupt Monitor : interrupt for ap_done detected @ "16496895000"
// Interrupt Monitor : interrupt for ap_done detected @ "16905165000"
// Interrupt Monitor : interrupt for ap_done detected @ "18424625000"
// Interrupt Monitor : interrupt for ap_done detected @ "18593425000"
// Interrupt Monitor : interrupt for ap_done detected @ "18762265000"
// Interrupt Monitor : interrupt for ap_done detected @ "18931175000"
// Interrupt Monitor : interrupt for ap_done detected @ "19733995000"
// Interrupt Monitor : interrupt for ap_done detected @ "19902795000"
// Interrupt Monitor : interrupt for ap_done detected @ "20071635000"
// Interrupt Monitor : interrupt for ap_done detected @ "20240545000"
// Interrupt Monitor : interrupt for ap_done detected @ "21032135000"
MLKEM_ROW,0,3,42,3,68,2,0,3844519,4,1600,1600,58244,57220,0,0,1024,0,0,0,0,0x0001a700
KECCAK_ROW,0,27,27,27,0,16580,2037,3732
// Interrupt Monitor : interrupt for ap_done detected @ "47894405000"
// Interrupt Monitor : interrupt for ap_done detected @ "48076175000"
// Interrupt Monitor : interrupt for ap_done detected @ "48792695000"
// Interrupt Monitor : interrupt for ap_done detected @ "49200965000"
// Interrupt Monitor : interrupt for ap_done detected @ "49609235000"
// Interrupt Monitor : interrupt for ap_done detected @ "50017505000"
// Interrupt Monitor : interrupt for ap_done detected @ "51586015000"
// Interrupt Monitor : interrupt for ap_done detected @ "51994285000"
// Interrupt Monitor : interrupt for ap_done detected @ "52402555000"
// Interrupt Monitor : interrupt for ap_done detected @ "52810825000"
// Interrupt Monitor : interrupt for ap_done detected @ "54373545000"
// Interrupt Monitor : interrupt for ap_done detected @ "54781815000"
// Interrupt Monitor : interrupt for ap_done detected @ "55190085000"
// Interrupt Monitor : interrupt for ap_done detected @ "55598355000"
// Interrupt Monitor : interrupt for ap_done detected @ "57190705000"
// Interrupt Monitor : interrupt for ap_done detected @ "57598975000"
// Interrupt Monitor : interrupt for ap_done detected @ "58007245000"
// Interrupt Monitor : interrupt for ap_done detected @ "58415515000"
// Interrupt Monitor : interrupt for ap_done detected @ "59934505000"
// Interrupt Monitor : interrupt for ap_done detected @ "60103305000"
// Interrupt Monitor : interrupt for ap_done detected @ "60272145000"
// Interrupt Monitor : interrupt for ap_done detected @ "60441055000"
// Interrupt Monitor : interrupt for ap_done detected @ "61243875000"
// Interrupt Monitor : interrupt for ap_done detected @ "61412675000"
// Interrupt Monitor : interrupt for ap_done detected @ "61581515000"
// Interrupt Monitor : interrupt for ap_done detected @ "61750425000"
// Interrupt Monitor : interrupt for ap_done detected @ "62542015000"
MLKEM_ROW,1,3,42,3,69,2,0,3845715,4,1600,1600,58244,57220,0,0,1024,0,0,0,0,0x0001a700
KECCAK_ROW,1,27,27,27,0,16580,2037,3732
// Interrupt Monitor : interrupt for ap_done detected @ "89404285000"
// Interrupt Monitor : interrupt for ap_done detected @ "89586055000"
// Interrupt Monitor : interrupt for ap_done detected @ "90302575000"
// Interrupt Monitor : interrupt for ap_done detected @ "90710845000"
// Interrupt Monitor : interrupt for ap_done detected @ "91119115000"
// Interrupt Monitor : interrupt for ap_done detected @ "91527385000"
// Interrupt Monitor : interrupt for ap_done detected @ "93090735000"
// Interrupt Monitor : interrupt for ap_done detected @ "93499005000"
// Interrupt Monitor : interrupt for ap_done detected @ "93907275000"
// Interrupt Monitor : interrupt for ap_done detected @ "94315545000"
// Interrupt Monitor : interrupt for ap_done detected @ "95873755000"
// Interrupt Monitor : interrupt for ap_done detected @ "96282025000"
// Interrupt Monitor : interrupt for ap_done detected @ "96690295000"
// Interrupt Monitor : interrupt for ap_done detected @ "97098565000"
// Interrupt Monitor : interrupt for ap_done detected @ "98658495000"
// Interrupt Monitor : interrupt for ap_done detected @ "99066765000"
// Interrupt Monitor : interrupt for ap_done detected @ "99475035000"
// Interrupt Monitor : interrupt for ap_done detected @ "99883305000"
// Interrupt Monitor : interrupt for ap_done detected @ "101403525000"
// Interrupt Monitor : interrupt for ap_done detected @ "101572325000"
// Interrupt Monitor : interrupt for ap_done detected @ "101741165000"
// Interrupt Monitor : interrupt for ap_done detected @ "101910075000"
// Interrupt Monitor : interrupt for ap_done detected @ "102712895000"
// Interrupt Monitor : interrupt for ap_done detected @ "102881695000"
// Interrupt Monitor : interrupt for ap_done detected @ "103050535000"
// Interrupt Monitor : interrupt for ap_done detected @ "103219445000"
// Interrupt Monitor : interrupt for ap_done detected @ "104011035000"
MLKEM_ROW,2,3,42,3,70,2,0,3841629,4,1600,1600,58244,57220,0,0,1024,0,0,0,0,0x0001a700
KECCAK_ROW,2,27,27,27,0,16580,2037,3732
// Interrupt Monitor : interrupt for ap_done detected @ "130873305000"
// Interrupt Monitor : interrupt for ap_done detected @ "131055075000"
// Interrupt Monitor : interrupt for ap_done detected @ "131771595000"
// Interrupt Monitor : interrupt for ap_done detected @ "132179865000"
// Interrupt Monitor : interrupt for ap_done detected @ "132588135000"
// Interrupt Monitor : interrupt for ap_done detected @ "132996405000"
// Interrupt Monitor : interrupt for ap_done detected @ "134549905000"
// Interrupt Monitor : interrupt for ap_done detected @ "134958175000"
// Interrupt Monitor : interrupt for ap_done detected @ "135366445000"
// Interrupt Monitor : interrupt for ap_done detected @ "135774715000"
// Interrupt Monitor : interrupt for ap_done detected @ "137350065000"
// Interrupt Monitor : interrupt for ap_done detected @ "137758335000"
// Interrupt Monitor : interrupt for ap_done detected @ "138166605000"
// Interrupt Monitor : interrupt for ap_done detected @ "138574875000"
// Interrupt Monitor : interrupt for ap_done detected @ "140146215000"
// Interrupt Monitor : interrupt for ap_done detected @ "140554485000"
// Interrupt Monitor : interrupt for ap_done detected @ "140962755000"
// Interrupt Monitor : interrupt for ap_done detected @ "141371025000"
// Interrupt Monitor : interrupt for ap_done detected @ "142909435000"
// Interrupt Monitor : interrupt for ap_done detected @ "143078235000"
// Interrupt Monitor : interrupt for ap_done detected @ "143247075000"
// Interrupt Monitor : interrupt for ap_done detected @ "143415985000"
// Interrupt Monitor : interrupt for ap_done detected @ "144218805000"
// Interrupt Monitor : interrupt for ap_done detected @ "144387605000"
// Interrupt Monitor : interrupt for ap_done detected @ "144556445000"
// Interrupt Monitor : interrupt for ap_done detected @ "144725355000"
// Interrupt Monitor : interrupt for ap_done detected @ "145516945000"
MLKEM_ROW,3,3,42,3,71,2,0,3845318,4,1600,1600,58244,57220,0,0,1024,0,0,0,0,0x0001a700
KECCAK_ROW,3,27,27,27,0,16580,2037,3732
// Interrupt Monitor : interrupt for ap_done detected @ "172379215000"
// Interrupt Monitor : interrupt for ap_done detected @ "172560985000"
// Interrupt Monitor : interrupt for ap_done detected @ "173277505000"
// Interrupt Monitor : interrupt for ap_done detected @ "173685775000"
// Interrupt Monitor : interrupt for ap_done detected @ "174094045000"
// Interrupt Monitor : interrupt for ap_done detected @ "174502315000"
// Interrupt Monitor : interrupt for ap_done detected @ "176069075000"
// Interrupt Monitor : interrupt for ap_done detected @ "176477345000"
// Interrupt Monitor : interrupt for ap_done detected @ "176885615000"
// Interrupt Monitor : interrupt for ap_done detected @ "177293885000"
// Interrupt Monitor : interrupt for ap_done detected @ "178854485000"
// Interrupt Monitor : interrupt for ap_done detected @ "179262755000"
// Interrupt Monitor : interrupt for ap_done detected @ "179671025000"
// Interrupt Monitor : interrupt for ap_done detected @ "180079295000"
// Interrupt Monitor : interrupt for ap_done detected @ "181655335000"
// Interrupt Monitor : interrupt for ap_done detected @ "182063605000"
// Interrupt Monitor : interrupt for ap_done detected @ "182471875000"
// Interrupt Monitor : interrupt for ap_done detected @ "182880145000"
// Interrupt Monitor : interrupt for ap_done detected @ "184409505000"
// Interrupt Monitor : interrupt for ap_done detected @ "184578305000"
// Interrupt Monitor : interrupt for ap_done detected @ "184747145000"
// Interrupt Monitor : interrupt for ap_done detected @ "184916055000"
// Interrupt Monitor : interrupt for ap_done detected @ "185718875000"
// Interrupt Monitor : interrupt for ap_done detected @ "185887675000"
// Interrupt Monitor : interrupt for ap_done detected @ "186056515000"
// Interrupt Monitor : interrupt for ap_done detected @ "186225425000"
// Interrupt Monitor : interrupt for ap_done detected @ "187017015000"
MLKEM_ROW,4,3,42,3,72,2,0,3844734,4,1600,1600,58244,57220,0,0,1024,0,0,0,0,0x0001a700
KECCAK_ROW,4,27,27,27,0,16580,2037,3732
// Interrupt Monitor : interrupt for ap_done detected @ "213879285000"
// Interrupt Monitor : interrupt for ap_done detected @ "214061055000"
// Interrupt Monitor : interrupt for ap_done detected @ "214777575000"
// Interrupt Monitor : interrupt for ap_done detected @ "215185845000"
// Interrupt Monitor : interrupt for ap_done detected @ "215594115000"
// Interrupt Monitor : interrupt for ap_done detected @ "216002385000"
// Interrupt Monitor : interrupt for ap_done detected @ "217566165000"
// Interrupt Monitor : interrupt for ap_done detected @ "217974435000"
// Interrupt Monitor : interrupt for ap_done detected @ "218382705000"
// Interrupt Monitor : interrupt for ap_done detected @ "218790975000"
// Interrupt Monitor : interrupt for ap_done detected @ "220363065000"
// Interrupt Monitor : interrupt for ap_done detected @ "220771335000"
// Interrupt Monitor : interrupt for ap_done detected @ "221179605000"
// Interrupt Monitor : interrupt for ap_done detected @ "221587875000"
// Interrupt Monitor : interrupt for ap_done detected @ "223146135000"
// Interrupt Monitor : interrupt for ap_done detected @ "223554405000"
// Interrupt Monitor : interrupt for ap_done detected @ "223962675000"
// Interrupt Monitor : interrupt for ap_done detected @ "224370945000"
// Interrupt Monitor : interrupt for ap_done detected @ "225898115000"
// Interrupt Monitor : interrupt for ap_done detected @ "226066915000"
// Interrupt Monitor : interrupt for ap_done detected @ "226235755000"
// Interrupt Monitor : interrupt for ap_done detected @ "226404665000"
// Interrupt Monitor : interrupt for ap_done detected @ "227207485000"
// Interrupt Monitor : interrupt for ap_done detected @ "227376285000"
// Interrupt Monitor : interrupt for ap_done detected @ "227545125000"
// Interrupt Monitor : interrupt for ap_done detected @ "227714035000"
// Interrupt Monitor : interrupt for ap_done detected @ "228505625000"
MLKEM_ROW,5,3,42,3,73,2,0,3843588,4,1600,1600,58244,57220,0,0,1024,0,0,0,0,0x0001a700
KECCAK_ROW,5,27,27,27,0,16580,2037,3732
// Interrupt Monitor : interrupt for ap_done detected @ "255367895000"
// Interrupt Monitor : interrupt for ap_done detected @ "255549665000"
// Interrupt Monitor : interrupt for ap_done detected @ "256266185000"
// Interrupt Monitor : interrupt for ap_done detected @ "256674455000"
// Interrupt Monitor : interrupt for ap_done detected @ "257082725000"
// Interrupt Monitor : interrupt for ap_done detected @ "257490995000"
// Interrupt Monitor : interrupt for ap_done detected @ "259057815000"
// Interrupt Monitor : interrupt for ap_done detected @ "259466085000"
// Interrupt Monitor : interrupt for ap_done detected @ "259874355000"
// Interrupt Monitor : interrupt for ap_done detected @ "260282625000"
// Interrupt Monitor : interrupt for ap_done detected @ "261839805000"
// Interrupt Monitor : interrupt for ap_done detected @ "262248075000"
// Interrupt Monitor : interrupt for ap_done detected @ "262656345000"
// Interrupt Monitor : interrupt for ap_done detected @ "263064615000"
// Interrupt Monitor : interrupt for ap_done detected @ "264605685000"
// Interrupt Monitor : interrupt for ap_done detected @ "265013955000"
// Interrupt Monitor : interrupt for ap_done detected @ "265422225000"
// Interrupt Monitor : interrupt for ap_done detected @ "265830495000"
// Interrupt Monitor : interrupt for ap_done detected @ "267363405000"
// Interrupt Monitor : interrupt for ap_done detected @ "267532205000"
// Interrupt Monitor : interrupt for ap_done detected @ "267701045000"
// Interrupt Monitor : interrupt for ap_done detected @ "267869955000"
// Interrupt Monitor : interrupt for ap_done detected @ "268672775000"
// Interrupt Monitor : interrupt for ap_done detected @ "268841575000"
// Interrupt Monitor : interrupt for ap_done detected @ "269010415000"
// Interrupt Monitor : interrupt for ap_done detected @ "269179325000"
// Interrupt Monitor : interrupt for ap_done detected @ "269970915000"
MLKEM_ROW,6,3,42,3,74,2,0,3841256,4,1600,1600,58244,57220,0,0,1024,0,0,0,0,0x0001a700
KECCAK_ROW,6,27,27,27,0,16580,2037,3732
// Interrupt Monitor : interrupt for ap_done detected @ "296833185000"
// Interrupt Monitor : interrupt for ap_done detected @ "297014955000"
// Interrupt Monitor : interrupt for ap_done detected @ "297731475000"
// Interrupt Monitor : interrupt for ap_done detected @ "298139745000"
// Interrupt Monitor : interrupt for ap_done detected @ "298548015000"
// Interrupt Monitor : interrupt for ap_done detected @ "298956285000"
// Interrupt Monitor : interrupt for ap_done detected @ "300519135000"
// Interrupt Monitor : interrupt for ap_done detected @ "300927405000"
// Interrupt Monitor : interrupt for ap_done detected @ "301335675000"
// Interrupt Monitor : interrupt for ap_done detected @ "301743945000"
// Interrupt Monitor : interrupt for ap_done detected @ "303301885000"
// Interrupt Monitor : interrupt for ap_done detected @ "303710155000"
// Interrupt Monitor : interrupt for ap_done detected @ "304118425000"
// Interrupt Monitor : interrupt for ap_done detected @ "304526695000"
// Interrupt Monitor : interrupt for ap_done detected @ "306097325000"
// Interrupt Monitor : interrupt for ap_done detected @ "306505595000"
// Interrupt Monitor : interrupt for ap_done detected @ "306913865000"
// Interrupt Monitor : interrupt for ap_done detected @ "307322135000"
// Interrupt Monitor : interrupt for ap_done detected @ "308853755000"
// Interrupt Monitor : interrupt for ap_done detected @ "309022555000"
// Interrupt Monitor : interrupt for ap_done detected @ "309191395000"
// Interrupt Monitor : interrupt for ap_done detected @ "309360305000"
// Interrupt Monitor : interrupt for ap_done detected @ "310163125000"
// Interrupt Monitor : interrupt for ap_done detected @ "310331925000"
// Interrupt Monitor : interrupt for ap_done detected @ "310500765000"
// Interrupt Monitor : interrupt for ap_done detected @ "310669675000"
// Interrupt Monitor : interrupt for ap_done detected @ "311461265000"
MLKEM_ROW,7,3,42,3,75,2,0,3843762,4,1600,1600,58244,57220,0,0,1024,0,0,0,0,0x0001a700
KECCAK_ROW,7,27,27,27,0,16580,2037,3732
MLKEM_PASS cases=8 input_bytes=12800 output_bytes=12800 cpu_mul=1 cpu_fast_mul=1 cpu_div=1 expect_m=1 cycles=33283243 all_m=465952 min_sp=0x0001a700 stack_used=22768
KECCAK_PASS cases=8 starts=216 done=216 hash=216 squeeze=0
$finish called at time : 332832745 ns : File "E:/hls/k4kat/20260927_183935_438995/snapshot/tb/tb_mlkem1024_keccak_kat.sv" Line 357
INFO: xsimkernel Simulation Memory Usage: 32296 KB (Peak: 32296 KB), Simulation CPU Usage: 494983 ms
