                             latency        interval
transaction       0:             295             289
transaction       1:             392             386
transaction       2:            7453            7447
transaction       3:            7511            7505
transaction       4:            7546            7540
transaction       5:           13613           13607
transaction       6:            1832            1826
transaction       7:            3421            3415
transaction       8:            2665            2659
transaction       9:           55389           55383
transaction      10:           56504           56498
transaction      11:           72280           72274
transaction      12:            2406            2400
transaction      13:            2389            2383
transaction      14:           24162           24156
transaction      15:            1356            1350
transaction      16:            2023            2017
transaction      17:            2023            2017
transaction      18:            2051            2045
transaction      19:            2751            2745
transaction      20:           18312           18306
transaction      21:           89089           89083
transaction      22:             430             424
transaction      23:             525             519
transaction      24:            6081            6075
transaction      25:            6132            6126
transaction      26:            6167            6161
transaction      27:           11121           11115
transaction      28:            1832            1826
transaction      29:            1862            1856
transaction      30:            2665            2659
transaction      31:           55438           55432
transaction      32:           56553           56547
transaction      33:           72357           72351
transaction      34:            2406            2400
transaction      35:            2389            2383
transaction      36:           35320           35314
transaction      37:            1356            1350
transaction      38:            1890            1884
transaction      39:            1897            1891
transaction      40:            1925            1919
transaction      41:            2492            2486
transaction      42:           18459           18453
transaction      43:           89306           89300
transaction      44:             297             291
transaction      45:             392             386
transaction      46:            5012            5006
transaction      47:            5075            5069
transaction      48:            5110            5104
transaction      49:           10101           10095
transaction      50:            1442            1436
transaction      51:            1477            1471
transaction      52:            2527            2521
transaction      53:           55433           55427
transaction      54:           56553           56547
transaction      55:           72331           72325
transaction      56:            1477            1471
transaction      57:            1465            1459
transaction      58:           45409           45403
transaction      59:             430             424
transaction      60:             525             519
transaction      61:            2905            2899
transaction      62:            2961            2955
transaction      63:            2996            2990
transaction      64:            5754            5748
transaction      65:            1575            1569
transaction      66:            1610            1604
transaction      67:            2660            2654
transaction      68:           55804           55798
transaction      69:           56945           56939
transaction      70:           72772           72766
transaction      71:            1610            1604
transaction      72:            1598            1592
transaction      73:           71449           71443
transaction      74:            1417            1411
transaction      75:              52              46
transaction      76:            2114            2108
transaction      77:             798             792
transaction      78:            1422            1416
transaction      79:              52              46
transaction      80:            2135            2129
transaction      81:             798             792
transaction      82:            1387            1381
transaction      83:            1361            1355
transaction      84:             736             730
transaction      85:             649             643
transaction      86:             831             825
transaction      87:             698             692
transaction      88:              52              46
transaction      89:              47              41
transaction      90:              47              41
transaction      91:              47              41
transaction      92:              47              41
transaction      93:              47              41
transaction      94:              47              41
transaction      95:              47              41
transaction      96:              57              51
transaction      97:              47              41
transaction      98:              57              51
transaction      99:              47              41
transaction     100:              47              41
transaction     101:              30              24
transaction     102:              42              36
transaction     103:              42              36
transaction     104:              30              24
transaction     105:              30              24
transaction     106:              75              69
transaction     107:              58              52
transaction     108:              47               x
