Copyright 1986-2022 Xilinx, Inc. All Rights Reserved. Copyright 2022-2025 Advanced Micro Devices, Inc. All Rights Reserved.
-------------------------------------------------------------------------------------------------------------------------------------------------------------------------
| Tool Version : Vivado v.2025.2 (win64) Build 6299465 Fri Nov 14 19:35:11 GMT 2025
| Date         : Mon Sep  7 20:19:53 2026
| Host         : <REDACTED_HOST> running 64-bit major release  (build 9200)
| Command      : report_utilization -hierarchical -file <ORIGINAL_PROJECT_ROOT>/results/bram_wrapper/baseline/utilization_routed.rpt
| Design       : mlkem_polymul_rv32i_profile_top
| Device       : xc7z020clg400-1
| Speed File   : -1
| Design State : Routed
-------------------------------------------------------------------------------------------------------------------------------------------------------------------------

Utilization Design Information

Table of Contents
-----------------
1. Utilization by Hierarchy

1. Utilization by Hierarchy
---------------------------

+-----------------------------------------------------------------------------+--------------------------------------------------------------------------------------------+------------+------------+---------+------+-------+--------+--------+------------+
|                                   Instance                                  |                                           Module                                           | Total LUTs | Logic LUTs | LUTRAMs | SRLs |  FFs  | RAMB36 | RAMB18 | DSP Blocks |
+-----------------------------------------------------------------------------+--------------------------------------------------------------------------------------------+------------+------------+---------+------+-------+--------+--------+------------+
| mlkem_polymul_rv32i_profile_top                                             |                                                                                      (top) |      14673 |      14453 |     188 |   32 | 14118 |      4 |      2 |          1 |
|   (mlkem_polymul_rv32i_profile_top)                                         |                                                                                      (top) |          2 |          2 |       0 |    0 |   617 |      0 |      0 |          0 |
|   accel                                                                     |                                                                  mlkem_polymul_axi_wrapper |      13400 |      13224 |     144 |   32 | 12918 |      3 |      2 |          1 |
|     (accel)                                                                 |                                                                  mlkem_polymul_axi_wrapper |       9101 |       9101 |       0 |    0 | 11450 |      0 |      0 |          0 |
|     core                                                                    |                                                        mlkem_poly_mul256_v39e_true_one_dsp |       4300 |       4124 |     144 |   32 |  1468 |      3 |      2 |          1 |
|       (core)                                                                |                                                        mlkem_poly_mul256_v39e_true_one_dsp |         48 |         48 |       0 |    0 |    75 |      0 |      0 |          0 |
|       grp_batch39d_fu_172                                                   |                                               mlkem_poly_mul256_v39e_true_one_dsp_batch39d |       1105 |       1073 |       0 |   32 |  1021 |      0 |      1 |          1 |
|         issue39d_U0                                                         |                                               mlkem_poly_mul256_v39e_true_one_dsp_issue39d |        422 |        417 |       0 |    5 |   498 |      0 |      1 |          0 |
|           grp_issue39d_Pipeline_issue39d_loop_fu_100                        |                        mlkem_poly_mul256_v39e_true_one_dsp_issue39d_Pipeline_issue39d_loop |        384 |        379 |       0 |    5 |   465 |      0 |      1 |          0 |
|             (grp_issue39d_Pipeline_issue39d_loop_fu_100)                    |                        mlkem_poly_mul256_v39e_true_one_dsp_issue39d_Pipeline_issue39d_loop |        337 |        332 |       0 |    5 |   460 |      0 |      0 |          0 |
|         pe39c_U0                                                            |                                                  mlkem_poly_mul256_v39e_true_one_dsp_pe39c |        146 |        119 |       0 |   27 |   225 |      0 |      0 |          1 |
|           (pe39c_U0)                                                        |                                                  mlkem_poly_mul256_v39e_true_one_dsp_pe39c |         41 |         14 |       0 |   27 |   164 |      0 |      0 |          0 |
|         rq_U                                                                |                                          mlkem_poly_mul256_v39e_true_one_dsp_fifo_w76_d2_S |         45 |         45 |       0 |    0 |   154 |      0 |      0 |          0 |
|           U_mlkem_poly_mul256_v39e_true_one_dsp_fifo_w76_d2_S_ShiftReg      |                                 mlkem_poly_mul256_v39e_true_one_dsp_fifo_w76_d2_S_ShiftReg |         38 |         38 |       0 |    0 |   148 |      0 |      0 |          0 |
|         rs_U                                                                |                                          mlkem_poly_mul256_v39e_true_one_dsp_fifo_w39_d2_S |        359 |        359 |       0 |    0 |    88 |      0 |      0 |          0 |
|           U_mlkem_poly_mul256_v39e_true_one_dsp_fifo_w39_d2_S_ShiftReg      |                                 mlkem_poly_mul256_v39e_true_one_dsp_fifo_w39_d2_S_ShiftReg |        350 |        350 |       0 |    0 |    79 |      0 |      0 |          0 |
|         write39d_U0                                                         |                                               mlkem_poly_mul256_v39e_true_one_dsp_write39d |        126 |        126 |       0 |    0 |    48 |      0 |      0 |          0 |
|           (write39d_U0)                                                     |                                               mlkem_poly_mul256_v39e_true_one_dsp_write39d |        114 |        114 |       0 |    0 |    47 |      0 |      0 |          0 |
|       grp_mlkem_poly_mul256_v39e_true_one_dsp_Pipeline_load_a39d_fu_376     | mlkem_poly_mul256_v39e_true_one_dsp_mlkem_poly_mul256_v39e_true_one_dsp_Pipeline_load_a39d |       1222 |       1222 |       0 |    0 |    51 |      0 |      0 |          0 |
|         (grp_mlkem_poly_mul256_v39e_true_one_dsp_Pipeline_load_a39d_fu_376) | mlkem_poly_mul256_v39e_true_one_dsp_mlkem_poly_mul256_v39e_true_one_dsp_Pipeline_load_a39d |         81 |         81 |       0 |    0 |    49 |      0 |      0 |          0 |
|         flow_control_loop_pipe_sequential_init_U                            |              mlkem_poly_mul256_v39e_true_one_dsp_flow_control_loop_pipe_sequential_init_16 |       1141 |       1141 |       0 |    0 |     2 |      0 |      0 |          0 |
|       grp_mlkem_poly_mul256_v39e_true_one_dsp_Pipeline_load_b39d_fu_390     | mlkem_poly_mul256_v39e_true_one_dsp_mlkem_poly_mul256_v39e_true_one_dsp_Pipeline_load_b39d |       1427 |       1427 |       0 |    0 |    51 |      0 |      0 |          0 |
|         (grp_mlkem_poly_mul256_v39e_true_one_dsp_Pipeline_load_b39d_fu_390) | mlkem_poly_mul256_v39e_true_one_dsp_mlkem_poly_mul256_v39e_true_one_dsp_Pipeline_load_b39d |         64 |         64 |       0 |    0 |    49 |      0 |      0 |          0 |
|         flow_control_loop_pipe_sequential_init_U                            |              mlkem_poly_mul256_v39e_true_one_dsp_flow_control_loop_pipe_sequential_init_15 |       1363 |       1363 |       0 |    0 |     2 |      0 |      0 |          0 |
|       grp_mlkem_poly_mul256_v39e_true_one_dsp_Pipeline_pack39d_fu_403       |   mlkem_poly_mul256_v39e_true_one_dsp_mlkem_poly_mul256_v39e_true_one_dsp_Pipeline_pack39d |         50 |         50 |       0 |    0 |    72 |      0 |      0 |          0 |
|         (grp_mlkem_poly_mul256_v39e_true_one_dsp_Pipeline_pack39d_fu_403)   |   mlkem_poly_mul256_v39e_true_one_dsp_mlkem_poly_mul256_v39e_true_one_dsp_Pipeline_pack39d |         31 |         31 |       0 |    0 |    70 |      0 |      0 |          0 |
|       ping_U                                                                |                                 mlkem_poly_mul256_v39e_true_one_dsp_ping_RAM_T2P_BRAM_1R1W |         85 |         85 |       0 |    0 |     0 |      1 |      0 |          0 |
|   cpu                                                                       |                                                                               picorv32_axi |       1271 |       1227 |      44 |    0 |   583 |      0 |      0 |          0 |
|     picorv32_core                                                           |                                                                                   picorv32 |       1258 |       1214 |      44 |    0 |   579 |      0 |      0 |          0 |
+-----------------------------------------------------------------------------+--------------------------------------------------------------------------------------------+------------+------------+---------+------+-------+--------+--------+------------+
* Note: The sum of lower-level cells may be larger than their parent cells total, due to cross-hierarchy LUT combining


