Time resolution is 1 ps
MLKEM512_HEADER,index,dataset,vsId,tgId,tcId,op,return_code,raw_cycles,empty_cycles,input_bytes,output_bytes,m_total,mul,mulh,mulhsu,mulhu,div,divu,rem,remu,min_sp
MLKEM512_START cases=8 ram_bytes=65536 stack_bytes=16384 clock_mhz=100 mul=1 fast_mul=1 div=1 expect_m=1
ACCEL_METRICS index=0 starts=0 done=0 loads=0 reads=0 core_cycles=0 load_cycles=0 read_cycles=0
MLKEM512_ROW,0,3,42,10,137,6,-5,941452,4,1632,0,0,0,0,0,0,0,0,0,0,0x0000fc70
ACCEL_METRICS index=1 starts=0 done=0 loads=0 reads=0 core_cycles=0 load_cycles=0 read_cycles=0
MLKEM512_ROW,1,3,42,10,138,6,-5,941452,4,1632,0,0,0,0,0,0,0,0,0,0,0x0000fc70
ACCEL_METRICS index=2 starts=0 done=0 loads=0 reads=0 core_cycles=0 load_cycles=0 read_cycles=0
MLKEM512_ROW,2,3,42,10,139,6,-5,941452,4,1632,0,0,0,0,0,0,0,0,0,0,0x0000fc70
ACCEL_METRICS index=3 starts=0 done=0 loads=0 reads=0 core_cycles=0 load_cycles=0 read_cycles=0
MLKEM512_ROW,3,3,42,10,140,6,0,941441,4,1632,0,0,0,0,0,0,0,0,0,0,0x0000fc70
ACCEL_METRICS index=4 starts=0 done=0 loads=0 reads=0 core_cycles=0 load_cycles=0 read_cycles=0
MLKEM512_ROW,4,3,42,10,141,6,0,941441,4,1632,0,0,0,0,0,0,0,0,0,0,0x0000fc70
ACCEL_METRICS index=5 starts=0 done=0 loads=0 reads=0 core_cycles=0 load_cycles=0 read_cycles=0
MLKEM512_ROW,5,3,42,10,142,6,0,941441,4,1632,0,0,0,0,0,0,0,0,0,0,0x0000fc70
ACCEL_METRICS index=6 starts=0 done=0 loads=0 reads=0 core_cycles=0 load_cycles=0 read_cycles=0
MLKEM512_ROW,6,3,42,10,143,6,-5,941452,4,1632,0,0,0,0,0,0,0,0,0,0,0x0000fc70
ACCEL_METRICS index=7 starts=0 done=0 loads=0 reads=0 core_cycles=0 load_cycles=0 read_cycles=0
MLKEM512_ROW,7,3,42,10,144,6,0,941441,4,1632,0,0,0,0,0,0,0,0,0,0,0x0000fc70
MLKEM512_PASS cases=8 input_bytes=13056 output_bytes=0 cpu_mul=1 cpu_fast_mul=1 cpu_div=1 expect_m=1 cycles=9011314 all_m=0 min_sp=0x0000fc70 stack_used=896
$finish called at time : 90113455 ns : File "E:/pqc/mlkem-polymul-rv32i-fpga/tb/accelerator/tb_mlkem512_kat_accel.sv" Line 333
INFO: xsimkernel Simulation Memory Usage: 31336 KB (Peak: 31336 KB), Simulation CPU Usage: 135546 ms
