Copyright 1986-2022 Xilinx, Inc. All Rights Reserved. Copyright 2022-2024 Advanced Micro Devices, Inc. All Rights Reserved.
---------------------------------------------------------------------------------------------------------------------------------------------
| Tool Version : Vivado v.2024.2 (win64) Build 5239630 Fri Nov 08 22:35:27 MST 2024
| Date         : Sun Oct  4 11:46:41 2026
| Host         : DESKTOP-H0SRFHK running 64-bit major release  (build 9200)
| Command      : report_timing -delay_type min -max_paths 10 -file E:/hls/k4sys/20261004_113341/cpu_only/reports/hold_paths.rpt
| Design       : cpu_benchmark_system
| Device       : 7z020-clg400
| Speed File   : -1  PRODUCTION 1.12 2019-11-22
| Design State : Routed
---------------------------------------------------------------------------------------------------------------------------------------------

Timing Report

Slack (VIOLATED) :        -1.190ns  (arrival time - required time)
  Source:                 resetn
                            (input port clocked by system_clk  {rise@0.000ns fall@5.000ns period=10.000ns})
  Destination:            cpu/axi_adapter/ack_awvalid_reg/D
                            (rising edge-triggered cell FDRE clocked by system_clk  {rise@0.000ns fall@5.000ns period=10.000ns})
  Path Group:             system_clk
  Path Type:              Hold (Min at Slow Process Corner)
  Requirement:            0.000ns  (system_clk rise@0.000ns - system_clk rise@0.000ns)
  Data Path Delay:        1.024ns  (logic 0.100ns (9.762%)  route 0.924ns (90.238%))
  Logic Levels:           1  (LUT5=1)
  Input Delay:            0.000ns
  Clock Path Skew:        1.746ns (DCD - SCD - CPR)
    Destination Clock Delay (DCD):    1.746ns
    Source Clock Delay      (SCD):    0.000ns
    Clock Pessimism Removal (CPR):    -0.000ns
  Clock Uncertainty:      0.135ns  ((TSJ^2 + TIJ^2)^1/2 + DJ) / 2 + PE + UU
    Total System Jitter     (TSJ):    0.071ns
    Total Input Jitter      (TIJ):    0.000ns
    Discrete Jitter          (DJ):    0.000ns
    Phase Error              (PE):    0.000ns
    User Uncertainty         (UU):    0.100ns

    Location             Delay type                Incr(ns)  Path(ns)    Netlist Resource(s)
  -------------------------------------------------------------------    -------------------
                         (clock system_clk rise edge)
                                                      0.000     0.000 r  
                         input delay                  0.000     0.000    
                                                      0.000     0.000 r  resetn (IN)
                         net (fo=49, unset)           0.924     0.924    cpu/axi_adapter/resetn
    SLICE_X22Y15         LUT5 (Prop_lut5_I4_O)        0.100     1.024 r  cpu/axi_adapter/ack_awvalid_i_1/O
                         net (fo=1, routed)           0.000     1.024    cpu/axi_adapter/ack_awvalid_i_1_n_0
    SLICE_X22Y15         FDRE                                         r  cpu/axi_adapter/ack_awvalid_reg/D
  -------------------------------------------------------------------    -------------------

                         (clock system_clk rise edge)
                                                      0.000     0.000 r  
                                                      0.000     0.000 r  clk (IN)
                         net (fo=1543, unset)         1.746     1.746    cpu/axi_adapter/clk
    SLICE_X22Y15         FDRE                                         r  cpu/axi_adapter/ack_awvalid_reg/C
                         clock pessimism              0.000     1.746    
                         clock uncertainty            0.135     1.881    
    SLICE_X22Y15         FDRE (Hold_fdre_C_D)         0.333     2.214    cpu/axi_adapter/ack_awvalid_reg
  -------------------------------------------------------------------
                         required time                         -2.214    
                         arrival time                           1.024    
  -------------------------------------------------------------------
                         slack                                 -1.190    

Slack (VIOLATED) :        -1.187ns  (arrival time - required time)
  Source:                 resetn
                            (input port clocked by system_clk  {rise@0.000ns fall@5.000ns period=10.000ns})
  Destination:            cpu/axi_adapter/ack_arvalid_reg/D
                            (rising edge-triggered cell FDRE clocked by system_clk  {rise@0.000ns fall@5.000ns period=10.000ns})
  Path Group:             system_clk
  Path Type:              Hold (Min at Slow Process Corner)
  Requirement:            0.000ns  (system_clk rise@0.000ns - system_clk rise@0.000ns)
  Data Path Delay:        1.024ns  (logic 0.100ns (9.762%)  route 0.924ns (90.238%))
  Logic Levels:           1  (LUT6=1)
  Input Delay:            0.000ns
  Clock Path Skew:        1.746ns (DCD - SCD - CPR)
    Destination Clock Delay (DCD):    1.746ns
    Source Clock Delay      (SCD):    0.000ns
    Clock Pessimism Removal (CPR):    -0.000ns
  Clock Uncertainty:      0.135ns  ((TSJ^2 + TIJ^2)^1/2 + DJ) / 2 + PE + UU
    Total System Jitter     (TSJ):    0.071ns
    Total Input Jitter      (TIJ):    0.000ns
    Discrete Jitter          (DJ):    0.000ns
    Phase Error              (PE):    0.000ns
    User Uncertainty         (UU):    0.100ns

    Location             Delay type                Incr(ns)  Path(ns)    Netlist Resource(s)
  -------------------------------------------------------------------    -------------------
                         (clock system_clk rise edge)
                                                      0.000     0.000 r  
                         input delay                  0.000     0.000    
                                                      0.000     0.000 r  resetn (IN)
                         net (fo=49, unset)           0.924     0.924    cpu/picorv32_core/resetn
    SLICE_X22Y15         LUT6 (Prop_lut6_I5_O)        0.100     1.024 r  cpu/picorv32_core/ack_arvalid_i_1/O
                         net (fo=1, routed)           0.000     1.024    cpu/axi_adapter/ack_arvalid_reg_1
    SLICE_X22Y15         FDRE                                         r  cpu/axi_adapter/ack_arvalid_reg/D
  -------------------------------------------------------------------    -------------------

                         (clock system_clk rise edge)
                                                      0.000     0.000 r  
                                                      0.000     0.000 r  clk (IN)
                         net (fo=1543, unset)         1.746     1.746    cpu/axi_adapter/clk
    SLICE_X22Y15         FDRE                                         r  cpu/axi_adapter/ack_arvalid_reg/C
                         clock pessimism              0.000     1.746    
                         clock uncertainty            0.135     1.881    
    SLICE_X22Y15         FDRE (Hold_fdre_C_D)         0.330     2.211    cpu/axi_adapter/ack_arvalid_reg
  -------------------------------------------------------------------
                         required time                         -2.211    
                         arrival time                           1.024    
  -------------------------------------------------------------------
                         slack                                 -1.187    

Slack (VIOLATED) :        -1.131ns  (arrival time - required time)
  Source:                 resetn
                            (input port clocked by system_clk  {rise@0.000ns fall@5.000ns period=10.000ns})
  Destination:            cpu/picorv32_core/mem_valid_reg/D
                            (rising edge-triggered cell FDRE clocked by system_clk  {rise@0.000ns fall@5.000ns period=10.000ns})
  Path Group:             system_clk
  Path Type:              Hold (Min at Slow Process Corner)
  Requirement:            0.000ns  (system_clk rise@0.000ns - system_clk rise@0.000ns)
  Data Path Delay:        1.024ns  (logic 0.100ns (9.762%)  route 0.924ns (90.238%))
  Logic Levels:           1  (LUT6=1)
  Input Delay:            0.000ns
  Clock Path Skew:        1.751ns (DCD - SCD - CPR)
    Destination Clock Delay (DCD):    1.751ns
    Source Clock Delay      (SCD):    0.000ns
    Clock Pessimism Removal (CPR):    -0.000ns
  Clock Uncertainty:      0.135ns  ((TSJ^2 + TIJ^2)^1/2 + DJ) / 2 + PE + UU
    Total System Jitter     (TSJ):    0.071ns
    Total Input Jitter      (TIJ):    0.000ns
    Discrete Jitter          (DJ):    0.000ns
    Phase Error              (PE):    0.000ns
    User Uncertainty         (UU):    0.100ns

    Location             Delay type                Incr(ns)  Path(ns)    Netlist Resource(s)
  -------------------------------------------------------------------    -------------------
                         (clock system_clk rise edge)
                                                      0.000     0.000 r  
                         input delay                  0.000     0.000    
                                                      0.000     0.000 r  resetn (IN)
                         net (fo=49, unset)           0.924     0.924    cpu/picorv32_core/resetn
    SLICE_X23Y10         LUT6 (Prop_lut6_I5_O)        0.100     1.024 r  cpu/picorv32_core/mem_valid_i_1/O
                         net (fo=1, routed)           0.000     1.024    cpu/picorv32_core/mem_valid_i_1_n_0
    SLICE_X23Y10         FDRE                                         r  cpu/picorv32_core/mem_valid_reg/D
  -------------------------------------------------------------------    -------------------

                         (clock system_clk rise edge)
                                                      0.000     0.000 r  
                                                      0.000     0.000 r  clk (IN)
                         net (fo=1543, unset)         1.751     1.751    cpu/picorv32_core/clk
    SLICE_X23Y10         FDRE                                         r  cpu/picorv32_core/mem_valid_reg/C
                         clock pessimism              0.000     1.751    
                         clock uncertainty            0.135     1.886    
    SLICE_X23Y10         FDRE (Hold_fdre_C_D)         0.269     2.155    cpu/picorv32_core/mem_valid_reg
  -------------------------------------------------------------------
                         required time                         -2.155    
                         arrival time                           1.024    
  -------------------------------------------------------------------
                         slack                                 -1.131    

Slack (VIOLATED) :        -1.128ns  (arrival time - required time)
  Source:                 resetn
                            (input port clocked by system_clk  {rise@0.000ns fall@5.000ns period=10.000ns})
  Destination:            cpu/axi_adapter/ack_wvalid_reg/D
                            (rising edge-triggered cell FDRE clocked by system_clk  {rise@0.000ns fall@5.000ns period=10.000ns})
  Path Group:             system_clk
  Path Type:              Hold (Min at Slow Process Corner)
  Requirement:            0.000ns  (system_clk rise@0.000ns - system_clk rise@0.000ns)
  Data Path Delay:        1.024ns  (logic 0.100ns (9.762%)  route 0.924ns (90.238%))
  Logic Levels:           1  (LUT5=1)
  Input Delay:            0.000ns
  Clock Path Skew:        1.748ns (DCD - SCD - CPR)
    Destination Clock Delay (DCD):    1.748ns
    Source Clock Delay      (SCD):    0.000ns
    Clock Pessimism Removal (CPR):    -0.000ns
  Clock Uncertainty:      0.135ns  ((TSJ^2 + TIJ^2)^1/2 + DJ) / 2 + PE + UU
    Total System Jitter     (TSJ):    0.071ns
    Total Input Jitter      (TIJ):    0.000ns
    Discrete Jitter          (DJ):    0.000ns
    Phase Error              (PE):    0.000ns
    User Uncertainty         (UU):    0.100ns

    Location             Delay type                Incr(ns)  Path(ns)    Netlist Resource(s)
  -------------------------------------------------------------------    -------------------
                         (clock system_clk rise edge)
                                                      0.000     0.000 r  
                         input delay                  0.000     0.000    
                                                      0.000     0.000 r  resetn (IN)
                         net (fo=49, unset)           0.924     0.924    cpu/axi_adapter/resetn
    SLICE_X21Y15         LUT5 (Prop_lut5_I4_O)        0.100     1.024 r  cpu/axi_adapter/ack_wvalid_i_1/O
                         net (fo=1, routed)           0.000     1.024    cpu/axi_adapter/ack_wvalid_i_1_n_0
    SLICE_X21Y15         FDRE                                         r  cpu/axi_adapter/ack_wvalid_reg/D
  -------------------------------------------------------------------    -------------------

                         (clock system_clk rise edge)
                                                      0.000     0.000 r  
                                                      0.000     0.000 r  clk (IN)
                         net (fo=1543, unset)         1.748     1.748    cpu/axi_adapter/clk
    SLICE_X21Y15         FDRE                                         r  cpu/axi_adapter/ack_wvalid_reg/C
                         clock pessimism              0.000     1.748    
                         clock uncertainty            0.135     1.883    
    SLICE_X21Y15         FDRE (Hold_fdre_C_D)         0.269     2.152    cpu/axi_adapter/ack_wvalid_reg
  -------------------------------------------------------------------
                         required time                         -2.152    
                         arrival time                           1.024    
  -------------------------------------------------------------------
                         slack                                 -1.128    

Slack (VIOLATED) :        -1.128ns  (arrival time - required time)
  Source:                 resetn
                            (input port clocked by system_clk  {rise@0.000ns fall@5.000ns period=10.000ns})
  Destination:            local_aw_hold_reg/D
                            (rising edge-triggered cell FDRE clocked by system_clk  {rise@0.000ns fall@5.000ns period=10.000ns})
  Path Group:             system_clk
  Path Type:              Hold (Min at Slow Process Corner)
  Requirement:            0.000ns  (system_clk rise@0.000ns - system_clk rise@0.000ns)
  Data Path Delay:        1.024ns  (logic 0.100ns (9.762%)  route 0.924ns (90.238%))
  Logic Levels:           1  (LUT6=1)
  Input Delay:            0.000ns
  Clock Path Skew:        1.748ns (DCD - SCD - CPR)
    Destination Clock Delay (DCD):    1.748ns
    Source Clock Delay      (SCD):    0.000ns
    Clock Pessimism Removal (CPR):    -0.000ns
  Clock Uncertainty:      0.135ns  ((TSJ^2 + TIJ^2)^1/2 + DJ) / 2 + PE + UU
    Total System Jitter     (TSJ):    0.071ns
    Total Input Jitter      (TIJ):    0.000ns
    Discrete Jitter          (DJ):    0.000ns
    Phase Error              (PE):    0.000ns
    User Uncertainty         (UU):    0.100ns

    Location             Delay type                Incr(ns)  Path(ns)    Netlist Resource(s)
  -------------------------------------------------------------------    -------------------
                         (clock system_clk rise edge)
                                                      0.000     0.000 r  
                         input delay                  0.000     0.000    
                                                      0.000     0.000 r  resetn (IN)
                         net (fo=49, unset)           0.924     0.924    cpu/picorv32_core/resetn
    SLICE_X19Y16         LUT6 (Prop_lut6_I0_O)        0.100     1.024 r  cpu/picorv32_core/local_aw_hold_i_1/O
                         net (fo=1, routed)           0.000     1.024    cpu_n_12
    SLICE_X19Y16         FDRE                                         r  local_aw_hold_reg/D
  -------------------------------------------------------------------    -------------------

                         (clock system_clk rise edge)
                                                      0.000     0.000 r  
                                                      0.000     0.000 r  clk (IN)
                         net (fo=1543, unset)         1.748     1.748    clk
    SLICE_X19Y16         FDRE                                         r  local_aw_hold_reg/C
                         clock pessimism              0.000     1.748    
                         clock uncertainty            0.135     1.883    
    SLICE_X19Y16         FDRE (Hold_fdre_C_D)         0.269     2.152    local_aw_hold_reg
  -------------------------------------------------------------------
                         required time                         -2.152    
                         arrival time                           1.024    
  -------------------------------------------------------------------
                         slack                                 -1.128    

Slack (VIOLATED) :        -1.120ns  (arrival time - required time)
  Source:                 resetn
                            (input port clocked by system_clk  {rise@0.000ns fall@5.000ns period=10.000ns})
  Destination:            cpu/axi_adapter/xfer_done_reg/D
                            (rising edge-triggered cell FDRE clocked by system_clk  {rise@0.000ns fall@5.000ns period=10.000ns})
  Path Group:             system_clk
  Path Type:              Hold (Min at Slow Process Corner)
  Requirement:            0.000ns  (system_clk rise@0.000ns - system_clk rise@0.000ns)
  Data Path Delay:        1.046ns  (logic 0.122ns (11.660%)  route 0.924ns (88.340%))
  Logic Levels:           1  (LUT5=1)
  Input Delay:            0.000ns
  Clock Path Skew:        1.748ns (DCD - SCD - CPR)
    Destination Clock Delay (DCD):    1.748ns
    Source Clock Delay      (SCD):    0.000ns
    Clock Pessimism Removal (CPR):    -0.000ns
  Clock Uncertainty:      0.135ns  ((TSJ^2 + TIJ^2)^1/2 + DJ) / 2 + PE + UU
    Total System Jitter     (TSJ):    0.071ns
    Total Input Jitter      (TIJ):    0.000ns
    Discrete Jitter          (DJ):    0.000ns
    Phase Error              (PE):    0.000ns
    User Uncertainty         (UU):    0.100ns

    Location             Delay type                Incr(ns)  Path(ns)    Netlist Resource(s)
  -------------------------------------------------------------------    -------------------
                         (clock system_clk rise edge)
                                                      0.000     0.000 r  
                         input delay                  0.000     0.000    
                                                      0.000     0.000 r  resetn (IN)
                         net (fo=49, unset)           0.924     0.924    cpu/picorv32_core/resetn
    SLICE_X23Y13         LUT5 (Prop_lut5_I3_O)        0.122     1.046 r  cpu/picorv32_core/xfer_done_i_1/O
                         net (fo=1, routed)           0.000     1.046    cpu/axi_adapter/xfer_done_reg_0
    SLICE_X23Y13         FDRE                                         r  cpu/axi_adapter/xfer_done_reg/D
  -------------------------------------------------------------------    -------------------

                         (clock system_clk rise edge)
                                                      0.000     0.000 r  
                                                      0.000     0.000 r  clk (IN)
                         net (fo=1543, unset)         1.748     1.748    cpu/axi_adapter/clk
    SLICE_X23Y13         FDRE                                         r  cpu/axi_adapter/xfer_done_reg/C
                         clock pessimism              0.000     1.748    
                         clock uncertainty            0.135     1.883    
    SLICE_X23Y13         FDRE (Hold_fdre_C_D)         0.283     2.166    cpu/axi_adapter/xfer_done_reg
  -------------------------------------------------------------------
                         required time                         -2.166    
                         arrival time                           1.046    
  -------------------------------------------------------------------
                         slack                                 -1.120    

Slack (VIOLATED) :        -1.108ns  (arrival time - required time)
  Source:                 resetn
                            (input port clocked by system_clk  {rise@0.000ns fall@5.000ns period=10.000ns})
  Destination:            cpu/picorv32_core/cpu_state_reg[2]/D
                            (rising edge-triggered cell FDRE clocked by system_clk  {rise@0.000ns fall@5.000ns period=10.000ns})
  Path Group:             system_clk
  Path Type:              Hold (Min at Slow Process Corner)
  Requirement:            0.000ns  (system_clk rise@0.000ns - system_clk rise@0.000ns)
  Data Path Delay:        1.024ns  (logic 0.100ns (9.762%)  route 0.924ns (90.238%))
  Logic Levels:           1  (LUT6=1)
  Input Delay:            0.000ns
  Clock Path Skew:        1.667ns (DCD - SCD - CPR)
    Destination Clock Delay (DCD):    1.667ns
    Source Clock Delay      (SCD):    0.000ns
    Clock Pessimism Removal (CPR):    -0.000ns
  Clock Uncertainty:      0.135ns  ((TSJ^2 + TIJ^2)^1/2 + DJ) / 2 + PE + UU
    Total System Jitter     (TSJ):    0.071ns
    Total Input Jitter      (TIJ):    0.000ns
    Discrete Jitter          (DJ):    0.000ns
    Phase Error              (PE):    0.000ns
    User Uncertainty         (UU):    0.100ns

    Location             Delay type                Incr(ns)  Path(ns)    Netlist Resource(s)
  -------------------------------------------------------------------    -------------------
                         (clock system_clk rise edge)
                                                      0.000     0.000 r  
                         input delay                  0.000     0.000    
                                                      0.000     0.000 r  resetn (IN)
                         net (fo=49, unset)           0.924     0.924    cpu/picorv32_core/resetn
    SLICE_X38Y7          LUT6 (Prop_lut6_I1_O)        0.100     1.024 r  cpu/picorv32_core/cpu_state[2]_i_1/O
                         net (fo=1, routed)           0.000     1.024    cpu/picorv32_core/cpu_state0_out[2]
    SLICE_X38Y7          FDRE                                         r  cpu/picorv32_core/cpu_state_reg[2]/D
  -------------------------------------------------------------------    -------------------

                         (clock system_clk rise edge)
                                                      0.000     0.000 r  
                                                      0.000     0.000 r  clk (IN)
                         net (fo=1543, unset)         1.667     1.667    cpu/picorv32_core/clk
    SLICE_X38Y7          FDRE                                         r  cpu/picorv32_core/cpu_state_reg[2]/C
                         clock pessimism              0.000     1.667    
                         clock uncertainty            0.135     1.802    
    SLICE_X38Y7          FDRE (Hold_fdre_C_D)         0.330     2.132    cpu/picorv32_core/cpu_state_reg[2]
  -------------------------------------------------------------------
                         required time                         -2.132    
                         arrival time                           1.024    
  -------------------------------------------------------------------
                         slack                                 -1.108    

Slack (VIOLATED) :        -1.099ns  (arrival time - required time)
  Source:                 resetn
                            (input port clocked by system_clk  {rise@0.000ns fall@5.000ns period=10.000ns})
  Destination:            cpu/picorv32_core/cpu_state_reg[7]/D
                            (rising edge-triggered cell FDSE clocked by system_clk  {rise@0.000ns fall@5.000ns period=10.000ns})
  Path Group:             system_clk
  Path Type:              Hold (Min at Slow Process Corner)
  Requirement:            0.000ns  (system_clk rise@0.000ns - system_clk rise@0.000ns)
  Data Path Delay:        1.045ns  (logic 0.121ns (11.575%)  route 0.924ns (88.425%))
  Logic Levels:           1  (LUT5=1)
  Input Delay:            0.000ns
  Clock Path Skew:        1.667ns (DCD - SCD - CPR)
    Destination Clock Delay (DCD):    1.667ns
    Source Clock Delay      (SCD):    0.000ns
    Clock Pessimism Removal (CPR):    -0.000ns
  Clock Uncertainty:      0.135ns  ((TSJ^2 + TIJ^2)^1/2 + DJ) / 2 + PE + UU
    Total System Jitter     (TSJ):    0.071ns
    Total Input Jitter      (TIJ):    0.000ns
    Discrete Jitter          (DJ):    0.000ns
    Phase Error              (PE):    0.000ns
    User Uncertainty         (UU):    0.100ns

    Location             Delay type                Incr(ns)  Path(ns)    Netlist Resource(s)
  -------------------------------------------------------------------    -------------------
                         (clock system_clk rise edge)
                                                      0.000     0.000 r  
                         input delay                  0.000     0.000    
                                                      0.000     0.000 r  resetn (IN)
                         net (fo=49, unset)           0.924     0.924    cpu/picorv32_core/pcpi_div/resetn
    SLICE_X38Y7          LUT5 (Prop_lut5_I4_O)        0.121     1.045 r  cpu/picorv32_core/pcpi_div/cpu_state[7]_i_3/O
                         net (fo=1, routed)           0.000     1.045    cpu/picorv32_core/pcpi_div_n_5
    SLICE_X38Y7          FDSE                                         r  cpu/picorv32_core/cpu_state_reg[7]/D
  -------------------------------------------------------------------    -------------------

                         (clock system_clk rise edge)
                                                      0.000     0.000 r  
                                                      0.000     0.000 r  clk (IN)
                         net (fo=1543, unset)         1.667     1.667    cpu/picorv32_core/clk
    SLICE_X38Y7          FDSE                                         r  cpu/picorv32_core/cpu_state_reg[7]/C
                         clock pessimism              0.000     1.667    
                         clock uncertainty            0.135     1.802    
    SLICE_X38Y7          FDSE (Hold_fdse_C_D)         0.342     2.144    cpu/picorv32_core/cpu_state_reg[7]
  -------------------------------------------------------------------
                         required time                         -2.144    
                         arrival time                           1.045    
  -------------------------------------------------------------------
                         slack                                 -1.099    

Slack (VIOLATED) :        -1.050ns  (arrival time - required time)
  Source:                 resetn
                            (input port clocked by system_clk  {rise@0.000ns fall@5.000ns period=10.000ns})
  Destination:            cpu/picorv32_core/mem_do_wdata_reg/D
                            (rising edge-triggered cell FDRE clocked by system_clk  {rise@0.000ns fall@5.000ns period=10.000ns})
  Path Group:             system_clk
  Path Type:              Hold (Min at Slow Process Corner)
  Requirement:            0.000ns  (system_clk rise@0.000ns - system_clk rise@0.000ns)
  Data Path Delay:        1.024ns  (logic 0.100ns (9.762%)  route 0.924ns (90.238%))
  Logic Levels:           1  (LUT5=1)
  Input Delay:            0.000ns
  Clock Path Skew:        1.669ns (DCD - SCD - CPR)
    Destination Clock Delay (DCD):    1.669ns
    Source Clock Delay      (SCD):    0.000ns
    Clock Pessimism Removal (CPR):    -0.000ns
  Clock Uncertainty:      0.135ns  ((TSJ^2 + TIJ^2)^1/2 + DJ) / 2 + PE + UU
    Total System Jitter     (TSJ):    0.071ns
    Total Input Jitter      (TIJ):    0.000ns
    Discrete Jitter          (DJ):    0.000ns
    Phase Error              (PE):    0.000ns
    User Uncertainty         (UU):    0.100ns

    Location             Delay type                Incr(ns)  Path(ns)    Netlist Resource(s)
  -------------------------------------------------------------------    -------------------
                         (clock system_clk rise edge)
                                                      0.000     0.000 r  
                         input delay                  0.000     0.000    
                                                      0.000     0.000 r  resetn (IN)
                         net (fo=49, unset)           0.924     0.924    cpu/resetn
    SLICE_X35Y6          LUT5 (Prop_lut5_I4_O)        0.100     1.024 r  cpu/mem_do_wdata_i_1/O
                         net (fo=1, routed)           0.000     1.024    cpu/picorv32_core/mem_do_wdata_reg_0
    SLICE_X35Y6          FDRE                                         r  cpu/picorv32_core/mem_do_wdata_reg/D
  -------------------------------------------------------------------    -------------------

                         (clock system_clk rise edge)
                                                      0.000     0.000 r  
                                                      0.000     0.000 r  clk (IN)
                         net (fo=1543, unset)         1.669     1.669    cpu/picorv32_core/clk
    SLICE_X35Y6          FDRE                                         r  cpu/picorv32_core/mem_do_wdata_reg/C
                         clock pessimism              0.000     1.669    
                         clock uncertainty            0.135     1.804    
    SLICE_X35Y6          FDRE (Hold_fdre_C_D)         0.270     2.074    cpu/picorv32_core/mem_do_wdata_reg
  -------------------------------------------------------------------
                         required time                         -2.074    
                         arrival time                           1.024    
  -------------------------------------------------------------------
                         slack                                 -1.050    

Slack (VIOLATED) :        -1.050ns  (arrival time - required time)
  Source:                 resetn
                            (input port clocked by system_clk  {rise@0.000ns fall@5.000ns period=10.000ns})
  Destination:            cpu/picorv32_core/mem_wordsize_reg[1]/D
                            (rising edge-triggered cell FDRE clocked by system_clk  {rise@0.000ns fall@5.000ns period=10.000ns})
  Path Group:             system_clk
  Path Type:              Hold (Min at Slow Process Corner)
  Requirement:            0.000ns  (system_clk rise@0.000ns - system_clk rise@0.000ns)
  Data Path Delay:        1.024ns  (logic 0.100ns (9.762%)  route 0.924ns (90.238%))
  Logic Levels:           1  (LUT5=1)
  Input Delay:            0.000ns
  Clock Path Skew:        1.669ns (DCD - SCD - CPR)
    Destination Clock Delay (DCD):    1.669ns
    Source Clock Delay      (SCD):    0.000ns
    Clock Pessimism Removal (CPR):    -0.000ns
  Clock Uncertainty:      0.135ns  ((TSJ^2 + TIJ^2)^1/2 + DJ) / 2 + PE + UU
    Total System Jitter     (TSJ):    0.071ns
    Total Input Jitter      (TIJ):    0.000ns
    Discrete Jitter          (DJ):    0.000ns
    Phase Error              (PE):    0.000ns
    User Uncertainty         (UU):    0.100ns

    Location             Delay type                Incr(ns)  Path(ns)    Netlist Resource(s)
  -------------------------------------------------------------------    -------------------
                         (clock system_clk rise edge)
                                                      0.000     0.000 r  
                         input delay                  0.000     0.000    
                                                      0.000     0.000 r  resetn (IN)
                         net (fo=49, unset)           0.924     0.924    cpu/picorv32_core/resetn
    SLICE_X33Y6          LUT5 (Prop_lut5_I2_O)        0.100     1.024 r  cpu/picorv32_core/mem_wordsize[1]_i_1/O
                         net (fo=1, routed)           0.000     1.024    cpu/picorv32_core/mem_wordsize[1]_i_1_n_0
    SLICE_X33Y6          FDRE                                         r  cpu/picorv32_core/mem_wordsize_reg[1]/D
  -------------------------------------------------------------------    -------------------

                         (clock system_clk rise edge)
                                                      0.000     0.000 r  
                                                      0.000     0.000 r  clk (IN)
                         net (fo=1543, unset)         1.669     1.669    cpu/picorv32_core/clk
    SLICE_X33Y6          FDRE                                         r  cpu/picorv32_core/mem_wordsize_reg[1]/C
                         clock pessimism              0.000     1.669    
                         clock uncertainty            0.135     1.804    
    SLICE_X33Y6          FDRE (Hold_fdre_C_D)         0.270     2.074    cpu/picorv32_core/mem_wordsize_reg[1]
  -------------------------------------------------------------------
                         required time                         -2.074    
                         arrival time                           1.024    
  -------------------------------------------------------------------
                         slack                                 -1.050    




