Copyright 1986-2022 Xilinx, Inc. All Rights Reserved. Copyright 2022-2024 Advanced Micro Devices, Inc. All Rights Reserved.
---------------------------------------------------------------------------------------------------------------------------------------------
| Tool Version : Vivado v.2024.2 (win64) Build 5239630 Fri Nov 08 22:35:27 MST 2024
| Date         : Sun Oct  4 11:46:41 2026
| Host         : DESKTOP-H0SRFHK running 64-bit major release  (build 9200)
| Command      : report_timing -delay_type max -max_paths 10 -file E:/hls/k4sys/20261004_113341/cpu_only/reports/setup_paths.rpt
| Design       : cpu_benchmark_system
| Device       : 7z020-clg400
| Speed File   : -1  PRODUCTION 1.12 2019-11-22
| Design State : Routed
---------------------------------------------------------------------------------------------------------------------------------------------

Timing Report

Slack (MET) :             0.228ns  (required time - arrival time)
  Source:                 resetn
                            (input port clocked by system_clk  {rise@0.000ns fall@5.000ns period=10.000ns})
  Destination:            cpu/picorv32_core/trap_reg/R
                            (rising edge-triggered cell FDRE clocked by system_clk  {rise@0.000ns fall@5.000ns period=10.000ns})
  Path Group:             system_clk
  Path Type:              Setup (Max at Slow Process Corner)
  Requirement:            10.000ns  (system_clk rise@10.000ns - system_clk rise@0.000ns)
  Data Path Delay:        8.777ns  (logic 0.124ns (1.413%)  route 8.653ns (98.587%))
  Logic Levels:           1  (LUT1=1)
  Input Delay:            2.000ns
  Clock Path Skew:        1.570ns (DCD - SCD + CPR)
    Destination Clock Delay (DCD):    1.570ns = ( 11.570 - 10.000 ) 
    Source Clock Delay      (SCD):    0.000ns
    Clock Pessimism Removal (CPR):    0.000ns
  Clock Uncertainty:      0.135ns  ((TSJ^2 + TIJ^2)^1/2 + DJ) / 2 + PE + UU
    Total System Jitter     (TSJ):    0.071ns
    Total Input Jitter      (TIJ):    0.000ns
    Discrete Jitter          (DJ):    0.000ns
    Phase Error              (PE):    0.000ns
    User Uncertainty         (UU):    0.100ns

    Location             Delay type                Incr(ns)  Path(ns)    Netlist Resource(s)
  -------------------------------------------------------------------    -------------------
                         (clock system_clk rise edge)
                                                      0.000     0.000 r  
                         input delay                  2.000     2.000    
                                                      0.000     2.000 f  resetn (IN)
                         net (fo=49, unset)           0.973     2.973    cpu/picorv32_core/pcpi_mul/resetn
    SLICE_X21Y23         LUT1 (Prop_lut1_I0_O)        0.124     3.097 r  cpu/picorv32_core/pcpi_mul/trap_i_1/O
                         net (fo=716, routed)         7.680    10.777    cpu/picorv32_core/resetn_0
    SLICE_X28Y7          FDRE                                         r  cpu/picorv32_core/trap_reg/R
  -------------------------------------------------------------------    -------------------

                         (clock system_clk rise edge)
                                                     10.000    10.000 r  
                                                      0.000    10.000 r  clk (IN)
                         net (fo=1543, unset)         1.570    11.570    cpu/picorv32_core/clk
    SLICE_X28Y7          FDRE                                         r  cpu/picorv32_core/trap_reg/C
                         clock pessimism              0.000    11.570    
                         clock uncertainty           -0.135    11.435    
    SLICE_X28Y7          FDRE (Setup_fdre_C_R)       -0.429    11.006    cpu/picorv32_core/trap_reg
  -------------------------------------------------------------------
                         required time                         11.006    
                         arrival time                         -10.777    
  -------------------------------------------------------------------
                         slack                                  0.228    

Slack (MET) :             0.364ns  (required time - arrival time)
  Source:                 resetn
                            (input port clocked by system_clk  {rise@0.000ns fall@5.000ns period=10.000ns})
  Destination:            debug_regs_reg[8][16]/R
                            (rising edge-triggered cell FDRE clocked by system_clk  {rise@0.000ns fall@5.000ns period=10.000ns})
  Path Group:             system_clk
  Path Type:              Setup (Max at Slow Process Corner)
  Requirement:            10.000ns  (system_clk rise@10.000ns - system_clk rise@0.000ns)
  Data Path Delay:        8.648ns  (logic 0.124ns (1.434%)  route 8.524ns (98.566%))
  Logic Levels:           1  (LUT1=1)
  Input Delay:            2.000ns
  Clock Path Skew:        1.576ns (DCD - SCD + CPR)
    Destination Clock Delay (DCD):    1.576ns = ( 11.576 - 10.000 ) 
    Source Clock Delay      (SCD):    0.000ns
    Clock Pessimism Removal (CPR):    0.000ns
  Clock Uncertainty:      0.135ns  ((TSJ^2 + TIJ^2)^1/2 + DJ) / 2 + PE + UU
    Total System Jitter     (TSJ):    0.071ns
    Total Input Jitter      (TIJ):    0.000ns
    Discrete Jitter          (DJ):    0.000ns
    Phase Error              (PE):    0.000ns
    User Uncertainty         (UU):    0.100ns

    Location             Delay type                Incr(ns)  Path(ns)    Netlist Resource(s)
  -------------------------------------------------------------------    -------------------
                         (clock system_clk rise edge)
                                                      0.000     0.000 r  
                         input delay                  2.000     2.000    
                                                      0.000     2.000 f  resetn (IN)
                         net (fo=49, unset)           0.973     2.973    cpu/picorv32_core/pcpi_mul/resetn
    SLICE_X21Y23         LUT1 (Prop_lut1_I0_O)        0.124     3.097 r  cpu/picorv32_core/pcpi_mul/trap_i_1/O
                         net (fo=716, routed)         7.551    10.648    p_0_in
    SLICE_X23Y9          FDRE                                         r  debug_regs_reg[8][16]/R
  -------------------------------------------------------------------    -------------------

                         (clock system_clk rise edge)
                                                     10.000    10.000 r  
                                                      0.000    10.000 r  clk (IN)
                         net (fo=1543, unset)         1.576    11.576    clk
    SLICE_X23Y9          FDRE                                         r  debug_regs_reg[8][16]/C
                         clock pessimism              0.000    11.576    
                         clock uncertainty           -0.135    11.441    
    SLICE_X23Y9          FDRE (Setup_fdre_C_R)       -0.429    11.012    debug_regs_reg[8][16]
  -------------------------------------------------------------------
                         required time                         11.012    
                         arrival time                         -10.648    
  -------------------------------------------------------------------
                         slack                                  0.364    

Slack (MET) :             0.364ns  (required time - arrival time)
  Source:                 resetn
                            (input port clocked by system_clk  {rise@0.000ns fall@5.000ns period=10.000ns})
  Destination:            debug_regs_reg[8][17]/R
                            (rising edge-triggered cell FDRE clocked by system_clk  {rise@0.000ns fall@5.000ns period=10.000ns})
  Path Group:             system_clk
  Path Type:              Setup (Max at Slow Process Corner)
  Requirement:            10.000ns  (system_clk rise@10.000ns - system_clk rise@0.000ns)
  Data Path Delay:        8.648ns  (logic 0.124ns (1.434%)  route 8.524ns (98.566%))
  Logic Levels:           1  (LUT1=1)
  Input Delay:            2.000ns
  Clock Path Skew:        1.576ns (DCD - SCD + CPR)
    Destination Clock Delay (DCD):    1.576ns = ( 11.576 - 10.000 ) 
    Source Clock Delay      (SCD):    0.000ns
    Clock Pessimism Removal (CPR):    0.000ns
  Clock Uncertainty:      0.135ns  ((TSJ^2 + TIJ^2)^1/2 + DJ) / 2 + PE + UU
    Total System Jitter     (TSJ):    0.071ns
    Total Input Jitter      (TIJ):    0.000ns
    Discrete Jitter          (DJ):    0.000ns
    Phase Error              (PE):    0.000ns
    User Uncertainty         (UU):    0.100ns

    Location             Delay type                Incr(ns)  Path(ns)    Netlist Resource(s)
  -------------------------------------------------------------------    -------------------
                         (clock system_clk rise edge)
                                                      0.000     0.000 r  
                         input delay                  2.000     2.000    
                                                      0.000     2.000 f  resetn (IN)
                         net (fo=49, unset)           0.973     2.973    cpu/picorv32_core/pcpi_mul/resetn
    SLICE_X21Y23         LUT1 (Prop_lut1_I0_O)        0.124     3.097 r  cpu/picorv32_core/pcpi_mul/trap_i_1/O
                         net (fo=716, routed)         7.551    10.648    p_0_in
    SLICE_X23Y9          FDRE                                         r  debug_regs_reg[8][17]/R
  -------------------------------------------------------------------    -------------------

                         (clock system_clk rise edge)
                                                     10.000    10.000 r  
                                                      0.000    10.000 r  clk (IN)
                         net (fo=1543, unset)         1.576    11.576    clk
    SLICE_X23Y9          FDRE                                         r  debug_regs_reg[8][17]/C
                         clock pessimism              0.000    11.576    
                         clock uncertainty           -0.135    11.441    
    SLICE_X23Y9          FDRE (Setup_fdre_C_R)       -0.429    11.012    debug_regs_reg[8][17]
  -------------------------------------------------------------------
                         required time                         11.012    
                         arrival time                         -10.648    
  -------------------------------------------------------------------
                         slack                                  0.364    

Slack (MET) :             0.364ns  (required time - arrival time)
  Source:                 resetn
                            (input port clocked by system_clk  {rise@0.000ns fall@5.000ns period=10.000ns})
  Destination:            debug_regs_reg[8][21]/R
                            (rising edge-triggered cell FDRE clocked by system_clk  {rise@0.000ns fall@5.000ns period=10.000ns})
  Path Group:             system_clk
  Path Type:              Setup (Max at Slow Process Corner)
  Requirement:            10.000ns  (system_clk rise@10.000ns - system_clk rise@0.000ns)
  Data Path Delay:        8.648ns  (logic 0.124ns (1.434%)  route 8.524ns (98.566%))
  Logic Levels:           1  (LUT1=1)
  Input Delay:            2.000ns
  Clock Path Skew:        1.576ns (DCD - SCD + CPR)
    Destination Clock Delay (DCD):    1.576ns = ( 11.576 - 10.000 ) 
    Source Clock Delay      (SCD):    0.000ns
    Clock Pessimism Removal (CPR):    0.000ns
  Clock Uncertainty:      0.135ns  ((TSJ^2 + TIJ^2)^1/2 + DJ) / 2 + PE + UU
    Total System Jitter     (TSJ):    0.071ns
    Total Input Jitter      (TIJ):    0.000ns
    Discrete Jitter          (DJ):    0.000ns
    Phase Error              (PE):    0.000ns
    User Uncertainty         (UU):    0.100ns

    Location             Delay type                Incr(ns)  Path(ns)    Netlist Resource(s)
  -------------------------------------------------------------------    -------------------
                         (clock system_clk rise edge)
                                                      0.000     0.000 r  
                         input delay                  2.000     2.000    
                                                      0.000     2.000 f  resetn (IN)
                         net (fo=49, unset)           0.973     2.973    cpu/picorv32_core/pcpi_mul/resetn
    SLICE_X21Y23         LUT1 (Prop_lut1_I0_O)        0.124     3.097 r  cpu/picorv32_core/pcpi_mul/trap_i_1/O
                         net (fo=716, routed)         7.551    10.648    p_0_in
    SLICE_X23Y9          FDRE                                         r  debug_regs_reg[8][21]/R
  -------------------------------------------------------------------    -------------------

                         (clock system_clk rise edge)
                                                     10.000    10.000 r  
                                                      0.000    10.000 r  clk (IN)
                         net (fo=1543, unset)         1.576    11.576    clk
    SLICE_X23Y9          FDRE                                         r  debug_regs_reg[8][21]/C
                         clock pessimism              0.000    11.576    
                         clock uncertainty           -0.135    11.441    
    SLICE_X23Y9          FDRE (Setup_fdre_C_R)       -0.429    11.012    debug_regs_reg[8][21]
  -------------------------------------------------------------------
                         required time                         11.012    
                         arrival time                         -10.648    
  -------------------------------------------------------------------
                         slack                                  0.364    

Slack (MET) :             0.364ns  (required time - arrival time)
  Source:                 resetn
                            (input port clocked by system_clk  {rise@0.000ns fall@5.000ns period=10.000ns})
  Destination:            debug_regs_reg[8][22]/R
                            (rising edge-triggered cell FDRE clocked by system_clk  {rise@0.000ns fall@5.000ns period=10.000ns})
  Path Group:             system_clk
  Path Type:              Setup (Max at Slow Process Corner)
  Requirement:            10.000ns  (system_clk rise@10.000ns - system_clk rise@0.000ns)
  Data Path Delay:        8.648ns  (logic 0.124ns (1.434%)  route 8.524ns (98.566%))
  Logic Levels:           1  (LUT1=1)
  Input Delay:            2.000ns
  Clock Path Skew:        1.576ns (DCD - SCD + CPR)
    Destination Clock Delay (DCD):    1.576ns = ( 11.576 - 10.000 ) 
    Source Clock Delay      (SCD):    0.000ns
    Clock Pessimism Removal (CPR):    0.000ns
  Clock Uncertainty:      0.135ns  ((TSJ^2 + TIJ^2)^1/2 + DJ) / 2 + PE + UU
    Total System Jitter     (TSJ):    0.071ns
    Total Input Jitter      (TIJ):    0.000ns
    Discrete Jitter          (DJ):    0.000ns
    Phase Error              (PE):    0.000ns
    User Uncertainty         (UU):    0.100ns

    Location             Delay type                Incr(ns)  Path(ns)    Netlist Resource(s)
  -------------------------------------------------------------------    -------------------
                         (clock system_clk rise edge)
                                                      0.000     0.000 r  
                         input delay                  2.000     2.000    
                                                      0.000     2.000 f  resetn (IN)
                         net (fo=49, unset)           0.973     2.973    cpu/picorv32_core/pcpi_mul/resetn
    SLICE_X21Y23         LUT1 (Prop_lut1_I0_O)        0.124     3.097 r  cpu/picorv32_core/pcpi_mul/trap_i_1/O
                         net (fo=716, routed)         7.551    10.648    p_0_in
    SLICE_X23Y9          FDRE                                         r  debug_regs_reg[8][22]/R
  -------------------------------------------------------------------    -------------------

                         (clock system_clk rise edge)
                                                     10.000    10.000 r  
                                                      0.000    10.000 r  clk (IN)
                         net (fo=1543, unset)         1.576    11.576    clk
    SLICE_X23Y9          FDRE                                         r  debug_regs_reg[8][22]/C
                         clock pessimism              0.000    11.576    
                         clock uncertainty           -0.135    11.441    
    SLICE_X23Y9          FDRE (Setup_fdre_C_R)       -0.429    11.012    debug_regs_reg[8][22]
  -------------------------------------------------------------------
                         required time                         11.012    
                         arrival time                         -10.648    
  -------------------------------------------------------------------
                         slack                                  0.364    

Slack (MET) :             0.364ns  (required time - arrival time)
  Source:                 resetn
                            (input port clocked by system_clk  {rise@0.000ns fall@5.000ns period=10.000ns})
  Destination:            debug_regs_reg[8][23]/R
                            (rising edge-triggered cell FDRE clocked by system_clk  {rise@0.000ns fall@5.000ns period=10.000ns})
  Path Group:             system_clk
  Path Type:              Setup (Max at Slow Process Corner)
  Requirement:            10.000ns  (system_clk rise@10.000ns - system_clk rise@0.000ns)
  Data Path Delay:        8.648ns  (logic 0.124ns (1.434%)  route 8.524ns (98.566%))
  Logic Levels:           1  (LUT1=1)
  Input Delay:            2.000ns
  Clock Path Skew:        1.576ns (DCD - SCD + CPR)
    Destination Clock Delay (DCD):    1.576ns = ( 11.576 - 10.000 ) 
    Source Clock Delay      (SCD):    0.000ns
    Clock Pessimism Removal (CPR):    0.000ns
  Clock Uncertainty:      0.135ns  ((TSJ^2 + TIJ^2)^1/2 + DJ) / 2 + PE + UU
    Total System Jitter     (TSJ):    0.071ns
    Total Input Jitter      (TIJ):    0.000ns
    Discrete Jitter          (DJ):    0.000ns
    Phase Error              (PE):    0.000ns
    User Uncertainty         (UU):    0.100ns

    Location             Delay type                Incr(ns)  Path(ns)    Netlist Resource(s)
  -------------------------------------------------------------------    -------------------
                         (clock system_clk rise edge)
                                                      0.000     0.000 r  
                         input delay                  2.000     2.000    
                                                      0.000     2.000 f  resetn (IN)
                         net (fo=49, unset)           0.973     2.973    cpu/picorv32_core/pcpi_mul/resetn
    SLICE_X21Y23         LUT1 (Prop_lut1_I0_O)        0.124     3.097 r  cpu/picorv32_core/pcpi_mul/trap_i_1/O
                         net (fo=716, routed)         7.551    10.648    p_0_in
    SLICE_X23Y9          FDRE                                         r  debug_regs_reg[8][23]/R
  -------------------------------------------------------------------    -------------------

                         (clock system_clk rise edge)
                                                     10.000    10.000 r  
                                                      0.000    10.000 r  clk (IN)
                         net (fo=1543, unset)         1.576    11.576    clk
    SLICE_X23Y9          FDRE                                         r  debug_regs_reg[8][23]/C
                         clock pessimism              0.000    11.576    
                         clock uncertainty           -0.135    11.441    
    SLICE_X23Y9          FDRE (Setup_fdre_C_R)       -0.429    11.012    debug_regs_reg[8][23]
  -------------------------------------------------------------------
                         required time                         11.012    
                         arrival time                         -10.648    
  -------------------------------------------------------------------
                         slack                                  0.364    

Slack (MET) :             0.372ns  (required time - arrival time)
  Source:                 resetn
                            (input port clocked by system_clk  {rise@0.000ns fall@5.000ns period=10.000ns})
  Destination:            debug_regs_reg[4][12]/R
                            (rising edge-triggered cell FDRE clocked by system_clk  {rise@0.000ns fall@5.000ns period=10.000ns})
  Path Group:             system_clk
  Path Type:              Setup (Max at Slow Process Corner)
  Requirement:            10.000ns  (system_clk rise@10.000ns - system_clk rise@0.000ns)
  Data Path Delay:        8.634ns  (logic 0.124ns (1.436%)  route 8.510ns (98.564%))
  Logic Levels:           1  (LUT1=1)
  Input Delay:            2.000ns
  Clock Path Skew:        1.571ns (DCD - SCD + CPR)
    Destination Clock Delay (DCD):    1.571ns = ( 11.571 - 10.000 ) 
    Source Clock Delay      (SCD):    0.000ns
    Clock Pessimism Removal (CPR):    0.000ns
  Clock Uncertainty:      0.135ns  ((TSJ^2 + TIJ^2)^1/2 + DJ) / 2 + PE + UU
    Total System Jitter     (TSJ):    0.071ns
    Total Input Jitter      (TIJ):    0.000ns
    Discrete Jitter          (DJ):    0.000ns
    Phase Error              (PE):    0.000ns
    User Uncertainty         (UU):    0.100ns

    Location             Delay type                Incr(ns)  Path(ns)    Netlist Resource(s)
  -------------------------------------------------------------------    -------------------
                         (clock system_clk rise edge)
                                                      0.000     0.000 r  
                         input delay                  2.000     2.000    
                                                      0.000     2.000 f  resetn (IN)
                         net (fo=49, unset)           0.973     2.973    cpu/picorv32_core/pcpi_mul/resetn
    SLICE_X21Y23         LUT1 (Prop_lut1_I0_O)        0.124     3.097 r  cpu/picorv32_core/pcpi_mul/trap_i_1/O
                         net (fo=716, routed)         7.537    10.634    p_0_in
    SLICE_X29Y6          FDRE                                         r  debug_regs_reg[4][12]/R
  -------------------------------------------------------------------    -------------------

                         (clock system_clk rise edge)
                                                     10.000    10.000 r  
                                                      0.000    10.000 r  clk (IN)
                         net (fo=1543, unset)         1.571    11.571    clk
    SLICE_X29Y6          FDRE                                         r  debug_regs_reg[4][12]/C
                         clock pessimism              0.000    11.571    
                         clock uncertainty           -0.135    11.436    
    SLICE_X29Y6          FDRE (Setup_fdre_C_R)       -0.429    11.007    debug_regs_reg[4][12]
  -------------------------------------------------------------------
                         required time                         11.007    
                         arrival time                         -10.634    
  -------------------------------------------------------------------
                         slack                                  0.372    

Slack (MET) :             0.372ns  (required time - arrival time)
  Source:                 resetn
                            (input port clocked by system_clk  {rise@0.000ns fall@5.000ns period=10.000ns})
  Destination:            debug_regs_reg[4][14]/R
                            (rising edge-triggered cell FDRE clocked by system_clk  {rise@0.000ns fall@5.000ns period=10.000ns})
  Path Group:             system_clk
  Path Type:              Setup (Max at Slow Process Corner)
  Requirement:            10.000ns  (system_clk rise@10.000ns - system_clk rise@0.000ns)
  Data Path Delay:        8.634ns  (logic 0.124ns (1.436%)  route 8.510ns (98.564%))
  Logic Levels:           1  (LUT1=1)
  Input Delay:            2.000ns
  Clock Path Skew:        1.571ns (DCD - SCD + CPR)
    Destination Clock Delay (DCD):    1.571ns = ( 11.571 - 10.000 ) 
    Source Clock Delay      (SCD):    0.000ns
    Clock Pessimism Removal (CPR):    0.000ns
  Clock Uncertainty:      0.135ns  ((TSJ^2 + TIJ^2)^1/2 + DJ) / 2 + PE + UU
    Total System Jitter     (TSJ):    0.071ns
    Total Input Jitter      (TIJ):    0.000ns
    Discrete Jitter          (DJ):    0.000ns
    Phase Error              (PE):    0.000ns
    User Uncertainty         (UU):    0.100ns

    Location             Delay type                Incr(ns)  Path(ns)    Netlist Resource(s)
  -------------------------------------------------------------------    -------------------
                         (clock system_clk rise edge)
                                                      0.000     0.000 r  
                         input delay                  2.000     2.000    
                                                      0.000     2.000 f  resetn (IN)
                         net (fo=49, unset)           0.973     2.973    cpu/picorv32_core/pcpi_mul/resetn
    SLICE_X21Y23         LUT1 (Prop_lut1_I0_O)        0.124     3.097 r  cpu/picorv32_core/pcpi_mul/trap_i_1/O
                         net (fo=716, routed)         7.537    10.634    p_0_in
    SLICE_X29Y6          FDRE                                         r  debug_regs_reg[4][14]/R
  -------------------------------------------------------------------    -------------------

                         (clock system_clk rise edge)
                                                     10.000    10.000 r  
                                                      0.000    10.000 r  clk (IN)
                         net (fo=1543, unset)         1.571    11.571    clk
    SLICE_X29Y6          FDRE                                         r  debug_regs_reg[4][14]/C
                         clock pessimism              0.000    11.571    
                         clock uncertainty           -0.135    11.436    
    SLICE_X29Y6          FDRE (Setup_fdre_C_R)       -0.429    11.007    debug_regs_reg[4][14]
  -------------------------------------------------------------------
                         required time                         11.007    
                         arrival time                         -10.634    
  -------------------------------------------------------------------
                         slack                                  0.372    

Slack (MET) :             0.372ns  (required time - arrival time)
  Source:                 resetn
                            (input port clocked by system_clk  {rise@0.000ns fall@5.000ns period=10.000ns})
  Destination:            debug_regs_reg[4][8]/R
                            (rising edge-triggered cell FDRE clocked by system_clk  {rise@0.000ns fall@5.000ns period=10.000ns})
  Path Group:             system_clk
  Path Type:              Setup (Max at Slow Process Corner)
  Requirement:            10.000ns  (system_clk rise@10.000ns - system_clk rise@0.000ns)
  Data Path Delay:        8.634ns  (logic 0.124ns (1.436%)  route 8.510ns (98.564%))
  Logic Levels:           1  (LUT1=1)
  Input Delay:            2.000ns
  Clock Path Skew:        1.571ns (DCD - SCD + CPR)
    Destination Clock Delay (DCD):    1.571ns = ( 11.571 - 10.000 ) 
    Source Clock Delay      (SCD):    0.000ns
    Clock Pessimism Removal (CPR):    0.000ns
  Clock Uncertainty:      0.135ns  ((TSJ^2 + TIJ^2)^1/2 + DJ) / 2 + PE + UU
    Total System Jitter     (TSJ):    0.071ns
    Total Input Jitter      (TIJ):    0.000ns
    Discrete Jitter          (DJ):    0.000ns
    Phase Error              (PE):    0.000ns
    User Uncertainty         (UU):    0.100ns

    Location             Delay type                Incr(ns)  Path(ns)    Netlist Resource(s)
  -------------------------------------------------------------------    -------------------
                         (clock system_clk rise edge)
                                                      0.000     0.000 r  
                         input delay                  2.000     2.000    
                                                      0.000     2.000 f  resetn (IN)
                         net (fo=49, unset)           0.973     2.973    cpu/picorv32_core/pcpi_mul/resetn
    SLICE_X21Y23         LUT1 (Prop_lut1_I0_O)        0.124     3.097 r  cpu/picorv32_core/pcpi_mul/trap_i_1/O
                         net (fo=716, routed)         7.537    10.634    p_0_in
    SLICE_X29Y6          FDRE                                         r  debug_regs_reg[4][8]/R
  -------------------------------------------------------------------    -------------------

                         (clock system_clk rise edge)
                                                     10.000    10.000 r  
                                                      0.000    10.000 r  clk (IN)
                         net (fo=1543, unset)         1.571    11.571    clk
    SLICE_X29Y6          FDRE                                         r  debug_regs_reg[4][8]/C
                         clock pessimism              0.000    11.571    
                         clock uncertainty           -0.135    11.436    
    SLICE_X29Y6          FDRE (Setup_fdre_C_R)       -0.429    11.007    debug_regs_reg[4][8]
  -------------------------------------------------------------------
                         required time                         11.007    
                         arrival time                         -10.634    
  -------------------------------------------------------------------
                         slack                                  0.372    

Slack (MET) :             0.372ns  (required time - arrival time)
  Source:                 resetn
                            (input port clocked by system_clk  {rise@0.000ns fall@5.000ns period=10.000ns})
  Destination:            debug_regs_reg[4][9]/R
                            (rising edge-triggered cell FDRE clocked by system_clk  {rise@0.000ns fall@5.000ns period=10.000ns})
  Path Group:             system_clk
  Path Type:              Setup (Max at Slow Process Corner)
  Requirement:            10.000ns  (system_clk rise@10.000ns - system_clk rise@0.000ns)
  Data Path Delay:        8.634ns  (logic 0.124ns (1.436%)  route 8.510ns (98.564%))
  Logic Levels:           1  (LUT1=1)
  Input Delay:            2.000ns
  Clock Path Skew:        1.571ns (DCD - SCD + CPR)
    Destination Clock Delay (DCD):    1.571ns = ( 11.571 - 10.000 ) 
    Source Clock Delay      (SCD):    0.000ns
    Clock Pessimism Removal (CPR):    0.000ns
  Clock Uncertainty:      0.135ns  ((TSJ^2 + TIJ^2)^1/2 + DJ) / 2 + PE + UU
    Total System Jitter     (TSJ):    0.071ns
    Total Input Jitter      (TIJ):    0.000ns
    Discrete Jitter          (DJ):    0.000ns
    Phase Error              (PE):    0.000ns
    User Uncertainty         (UU):    0.100ns

    Location             Delay type                Incr(ns)  Path(ns)    Netlist Resource(s)
  -------------------------------------------------------------------    -------------------
                         (clock system_clk rise edge)
                                                      0.000     0.000 r  
                         input delay                  2.000     2.000    
                                                      0.000     2.000 f  resetn (IN)
                         net (fo=49, unset)           0.973     2.973    cpu/picorv32_core/pcpi_mul/resetn
    SLICE_X21Y23         LUT1 (Prop_lut1_I0_O)        0.124     3.097 r  cpu/picorv32_core/pcpi_mul/trap_i_1/O
                         net (fo=716, routed)         7.537    10.634    p_0_in
    SLICE_X29Y6          FDRE                                         r  debug_regs_reg[4][9]/R
  -------------------------------------------------------------------    -------------------

                         (clock system_clk rise edge)
                                                     10.000    10.000 r  
                                                      0.000    10.000 r  clk (IN)
                         net (fo=1543, unset)         1.571    11.571    clk
    SLICE_X29Y6          FDRE                                         r  debug_regs_reg[4][9]/C
                         clock pessimism              0.000    11.571    
                         clock uncertainty           -0.135    11.436    
    SLICE_X29Y6          FDRE (Setup_fdre_C_R)       -0.429    11.007    debug_regs_reg[4][9]
  -------------------------------------------------------------------
                         required time                         11.007    
                         arrival time                         -10.634    
  -------------------------------------------------------------------
                         slack                                  0.372    




