Copyright 1986-2022 Xilinx, Inc. All Rights Reserved. Copyright 2022-2024 Advanced Micro Devices, Inc. All Rights Reserved.
---------------------------------------------------------------------------------------------------------------------------------------------
| Tool Version : Vivado v.2024.2 (win64) Build 5239630 Fri Nov 08 22:35:27 MST 2024
| Date         : Sun Oct  4 11:45:10 2026
| Host         : DESKTOP-H0SRFHK running 64-bit major release  (build 9200)
| Command      : report_clocks -file E:/hls/k4sys/20261004_113341/cpu_only/reports/synth_clocks.rpt
| Design       : cpu_benchmark_system
| Device       : 7z020-clg400
| Speed File   : -1  PRODUCTION 1.12 2019-11-22
| Design State : Synthesized
---------------------------------------------------------------------------------------------------------------------------------------------

Clock Report


Attributes
  P: Propagated
  G: Generated
  A: Auto-derived
  R: Renamed
  V: Virtual
  I: Inverted
  S: Pin phase-shifted with Latency mode

Clock       Period(ns)  Waveform(ns)   Attributes  Sources
system_clk  10.000      {0.000 5.000}  P           {clk}


====================================================
Generated Clocks
====================================================



====================================================
User Uncertainty
====================================================

From Clock  To Clock    Setup(ns)  Hold(ns)  Edges
system_clk  system_clk  0.100      0.100     rf -> rf


====================================================
User Jitter
====================================================


