Copyright 1986-2022 Xilinx, Inc. All Rights Reserved. Copyright 2022-2024 Advanced Micro Devices, Inc. All Rights Reserved.
---------------------------------------------------------------------------------------------------------------------------------------------
| Tool Version : Vivado v.2024.2 (win64) Build 5239630 Fri Nov 08 22:35:27 MST 2024
| Date         : Sun Oct  4 15:54:58 2026
| Host         : DESKTOP-H0SRFHK running 64-bit major release  (build 9200)
| Command      : report_timing -delay_type min -max_paths 10 -file E:/hls/k4board/20261004_152222/board/reports/hold_paths.rpt
| Design       : mlkem1024_keccak_pynqz2_top
| Device       : 7z020-clg400
| Speed File   : -1  PRODUCTION 1.12 2019-11-22
| Design State : Routed
---------------------------------------------------------------------------------------------------------------------------------------------

Timing Report

Slack (MET) :             0.027ns  (arrival time - required time)
  Source:                 system_i/adapter_i/hls_i/state_12_5_ph_reg_2256_reg[28]/C
                            (rising edge-triggered cell FDRE clocked by clk100_raw  {rise@0.000ns fall@5.000ns period=10.000ns})
  Destination:            system_i/adapter_i/hls_i/state_12_5_fu_632_reg[28]/D
                            (rising edge-triggered cell FDRE clocked by clk100_raw  {rise@0.000ns fall@5.000ns period=10.000ns})
  Path Group:             clk100_raw
  Path Type:              Hold (Min at Fast Process Corner)
  Requirement:            0.000ns  (clk100_raw rise@0.000ns - clk100_raw rise@0.000ns)
  Data Path Delay:        0.480ns  (logic 0.186ns (38.772%)  route 0.294ns (61.228%))
  Logic Levels:           1  (LUT4=1)
  Clock Path Skew:        0.261ns (DCD - SCD - CPR)
    Destination Clock Delay (DCD):    -0.921ns
    Source Clock Delay      (SCD):    -0.678ns
    Clock Pessimism Removal (CPR):    -0.504ns
  Clock Uncertainty:      0.100ns  ((TSJ^2 + DJ^2)^1/2) / 2 + PE + UU
    Total System Jitter     (TSJ):    0.000ns
    Discrete Jitter          (DJ):    0.000ns
    Phase Error              (PE):    0.000ns
    User Uncertainty         (UU):    0.100ns

    Location             Delay type                Incr(ns)  Path(ns)    Netlist Resource(s)
  -------------------------------------------------------------------    -------------------
                         (clock clk100_raw rise edge)
                                                      0.000     0.000 r  
    H16                                               0.000     0.000 r  sys_clk (IN)
                         net (fo=0)                   0.000     0.000    sys_clk
    H16                  IBUF (Prop_ibuf_I_O)         0.219     0.219 r  sys_clk_IBUF_inst/O
                         net (fo=1, routed)           0.440     0.659    sys_clk_IBUF
    MMCME2_ADV_X1Y2      MMCME2_ADV (Prop_mmcme2_adv_CLKIN1_CLKOUT0)
                                                     -2.613    -1.954 r  clock_manager/CLKOUT0
                         net (fo=1, routed)           0.696    -1.257    clk100_raw
    BUFGCTRL_X0Y16       BUFG (Prop_bufg_I_O)         0.026    -1.231 r  system_clock_buffer/O
                         net (fo=17125, routed)       0.553    -0.678    system_i/adapter_i/hls_i/clk100
    SLICE_X53Y97         FDRE                                         r  system_i/adapter_i/hls_i/state_12_5_ph_reg_2256_reg[28]/C
  -------------------------------------------------------------------    -------------------
    SLICE_X53Y97         FDRE (Prop_fdre_C_Q)         0.141    -0.537 r  system_i/adapter_i/hls_i/state_12_5_ph_reg_2256_reg[28]/Q
                         net (fo=1, routed)           0.294    -0.244    system_i/adapter_i/hls_i/grp_p_anonymous_namespace_keccak_f1600_fu_2505/flow_control_loop_pipe_sequential_init_U/state_12_5_fu_632_reg[63][28]
    SLICE_X49Y86         LUT4 (Prop_lut4_I2_O)        0.045    -0.199 r  system_i/adapter_i/hls_i/grp_p_anonymous_namespace_keccak_f1600_fu_2505/flow_control_loop_pipe_sequential_init_U/state_12_5_fu_632[28]_i_1/O
                         net (fo=1, routed)           0.000    -0.199    system_i/adapter_i/hls_i/grp_p_anonymous_namespace_keccak_f1600_fu_2505_n_3920
    SLICE_X49Y86         FDRE                                         r  system_i/adapter_i/hls_i/state_12_5_fu_632_reg[28]/D
  -------------------------------------------------------------------    -------------------

                         (clock clk100_raw rise edge)
                                                      0.000     0.000 r  
    H16                                               0.000     0.000 r  sys_clk (IN)
                         net (fo=0)                   0.000     0.000    sys_clk
    H16                  IBUF (Prop_ibuf_I_O)         0.406     0.406 r  sys_clk_IBUF_inst/O
                         net (fo=1, routed)           0.480     0.886    sys_clk_IBUF
    MMCME2_ADV_X1Y2      MMCME2_ADV (Prop_mmcme2_adv_CLKIN1_CLKOUT0)
                                                     -3.407    -2.521 r  clock_manager/CLKOUT0
                         net (fo=1, routed)           0.752    -1.769    clk100_raw
    BUFGCTRL_X0Y16       BUFG (Prop_bufg_I_O)         0.029    -1.740 r  system_clock_buffer/O
                         net (fo=17125, routed)       0.819    -0.921    system_i/adapter_i/hls_i/clk100
    SLICE_X49Y86         FDRE                                         r  system_i/adapter_i/hls_i/state_12_5_fu_632_reg[28]/C
                         clock pessimism              0.504    -0.417    
                         clock uncertainty            0.100    -0.317    
    SLICE_X49Y86         FDRE (Hold_fdre_C_D)         0.091    -0.226    system_i/adapter_i/hls_i/state_12_5_fu_632_reg[28]
  -------------------------------------------------------------------
                         required time                          0.226    
                         arrival time                          -0.199    
  -------------------------------------------------------------------
                         slack                                  0.027    

Slack (MET) :             0.028ns  (arrival time - required time)
  Source:                 system_i/cpu/picorv32_core/latched_rd_reg[3]/C
                            (rising edge-triggered cell FDRE clocked by clk100_raw  {rise@0.000ns fall@5.000ns period=10.000ns})
  Destination:            system_i/cpu/picorv32_core/cpuregs_reg_r1_0_31_0_5/RAMA/WADR3
                            (rising edge-triggered cell RAMD32 clocked by clk100_raw  {rise@0.000ns fall@5.000ns period=10.000ns})
  Path Group:             clk100_raw
  Path Type:              Hold (Min at Fast Process Corner)
  Requirement:            0.000ns  (clk100_raw rise@0.000ns - clk100_raw rise@0.000ns)
  Data Path Delay:        0.402ns  (logic 0.141ns (35.087%)  route 0.261ns (64.913%))
  Logic Levels:           0  
  Clock Path Skew:        0.034ns (DCD - SCD - CPR)
    Destination Clock Delay (DCD):    -0.911ns
    Source Clock Delay      (SCD):    -0.670ns
    Clock Pessimism Removal (CPR):    -0.275ns
  Clock Uncertainty:      0.100ns  ((TSJ^2 + DJ^2)^1/2) / 2 + PE + UU
    Total System Jitter     (TSJ):    0.000ns
    Discrete Jitter          (DJ):    0.000ns
    Phase Error              (PE):    0.000ns
    User Uncertainty         (UU):    0.100ns

    Location             Delay type                Incr(ns)  Path(ns)    Netlist Resource(s)
  -------------------------------------------------------------------    -------------------
                         (clock clk100_raw rise edge)
                                                      0.000     0.000 r  
    H16                                               0.000     0.000 r  sys_clk (IN)
                         net (fo=0)                   0.000     0.000    sys_clk
    H16                  IBUF (Prop_ibuf_I_O)         0.219     0.219 r  sys_clk_IBUF_inst/O
                         net (fo=1, routed)           0.440     0.659    sys_clk_IBUF
    MMCME2_ADV_X1Y2      MMCME2_ADV (Prop_mmcme2_adv_CLKIN1_CLKOUT0)
                                                     -2.613    -1.954 r  clock_manager/CLKOUT0
                         net (fo=1, routed)           0.696    -1.257    clk100_raw
    BUFGCTRL_X0Y16       BUFG (Prop_bufg_I_O)         0.026    -1.231 r  system_clock_buffer/O
                         net (fo=17125, routed)       0.562    -0.670    system_i/cpu/picorv32_core/clk100
    SLICE_X43Y5          FDRE                                         r  system_i/cpu/picorv32_core/latched_rd_reg[3]/C
  -------------------------------------------------------------------    -------------------
    SLICE_X43Y5          FDRE (Prop_fdre_C_Q)         0.141    -0.529 r  system_i/cpu/picorv32_core/latched_rd_reg[3]/Q
                         net (fo=93, routed)          0.261    -0.268    system_i/cpu/picorv32_core/cpuregs_reg_r1_0_31_0_5/ADDRD3
    SLICE_X38Y4          RAMD32                                       r  system_i/cpu/picorv32_core/cpuregs_reg_r1_0_31_0_5/RAMA/WADR3
  -------------------------------------------------------------------    -------------------

                         (clock clk100_raw rise edge)
                                                      0.000     0.000 r  
    H16                                               0.000     0.000 r  sys_clk (IN)
                         net (fo=0)                   0.000     0.000    sys_clk
    H16                  IBUF (Prop_ibuf_I_O)         0.406     0.406 r  sys_clk_IBUF_inst/O
                         net (fo=1, routed)           0.480     0.886    sys_clk_IBUF
    MMCME2_ADV_X1Y2      MMCME2_ADV (Prop_mmcme2_adv_CLKIN1_CLKOUT0)
                                                     -3.407    -2.521 r  clock_manager/CLKOUT0
                         net (fo=1, routed)           0.752    -1.769    clk100_raw
    BUFGCTRL_X0Y16       BUFG (Prop_bufg_I_O)         0.029    -1.740 r  system_clock_buffer/O
                         net (fo=17125, routed)       0.829    -0.911    system_i/cpu/picorv32_core/cpuregs_reg_r1_0_31_0_5/WCLK
    SLICE_X38Y4          RAMD32                                       r  system_i/cpu/picorv32_core/cpuregs_reg_r1_0_31_0_5/RAMA/CLK
                         clock pessimism              0.275    -0.636    
                         clock uncertainty            0.100    -0.536    
    SLICE_X38Y4          RAMD32 (Hold_ramd32_CLK_WADR3)
                                                      0.240    -0.296    system_i/cpu/picorv32_core/cpuregs_reg_r1_0_31_0_5/RAMA
  -------------------------------------------------------------------
                         required time                          0.296    
                         arrival time                          -0.268    
  -------------------------------------------------------------------
                         slack                                  0.028    

Slack (MET) :             0.028ns  (arrival time - required time)
  Source:                 system_i/cpu/picorv32_core/latched_rd_reg[3]/C
                            (rising edge-triggered cell FDRE clocked by clk100_raw  {rise@0.000ns fall@5.000ns period=10.000ns})
  Destination:            system_i/cpu/picorv32_core/cpuregs_reg_r1_0_31_0_5/RAMA_D1/WADR3
                            (rising edge-triggered cell RAMD32 clocked by clk100_raw  {rise@0.000ns fall@5.000ns period=10.000ns})
  Path Group:             clk100_raw
  Path Type:              Hold (Min at Fast Process Corner)
  Requirement:            0.000ns  (clk100_raw rise@0.000ns - clk100_raw rise@0.000ns)
  Data Path Delay:        0.402ns  (logic 0.141ns (35.087%)  route 0.261ns (64.913%))
  Logic Levels:           0  
  Clock Path Skew:        0.034ns (DCD - SCD - CPR)
    Destination Clock Delay (DCD):    -0.911ns
    Source Clock Delay      (SCD):    -0.670ns
    Clock Pessimism Removal (CPR):    -0.275ns
  Clock Uncertainty:      0.100ns  ((TSJ^2 + DJ^2)^1/2) / 2 + PE + UU
    Total System Jitter     (TSJ):    0.000ns
    Discrete Jitter          (DJ):    0.000ns
    Phase Error              (PE):    0.000ns
    User Uncertainty         (UU):    0.100ns

    Location             Delay type                Incr(ns)  Path(ns)    Netlist Resource(s)
  -------------------------------------------------------------------    -------------------
                         (clock clk100_raw rise edge)
                                                      0.000     0.000 r  
    H16                                               0.000     0.000 r  sys_clk (IN)
                         net (fo=0)                   0.000     0.000    sys_clk
    H16                  IBUF (Prop_ibuf_I_O)         0.219     0.219 r  sys_clk_IBUF_inst/O
                         net (fo=1, routed)           0.440     0.659    sys_clk_IBUF
    MMCME2_ADV_X1Y2      MMCME2_ADV (Prop_mmcme2_adv_CLKIN1_CLKOUT0)
                                                     -2.613    -1.954 r  clock_manager/CLKOUT0
                         net (fo=1, routed)           0.696    -1.257    clk100_raw
    BUFGCTRL_X0Y16       BUFG (Prop_bufg_I_O)         0.026    -1.231 r  system_clock_buffer/O
                         net (fo=17125, routed)       0.562    -0.670    system_i/cpu/picorv32_core/clk100
    SLICE_X43Y5          FDRE                                         r  system_i/cpu/picorv32_core/latched_rd_reg[3]/C
  -------------------------------------------------------------------    -------------------
    SLICE_X43Y5          FDRE (Prop_fdre_C_Q)         0.141    -0.529 r  system_i/cpu/picorv32_core/latched_rd_reg[3]/Q
                         net (fo=93, routed)          0.261    -0.268    system_i/cpu/picorv32_core/cpuregs_reg_r1_0_31_0_5/ADDRD3
    SLICE_X38Y4          RAMD32                                       r  system_i/cpu/picorv32_core/cpuregs_reg_r1_0_31_0_5/RAMA_D1/WADR3
  -------------------------------------------------------------------    -------------------

                         (clock clk100_raw rise edge)
                                                      0.000     0.000 r  
    H16                                               0.000     0.000 r  sys_clk (IN)
                         net (fo=0)                   0.000     0.000    sys_clk
    H16                  IBUF (Prop_ibuf_I_O)         0.406     0.406 r  sys_clk_IBUF_inst/O
                         net (fo=1, routed)           0.480     0.886    sys_clk_IBUF
    MMCME2_ADV_X1Y2      MMCME2_ADV (Prop_mmcme2_adv_CLKIN1_CLKOUT0)
                                                     -3.407    -2.521 r  clock_manager/CLKOUT0
                         net (fo=1, routed)           0.752    -1.769    clk100_raw
    BUFGCTRL_X0Y16       BUFG (Prop_bufg_I_O)         0.029    -1.740 r  system_clock_buffer/O
                         net (fo=17125, routed)       0.829    -0.911    system_i/cpu/picorv32_core/cpuregs_reg_r1_0_31_0_5/WCLK
    SLICE_X38Y4          RAMD32                                       r  system_i/cpu/picorv32_core/cpuregs_reg_r1_0_31_0_5/RAMA_D1/CLK
                         clock pessimism              0.275    -0.636    
                         clock uncertainty            0.100    -0.536    
    SLICE_X38Y4          RAMD32 (Hold_ramd32_CLK_WADR3)
                                                      0.240    -0.296    system_i/cpu/picorv32_core/cpuregs_reg_r1_0_31_0_5/RAMA_D1
  -------------------------------------------------------------------
                         required time                          0.296    
                         arrival time                          -0.268    
  -------------------------------------------------------------------
                         slack                                  0.028    

Slack (MET) :             0.028ns  (arrival time - required time)
  Source:                 system_i/cpu/picorv32_core/latched_rd_reg[3]/C
                            (rising edge-triggered cell FDRE clocked by clk100_raw  {rise@0.000ns fall@5.000ns period=10.000ns})
  Destination:            system_i/cpu/picorv32_core/cpuregs_reg_r1_0_31_0_5/RAMB/WADR3
                            (rising edge-triggered cell RAMD32 clocked by clk100_raw  {rise@0.000ns fall@5.000ns period=10.000ns})
  Path Group:             clk100_raw
  Path Type:              Hold (Min at Fast Process Corner)
  Requirement:            0.000ns  (clk100_raw rise@0.000ns - clk100_raw rise@0.000ns)
  Data Path Delay:        0.402ns  (logic 0.141ns (35.087%)  route 0.261ns (64.913%))
  Logic Levels:           0  
  Clock Path Skew:        0.034ns (DCD - SCD - CPR)
    Destination Clock Delay (DCD):    -0.911ns
    Source Clock Delay      (SCD):    -0.670ns
    Clock Pessimism Removal (CPR):    -0.275ns
  Clock Uncertainty:      0.100ns  ((TSJ^2 + DJ^2)^1/2) / 2 + PE + UU
    Total System Jitter     (TSJ):    0.000ns
    Discrete Jitter          (DJ):    0.000ns
    Phase Error              (PE):    0.000ns
    User Uncertainty         (UU):    0.100ns

    Location             Delay type                Incr(ns)  Path(ns)    Netlist Resource(s)
  -------------------------------------------------------------------    -------------------
                         (clock clk100_raw rise edge)
                                                      0.000     0.000 r  
    H16                                               0.000     0.000 r  sys_clk (IN)
                         net (fo=0)                   0.000     0.000    sys_clk
    H16                  IBUF (Prop_ibuf_I_O)         0.219     0.219 r  sys_clk_IBUF_inst/O
                         net (fo=1, routed)           0.440     0.659    sys_clk_IBUF
    MMCME2_ADV_X1Y2      MMCME2_ADV (Prop_mmcme2_adv_CLKIN1_CLKOUT0)
                                                     -2.613    -1.954 r  clock_manager/CLKOUT0
                         net (fo=1, routed)           0.696    -1.257    clk100_raw
    BUFGCTRL_X0Y16       BUFG (Prop_bufg_I_O)         0.026    -1.231 r  system_clock_buffer/O
                         net (fo=17125, routed)       0.562    -0.670    system_i/cpu/picorv32_core/clk100
    SLICE_X43Y5          FDRE                                         r  system_i/cpu/picorv32_core/latched_rd_reg[3]/C
  -------------------------------------------------------------------    -------------------
    SLICE_X43Y5          FDRE (Prop_fdre_C_Q)         0.141    -0.529 r  system_i/cpu/picorv32_core/latched_rd_reg[3]/Q
                         net (fo=93, routed)          0.261    -0.268    system_i/cpu/picorv32_core/cpuregs_reg_r1_0_31_0_5/ADDRD3
    SLICE_X38Y4          RAMD32                                       r  system_i/cpu/picorv32_core/cpuregs_reg_r1_0_31_0_5/RAMB/WADR3
  -------------------------------------------------------------------    -------------------

                         (clock clk100_raw rise edge)
                                                      0.000     0.000 r  
    H16                                               0.000     0.000 r  sys_clk (IN)
                         net (fo=0)                   0.000     0.000    sys_clk
    H16                  IBUF (Prop_ibuf_I_O)         0.406     0.406 r  sys_clk_IBUF_inst/O
                         net (fo=1, routed)           0.480     0.886    sys_clk_IBUF
    MMCME2_ADV_X1Y2      MMCME2_ADV (Prop_mmcme2_adv_CLKIN1_CLKOUT0)
                                                     -3.407    -2.521 r  clock_manager/CLKOUT0
                         net (fo=1, routed)           0.752    -1.769    clk100_raw
    BUFGCTRL_X0Y16       BUFG (Prop_bufg_I_O)         0.029    -1.740 r  system_clock_buffer/O
                         net (fo=17125, routed)       0.829    -0.911    system_i/cpu/picorv32_core/cpuregs_reg_r1_0_31_0_5/WCLK
    SLICE_X38Y4          RAMD32                                       r  system_i/cpu/picorv32_core/cpuregs_reg_r1_0_31_0_5/RAMB/CLK
                         clock pessimism              0.275    -0.636    
                         clock uncertainty            0.100    -0.536    
    SLICE_X38Y4          RAMD32 (Hold_ramd32_CLK_WADR3)
                                                      0.240    -0.296    system_i/cpu/picorv32_core/cpuregs_reg_r1_0_31_0_5/RAMB
  -------------------------------------------------------------------
                         required time                          0.296    
                         arrival time                          -0.268    
  -------------------------------------------------------------------
                         slack                                  0.028    

Slack (MET) :             0.028ns  (arrival time - required time)
  Source:                 system_i/cpu/picorv32_core/latched_rd_reg[3]/C
                            (rising edge-triggered cell FDRE clocked by clk100_raw  {rise@0.000ns fall@5.000ns period=10.000ns})
  Destination:            system_i/cpu/picorv32_core/cpuregs_reg_r1_0_31_0_5/RAMB_D1/WADR3
                            (rising edge-triggered cell RAMD32 clocked by clk100_raw  {rise@0.000ns fall@5.000ns period=10.000ns})
  Path Group:             clk100_raw
  Path Type:              Hold (Min at Fast Process Corner)
  Requirement:            0.000ns  (clk100_raw rise@0.000ns - clk100_raw rise@0.000ns)
  Data Path Delay:        0.402ns  (logic 0.141ns (35.087%)  route 0.261ns (64.913%))
  Logic Levels:           0  
  Clock Path Skew:        0.034ns (DCD - SCD - CPR)
    Destination Clock Delay (DCD):    -0.911ns
    Source Clock Delay      (SCD):    -0.670ns
    Clock Pessimism Removal (CPR):    -0.275ns
  Clock Uncertainty:      0.100ns  ((TSJ^2 + DJ^2)^1/2) / 2 + PE + UU
    Total System Jitter     (TSJ):    0.000ns
    Discrete Jitter          (DJ):    0.000ns
    Phase Error              (PE):    0.000ns
    User Uncertainty         (UU):    0.100ns

    Location             Delay type                Incr(ns)  Path(ns)    Netlist Resource(s)
  -------------------------------------------------------------------    -------------------
                         (clock clk100_raw rise edge)
                                                      0.000     0.000 r  
    H16                                               0.000     0.000 r  sys_clk (IN)
                         net (fo=0)                   0.000     0.000    sys_clk
    H16                  IBUF (Prop_ibuf_I_O)         0.219     0.219 r  sys_clk_IBUF_inst/O
                         net (fo=1, routed)           0.440     0.659    sys_clk_IBUF
    MMCME2_ADV_X1Y2      MMCME2_ADV (Prop_mmcme2_adv_CLKIN1_CLKOUT0)
                                                     -2.613    -1.954 r  clock_manager/CLKOUT0
                         net (fo=1, routed)           0.696    -1.257    clk100_raw
    BUFGCTRL_X0Y16       BUFG (Prop_bufg_I_O)         0.026    -1.231 r  system_clock_buffer/O
                         net (fo=17125, routed)       0.562    -0.670    system_i/cpu/picorv32_core/clk100
    SLICE_X43Y5          FDRE                                         r  system_i/cpu/picorv32_core/latched_rd_reg[3]/C
  -------------------------------------------------------------------    -------------------
    SLICE_X43Y5          FDRE (Prop_fdre_C_Q)         0.141    -0.529 r  system_i/cpu/picorv32_core/latched_rd_reg[3]/Q
                         net (fo=93, routed)          0.261    -0.268    system_i/cpu/picorv32_core/cpuregs_reg_r1_0_31_0_5/ADDRD3
    SLICE_X38Y4          RAMD32                                       r  system_i/cpu/picorv32_core/cpuregs_reg_r1_0_31_0_5/RAMB_D1/WADR3
  -------------------------------------------------------------------    -------------------

                         (clock clk100_raw rise edge)
                                                      0.000     0.000 r  
    H16                                               0.000     0.000 r  sys_clk (IN)
                         net (fo=0)                   0.000     0.000    sys_clk
    H16                  IBUF (Prop_ibuf_I_O)         0.406     0.406 r  sys_clk_IBUF_inst/O
                         net (fo=1, routed)           0.480     0.886    sys_clk_IBUF
    MMCME2_ADV_X1Y2      MMCME2_ADV (Prop_mmcme2_adv_CLKIN1_CLKOUT0)
                                                     -3.407    -2.521 r  clock_manager/CLKOUT0
                         net (fo=1, routed)           0.752    -1.769    clk100_raw
    BUFGCTRL_X0Y16       BUFG (Prop_bufg_I_O)         0.029    -1.740 r  system_clock_buffer/O
                         net (fo=17125, routed)       0.829    -0.911    system_i/cpu/picorv32_core/cpuregs_reg_r1_0_31_0_5/WCLK
    SLICE_X38Y4          RAMD32                                       r  system_i/cpu/picorv32_core/cpuregs_reg_r1_0_31_0_5/RAMB_D1/CLK
                         clock pessimism              0.275    -0.636    
                         clock uncertainty            0.100    -0.536    
    SLICE_X38Y4          RAMD32 (Hold_ramd32_CLK_WADR3)
                                                      0.240    -0.296    system_i/cpu/picorv32_core/cpuregs_reg_r1_0_31_0_5/RAMB_D1
  -------------------------------------------------------------------
                         required time                          0.296    
                         arrival time                          -0.268    
  -------------------------------------------------------------------
                         slack                                  0.028    

Slack (MET) :             0.028ns  (arrival time - required time)
  Source:                 system_i/cpu/picorv32_core/latched_rd_reg[3]/C
                            (rising edge-triggered cell FDRE clocked by clk100_raw  {rise@0.000ns fall@5.000ns period=10.000ns})
  Destination:            system_i/cpu/picorv32_core/cpuregs_reg_r1_0_31_0_5/RAMC/WADR3
                            (rising edge-triggered cell RAMD32 clocked by clk100_raw  {rise@0.000ns fall@5.000ns period=10.000ns})
  Path Group:             clk100_raw
  Path Type:              Hold (Min at Fast Process Corner)
  Requirement:            0.000ns  (clk100_raw rise@0.000ns - clk100_raw rise@0.000ns)
  Data Path Delay:        0.402ns  (logic 0.141ns (35.087%)  route 0.261ns (64.913%))
  Logic Levels:           0  
  Clock Path Skew:        0.034ns (DCD - SCD - CPR)
    Destination Clock Delay (DCD):    -0.911ns
    Source Clock Delay      (SCD):    -0.670ns
    Clock Pessimism Removal (CPR):    -0.275ns
  Clock Uncertainty:      0.100ns  ((TSJ^2 + DJ^2)^1/2) / 2 + PE + UU
    Total System Jitter     (TSJ):    0.000ns
    Discrete Jitter          (DJ):    0.000ns
    Phase Error              (PE):    0.000ns
    User Uncertainty         (UU):    0.100ns

    Location             Delay type                Incr(ns)  Path(ns)    Netlist Resource(s)
  -------------------------------------------------------------------    -------------------
                         (clock clk100_raw rise edge)
                                                      0.000     0.000 r  
    H16                                               0.000     0.000 r  sys_clk (IN)
                         net (fo=0)                   0.000     0.000    sys_clk
    H16                  IBUF (Prop_ibuf_I_O)         0.219     0.219 r  sys_clk_IBUF_inst/O
                         net (fo=1, routed)           0.440     0.659    sys_clk_IBUF
    MMCME2_ADV_X1Y2      MMCME2_ADV (Prop_mmcme2_adv_CLKIN1_CLKOUT0)
                                                     -2.613    -1.954 r  clock_manager/CLKOUT0
                         net (fo=1, routed)           0.696    -1.257    clk100_raw
    BUFGCTRL_X0Y16       BUFG (Prop_bufg_I_O)         0.026    -1.231 r  system_clock_buffer/O
                         net (fo=17125, routed)       0.562    -0.670    system_i/cpu/picorv32_core/clk100
    SLICE_X43Y5          FDRE                                         r  system_i/cpu/picorv32_core/latched_rd_reg[3]/C
  -------------------------------------------------------------------    -------------------
    SLICE_X43Y5          FDRE (Prop_fdre_C_Q)         0.141    -0.529 r  system_i/cpu/picorv32_core/latched_rd_reg[3]/Q
                         net (fo=93, routed)          0.261    -0.268    system_i/cpu/picorv32_core/cpuregs_reg_r1_0_31_0_5/ADDRD3
    SLICE_X38Y4          RAMD32                                       r  system_i/cpu/picorv32_core/cpuregs_reg_r1_0_31_0_5/RAMC/WADR3
  -------------------------------------------------------------------    -------------------

                         (clock clk100_raw rise edge)
                                                      0.000     0.000 r  
    H16                                               0.000     0.000 r  sys_clk (IN)
                         net (fo=0)                   0.000     0.000    sys_clk
    H16                  IBUF (Prop_ibuf_I_O)         0.406     0.406 r  sys_clk_IBUF_inst/O
                         net (fo=1, routed)           0.480     0.886    sys_clk_IBUF
    MMCME2_ADV_X1Y2      MMCME2_ADV (Prop_mmcme2_adv_CLKIN1_CLKOUT0)
                                                     -3.407    -2.521 r  clock_manager/CLKOUT0
                         net (fo=1, routed)           0.752    -1.769    clk100_raw
    BUFGCTRL_X0Y16       BUFG (Prop_bufg_I_O)         0.029    -1.740 r  system_clock_buffer/O
                         net (fo=17125, routed)       0.829    -0.911    system_i/cpu/picorv32_core/cpuregs_reg_r1_0_31_0_5/WCLK
    SLICE_X38Y4          RAMD32                                       r  system_i/cpu/picorv32_core/cpuregs_reg_r1_0_31_0_5/RAMC/CLK
                         clock pessimism              0.275    -0.636    
                         clock uncertainty            0.100    -0.536    
    SLICE_X38Y4          RAMD32 (Hold_ramd32_CLK_WADR3)
                                                      0.240    -0.296    system_i/cpu/picorv32_core/cpuregs_reg_r1_0_31_0_5/RAMC
  -------------------------------------------------------------------
                         required time                          0.296    
                         arrival time                          -0.268    
  -------------------------------------------------------------------
                         slack                                  0.028    

Slack (MET) :             0.028ns  (arrival time - required time)
  Source:                 system_i/cpu/picorv32_core/latched_rd_reg[3]/C
                            (rising edge-triggered cell FDRE clocked by clk100_raw  {rise@0.000ns fall@5.000ns period=10.000ns})
  Destination:            system_i/cpu/picorv32_core/cpuregs_reg_r1_0_31_0_5/RAMC_D1/WADR3
                            (rising edge-triggered cell RAMD32 clocked by clk100_raw  {rise@0.000ns fall@5.000ns period=10.000ns})
  Path Group:             clk100_raw
  Path Type:              Hold (Min at Fast Process Corner)
  Requirement:            0.000ns  (clk100_raw rise@0.000ns - clk100_raw rise@0.000ns)
  Data Path Delay:        0.402ns  (logic 0.141ns (35.087%)  route 0.261ns (64.913%))
  Logic Levels:           0  
  Clock Path Skew:        0.034ns (DCD - SCD - CPR)
    Destination Clock Delay (DCD):    -0.911ns
    Source Clock Delay      (SCD):    -0.670ns
    Clock Pessimism Removal (CPR):    -0.275ns
  Clock Uncertainty:      0.100ns  ((TSJ^2 + DJ^2)^1/2) / 2 + PE + UU
    Total System Jitter     (TSJ):    0.000ns
    Discrete Jitter          (DJ):    0.000ns
    Phase Error              (PE):    0.000ns
    User Uncertainty         (UU):    0.100ns

    Location             Delay type                Incr(ns)  Path(ns)    Netlist Resource(s)
  -------------------------------------------------------------------    -------------------
                         (clock clk100_raw rise edge)
                                                      0.000     0.000 r  
    H16                                               0.000     0.000 r  sys_clk (IN)
                         net (fo=0)                   0.000     0.000    sys_clk
    H16                  IBUF (Prop_ibuf_I_O)         0.219     0.219 r  sys_clk_IBUF_inst/O
                         net (fo=1, routed)           0.440     0.659    sys_clk_IBUF
    MMCME2_ADV_X1Y2      MMCME2_ADV (Prop_mmcme2_adv_CLKIN1_CLKOUT0)
                                                     -2.613    -1.954 r  clock_manager/CLKOUT0
                         net (fo=1, routed)           0.696    -1.257    clk100_raw
    BUFGCTRL_X0Y16       BUFG (Prop_bufg_I_O)         0.026    -1.231 r  system_clock_buffer/O
                         net (fo=17125, routed)       0.562    -0.670    system_i/cpu/picorv32_core/clk100
    SLICE_X43Y5          FDRE                                         r  system_i/cpu/picorv32_core/latched_rd_reg[3]/C
  -------------------------------------------------------------------    -------------------
    SLICE_X43Y5          FDRE (Prop_fdre_C_Q)         0.141    -0.529 r  system_i/cpu/picorv32_core/latched_rd_reg[3]/Q
                         net (fo=93, routed)          0.261    -0.268    system_i/cpu/picorv32_core/cpuregs_reg_r1_0_31_0_5/ADDRD3
    SLICE_X38Y4          RAMD32                                       r  system_i/cpu/picorv32_core/cpuregs_reg_r1_0_31_0_5/RAMC_D1/WADR3
  -------------------------------------------------------------------    -------------------

                         (clock clk100_raw rise edge)
                                                      0.000     0.000 r  
    H16                                               0.000     0.000 r  sys_clk (IN)
                         net (fo=0)                   0.000     0.000    sys_clk
    H16                  IBUF (Prop_ibuf_I_O)         0.406     0.406 r  sys_clk_IBUF_inst/O
                         net (fo=1, routed)           0.480     0.886    sys_clk_IBUF
    MMCME2_ADV_X1Y2      MMCME2_ADV (Prop_mmcme2_adv_CLKIN1_CLKOUT0)
                                                     -3.407    -2.521 r  clock_manager/CLKOUT0
                         net (fo=1, routed)           0.752    -1.769    clk100_raw
    BUFGCTRL_X0Y16       BUFG (Prop_bufg_I_O)         0.029    -1.740 r  system_clock_buffer/O
                         net (fo=17125, routed)       0.829    -0.911    system_i/cpu/picorv32_core/cpuregs_reg_r1_0_31_0_5/WCLK
    SLICE_X38Y4          RAMD32                                       r  system_i/cpu/picorv32_core/cpuregs_reg_r1_0_31_0_5/RAMC_D1/CLK
                         clock pessimism              0.275    -0.636    
                         clock uncertainty            0.100    -0.536    
    SLICE_X38Y4          RAMD32 (Hold_ramd32_CLK_WADR3)
                                                      0.240    -0.296    system_i/cpu/picorv32_core/cpuregs_reg_r1_0_31_0_5/RAMC_D1
  -------------------------------------------------------------------
                         required time                          0.296    
                         arrival time                          -0.268    
  -------------------------------------------------------------------
                         slack                                  0.028    

Slack (MET) :             0.028ns  (arrival time - required time)
  Source:                 system_i/cpu/picorv32_core/latched_rd_reg[3]/C
                            (rising edge-triggered cell FDRE clocked by clk100_raw  {rise@0.000ns fall@5.000ns period=10.000ns})
  Destination:            system_i/cpu/picorv32_core/cpuregs_reg_r1_0_31_0_5/RAMD/ADR3
                            (rising edge-triggered cell RAMS32 clocked by clk100_raw  {rise@0.000ns fall@5.000ns period=10.000ns})
  Path Group:             clk100_raw
  Path Type:              Hold (Min at Fast Process Corner)
  Requirement:            0.000ns  (clk100_raw rise@0.000ns - clk100_raw rise@0.000ns)
  Data Path Delay:        0.402ns  (logic 0.141ns (35.087%)  route 0.261ns (64.913%))
  Logic Levels:           0  
  Clock Path Skew:        0.034ns (DCD - SCD - CPR)
    Destination Clock Delay (DCD):    -0.911ns
    Source Clock Delay      (SCD):    -0.670ns
    Clock Pessimism Removal (CPR):    -0.275ns
  Clock Uncertainty:      0.100ns  ((TSJ^2 + DJ^2)^1/2) / 2 + PE + UU
    Total System Jitter     (TSJ):    0.000ns
    Discrete Jitter          (DJ):    0.000ns
    Phase Error              (PE):    0.000ns
    User Uncertainty         (UU):    0.100ns

    Location             Delay type                Incr(ns)  Path(ns)    Netlist Resource(s)
  -------------------------------------------------------------------    -------------------
                         (clock clk100_raw rise edge)
                                                      0.000     0.000 r  
    H16                                               0.000     0.000 r  sys_clk (IN)
                         net (fo=0)                   0.000     0.000    sys_clk
    H16                  IBUF (Prop_ibuf_I_O)         0.219     0.219 r  sys_clk_IBUF_inst/O
                         net (fo=1, routed)           0.440     0.659    sys_clk_IBUF
    MMCME2_ADV_X1Y2      MMCME2_ADV (Prop_mmcme2_adv_CLKIN1_CLKOUT0)
                                                     -2.613    -1.954 r  clock_manager/CLKOUT0
                         net (fo=1, routed)           0.696    -1.257    clk100_raw
    BUFGCTRL_X0Y16       BUFG (Prop_bufg_I_O)         0.026    -1.231 r  system_clock_buffer/O
                         net (fo=17125, routed)       0.562    -0.670    system_i/cpu/picorv32_core/clk100
    SLICE_X43Y5          FDRE                                         r  system_i/cpu/picorv32_core/latched_rd_reg[3]/C
  -------------------------------------------------------------------    -------------------
    SLICE_X43Y5          FDRE (Prop_fdre_C_Q)         0.141    -0.529 r  system_i/cpu/picorv32_core/latched_rd_reg[3]/Q
                         net (fo=93, routed)          0.261    -0.268    system_i/cpu/picorv32_core/cpuregs_reg_r1_0_31_0_5/ADDRD3
    SLICE_X38Y4          RAMS32                                       r  system_i/cpu/picorv32_core/cpuregs_reg_r1_0_31_0_5/RAMD/ADR3
  -------------------------------------------------------------------    -------------------

                         (clock clk100_raw rise edge)
                                                      0.000     0.000 r  
    H16                                               0.000     0.000 r  sys_clk (IN)
                         net (fo=0)                   0.000     0.000    sys_clk
    H16                  IBUF (Prop_ibuf_I_O)         0.406     0.406 r  sys_clk_IBUF_inst/O
                         net (fo=1, routed)           0.480     0.886    sys_clk_IBUF
    MMCME2_ADV_X1Y2      MMCME2_ADV (Prop_mmcme2_adv_CLKIN1_CLKOUT0)
                                                     -3.407    -2.521 r  clock_manager/CLKOUT0
                         net (fo=1, routed)           0.752    -1.769    clk100_raw
    BUFGCTRL_X0Y16       BUFG (Prop_bufg_I_O)         0.029    -1.740 r  system_clock_buffer/O
                         net (fo=17125, routed)       0.829    -0.911    system_i/cpu/picorv32_core/cpuregs_reg_r1_0_31_0_5/WCLK
    SLICE_X38Y4          RAMS32                                       r  system_i/cpu/picorv32_core/cpuregs_reg_r1_0_31_0_5/RAMD/CLK
                         clock pessimism              0.275    -0.636    
                         clock uncertainty            0.100    -0.536    
    SLICE_X38Y4          RAMS32 (Hold_rams32_CLK_ADR3)
                                                      0.240    -0.296    system_i/cpu/picorv32_core/cpuregs_reg_r1_0_31_0_5/RAMD
  -------------------------------------------------------------------
                         required time                          0.296    
                         arrival time                          -0.268    
  -------------------------------------------------------------------
                         slack                                  0.028    

Slack (MET) :             0.028ns  (arrival time - required time)
  Source:                 system_i/cpu/picorv32_core/latched_rd_reg[3]/C
                            (rising edge-triggered cell FDRE clocked by clk100_raw  {rise@0.000ns fall@5.000ns period=10.000ns})
  Destination:            system_i/cpu/picorv32_core/cpuregs_reg_r1_0_31_0_5/RAMD_D1/ADR3
                            (rising edge-triggered cell RAMS32 clocked by clk100_raw  {rise@0.000ns fall@5.000ns period=10.000ns})
  Path Group:             clk100_raw
  Path Type:              Hold (Min at Fast Process Corner)
  Requirement:            0.000ns  (clk100_raw rise@0.000ns - clk100_raw rise@0.000ns)
  Data Path Delay:        0.402ns  (logic 0.141ns (35.087%)  route 0.261ns (64.913%))
  Logic Levels:           0  
  Clock Path Skew:        0.034ns (DCD - SCD - CPR)
    Destination Clock Delay (DCD):    -0.911ns
    Source Clock Delay      (SCD):    -0.670ns
    Clock Pessimism Removal (CPR):    -0.275ns
  Clock Uncertainty:      0.100ns  ((TSJ^2 + DJ^2)^1/2) / 2 + PE + UU
    Total System Jitter     (TSJ):    0.000ns
    Discrete Jitter          (DJ):    0.000ns
    Phase Error              (PE):    0.000ns
    User Uncertainty         (UU):    0.100ns

    Location             Delay type                Incr(ns)  Path(ns)    Netlist Resource(s)
  -------------------------------------------------------------------    -------------------
                         (clock clk100_raw rise edge)
                                                      0.000     0.000 r  
    H16                                               0.000     0.000 r  sys_clk (IN)
                         net (fo=0)                   0.000     0.000    sys_clk
    H16                  IBUF (Prop_ibuf_I_O)         0.219     0.219 r  sys_clk_IBUF_inst/O
                         net (fo=1, routed)           0.440     0.659    sys_clk_IBUF
    MMCME2_ADV_X1Y2      MMCME2_ADV (Prop_mmcme2_adv_CLKIN1_CLKOUT0)
                                                     -2.613    -1.954 r  clock_manager/CLKOUT0
                         net (fo=1, routed)           0.696    -1.257    clk100_raw
    BUFGCTRL_X0Y16       BUFG (Prop_bufg_I_O)         0.026    -1.231 r  system_clock_buffer/O
                         net (fo=17125, routed)       0.562    -0.670    system_i/cpu/picorv32_core/clk100
    SLICE_X43Y5          FDRE                                         r  system_i/cpu/picorv32_core/latched_rd_reg[3]/C
  -------------------------------------------------------------------    -------------------
    SLICE_X43Y5          FDRE (Prop_fdre_C_Q)         0.141    -0.529 r  system_i/cpu/picorv32_core/latched_rd_reg[3]/Q
                         net (fo=93, routed)          0.261    -0.268    system_i/cpu/picorv32_core/cpuregs_reg_r1_0_31_0_5/ADDRD3
    SLICE_X38Y4          RAMS32                                       r  system_i/cpu/picorv32_core/cpuregs_reg_r1_0_31_0_5/RAMD_D1/ADR3
  -------------------------------------------------------------------    -------------------

                         (clock clk100_raw rise edge)
                                                      0.000     0.000 r  
    H16                                               0.000     0.000 r  sys_clk (IN)
                         net (fo=0)                   0.000     0.000    sys_clk
    H16                  IBUF (Prop_ibuf_I_O)         0.406     0.406 r  sys_clk_IBUF_inst/O
                         net (fo=1, routed)           0.480     0.886    sys_clk_IBUF
    MMCME2_ADV_X1Y2      MMCME2_ADV (Prop_mmcme2_adv_CLKIN1_CLKOUT0)
                                                     -3.407    -2.521 r  clock_manager/CLKOUT0
                         net (fo=1, routed)           0.752    -1.769    clk100_raw
    BUFGCTRL_X0Y16       BUFG (Prop_bufg_I_O)         0.029    -1.740 r  system_clock_buffer/O
                         net (fo=17125, routed)       0.829    -0.911    system_i/cpu/picorv32_core/cpuregs_reg_r1_0_31_0_5/WCLK
    SLICE_X38Y4          RAMS32                                       r  system_i/cpu/picorv32_core/cpuregs_reg_r1_0_31_0_5/RAMD_D1/CLK
                         clock pessimism              0.275    -0.636    
                         clock uncertainty            0.100    -0.536    
    SLICE_X38Y4          RAMS32 (Hold_rams32_CLK_ADR3)
                                                      0.240    -0.296    system_i/cpu/picorv32_core/cpuregs_reg_r1_0_31_0_5/RAMD_D1
  -------------------------------------------------------------------
                         required time                          0.296    
                         arrival time                          -0.268    
  -------------------------------------------------------------------
                         slack                                  0.028    

Slack (MET) :             0.029ns  (arrival time - required time)
  Source:                 system_i/adapter_i/hls_i/reg_2868_reg[6]/C
                            (rising edge-triggered cell FDRE clocked by clk100_raw  {rise@0.000ns fall@5.000ns period=10.000ns})
  Destination:            system_i/adapter_i/hls_i/grp_p_anonymous_namespace_keccak_f1600_fu_2505/a_write_assign_1_fu_250_reg[6]/D
                            (rising edge-triggered cell FDRE clocked by clk100_raw  {rise@0.000ns fall@5.000ns period=10.000ns})
  Path Group:             clk100_raw
  Path Type:              Hold (Min at Fast Process Corner)
  Requirement:            0.000ns  (clk100_raw rise@0.000ns - clk100_raw rise@0.000ns)
  Data Path Delay:        0.526ns  (logic 0.231ns (43.947%)  route 0.295ns (56.053%))
  Logic Levels:           2  (LUT6=2)
  Clock Path Skew:        0.275ns (DCD - SCD - CPR)
    Destination Clock Delay (DCD):    -0.881ns
    Source Clock Delay      (SCD):    -0.647ns
    Clock Pessimism Removal (CPR):    -0.509ns
  Clock Uncertainty:      0.100ns  ((TSJ^2 + DJ^2)^1/2) / 2 + PE + UU
    Total System Jitter     (TSJ):    0.000ns
    Discrete Jitter          (DJ):    0.000ns
    Phase Error              (PE):    0.000ns
    User Uncertainty         (UU):    0.100ns

    Location             Delay type                Incr(ns)  Path(ns)    Netlist Resource(s)
  -------------------------------------------------------------------    -------------------
                         (clock clk100_raw rise edge)
                                                      0.000     0.000 r  
    H16                                               0.000     0.000 r  sys_clk (IN)
                         net (fo=0)                   0.000     0.000    sys_clk
    H16                  IBUF (Prop_ibuf_I_O)         0.219     0.219 r  sys_clk_IBUF_inst/O
                         net (fo=1, routed)           0.440     0.659    sys_clk_IBUF
    MMCME2_ADV_X1Y2      MMCME2_ADV (Prop_mmcme2_adv_CLKIN1_CLKOUT0)
                                                     -2.613    -1.954 r  clock_manager/CLKOUT0
                         net (fo=1, routed)           0.696    -1.257    clk100_raw
    BUFGCTRL_X0Y16       BUFG (Prop_bufg_I_O)         0.026    -1.231 r  system_clock_buffer/O
                         net (fo=17125, routed)       0.584    -0.647    system_i/adapter_i/hls_i/clk100
    SLICE_X88Y50         FDRE                                         r  system_i/adapter_i/hls_i/reg_2868_reg[6]/C
  -------------------------------------------------------------------    -------------------
    SLICE_X88Y50         FDRE (Prop_fdre_C_Q)         0.141    -0.506 r  system_i/adapter_i/hls_i/reg_2868_reg[6]/Q
                         net (fo=2, routed)           0.098    -0.409    system_i/adapter_i/hls_i/grp_mlkem1024_keccak_accel_Pipeline_ABSORB_WORDS_fu_2454/a_write_assign_1_fu_250_reg[63][6]
    SLICE_X89Y50         LUT6 (Prop_lut6_I2_O)        0.045    -0.364 r  system_i/adapter_i/hls_i/grp_mlkem1024_keccak_accel_Pipeline_ABSORB_WORDS_fu_2454/a_write_assign_1_fu_250[6]_i_2/O
                         net (fo=1, routed)           0.197    -0.167    system_i/adapter_i/hls_i/grp_p_anonymous_namespace_keccak_f1600_fu_2505/flow_control_loop_pipe_sequential_init_U/grp_p_anonymous_namespace_keccak_f1600_fu_2505_a_read_25[6]
    SLICE_X82Y49         LUT6 (Prop_lut6_I0_O)        0.045    -0.122 r  system_i/adapter_i/hls_i/grp_p_anonymous_namespace_keccak_f1600_fu_2505/flow_control_loop_pipe_sequential_init_U/a_write_assign_1_fu_250[6]_i_1/O
                         net (fo=4, routed)           0.000    -0.122    system_i/adapter_i/hls_i/grp_p_anonymous_namespace_keccak_f1600_fu_2505/grp_p_anonymous_namespace_keccak_f1600_fu_2505_ap_return_1[6]
    SLICE_X82Y49         FDRE                                         r  system_i/adapter_i/hls_i/grp_p_anonymous_namespace_keccak_f1600_fu_2505/a_write_assign_1_fu_250_reg[6]/D
  -------------------------------------------------------------------    -------------------

                         (clock clk100_raw rise edge)
                                                      0.000     0.000 r  
    H16                                               0.000     0.000 r  sys_clk (IN)
                         net (fo=0)                   0.000     0.000    sys_clk
    H16                  IBUF (Prop_ibuf_I_O)         0.406     0.406 r  sys_clk_IBUF_inst/O
                         net (fo=1, routed)           0.480     0.886    sys_clk_IBUF
    MMCME2_ADV_X1Y2      MMCME2_ADV (Prop_mmcme2_adv_CLKIN1_CLKOUT0)
                                                     -3.407    -2.521 r  clock_manager/CLKOUT0
                         net (fo=1, routed)           0.752    -1.769    clk100_raw
    BUFGCTRL_X0Y16       BUFG (Prop_bufg_I_O)         0.029    -1.740 r  system_clock_buffer/O
                         net (fo=17125, routed)       0.859    -0.881    system_i/adapter_i/hls_i/grp_p_anonymous_namespace_keccak_f1600_fu_2505/clk100
    SLICE_X82Y49         FDRE                                         r  system_i/adapter_i/hls_i/grp_p_anonymous_namespace_keccak_f1600_fu_2505/a_write_assign_1_fu_250_reg[6]/C
                         clock pessimism              0.509    -0.372    
                         clock uncertainty            0.100    -0.272    
    SLICE_X82Y49         FDRE (Hold_fdre_C_D)         0.121    -0.151    system_i/adapter_i/hls_i/grp_p_anonymous_namespace_keccak_f1600_fu_2505/a_write_assign_1_fu_250_reg[6]
  -------------------------------------------------------------------
                         required time                          0.151    
                         arrival time                          -0.122    
  -------------------------------------------------------------------
                         slack                                  0.029    




