Time resolution is 1 ps
MLKEM_HEADER,index,dataset,vsId,tgId,tcId,op,return_code,raw_cycles,empty_cycles,input_bytes,output_bytes,m_total,mul,mulh,mulhsu,mulhu,div,divu,rem,remu,min_sp
MLKEM_START cases=8 ram_bytes=131072 stack_bytes=32768 clock_mhz=100 mul=1 fast_mul=1 div=1 expect_m=1
// Interrupt Monitor : interrupt for ap_done detected @ "5030505000"
MLKEM_ROW,0,3,42,14,182,6,0,75212,4,3168,0,0,0,0,0,0,0,0,0,0,0x0001fdf0
KECCAK_ROW,0,1,1,1,0,1260,444,60
// Interrupt Monitor : interrupt for ap_done detected @ "9291095000"
MLKEM_ROW,1,3,42,14,183,6,-5,75223,4,3168,0,0,0,0,0,0,0,0,0,0,0x0001fdf0
KECCAK_ROW,1,1,1,1,0,1260,444,60
// Interrupt Monitor : interrupt for ap_done detected @ "13551795000"
MLKEM_ROW,2,3,42,14,184,6,-5,75223,4,3168,0,0,0,0,0,0,0,0,0,0,0x0001fdf0
KECCAK_ROW,2,1,1,1,0,1260,444,60
// Interrupt Monitor : interrupt for ap_done detected @ "17812495000"
MLKEM_ROW,3,3,42,14,185,6,-5,75223,4,3168,0,0,0,0,0,0,0,0,0,0,0x0001fdf0
KECCAK_ROW,3,1,1,1,0,1260,444,60
MLKEM_ROW,4,3,42,15,186,5,0,257406,4,1568,0,2048,2048,0,0,0,0,0,0,0,0x0001f100
KECCAK_ROW,4,0,0,0,0,0,0,0
MLKEM_ROW,5,3,42,15,187,5,-4,257417,4,1568,0,2048,2048,0,0,0,0,0,0,0,0x0001f100
KECCAK_ROW,5,0,0,0,0,0,0,0
MLKEM_ROW,6,3,42,15,188,5,-4,257417,4,1568,0,2048,2048,0,0,0,0,0,0,0,0x0001f100
KECCAK_ROW,6,0,0,0,0,0,0,0
MLKEM_ROW,7,3,42,15,189,5,0,257406,4,1568,0,2048,2048,0,0,0,0,0,0,0,0x0001f100
KECCAK_ROW,7,0,0,0,0,0,0,0
MLKEM_PASS cases=8 input_bytes=18944 output_bytes=0 cpu_mul=1 cpu_fast_mul=1 cpu_div=1 expect_m=1 cycles=3733369 all_m=8192 min_sp=0x0001f100 stack_used=3824
KECCAK_PASS cases=8 starts=4 done=4 hash=4 squeeze=0
$finish called at time : 37334005 ns : File "E:/hls/k4kat_timing_decode_v3/20261004_195737_517586/snapshot/tb/tb_mlkem1024_keccak_kat.sv" Line 357
INFO: xsimkernel Simulation Memory Usage: 32308 KB (Peak: 32308 KB), Simulation CPU Usage: 53031 ms
