Time resolution is 1 ps
MLKEM_HEADER,index,dataset,vsId,tgId,tcId,op,return_code,raw_cycles,empty_cycles,input_bytes,output_bytes,m_total,mul,mulh,mulhsu,mulhu,div,divu,rem,remu,min_sp
MLKEM_START cases=8 ram_bytes=131072 stack_bytes=32768 clock_mhz=100 mul=1 fast_mul=1 div=1 expect_m=1
// Interrupt Monitor : interrupt for ap_done detected @ "6396485000"
// Interrupt Monitor : interrupt for ap_done detected @ "6578255000"
// Interrupt Monitor : interrupt for ap_done detected @ "7294775000"
// Interrupt Monitor : interrupt for ap_done detected @ "7703045000"
// Interrupt Monitor : interrupt for ap_done detected @ "8111315000"
// Interrupt Monitor : interrupt for ap_done detected @ "8519585000"
// Interrupt Monitor : interrupt for ap_done detected @ "10080785000"
// Interrupt Monitor : interrupt for ap_done detected @ "10489055000"
// Interrupt Monitor : interrupt for ap_done detected @ "10897325000"
// Interrupt Monitor : interrupt for ap_done detected @ "11305595000"
// Interrupt Monitor : interrupt for ap_done detected @ "12875665000"
// Interrupt Monitor : interrupt for ap_done detected @ "13283935000"
// Interrupt Monitor : interrupt for ap_done detected @ "13692205000"
// Interrupt Monitor : interrupt for ap_done detected @ "14100475000"
// Interrupt Monitor : interrupt for ap_done detected @ "15661765000"
// Interrupt Monitor : interrupt for ap_done detected @ "16070035000"
// Interrupt Monitor : interrupt for ap_done detected @ "16478305000"
// Interrupt Monitor : interrupt for ap_done detected @ "16886575000"
// Interrupt Monitor : interrupt for ap_done detected @ "18413035000"
// Interrupt Monitor : interrupt for ap_done detected @ "18581835000"
// Interrupt Monitor : interrupt for ap_done detected @ "18750675000"
// Interrupt Monitor : interrupt for ap_done detected @ "18919585000"
// Interrupt Monitor : interrupt for ap_done detected @ "19722405000"
// Interrupt Monitor : interrupt for ap_done detected @ "19891205000"
// Interrupt Monitor : interrupt for ap_done detected @ "20060045000"
// Interrupt Monitor : interrupt for ap_done detected @ "20228955000"
// Interrupt Monitor : interrupt for ap_done detected @ "21020545000"
MLKEM_ROW,0,2,42,3,54,2,0,3843360,4,1600,1600,58244,57220,0,0,1024,0,0,0,0,0x0001a700
KECCAK_ROW,0,27,27,27,0,16580,2037,3732
// Interrupt Monitor : interrupt for ap_done detected @ "47882815000"
// Interrupt Monitor : interrupt for ap_done detected @ "48064585000"
// Interrupt Monitor : interrupt for ap_done detected @ "48781105000"
// Interrupt Monitor : interrupt for ap_done detected @ "49189375000"
// Interrupt Monitor : interrupt for ap_done detected @ "49597645000"
// Interrupt Monitor : interrupt for ap_done detected @ "50005915000"
// Interrupt Monitor : interrupt for ap_done detected @ "51574035000"
// Interrupt Monitor : interrupt for ap_done detected @ "51982305000"
// Interrupt Monitor : interrupt for ap_done detected @ "52390575000"
// Interrupt Monitor : interrupt for ap_done detected @ "52798845000"
// Interrupt Monitor : interrupt for ap_done detected @ "54370445000"
// Interrupt Monitor : interrupt for ap_done detected @ "54778715000"
// Interrupt Monitor : interrupt for ap_done detected @ "55186985000"
// Interrupt Monitor : interrupt for ap_done detected @ "55595255000"
// Interrupt Monitor : interrupt for ap_done detected @ "57151485000"
// Interrupt Monitor : interrupt for ap_done detected @ "57559755000"
// Interrupt Monitor : interrupt for ap_done detected @ "57968025000"
// Interrupt Monitor : interrupt for ap_done detected @ "58376295000"
// Interrupt Monitor : interrupt for ap_done detected @ "59900385000"
// Interrupt Monitor : interrupt for ap_done detected @ "60069185000"
// Interrupt Monitor : interrupt for ap_done detected @ "60238025000"
// Interrupt Monitor : interrupt for ap_done detected @ "60406935000"
// Interrupt Monitor : interrupt for ap_done detected @ "61209755000"
// Interrupt Monitor : interrupt for ap_done detected @ "61378555000"
// Interrupt Monitor : interrupt for ap_done detected @ "61547395000"
// Interrupt Monitor : interrupt for ap_done detected @ "61716305000"
// Interrupt Monitor : interrupt for ap_done detected @ "62507895000"
MLKEM_ROW,1,2,42,3,55,2,0,3843462,4,1600,1600,58244,57220,0,0,1024,0,0,0,0,0x0001a700
KECCAK_ROW,1,27,27,27,0,16580,2037,3732
// Interrupt Monitor : interrupt for ap_done detected @ "89370165000"
// Interrupt Monitor : interrupt for ap_done detected @ "89551935000"
// Interrupt Monitor : interrupt for ap_done detected @ "90268455000"
// Interrupt Monitor : interrupt for ap_done detected @ "90676725000"
// Interrupt Monitor : interrupt for ap_done detected @ "91084995000"
// Interrupt Monitor : interrupt for ap_done detected @ "91493265000"
// Interrupt Monitor : interrupt for ap_done detected @ "93042345000"
// Interrupt Monitor : interrupt for ap_done detected @ "93450615000"
// Interrupt Monitor : interrupt for ap_done detected @ "93858885000"
// Interrupt Monitor : interrupt for ap_done detected @ "94267155000"
// Interrupt Monitor : interrupt for ap_done detected @ "95835175000"
// Interrupt Monitor : interrupt for ap_done detected @ "96243445000"
// Interrupt Monitor : interrupt for ap_done detected @ "96651715000"
// Interrupt Monitor : interrupt for ap_done detected @ "97059985000"
// Interrupt Monitor : interrupt for ap_done detected @ "98596185000"
// Interrupt Monitor : interrupt for ap_done detected @ "99004455000"
// Interrupt Monitor : interrupt for ap_done detected @ "99412725000"
// Interrupt Monitor : interrupt for ap_done detected @ "99820995000"
// Interrupt Monitor : interrupt for ap_done detected @ "101342205000"
// Interrupt Monitor : interrupt for ap_done detected @ "101511005000"
// Interrupt Monitor : interrupt for ap_done detected @ "101679845000"
// Interrupt Monitor : interrupt for ap_done detected @ "101848755000"
// Interrupt Monitor : interrupt for ap_done detected @ "102651575000"
// Interrupt Monitor : interrupt for ap_done detected @ "102820375000"
// Interrupt Monitor : interrupt for ap_done detected @ "102989215000"
// Interrupt Monitor : interrupt for ap_done detected @ "103158125000"
// Interrupt Monitor : interrupt for ap_done detected @ "103949715000"
MLKEM_ROW,2,2,42,3,56,2,0,3838909,4,1600,1600,58244,57220,0,0,1024,0,0,0,0,0x0001a700
KECCAK_ROW,2,27,27,27,0,16580,2037,3732
// Interrupt Monitor : interrupt for ap_done detected @ "130811985000"
// Interrupt Monitor : interrupt for ap_done detected @ "130993755000"
// Interrupt Monitor : interrupt for ap_done detected @ "131710275000"
// Interrupt Monitor : interrupt for ap_done detected @ "132118545000"
// Interrupt Monitor : interrupt for ap_done detected @ "132526815000"
// Interrupt Monitor : interrupt for ap_done detected @ "132935085000"
// Interrupt Monitor : interrupt for ap_done detected @ "134267395000"
// Interrupt Monitor : interrupt for ap_done detected @ "134428945000"
// Interrupt Monitor : interrupt for ap_done detected @ "134590495000"
// Interrupt Monitor : interrupt for ap_done detected @ "134752045000"
// Interrupt Monitor : interrupt for ap_done detected @ "135150145000"
// Interrupt Monitor : interrupt for ap_done detected @ "135558415000"
// Interrupt Monitor : interrupt for ap_done detected @ "135966685000"
// Interrupt Monitor : interrupt for ap_done detected @ "136374955000"
// Interrupt Monitor : interrupt for ap_done detected @ "137917455000"
// Interrupt Monitor : interrupt for ap_done detected @ "138325725000"
// Interrupt Monitor : interrupt for ap_done detected @ "138733995000"
// Interrupt Monitor : interrupt for ap_done detected @ "139142265000"
// Interrupt Monitor : interrupt for ap_done detected @ "140695375000"
// Interrupt Monitor : interrupt for ap_done detected @ "141103645000"
// Interrupt Monitor : interrupt for ap_done detected @ "141511915000"
// Interrupt Monitor : interrupt for ap_done detected @ "141920185000"
// Interrupt Monitor : interrupt for ap_done detected @ "143442225000"
// Interrupt Monitor : interrupt for ap_done detected @ "143611025000"
// Interrupt Monitor : interrupt for ap_done detected @ "143779865000"
// Interrupt Monitor : interrupt for ap_done detected @ "143948775000"
// Interrupt Monitor : interrupt for ap_done detected @ "144751595000"
// Interrupt Monitor : interrupt for ap_done detected @ "144920395000"
// Interrupt Monitor : interrupt for ap_done detected @ "145089235000"
// Interrupt Monitor : interrupt for ap_done detected @ "145258145000"
// Interrupt Monitor : interrupt for ap_done detected @ "146049735000"
MLKEM_ROW,3,2,42,3,57,2,0,3904729,4,1600,1600,58245,57221,0,0,1024,0,0,0,0,0x0001a700
KECCAK_ROW,3,31,31,27,4,17764,2245,4108
// Interrupt Monitor : interrupt for ap_done detected @ "172912005000"
// Interrupt Monitor : interrupt for ap_done detected @ "173093775000"
// Interrupt Monitor : interrupt for ap_done detected @ "173810295000"
// Interrupt Monitor : interrupt for ap_done detected @ "174218565000"
// Interrupt Monitor : interrupt for ap_done detected @ "174626835000"
// Interrupt Monitor : interrupt for ap_done detected @ "175035105000"
// Interrupt Monitor : interrupt for ap_done detected @ "176388535000"
// Interrupt Monitor : interrupt for ap_done detected @ "176550085000"
// Interrupt Monitor : interrupt for ap_done detected @ "176711635000"
// Interrupt Monitor : interrupt for ap_done detected @ "176873185000"
// Interrupt Monitor : interrupt for ap_done detected @ "177271435000"
// Interrupt Monitor : interrupt for ap_done detected @ "177679705000"
// Interrupt Monitor : interrupt for ap_done detected @ "178087975000"
// Interrupt Monitor : interrupt for ap_done detected @ "178496245000"
// Interrupt Monitor : interrupt for ap_done detected @ "180049415000"
// Interrupt Monitor : interrupt for ap_done detected @ "180457685000"
// Interrupt Monitor : interrupt for ap_done detected @ "180865955000"
// Interrupt Monitor : interrupt for ap_done detected @ "181274225000"
// Interrupt Monitor : interrupt for ap_done detected @ "182843385000"
// Interrupt Monitor : interrupt for ap_done detected @ "183251655000"
// Interrupt Monitor : interrupt for ap_done detected @ "183659925000"
// Interrupt Monitor : interrupt for ap_done detected @ "184068195000"
// Interrupt Monitor : interrupt for ap_done detected @ "185579195000"
// Interrupt Monitor : interrupt for ap_done detected @ "185747995000"
// Interrupt Monitor : interrupt for ap_done detected @ "185916835000"
// Interrupt Monitor : interrupt for ap_done detected @ "186085745000"
// Interrupt Monitor : interrupt for ap_done detected @ "186888565000"
// Interrupt Monitor : interrupt for ap_done detected @ "187057365000"
// Interrupt Monitor : interrupt for ap_done detected @ "187226205000"
// Interrupt Monitor : interrupt for ap_done detected @ "187395115000"
// Interrupt Monitor : interrupt for ap_done detected @ "188186705000"
MLKEM_ROW,4,2,42,3,58,2,0,3908424,4,1600,1600,58245,57221,0,0,1024,0,0,0,0,0x0001a700
KECCAK_ROW,4,31,31,27,4,17764,2245,4108
// Interrupt Monitor : interrupt for ap_done detected @ "215048975000"
// Interrupt Monitor : interrupt for ap_done detected @ "215230745000"
// Interrupt Monitor : interrupt for ap_done detected @ "215947265000"
// Interrupt Monitor : interrupt for ap_done detected @ "216355535000"
// Interrupt Monitor : interrupt for ap_done detected @ "216763805000"
// Interrupt Monitor : interrupt for ap_done detected @ "217172075000"
// Interrupt Monitor : interrupt for ap_done detected @ "218740565000"
// Interrupt Monitor : interrupt for ap_done detected @ "219148835000"
// Interrupt Monitor : interrupt for ap_done detected @ "219557105000"
// Interrupt Monitor : interrupt for ap_done detected @ "219965375000"
// Interrupt Monitor : interrupt for ap_done detected @ "221539105000"
// Interrupt Monitor : interrupt for ap_done detected @ "221947375000"
// Interrupt Monitor : interrupt for ap_done detected @ "222355645000"
// Interrupt Monitor : interrupt for ap_done detected @ "222763915000"
// Interrupt Monitor : interrupt for ap_done detected @ "224337815000"
// Interrupt Monitor : interrupt for ap_done detected @ "224746085000"
// Interrupt Monitor : interrupt for ap_done detected @ "225154355000"
// Interrupt Monitor : interrupt for ap_done detected @ "225562625000"
// Interrupt Monitor : interrupt for ap_done detected @ "227086395000"
// Interrupt Monitor : interrupt for ap_done detected @ "227255195000"
// Interrupt Monitor : interrupt for ap_done detected @ "227424035000"
// Interrupt Monitor : interrupt for ap_done detected @ "227592945000"
// Interrupt Monitor : interrupt for ap_done detected @ "228395765000"
// Interrupt Monitor : interrupt for ap_done detected @ "228564565000"
// Interrupt Monitor : interrupt for ap_done detected @ "228733405000"
// Interrupt Monitor : interrupt for ap_done detected @ "228902315000"
// Interrupt Monitor : interrupt for ap_done detected @ "229693905000"
MLKEM_ROW,5,2,42,3,59,2,0,3845447,4,1600,1600,58244,57220,0,0,1024,0,0,0,0,0x0001a700
KECCAK_ROW,5,27,27,27,0,16580,2037,3732
// Interrupt Monitor : interrupt for ap_done detected @ "256556175000"
// Interrupt Monitor : interrupt for ap_done detected @ "256737945000"
// Interrupt Monitor : interrupt for ap_done detected @ "257454465000"
// Interrupt Monitor : interrupt for ap_done detected @ "257862735000"
// Interrupt Monitor : interrupt for ap_done detected @ "258271005000"
// Interrupt Monitor : interrupt for ap_done detected @ "258679275000"
// Interrupt Monitor : interrupt for ap_done detected @ "260257465000"
// Interrupt Monitor : interrupt for ap_done detected @ "260665735000"
// Interrupt Monitor : interrupt for ap_done detected @ "261074005000"
// Interrupt Monitor : interrupt for ap_done detected @ "261482275000"
// Interrupt Monitor : interrupt for ap_done detected @ "263036545000"
// Interrupt Monitor : interrupt for ap_done detected @ "263444815000"
// Interrupt Monitor : interrupt for ap_done detected @ "263853085000"
// Interrupt Monitor : interrupt for ap_done detected @ "264261355000"
// Interrupt Monitor : interrupt for ap_done detected @ "265809095000"
// Interrupt Monitor : interrupt for ap_done detected @ "266217365000"
// Interrupt Monitor : interrupt for ap_done detected @ "266625635000"
// Interrupt Monitor : interrupt for ap_done detected @ "267033905000"
// Interrupt Monitor : interrupt for ap_done detected @ "268567945000"
// Interrupt Monitor : interrupt for ap_done detected @ "268736745000"
// Interrupt Monitor : interrupt for ap_done detected @ "268905585000"
// Interrupt Monitor : interrupt for ap_done detected @ "269074495000"
// Interrupt Monitor : interrupt for ap_done detected @ "269877315000"
// Interrupt Monitor : interrupt for ap_done detected @ "270046115000"
// Interrupt Monitor : interrupt for ap_done detected @ "270214955000"
// Interrupt Monitor : interrupt for ap_done detected @ "270383865000"
// Interrupt Monitor : interrupt for ap_done detected @ "271175455000"
MLKEM_ROW,6,2,42,3,60,2,0,3842882,4,1600,1600,58244,57220,0,0,1024,0,0,0,0,0x0001a700
KECCAK_ROW,6,27,27,27,0,16580,2037,3732
// Interrupt Monitor : interrupt for ap_done detected @ "298037725000"
// Interrupt Monitor : interrupt for ap_done detected @ "298219495000"
// Interrupt Monitor : interrupt for ap_done detected @ "298936015000"
// Interrupt Monitor : interrupt for ap_done detected @ "299344285000"
// Interrupt Monitor : interrupt for ap_done detected @ "299752555000"
// Interrupt Monitor : interrupt for ap_done detected @ "300160825000"
// Interrupt Monitor : interrupt for ap_done detected @ "301722915000"
// Interrupt Monitor : interrupt for ap_done detected @ "302131185000"
// Interrupt Monitor : interrupt for ap_done detected @ "302539455000"
// Interrupt Monitor : interrupt for ap_done detected @ "302947725000"
// Interrupt Monitor : interrupt for ap_done detected @ "304501785000"
// Interrupt Monitor : interrupt for ap_done detected @ "304910055000"
// Interrupt Monitor : interrupt for ap_done detected @ "305318325000"
// Interrupt Monitor : interrupt for ap_done detected @ "305726595000"
// Interrupt Monitor : interrupt for ap_done detected @ "307302935000"
// Interrupt Monitor : interrupt for ap_done detected @ "307711205000"
// Interrupt Monitor : interrupt for ap_done detected @ "308119475000"
// Interrupt Monitor : interrupt for ap_done detected @ "308527745000"
// Interrupt Monitor : interrupt for ap_done detected @ "310045015000"
// Interrupt Monitor : interrupt for ap_done detected @ "310213815000"
// Interrupt Monitor : interrupt for ap_done detected @ "310382655000"
// Interrupt Monitor : interrupt for ap_done detected @ "310551565000"
// Interrupt Monitor : interrupt for ap_done detected @ "311354385000"
// Interrupt Monitor : interrupt for ap_done detected @ "311523185000"
// Interrupt Monitor : interrupt for ap_done detected @ "311692025000"
// Interrupt Monitor : interrupt for ap_done detected @ "311860935000"
// Interrupt Monitor : interrupt for ap_done detected @ "312652525000"
MLKEM_ROW,7,2,42,3,61,2,0,3842434,4,1600,1600,58244,57220,0,0,1024,0,0,0,0,0x0001a700
KECCAK_ROW,7,27,27,27,0,16580,2037,3732
MLKEM_PASS cases=8 input_bytes=12800 output_bytes=12800 cpu_mul=1 cpu_fast_mul=1 cpu_div=1 expect_m=1 cycles=33402369 all_m=465954 min_sp=0x0001a700 stack_used=22768
KECCAK_PASS cases=8 starts=224 done=224 hash=216 squeeze=8
$finish called at time : 334024005 ns : File "E:/hls/k4kat_timing_decode_v3/20261004_173722_284523/snapshot/tb/tb_mlkem1024_keccak_kat.sv" Line 357
INFO: xsimkernel Simulation Memory Usage: 32316 KB (Peak: 32316 KB), Simulation CPU Usage: 744734 ms
