Copyright 1986-2022 Xilinx, Inc. All Rights Reserved. Copyright 2022-2024 Advanced Micro Devices, Inc. All Rights Reserved.
---------------------------------------------------------------------------------------------------------------------------------------------
| Tool Version : Vivado v.2024.2 (win64) Build 5239630 Fri Nov 08 22:35:27 MST 2024
| Date         : Sun Sep 27 16:20:28 2026
| Host         : DESKTOP-H0SRFHK running 64-bit major release  (build 9200)
| Command      : report_timing -max_paths 10 -file ./report/mlkem1024_keccak_accel_timing_paths_synth.rpt
| Design       : bd_0_wrapper
| Device       : 7z020-clg400
| Speed File   : -1  PRODUCTION 1.12 2019-11-22
| Design State : Synthesized
---------------------------------------------------------------------------------------------------------------------------------------------

Timing Report

Slack (MET) :             2.219ns  (required time - arrival time)
  Source:                 bd_0_i/hls_inst/inst/cursor_6_reg_6692_reg[0]/C
                            (rising edge-triggered cell FDRE clocked by ap_clk  {rise@0.000ns fall@5.000ns period=10.000ns})
  Destination:            bd_0_i/hls_inst/inst/icmp_ln210_reg_6731_reg[0]/D
                            (rising edge-triggered cell FDRE clocked by ap_clk  {rise@0.000ns fall@5.000ns period=10.000ns})
  Path Group:             ap_clk
  Path Type:              Setup (Max at Slow Process Corner)
  Requirement:            10.000ns  (ap_clk rise@10.000ns - ap_clk rise@0.000ns)
  Data Path Delay:        7.774ns  (logic 3.932ns (50.579%)  route 3.842ns (49.421%))
  Logic Levels:           16  (CARRY4=11 LUT3=1 LUT4=3 LUT5=1)
  Clock Path Skew:        -0.049ns (DCD - SCD + CPR)
    Destination Clock Delay (DCD):    0.924ns = ( 10.924 - 10.000 ) 
    Source Clock Delay      (SCD):    0.973ns
    Clock Pessimism Removal (CPR):    0.000ns
  Clock Uncertainty:      0.035ns  ((TSJ^2 + TIJ^2)^1/2 + DJ) / 2 + PE
    Total System Jitter     (TSJ):    0.071ns
    Total Input Jitter      (TIJ):    0.000ns
    Discrete Jitter          (DJ):    0.000ns
    Phase Error              (PE):    0.000ns

    Location             Delay type                Incr(ns)  Path(ns)    Netlist Resource(s)
  -------------------------------------------------------------------    -------------------
                         (clock ap_clk rise edge)     0.000     0.000 r  
                                                      0.000     0.000 r  ap_clk (IN)
                         net (fo=15319, unset)        0.973     0.973    bd_0_i/hls_inst/inst/ap_clk
                         FDRE                                         r  bd_0_i/hls_inst/inst/cursor_6_reg_6692_reg[0]/C
  -------------------------------------------------------------------    -------------------
                         FDRE (Prop_fdre_C_Q)         0.518     1.491 f  bd_0_i/hls_inst/inst/cursor_6_reg_6692_reg[0]/Q
                         net (fo=49, unplaced)        0.823     2.314    bd_0_i/hls_inst/inst/cursor_6_reg_6692[0]
                         LUT4 (Prop_lut4_I1_O)        0.319     2.633 r  bd_0_i/hls_inst/inst/cursor_7_reg_6756[0]_i_33/O
                         net (fo=1, unplaced)         0.000     2.633    bd_0_i/hls_inst/inst/cursor_7_reg_6756[0]_i_33_n_2
                         CARRY4 (Prop_carry4_DI[0]_CO[3])
                                                      0.576     3.209 r  bd_0_i/hls_inst/inst/cursor_7_reg_6756_reg[0]_i_21/CO[3]
                         net (fo=1, unplaced)         0.009     3.218    bd_0_i/hls_inst/inst/cursor_7_reg_6756_reg[0]_i_21_n_2
                         CARRY4 (Prop_carry4_CI_CO[3])
                                                      0.117     3.335 r  bd_0_i/hls_inst/inst/cursor_7_reg_6756_reg[0]_i_12/CO[3]
                         net (fo=1, unplaced)         0.000     3.335    bd_0_i/hls_inst/inst/cursor_7_reg_6756_reg[0]_i_12_n_2
                         CARRY4 (Prop_carry4_CI_CO[3])
                                                      0.117     3.452 r  bd_0_i/hls_inst/inst/cursor_7_reg_6756_reg[0]_i_3/CO[3]
                         net (fo=1, unplaced)         0.000     3.452    bd_0_i/hls_inst/inst/cursor_7_reg_6756_reg[0]_i_3_n_2
                         CARRY4 (Prop_carry4_CI_CO[3])
                                                      0.117     3.569 r  bd_0_i/hls_inst/inst/cursor_7_reg_6756_reg[0]_i_2/CO[3]
                         net (fo=231, unplaced)       1.039     4.608    bd_0_i/hls_inst/inst/cursor_7_reg_6756_reg[0]_i_2_n_2
                         LUT3 (Prop_lut3_I1_O)        0.116     4.724 r  bd_0_i/hls_inst/inst/icmp_ln210_reg_6731[0]_i_44/O
                         net (fo=1, unplaced)         0.000     4.724    bd_0_i/hls_inst/inst/icmp_ln210_reg_6731[0]_i_44_n_2
                         CARRY4 (Prop_carry4_DI[0]_CO[3])
                                                      0.576     5.300 r  bd_0_i/hls_inst/inst/icmp_ln210_reg_6731_reg[0]_i_16/CO[3]
                         net (fo=1, unplaced)         0.009     5.309    bd_0_i/hls_inst/inst/icmp_ln210_reg_6731_reg[0]_i_16_n_2
                         CARRY4 (Prop_carry4_CI_CO[3])
                                                      0.117     5.426 r  bd_0_i/hls_inst/inst/icmp_ln210_reg_6731_reg[0]_i_13/CO[3]
                         net (fo=1, unplaced)         0.000     5.426    bd_0_i/hls_inst/inst/icmp_ln210_reg_6731_reg[0]_i_13_n_2
                         CARRY4 (Prop_carry4_CI_CO[3])
                                                      0.117     5.543 r  bd_0_i/hls_inst/inst/icmp_ln210_reg_6731_reg[0]_i_8/CO[3]
                         net (fo=1, unplaced)         0.000     5.543    bd_0_i/hls_inst/inst/icmp_ln210_reg_6731_reg[0]_i_8_n_2
                         CARRY4 (Prop_carry4_CI_CO[3])
                                                      0.117     5.660 r  bd_0_i/hls_inst/inst/icmp_ln210_reg_6731_reg[0]_i_11/CO[3]
                         net (fo=1, unplaced)         0.000     5.660    bd_0_i/hls_inst/inst/icmp_ln210_reg_6731_reg[0]_i_11_n_2
                         CARRY4 (Prop_carry4_CI_CO[3])
                                                      0.117     5.777 r  bd_0_i/hls_inst/inst/icmp_ln210_reg_6731_reg[0]_i_6/CO[3]
                         net (fo=1, unplaced)         0.000     5.777    bd_0_i/hls_inst/inst/icmp_ln210_reg_6731_reg[0]_i_6_n_2
                         CARRY4 (Prop_carry4_CI_CO[3])
                                                      0.117     5.894 r  bd_0_i/hls_inst/inst/icmp_ln210_reg_6731_reg[0]_i_21/CO[3]
                         net (fo=1, unplaced)         0.000     5.894    bd_0_i/hls_inst/inst/icmp_ln210_reg_6731_reg[0]_i_21_n_2
                         CARRY4 (Prop_carry4_CI_O[1])
                                                      0.337     6.231 r  bd_0_i/hls_inst/inst/icmp_ln210_reg_6731_reg[0]_i_7/O[1]
                         net (fo=1, unplaced)         0.611     6.842    bd_0_i/hls_inst/inst/add_ln210_fu_4669_p2[25]
                         LUT4 (Prop_lut4_I0_O)        0.306     7.148 r  bd_0_i/hls_inst/inst/icmp_ln210_reg_6731[0]_i_14/O
                         net (fo=1, unplaced)         0.449     7.597    bd_0_i/hls_inst/inst/icmp_ln210_reg_6731[0]_i_14_n_2
                         LUT5 (Prop_lut5_I4_O)        0.124     7.721 r  bd_0_i/hls_inst/inst/icmp_ln210_reg_6731[0]_i_3/O
                         net (fo=1, unplaced)         0.902     8.623    bd_0_i/hls_inst/inst/icmp_ln210_reg_6731[0]_i_3_n_2
                         LUT4 (Prop_lut4_I1_O)        0.124     8.747 r  bd_0_i/hls_inst/inst/icmp_ln210_reg_6731[0]_i_1/O
                         net (fo=1, unplaced)         0.000     8.747    bd_0_i/hls_inst/inst/icmp_ln210_fu_4675_p2
                         FDRE                                         r  bd_0_i/hls_inst/inst/icmp_ln210_reg_6731_reg[0]/D
  -------------------------------------------------------------------    -------------------

                         (clock ap_clk rise edge)    10.000    10.000 r  
                                                      0.000    10.000 r  ap_clk (IN)
                         net (fo=15319, unset)        0.924    10.924    bd_0_i/hls_inst/inst/ap_clk
                         FDRE                                         r  bd_0_i/hls_inst/inst/icmp_ln210_reg_6731_reg[0]/C
                         clock pessimism              0.000    10.924    
                         clock uncertainty           -0.035    10.889    
                         FDRE (Setup_fdre_C_D)        0.077    10.966    bd_0_i/hls_inst/inst/icmp_ln210_reg_6731_reg[0]
  -------------------------------------------------------------------
                         required time                         10.966    
                         arrival time                          -8.747    
  -------------------------------------------------------------------
                         slack                                  2.219    

Slack (MET) :             3.105ns  (required time - arrival time)
  Source:                 bd_0_i/hls_inst/inst/cursor_6_reg_6692_reg[0]/C
                            (rising edge-triggered cell FDRE clocked by ap_clk  {rise@0.000ns fall@5.000ns period=10.000ns})
  Destination:            bd_0_i/hls_inst/inst/icmp_ln217_1_reg_6771_reg[0]/D
                            (rising edge-triggered cell FDRE clocked by ap_clk  {rise@0.000ns fall@5.000ns period=10.000ns})
  Path Group:             ap_clk
  Path Type:              Setup (Max at Slow Process Corner)
  Requirement:            10.000ns  (ap_clk rise@10.000ns - ap_clk rise@0.000ns)
  Data Path Delay:        6.905ns  (logic 4.109ns (59.508%)  route 2.796ns (40.492%))
  Logic Levels:           15  (CARRY4=12 LUT3=1 LUT4=1 LUT6=1)
  Clock Path Skew:        -0.049ns (DCD - SCD + CPR)
    Destination Clock Delay (DCD):    0.924ns = ( 10.924 - 10.000 ) 
    Source Clock Delay      (SCD):    0.973ns
    Clock Pessimism Removal (CPR):    0.000ns
  Clock Uncertainty:      0.035ns  ((TSJ^2 + TIJ^2)^1/2 + DJ) / 2 + PE
    Total System Jitter     (TSJ):    0.071ns
    Total Input Jitter      (TIJ):    0.000ns
    Discrete Jitter          (DJ):    0.000ns
    Phase Error              (PE):    0.000ns

    Location             Delay type                Incr(ns)  Path(ns)    Netlist Resource(s)
  -------------------------------------------------------------------    -------------------
                         (clock ap_clk rise edge)     0.000     0.000 r  
                                                      0.000     0.000 r  ap_clk (IN)
                         net (fo=15319, unset)        0.973     0.973    bd_0_i/hls_inst/inst/ap_clk
                         FDRE                                         r  bd_0_i/hls_inst/inst/cursor_6_reg_6692_reg[0]/C
  -------------------------------------------------------------------    -------------------
                         FDRE (Prop_fdre_C_Q)         0.518     1.491 f  bd_0_i/hls_inst/inst/cursor_6_reg_6692_reg[0]/Q
                         net (fo=49, unplaced)        0.823     2.314    bd_0_i/hls_inst/inst/cursor_6_reg_6692[0]
                         LUT4 (Prop_lut4_I1_O)        0.319     2.633 r  bd_0_i/hls_inst/inst/cursor_7_reg_6756[0]_i_33/O
                         net (fo=1, unplaced)         0.000     2.633    bd_0_i/hls_inst/inst/cursor_7_reg_6756[0]_i_33_n_2
                         CARRY4 (Prop_carry4_DI[0]_CO[3])
                                                      0.576     3.209 r  bd_0_i/hls_inst/inst/cursor_7_reg_6756_reg[0]_i_21/CO[3]
                         net (fo=1, unplaced)         0.009     3.218    bd_0_i/hls_inst/inst/cursor_7_reg_6756_reg[0]_i_21_n_2
                         CARRY4 (Prop_carry4_CI_CO[3])
                                                      0.117     3.335 r  bd_0_i/hls_inst/inst/cursor_7_reg_6756_reg[0]_i_12/CO[3]
                         net (fo=1, unplaced)         0.000     3.335    bd_0_i/hls_inst/inst/cursor_7_reg_6756_reg[0]_i_12_n_2
                         CARRY4 (Prop_carry4_CI_CO[3])
                                                      0.117     3.452 r  bd_0_i/hls_inst/inst/cursor_7_reg_6756_reg[0]_i_3/CO[3]
                         net (fo=1, unplaced)         0.000     3.452    bd_0_i/hls_inst/inst/cursor_7_reg_6756_reg[0]_i_3_n_2
                         CARRY4 (Prop_carry4_CI_CO[3])
                                                      0.117     3.569 r  bd_0_i/hls_inst/inst/cursor_7_reg_6756_reg[0]_i_2/CO[3]
                         net (fo=231, unplaced)       1.039     4.608    bd_0_i/hls_inst/inst/cursor_7_reg_6756_reg[0]_i_2_n_2
                         LUT3 (Prop_lut3_I1_O)        0.116     4.724 r  bd_0_i/hls_inst/inst/trunc_ln199_reg_6766[0]_i_5/O
                         net (fo=1, unplaced)         0.000     4.724    bd_0_i/hls_inst/inst/trunc_ln199_reg_6766[0]_i_5_n_2
                         CARRY4 (Prop_carry4_DI[0]_CO[3])
                                                      0.576     5.300 r  bd_0_i/hls_inst/inst/trunc_ln199_reg_6766_reg[0]_i_1/CO[3]
                         net (fo=1, unplaced)         0.009     5.309    bd_0_i/hls_inst/inst/trunc_ln199_reg_6766_reg[0]_i_1_n_2
                         CARRY4 (Prop_carry4_CI_CO[3])
                                                      0.117     5.426 r  bd_0_i/hls_inst/inst/trunc_ln199_reg_6766_reg[4]_i_1/CO[3]
                         net (fo=1, unplaced)         0.000     5.426    bd_0_i/hls_inst/inst/trunc_ln199_reg_6766_reg[4]_i_1_n_2
                         CARRY4 (Prop_carry4_CI_CO[3])
                                                      0.117     5.543 r  bd_0_i/hls_inst/inst/trunc_ln199_reg_6766_reg[8]_i_1/CO[3]
                         net (fo=1, unplaced)         0.000     5.543    bd_0_i/hls_inst/inst/trunc_ln199_reg_6766_reg[8]_i_1_n_2
                         CARRY4 (Prop_carry4_CI_CO[3])
                                                      0.117     5.660 r  bd_0_i/hls_inst/inst/written_3_reg_6761_reg[15]_i_1/CO[3]
                         net (fo=1, unplaced)         0.000     5.660    bd_0_i/hls_inst/inst/written_3_reg_6761_reg[15]_i_1_n_2
                         CARRY4 (Prop_carry4_CI_CO[3])
                                                      0.117     5.777 r  bd_0_i/hls_inst/inst/written_3_reg_6761_reg[19]_i_1/CO[3]
                         net (fo=1, unplaced)         0.000     5.777    bd_0_i/hls_inst/inst/written_3_reg_6761_reg[19]_i_1_n_2
                         CARRY4 (Prop_carry4_CI_O[2])
                                                      0.256     6.033 r  bd_0_i/hls_inst/inst/written_3_reg_6761_reg[23]_i_1/O[2]
                         net (fo=2, unplaced)         0.916     6.949    bd_0_i/hls_inst/inst/trunc_ln199_fu_4826_p1[22]
                         LUT6 (Prop_lut6_I1_O)        0.301     7.250 r  bd_0_i/hls_inst/inst/icmp_ln217_1_reg_6771[0]_i_7/O
                         net (fo=1, unplaced)         0.000     7.250    bd_0_i/hls_inst/inst/icmp_ln217_1_reg_6771[0]_i_7_n_2
                         CARRY4 (Prop_carry4_S[3]_CO[3])
                                                      0.376     7.626 r  bd_0_i/hls_inst/inst/icmp_ln217_1_reg_6771_reg[0]_i_2/CO[3]
                         net (fo=1, unplaced)         0.000     7.626    bd_0_i/hls_inst/inst/icmp_ln217_1_reg_6771_reg[0]_i_2_n_2
                         CARRY4 (Prop_carry4_CI_CO[2])
                                                      0.252     7.878 r  bd_0_i/hls_inst/inst/icmp_ln217_1_reg_6771_reg[0]_i_1/CO[2]
                         net (fo=1, unplaced)         0.000     7.878    bd_0_i/hls_inst/inst/icmp_ln217_1_fu_4830_p2
                         FDRE                                         r  bd_0_i/hls_inst/inst/icmp_ln217_1_reg_6771_reg[0]/D
  -------------------------------------------------------------------    -------------------

                         (clock ap_clk rise edge)    10.000    10.000 r  
                                                      0.000    10.000 r  ap_clk (IN)
                         net (fo=15319, unset)        0.924    10.924    bd_0_i/hls_inst/inst/ap_clk
                         FDRE                                         r  bd_0_i/hls_inst/inst/icmp_ln217_1_reg_6771_reg[0]/C
                         clock pessimism              0.000    10.924    
                         clock uncertainty           -0.035    10.889    
                         FDRE (Setup_fdre_C_D)        0.094    10.983    bd_0_i/hls_inst/inst/icmp_ln217_1_reg_6771_reg[0]
  -------------------------------------------------------------------
                         required time                         10.983    
                         arrival time                          -7.878    
  -------------------------------------------------------------------
                         slack                                  3.105    

Slack (MET) :             3.539ns  (required time - arrival time)
  Source:                 bd_0_i/hls_inst/inst/grp_p_anonymous_namespace_keccak_f1600_fu_2505/flow_control_loop_pipe_sequential_init_U/ap_loop_init_int_reg/C
                            (rising edge-triggered cell FDRE clocked by ap_clk  {rise@0.000ns fall@5.000ns period=10.000ns})
  Destination:            bd_0_i/hls_inst/inst/cursor_4_fu_580_reg[10]/R
                            (rising edge-triggered cell FDRE clocked by ap_clk  {rise@0.000ns fall@5.000ns period=10.000ns})
  Path Group:             ap_clk
  Path Type:              Setup (Max at Slow Process Corner)
  Requirement:            10.000ns  (ap_clk rise@10.000ns - ap_clk rise@0.000ns)
  Data Path Delay:        5.853ns  (logic 1.309ns (22.365%)  route 4.544ns (77.635%))
  Logic Levels:           5  (LUT2=2 LUT3=1 LUT6=2)
  Clock Path Skew:        -0.049ns (DCD - SCD + CPR)
    Destination Clock Delay (DCD):    0.924ns = ( 10.924 - 10.000 ) 
    Source Clock Delay      (SCD):    0.973ns
    Clock Pessimism Removal (CPR):    0.000ns
  Clock Uncertainty:      0.035ns  ((TSJ^2 + TIJ^2)^1/2 + DJ) / 2 + PE
    Total System Jitter     (TSJ):    0.071ns
    Total Input Jitter      (TIJ):    0.000ns
    Discrete Jitter          (DJ):    0.000ns
    Phase Error              (PE):    0.000ns

    Location             Delay type                Incr(ns)  Path(ns)    Netlist Resource(s)
  -------------------------------------------------------------------    -------------------
                         (clock ap_clk rise edge)     0.000     0.000 r  
                                                      0.000     0.000 r  ap_clk (IN)
                         net (fo=15319, unset)        0.973     0.973    bd_0_i/hls_inst/inst/grp_p_anonymous_namespace_keccak_f1600_fu_2505/flow_control_loop_pipe_sequential_init_U/ap_clk
                         FDRE                                         r  bd_0_i/hls_inst/inst/grp_p_anonymous_namespace_keccak_f1600_fu_2505/flow_control_loop_pipe_sequential_init_U/ap_loop_init_int_reg/C
  -------------------------------------------------------------------    -------------------
                         FDRE (Prop_fdre_C_Q)         0.518     1.491 f  bd_0_i/hls_inst/inst/grp_p_anonymous_namespace_keccak_f1600_fu_2505/flow_control_loop_pipe_sequential_init_U/ap_loop_init_int_reg/Q
                         net (fo=2, unplaced)         0.481     1.972    bd_0_i/hls_inst/inst/grp_p_anonymous_namespace_keccak_f1600_fu_2505/flow_control_loop_pipe_sequential_init_U/ap_loop_init_int
                         LUT2 (Prop_lut2_I0_O)        0.295     2.267 f  bd_0_i/hls_inst/inst/grp_p_anonymous_namespace_keccak_f1600_fu_2505/flow_control_loop_pipe_sequential_init_U/q0[63]_i_2/O
                         net (fo=1618, unplaced)      0.589     2.856    bd_0_i/hls_inst/inst/grp_p_anonymous_namespace_keccak_f1600_fu_2505/flow_control_loop_pipe_sequential_init_U/ap_loop_init
                         LUT2 (Prop_lut2_I1_O)        0.124     2.980 r  bd_0_i/hls_inst/inst/grp_p_anonymous_namespace_keccak_f1600_fu_2505/flow_control_loop_pipe_sequential_init_U/round_fu_326[4]_i_4/O
                         net (fo=2, unplaced)         1.122     4.102    bd_0_i/hls_inst/inst/grp_p_anonymous_namespace_keccak_f1600_fu_2505/flow_control_loop_pipe_sequential_init_U/ap_sig_allocacmp_round_1[3]
                         LUT6 (Prop_lut6_I1_O)        0.124     4.226 r  bd_0_i/hls_inst/inst/grp_p_anonymous_namespace_keccak_f1600_fu_2505/flow_control_loop_pipe_sequential_init_U/ap_loop_init_int_i_2/O
                         net (fo=18, unplaced)        0.506     4.732    bd_0_i/hls_inst/inst/grp_p_anonymous_namespace_keccak_f1600_fu_2505/flow_control_loop_pipe_sequential_init_U/grp_p_anonymous_namespace_keccak_f1600_fu_2505_ap_ready
                         LUT3 (Prop_lut3_I0_O)        0.124     4.856 r  bd_0_i/hls_inst/inst/grp_p_anonymous_namespace_keccak_f1600_fu_2505/flow_control_loop_pipe_sequential_init_U/state_24_5_ph_reg_2148[63]_i_3/O
                         net (fo=120, unplaced)       1.006     5.862    bd_0_i/hls_inst/inst/grp_p_anonymous_namespace_keccak_f1600_fu_2505/flow_control_loop_pipe_sequential_init_U/state_24_5_ph_reg_2148[63]_i_3_n_2
                         LUT6 (Prop_lut6_I2_O)        0.124     5.986 r  bd_0_i/hls_inst/inst/grp_p_anonymous_namespace_keccak_f1600_fu_2505/flow_control_loop_pipe_sequential_init_U/cursor_4_fu_580[31]_i_1/O
                         net (fo=24, unplaced)        0.840     6.826    bd_0_i/hls_inst/inst/grp_p_anonymous_namespace_keccak_f1600_fu_2505_n_3609
                         FDRE                                         r  bd_0_i/hls_inst/inst/cursor_4_fu_580_reg[10]/R
  -------------------------------------------------------------------    -------------------

                         (clock ap_clk rise edge)    10.000    10.000 r  
                                                      0.000    10.000 r  ap_clk (IN)
                         net (fo=15319, unset)        0.924    10.924    bd_0_i/hls_inst/inst/ap_clk
                         FDRE                                         r  bd_0_i/hls_inst/inst/cursor_4_fu_580_reg[10]/C
                         clock pessimism              0.000    10.924    
                         clock uncertainty           -0.035    10.889    
                         FDRE (Setup_fdre_C_R)       -0.524    10.365    bd_0_i/hls_inst/inst/cursor_4_fu_580_reg[10]
  -------------------------------------------------------------------
                         required time                         10.365    
                         arrival time                          -6.826    
  -------------------------------------------------------------------
                         slack                                  3.539    

Slack (MET) :             3.539ns  (required time - arrival time)
  Source:                 bd_0_i/hls_inst/inst/grp_p_anonymous_namespace_keccak_f1600_fu_2505/flow_control_loop_pipe_sequential_init_U/ap_loop_init_int_reg/C
                            (rising edge-triggered cell FDRE clocked by ap_clk  {rise@0.000ns fall@5.000ns period=10.000ns})
  Destination:            bd_0_i/hls_inst/inst/cursor_4_fu_580_reg[11]/R
                            (rising edge-triggered cell FDRE clocked by ap_clk  {rise@0.000ns fall@5.000ns period=10.000ns})
  Path Group:             ap_clk
  Path Type:              Setup (Max at Slow Process Corner)
  Requirement:            10.000ns  (ap_clk rise@10.000ns - ap_clk rise@0.000ns)
  Data Path Delay:        5.853ns  (logic 1.309ns (22.365%)  route 4.544ns (77.635%))
  Logic Levels:           5  (LUT2=2 LUT3=1 LUT6=2)
  Clock Path Skew:        -0.049ns (DCD - SCD + CPR)
    Destination Clock Delay (DCD):    0.924ns = ( 10.924 - 10.000 ) 
    Source Clock Delay      (SCD):    0.973ns
    Clock Pessimism Removal (CPR):    0.000ns
  Clock Uncertainty:      0.035ns  ((TSJ^2 + TIJ^2)^1/2 + DJ) / 2 + PE
    Total System Jitter     (TSJ):    0.071ns
    Total Input Jitter      (TIJ):    0.000ns
    Discrete Jitter          (DJ):    0.000ns
    Phase Error              (PE):    0.000ns

    Location             Delay type                Incr(ns)  Path(ns)    Netlist Resource(s)
  -------------------------------------------------------------------    -------------------
                         (clock ap_clk rise edge)     0.000     0.000 r  
                                                      0.000     0.000 r  ap_clk (IN)
                         net (fo=15319, unset)        0.973     0.973    bd_0_i/hls_inst/inst/grp_p_anonymous_namespace_keccak_f1600_fu_2505/flow_control_loop_pipe_sequential_init_U/ap_clk
                         FDRE                                         r  bd_0_i/hls_inst/inst/grp_p_anonymous_namespace_keccak_f1600_fu_2505/flow_control_loop_pipe_sequential_init_U/ap_loop_init_int_reg/C
  -------------------------------------------------------------------    -------------------
                         FDRE (Prop_fdre_C_Q)         0.518     1.491 f  bd_0_i/hls_inst/inst/grp_p_anonymous_namespace_keccak_f1600_fu_2505/flow_control_loop_pipe_sequential_init_U/ap_loop_init_int_reg/Q
                         net (fo=2, unplaced)         0.481     1.972    bd_0_i/hls_inst/inst/grp_p_anonymous_namespace_keccak_f1600_fu_2505/flow_control_loop_pipe_sequential_init_U/ap_loop_init_int
                         LUT2 (Prop_lut2_I0_O)        0.295     2.267 f  bd_0_i/hls_inst/inst/grp_p_anonymous_namespace_keccak_f1600_fu_2505/flow_control_loop_pipe_sequential_init_U/q0[63]_i_2/O
                         net (fo=1618, unplaced)      0.589     2.856    bd_0_i/hls_inst/inst/grp_p_anonymous_namespace_keccak_f1600_fu_2505/flow_control_loop_pipe_sequential_init_U/ap_loop_init
                         LUT2 (Prop_lut2_I1_O)        0.124     2.980 r  bd_0_i/hls_inst/inst/grp_p_anonymous_namespace_keccak_f1600_fu_2505/flow_control_loop_pipe_sequential_init_U/round_fu_326[4]_i_4/O
                         net (fo=2, unplaced)         1.122     4.102    bd_0_i/hls_inst/inst/grp_p_anonymous_namespace_keccak_f1600_fu_2505/flow_control_loop_pipe_sequential_init_U/ap_sig_allocacmp_round_1[3]
                         LUT6 (Prop_lut6_I1_O)        0.124     4.226 r  bd_0_i/hls_inst/inst/grp_p_anonymous_namespace_keccak_f1600_fu_2505/flow_control_loop_pipe_sequential_init_U/ap_loop_init_int_i_2/O
                         net (fo=18, unplaced)        0.506     4.732    bd_0_i/hls_inst/inst/grp_p_anonymous_namespace_keccak_f1600_fu_2505/flow_control_loop_pipe_sequential_init_U/grp_p_anonymous_namespace_keccak_f1600_fu_2505_ap_ready
                         LUT3 (Prop_lut3_I0_O)        0.124     4.856 r  bd_0_i/hls_inst/inst/grp_p_anonymous_namespace_keccak_f1600_fu_2505/flow_control_loop_pipe_sequential_init_U/state_24_5_ph_reg_2148[63]_i_3/O
                         net (fo=120, unplaced)       1.006     5.862    bd_0_i/hls_inst/inst/grp_p_anonymous_namespace_keccak_f1600_fu_2505/flow_control_loop_pipe_sequential_init_U/state_24_5_ph_reg_2148[63]_i_3_n_2
                         LUT6 (Prop_lut6_I2_O)        0.124     5.986 r  bd_0_i/hls_inst/inst/grp_p_anonymous_namespace_keccak_f1600_fu_2505/flow_control_loop_pipe_sequential_init_U/cursor_4_fu_580[31]_i_1/O
                         net (fo=24, unplaced)        0.840     6.826    bd_0_i/hls_inst/inst/grp_p_anonymous_namespace_keccak_f1600_fu_2505_n_3609
                         FDRE                                         r  bd_0_i/hls_inst/inst/cursor_4_fu_580_reg[11]/R
  -------------------------------------------------------------------    -------------------

                         (clock ap_clk rise edge)    10.000    10.000 r  
                                                      0.000    10.000 r  ap_clk (IN)
                         net (fo=15319, unset)        0.924    10.924    bd_0_i/hls_inst/inst/ap_clk
                         FDRE                                         r  bd_0_i/hls_inst/inst/cursor_4_fu_580_reg[11]/C
                         clock pessimism              0.000    10.924    
                         clock uncertainty           -0.035    10.889    
                         FDRE (Setup_fdre_C_R)       -0.524    10.365    bd_0_i/hls_inst/inst/cursor_4_fu_580_reg[11]
  -------------------------------------------------------------------
                         required time                         10.365    
                         arrival time                          -6.826    
  -------------------------------------------------------------------
                         slack                                  3.539    

Slack (MET) :             3.539ns  (required time - arrival time)
  Source:                 bd_0_i/hls_inst/inst/grp_p_anonymous_namespace_keccak_f1600_fu_2505/flow_control_loop_pipe_sequential_init_U/ap_loop_init_int_reg/C
                            (rising edge-triggered cell FDRE clocked by ap_clk  {rise@0.000ns fall@5.000ns period=10.000ns})
  Destination:            bd_0_i/hls_inst/inst/cursor_4_fu_580_reg[12]/R
                            (rising edge-triggered cell FDRE clocked by ap_clk  {rise@0.000ns fall@5.000ns period=10.000ns})
  Path Group:             ap_clk
  Path Type:              Setup (Max at Slow Process Corner)
  Requirement:            10.000ns  (ap_clk rise@10.000ns - ap_clk rise@0.000ns)
  Data Path Delay:        5.853ns  (logic 1.309ns (22.365%)  route 4.544ns (77.635%))
  Logic Levels:           5  (LUT2=2 LUT3=1 LUT6=2)
  Clock Path Skew:        -0.049ns (DCD - SCD + CPR)
    Destination Clock Delay (DCD):    0.924ns = ( 10.924 - 10.000 ) 
    Source Clock Delay      (SCD):    0.973ns
    Clock Pessimism Removal (CPR):    0.000ns
  Clock Uncertainty:      0.035ns  ((TSJ^2 + TIJ^2)^1/2 + DJ) / 2 + PE
    Total System Jitter     (TSJ):    0.071ns
    Total Input Jitter      (TIJ):    0.000ns
    Discrete Jitter          (DJ):    0.000ns
    Phase Error              (PE):    0.000ns

    Location             Delay type                Incr(ns)  Path(ns)    Netlist Resource(s)
  -------------------------------------------------------------------    -------------------
                         (clock ap_clk rise edge)     0.000     0.000 r  
                                                      0.000     0.000 r  ap_clk (IN)
                         net (fo=15319, unset)        0.973     0.973    bd_0_i/hls_inst/inst/grp_p_anonymous_namespace_keccak_f1600_fu_2505/flow_control_loop_pipe_sequential_init_U/ap_clk
                         FDRE                                         r  bd_0_i/hls_inst/inst/grp_p_anonymous_namespace_keccak_f1600_fu_2505/flow_control_loop_pipe_sequential_init_U/ap_loop_init_int_reg/C
  -------------------------------------------------------------------    -------------------
                         FDRE (Prop_fdre_C_Q)         0.518     1.491 f  bd_0_i/hls_inst/inst/grp_p_anonymous_namespace_keccak_f1600_fu_2505/flow_control_loop_pipe_sequential_init_U/ap_loop_init_int_reg/Q
                         net (fo=2, unplaced)         0.481     1.972    bd_0_i/hls_inst/inst/grp_p_anonymous_namespace_keccak_f1600_fu_2505/flow_control_loop_pipe_sequential_init_U/ap_loop_init_int
                         LUT2 (Prop_lut2_I0_O)        0.295     2.267 f  bd_0_i/hls_inst/inst/grp_p_anonymous_namespace_keccak_f1600_fu_2505/flow_control_loop_pipe_sequential_init_U/q0[63]_i_2/O
                         net (fo=1618, unplaced)      0.589     2.856    bd_0_i/hls_inst/inst/grp_p_anonymous_namespace_keccak_f1600_fu_2505/flow_control_loop_pipe_sequential_init_U/ap_loop_init
                         LUT2 (Prop_lut2_I1_O)        0.124     2.980 r  bd_0_i/hls_inst/inst/grp_p_anonymous_namespace_keccak_f1600_fu_2505/flow_control_loop_pipe_sequential_init_U/round_fu_326[4]_i_4/O
                         net (fo=2, unplaced)         1.122     4.102    bd_0_i/hls_inst/inst/grp_p_anonymous_namespace_keccak_f1600_fu_2505/flow_control_loop_pipe_sequential_init_U/ap_sig_allocacmp_round_1[3]
                         LUT6 (Prop_lut6_I1_O)        0.124     4.226 r  bd_0_i/hls_inst/inst/grp_p_anonymous_namespace_keccak_f1600_fu_2505/flow_control_loop_pipe_sequential_init_U/ap_loop_init_int_i_2/O
                         net (fo=18, unplaced)        0.506     4.732    bd_0_i/hls_inst/inst/grp_p_anonymous_namespace_keccak_f1600_fu_2505/flow_control_loop_pipe_sequential_init_U/grp_p_anonymous_namespace_keccak_f1600_fu_2505_ap_ready
                         LUT3 (Prop_lut3_I0_O)        0.124     4.856 r  bd_0_i/hls_inst/inst/grp_p_anonymous_namespace_keccak_f1600_fu_2505/flow_control_loop_pipe_sequential_init_U/state_24_5_ph_reg_2148[63]_i_3/O
                         net (fo=120, unplaced)       1.006     5.862    bd_0_i/hls_inst/inst/grp_p_anonymous_namespace_keccak_f1600_fu_2505/flow_control_loop_pipe_sequential_init_U/state_24_5_ph_reg_2148[63]_i_3_n_2
                         LUT6 (Prop_lut6_I2_O)        0.124     5.986 r  bd_0_i/hls_inst/inst/grp_p_anonymous_namespace_keccak_f1600_fu_2505/flow_control_loop_pipe_sequential_init_U/cursor_4_fu_580[31]_i_1/O
                         net (fo=24, unplaced)        0.840     6.826    bd_0_i/hls_inst/inst/grp_p_anonymous_namespace_keccak_f1600_fu_2505_n_3609
                         FDRE                                         r  bd_0_i/hls_inst/inst/cursor_4_fu_580_reg[12]/R
  -------------------------------------------------------------------    -------------------

                         (clock ap_clk rise edge)    10.000    10.000 r  
                                                      0.000    10.000 r  ap_clk (IN)
                         net (fo=15319, unset)        0.924    10.924    bd_0_i/hls_inst/inst/ap_clk
                         FDRE                                         r  bd_0_i/hls_inst/inst/cursor_4_fu_580_reg[12]/C
                         clock pessimism              0.000    10.924    
                         clock uncertainty           -0.035    10.889    
                         FDRE (Setup_fdre_C_R)       -0.524    10.365    bd_0_i/hls_inst/inst/cursor_4_fu_580_reg[12]
  -------------------------------------------------------------------
                         required time                         10.365    
                         arrival time                          -6.826    
  -------------------------------------------------------------------
                         slack                                  3.539    

Slack (MET) :             3.539ns  (required time - arrival time)
  Source:                 bd_0_i/hls_inst/inst/grp_p_anonymous_namespace_keccak_f1600_fu_2505/flow_control_loop_pipe_sequential_init_U/ap_loop_init_int_reg/C
                            (rising edge-triggered cell FDRE clocked by ap_clk  {rise@0.000ns fall@5.000ns period=10.000ns})
  Destination:            bd_0_i/hls_inst/inst/cursor_4_fu_580_reg[13]/R
                            (rising edge-triggered cell FDRE clocked by ap_clk  {rise@0.000ns fall@5.000ns period=10.000ns})
  Path Group:             ap_clk
  Path Type:              Setup (Max at Slow Process Corner)
  Requirement:            10.000ns  (ap_clk rise@10.000ns - ap_clk rise@0.000ns)
  Data Path Delay:        5.853ns  (logic 1.309ns (22.365%)  route 4.544ns (77.635%))
  Logic Levels:           5  (LUT2=2 LUT3=1 LUT6=2)
  Clock Path Skew:        -0.049ns (DCD - SCD + CPR)
    Destination Clock Delay (DCD):    0.924ns = ( 10.924 - 10.000 ) 
    Source Clock Delay      (SCD):    0.973ns
    Clock Pessimism Removal (CPR):    0.000ns
  Clock Uncertainty:      0.035ns  ((TSJ^2 + TIJ^2)^1/2 + DJ) / 2 + PE
    Total System Jitter     (TSJ):    0.071ns
    Total Input Jitter      (TIJ):    0.000ns
    Discrete Jitter          (DJ):    0.000ns
    Phase Error              (PE):    0.000ns

    Location             Delay type                Incr(ns)  Path(ns)    Netlist Resource(s)
  -------------------------------------------------------------------    -------------------
                         (clock ap_clk rise edge)     0.000     0.000 r  
                                                      0.000     0.000 r  ap_clk (IN)
                         net (fo=15319, unset)        0.973     0.973    bd_0_i/hls_inst/inst/grp_p_anonymous_namespace_keccak_f1600_fu_2505/flow_control_loop_pipe_sequential_init_U/ap_clk
                         FDRE                                         r  bd_0_i/hls_inst/inst/grp_p_anonymous_namespace_keccak_f1600_fu_2505/flow_control_loop_pipe_sequential_init_U/ap_loop_init_int_reg/C
  -------------------------------------------------------------------    -------------------
                         FDRE (Prop_fdre_C_Q)         0.518     1.491 f  bd_0_i/hls_inst/inst/grp_p_anonymous_namespace_keccak_f1600_fu_2505/flow_control_loop_pipe_sequential_init_U/ap_loop_init_int_reg/Q
                         net (fo=2, unplaced)         0.481     1.972    bd_0_i/hls_inst/inst/grp_p_anonymous_namespace_keccak_f1600_fu_2505/flow_control_loop_pipe_sequential_init_U/ap_loop_init_int
                         LUT2 (Prop_lut2_I0_O)        0.295     2.267 f  bd_0_i/hls_inst/inst/grp_p_anonymous_namespace_keccak_f1600_fu_2505/flow_control_loop_pipe_sequential_init_U/q0[63]_i_2/O
                         net (fo=1618, unplaced)      0.589     2.856    bd_0_i/hls_inst/inst/grp_p_anonymous_namespace_keccak_f1600_fu_2505/flow_control_loop_pipe_sequential_init_U/ap_loop_init
                         LUT2 (Prop_lut2_I1_O)        0.124     2.980 r  bd_0_i/hls_inst/inst/grp_p_anonymous_namespace_keccak_f1600_fu_2505/flow_control_loop_pipe_sequential_init_U/round_fu_326[4]_i_4/O
                         net (fo=2, unplaced)         1.122     4.102    bd_0_i/hls_inst/inst/grp_p_anonymous_namespace_keccak_f1600_fu_2505/flow_control_loop_pipe_sequential_init_U/ap_sig_allocacmp_round_1[3]
                         LUT6 (Prop_lut6_I1_O)        0.124     4.226 r  bd_0_i/hls_inst/inst/grp_p_anonymous_namespace_keccak_f1600_fu_2505/flow_control_loop_pipe_sequential_init_U/ap_loop_init_int_i_2/O
                         net (fo=18, unplaced)        0.506     4.732    bd_0_i/hls_inst/inst/grp_p_anonymous_namespace_keccak_f1600_fu_2505/flow_control_loop_pipe_sequential_init_U/grp_p_anonymous_namespace_keccak_f1600_fu_2505_ap_ready
                         LUT3 (Prop_lut3_I0_O)        0.124     4.856 r  bd_0_i/hls_inst/inst/grp_p_anonymous_namespace_keccak_f1600_fu_2505/flow_control_loop_pipe_sequential_init_U/state_24_5_ph_reg_2148[63]_i_3/O
                         net (fo=120, unplaced)       1.006     5.862    bd_0_i/hls_inst/inst/grp_p_anonymous_namespace_keccak_f1600_fu_2505/flow_control_loop_pipe_sequential_init_U/state_24_5_ph_reg_2148[63]_i_3_n_2
                         LUT6 (Prop_lut6_I2_O)        0.124     5.986 r  bd_0_i/hls_inst/inst/grp_p_anonymous_namespace_keccak_f1600_fu_2505/flow_control_loop_pipe_sequential_init_U/cursor_4_fu_580[31]_i_1/O
                         net (fo=24, unplaced)        0.840     6.826    bd_0_i/hls_inst/inst/grp_p_anonymous_namespace_keccak_f1600_fu_2505_n_3609
                         FDRE                                         r  bd_0_i/hls_inst/inst/cursor_4_fu_580_reg[13]/R
  -------------------------------------------------------------------    -------------------

                         (clock ap_clk rise edge)    10.000    10.000 r  
                                                      0.000    10.000 r  ap_clk (IN)
                         net (fo=15319, unset)        0.924    10.924    bd_0_i/hls_inst/inst/ap_clk
                         FDRE                                         r  bd_0_i/hls_inst/inst/cursor_4_fu_580_reg[13]/C
                         clock pessimism              0.000    10.924    
                         clock uncertainty           -0.035    10.889    
                         FDRE (Setup_fdre_C_R)       -0.524    10.365    bd_0_i/hls_inst/inst/cursor_4_fu_580_reg[13]
  -------------------------------------------------------------------
                         required time                         10.365    
                         arrival time                          -6.826    
  -------------------------------------------------------------------
                         slack                                  3.539    

Slack (MET) :             3.539ns  (required time - arrival time)
  Source:                 bd_0_i/hls_inst/inst/grp_p_anonymous_namespace_keccak_f1600_fu_2505/flow_control_loop_pipe_sequential_init_U/ap_loop_init_int_reg/C
                            (rising edge-triggered cell FDRE clocked by ap_clk  {rise@0.000ns fall@5.000ns period=10.000ns})
  Destination:            bd_0_i/hls_inst/inst/cursor_4_fu_580_reg[14]/R
                            (rising edge-triggered cell FDRE clocked by ap_clk  {rise@0.000ns fall@5.000ns period=10.000ns})
  Path Group:             ap_clk
  Path Type:              Setup (Max at Slow Process Corner)
  Requirement:            10.000ns  (ap_clk rise@10.000ns - ap_clk rise@0.000ns)
  Data Path Delay:        5.853ns  (logic 1.309ns (22.365%)  route 4.544ns (77.635%))
  Logic Levels:           5  (LUT2=2 LUT3=1 LUT6=2)
  Clock Path Skew:        -0.049ns (DCD - SCD + CPR)
    Destination Clock Delay (DCD):    0.924ns = ( 10.924 - 10.000 ) 
    Source Clock Delay      (SCD):    0.973ns
    Clock Pessimism Removal (CPR):    0.000ns
  Clock Uncertainty:      0.035ns  ((TSJ^2 + TIJ^2)^1/2 + DJ) / 2 + PE
    Total System Jitter     (TSJ):    0.071ns
    Total Input Jitter      (TIJ):    0.000ns
    Discrete Jitter          (DJ):    0.000ns
    Phase Error              (PE):    0.000ns

    Location             Delay type                Incr(ns)  Path(ns)    Netlist Resource(s)
  -------------------------------------------------------------------    -------------------
                         (clock ap_clk rise edge)     0.000     0.000 r  
                                                      0.000     0.000 r  ap_clk (IN)
                         net (fo=15319, unset)        0.973     0.973    bd_0_i/hls_inst/inst/grp_p_anonymous_namespace_keccak_f1600_fu_2505/flow_control_loop_pipe_sequential_init_U/ap_clk
                         FDRE                                         r  bd_0_i/hls_inst/inst/grp_p_anonymous_namespace_keccak_f1600_fu_2505/flow_control_loop_pipe_sequential_init_U/ap_loop_init_int_reg/C
  -------------------------------------------------------------------    -------------------
                         FDRE (Prop_fdre_C_Q)         0.518     1.491 f  bd_0_i/hls_inst/inst/grp_p_anonymous_namespace_keccak_f1600_fu_2505/flow_control_loop_pipe_sequential_init_U/ap_loop_init_int_reg/Q
                         net (fo=2, unplaced)         0.481     1.972    bd_0_i/hls_inst/inst/grp_p_anonymous_namespace_keccak_f1600_fu_2505/flow_control_loop_pipe_sequential_init_U/ap_loop_init_int
                         LUT2 (Prop_lut2_I0_O)        0.295     2.267 f  bd_0_i/hls_inst/inst/grp_p_anonymous_namespace_keccak_f1600_fu_2505/flow_control_loop_pipe_sequential_init_U/q0[63]_i_2/O
                         net (fo=1618, unplaced)      0.589     2.856    bd_0_i/hls_inst/inst/grp_p_anonymous_namespace_keccak_f1600_fu_2505/flow_control_loop_pipe_sequential_init_U/ap_loop_init
                         LUT2 (Prop_lut2_I1_O)        0.124     2.980 r  bd_0_i/hls_inst/inst/grp_p_anonymous_namespace_keccak_f1600_fu_2505/flow_control_loop_pipe_sequential_init_U/round_fu_326[4]_i_4/O
                         net (fo=2, unplaced)         1.122     4.102    bd_0_i/hls_inst/inst/grp_p_anonymous_namespace_keccak_f1600_fu_2505/flow_control_loop_pipe_sequential_init_U/ap_sig_allocacmp_round_1[3]
                         LUT6 (Prop_lut6_I1_O)        0.124     4.226 r  bd_0_i/hls_inst/inst/grp_p_anonymous_namespace_keccak_f1600_fu_2505/flow_control_loop_pipe_sequential_init_U/ap_loop_init_int_i_2/O
                         net (fo=18, unplaced)        0.506     4.732    bd_0_i/hls_inst/inst/grp_p_anonymous_namespace_keccak_f1600_fu_2505/flow_control_loop_pipe_sequential_init_U/grp_p_anonymous_namespace_keccak_f1600_fu_2505_ap_ready
                         LUT3 (Prop_lut3_I0_O)        0.124     4.856 r  bd_0_i/hls_inst/inst/grp_p_anonymous_namespace_keccak_f1600_fu_2505/flow_control_loop_pipe_sequential_init_U/state_24_5_ph_reg_2148[63]_i_3/O
                         net (fo=120, unplaced)       1.006     5.862    bd_0_i/hls_inst/inst/grp_p_anonymous_namespace_keccak_f1600_fu_2505/flow_control_loop_pipe_sequential_init_U/state_24_5_ph_reg_2148[63]_i_3_n_2
                         LUT6 (Prop_lut6_I2_O)        0.124     5.986 r  bd_0_i/hls_inst/inst/grp_p_anonymous_namespace_keccak_f1600_fu_2505/flow_control_loop_pipe_sequential_init_U/cursor_4_fu_580[31]_i_1/O
                         net (fo=24, unplaced)        0.840     6.826    bd_0_i/hls_inst/inst/grp_p_anonymous_namespace_keccak_f1600_fu_2505_n_3609
                         FDRE                                         r  bd_0_i/hls_inst/inst/cursor_4_fu_580_reg[14]/R
  -------------------------------------------------------------------    -------------------

                         (clock ap_clk rise edge)    10.000    10.000 r  
                                                      0.000    10.000 r  ap_clk (IN)
                         net (fo=15319, unset)        0.924    10.924    bd_0_i/hls_inst/inst/ap_clk
                         FDRE                                         r  bd_0_i/hls_inst/inst/cursor_4_fu_580_reg[14]/C
                         clock pessimism              0.000    10.924    
                         clock uncertainty           -0.035    10.889    
                         FDRE (Setup_fdre_C_R)       -0.524    10.365    bd_0_i/hls_inst/inst/cursor_4_fu_580_reg[14]
  -------------------------------------------------------------------
                         required time                         10.365    
                         arrival time                          -6.826    
  -------------------------------------------------------------------
                         slack                                  3.539    

Slack (MET) :             3.539ns  (required time - arrival time)
  Source:                 bd_0_i/hls_inst/inst/grp_p_anonymous_namespace_keccak_f1600_fu_2505/flow_control_loop_pipe_sequential_init_U/ap_loop_init_int_reg/C
                            (rising edge-triggered cell FDRE clocked by ap_clk  {rise@0.000ns fall@5.000ns period=10.000ns})
  Destination:            bd_0_i/hls_inst/inst/cursor_4_fu_580_reg[15]/R
                            (rising edge-triggered cell FDRE clocked by ap_clk  {rise@0.000ns fall@5.000ns period=10.000ns})
  Path Group:             ap_clk
  Path Type:              Setup (Max at Slow Process Corner)
  Requirement:            10.000ns  (ap_clk rise@10.000ns - ap_clk rise@0.000ns)
  Data Path Delay:        5.853ns  (logic 1.309ns (22.365%)  route 4.544ns (77.635%))
  Logic Levels:           5  (LUT2=2 LUT3=1 LUT6=2)
  Clock Path Skew:        -0.049ns (DCD - SCD + CPR)
    Destination Clock Delay (DCD):    0.924ns = ( 10.924 - 10.000 ) 
    Source Clock Delay      (SCD):    0.973ns
    Clock Pessimism Removal (CPR):    0.000ns
  Clock Uncertainty:      0.035ns  ((TSJ^2 + TIJ^2)^1/2 + DJ) / 2 + PE
    Total System Jitter     (TSJ):    0.071ns
    Total Input Jitter      (TIJ):    0.000ns
    Discrete Jitter          (DJ):    0.000ns
    Phase Error              (PE):    0.000ns

    Location             Delay type                Incr(ns)  Path(ns)    Netlist Resource(s)
  -------------------------------------------------------------------    -------------------
                         (clock ap_clk rise edge)     0.000     0.000 r  
                                                      0.000     0.000 r  ap_clk (IN)
                         net (fo=15319, unset)        0.973     0.973    bd_0_i/hls_inst/inst/grp_p_anonymous_namespace_keccak_f1600_fu_2505/flow_control_loop_pipe_sequential_init_U/ap_clk
                         FDRE                                         r  bd_0_i/hls_inst/inst/grp_p_anonymous_namespace_keccak_f1600_fu_2505/flow_control_loop_pipe_sequential_init_U/ap_loop_init_int_reg/C
  -------------------------------------------------------------------    -------------------
                         FDRE (Prop_fdre_C_Q)         0.518     1.491 f  bd_0_i/hls_inst/inst/grp_p_anonymous_namespace_keccak_f1600_fu_2505/flow_control_loop_pipe_sequential_init_U/ap_loop_init_int_reg/Q
                         net (fo=2, unplaced)         0.481     1.972    bd_0_i/hls_inst/inst/grp_p_anonymous_namespace_keccak_f1600_fu_2505/flow_control_loop_pipe_sequential_init_U/ap_loop_init_int
                         LUT2 (Prop_lut2_I0_O)        0.295     2.267 f  bd_0_i/hls_inst/inst/grp_p_anonymous_namespace_keccak_f1600_fu_2505/flow_control_loop_pipe_sequential_init_U/q0[63]_i_2/O
                         net (fo=1618, unplaced)      0.589     2.856    bd_0_i/hls_inst/inst/grp_p_anonymous_namespace_keccak_f1600_fu_2505/flow_control_loop_pipe_sequential_init_U/ap_loop_init
                         LUT2 (Prop_lut2_I1_O)        0.124     2.980 r  bd_0_i/hls_inst/inst/grp_p_anonymous_namespace_keccak_f1600_fu_2505/flow_control_loop_pipe_sequential_init_U/round_fu_326[4]_i_4/O
                         net (fo=2, unplaced)         1.122     4.102    bd_0_i/hls_inst/inst/grp_p_anonymous_namespace_keccak_f1600_fu_2505/flow_control_loop_pipe_sequential_init_U/ap_sig_allocacmp_round_1[3]
                         LUT6 (Prop_lut6_I1_O)        0.124     4.226 r  bd_0_i/hls_inst/inst/grp_p_anonymous_namespace_keccak_f1600_fu_2505/flow_control_loop_pipe_sequential_init_U/ap_loop_init_int_i_2/O
                         net (fo=18, unplaced)        0.506     4.732    bd_0_i/hls_inst/inst/grp_p_anonymous_namespace_keccak_f1600_fu_2505/flow_control_loop_pipe_sequential_init_U/grp_p_anonymous_namespace_keccak_f1600_fu_2505_ap_ready
                         LUT3 (Prop_lut3_I0_O)        0.124     4.856 r  bd_0_i/hls_inst/inst/grp_p_anonymous_namespace_keccak_f1600_fu_2505/flow_control_loop_pipe_sequential_init_U/state_24_5_ph_reg_2148[63]_i_3/O
                         net (fo=120, unplaced)       1.006     5.862    bd_0_i/hls_inst/inst/grp_p_anonymous_namespace_keccak_f1600_fu_2505/flow_control_loop_pipe_sequential_init_U/state_24_5_ph_reg_2148[63]_i_3_n_2
                         LUT6 (Prop_lut6_I2_O)        0.124     5.986 r  bd_0_i/hls_inst/inst/grp_p_anonymous_namespace_keccak_f1600_fu_2505/flow_control_loop_pipe_sequential_init_U/cursor_4_fu_580[31]_i_1/O
                         net (fo=24, unplaced)        0.840     6.826    bd_0_i/hls_inst/inst/grp_p_anonymous_namespace_keccak_f1600_fu_2505_n_3609
                         FDRE                                         r  bd_0_i/hls_inst/inst/cursor_4_fu_580_reg[15]/R
  -------------------------------------------------------------------    -------------------

                         (clock ap_clk rise edge)    10.000    10.000 r  
                                                      0.000    10.000 r  ap_clk (IN)
                         net (fo=15319, unset)        0.924    10.924    bd_0_i/hls_inst/inst/ap_clk
                         FDRE                                         r  bd_0_i/hls_inst/inst/cursor_4_fu_580_reg[15]/C
                         clock pessimism              0.000    10.924    
                         clock uncertainty           -0.035    10.889    
                         FDRE (Setup_fdre_C_R)       -0.524    10.365    bd_0_i/hls_inst/inst/cursor_4_fu_580_reg[15]
  -------------------------------------------------------------------
                         required time                         10.365    
                         arrival time                          -6.826    
  -------------------------------------------------------------------
                         slack                                  3.539    

Slack (MET) :             3.539ns  (required time - arrival time)
  Source:                 bd_0_i/hls_inst/inst/grp_p_anonymous_namespace_keccak_f1600_fu_2505/flow_control_loop_pipe_sequential_init_U/ap_loop_init_int_reg/C
                            (rising edge-triggered cell FDRE clocked by ap_clk  {rise@0.000ns fall@5.000ns period=10.000ns})
  Destination:            bd_0_i/hls_inst/inst/cursor_4_fu_580_reg[16]/R
                            (rising edge-triggered cell FDRE clocked by ap_clk  {rise@0.000ns fall@5.000ns period=10.000ns})
  Path Group:             ap_clk
  Path Type:              Setup (Max at Slow Process Corner)
  Requirement:            10.000ns  (ap_clk rise@10.000ns - ap_clk rise@0.000ns)
  Data Path Delay:        5.853ns  (logic 1.309ns (22.365%)  route 4.544ns (77.635%))
  Logic Levels:           5  (LUT2=2 LUT3=1 LUT6=2)
  Clock Path Skew:        -0.049ns (DCD - SCD + CPR)
    Destination Clock Delay (DCD):    0.924ns = ( 10.924 - 10.000 ) 
    Source Clock Delay      (SCD):    0.973ns
    Clock Pessimism Removal (CPR):    0.000ns
  Clock Uncertainty:      0.035ns  ((TSJ^2 + TIJ^2)^1/2 + DJ) / 2 + PE
    Total System Jitter     (TSJ):    0.071ns
    Total Input Jitter      (TIJ):    0.000ns
    Discrete Jitter          (DJ):    0.000ns
    Phase Error              (PE):    0.000ns

    Location             Delay type                Incr(ns)  Path(ns)    Netlist Resource(s)
  -------------------------------------------------------------------    -------------------
                         (clock ap_clk rise edge)     0.000     0.000 r  
                                                      0.000     0.000 r  ap_clk (IN)
                         net (fo=15319, unset)        0.973     0.973    bd_0_i/hls_inst/inst/grp_p_anonymous_namespace_keccak_f1600_fu_2505/flow_control_loop_pipe_sequential_init_U/ap_clk
                         FDRE                                         r  bd_0_i/hls_inst/inst/grp_p_anonymous_namespace_keccak_f1600_fu_2505/flow_control_loop_pipe_sequential_init_U/ap_loop_init_int_reg/C
  -------------------------------------------------------------------    -------------------
                         FDRE (Prop_fdre_C_Q)         0.518     1.491 f  bd_0_i/hls_inst/inst/grp_p_anonymous_namespace_keccak_f1600_fu_2505/flow_control_loop_pipe_sequential_init_U/ap_loop_init_int_reg/Q
                         net (fo=2, unplaced)         0.481     1.972    bd_0_i/hls_inst/inst/grp_p_anonymous_namespace_keccak_f1600_fu_2505/flow_control_loop_pipe_sequential_init_U/ap_loop_init_int
                         LUT2 (Prop_lut2_I0_O)        0.295     2.267 f  bd_0_i/hls_inst/inst/grp_p_anonymous_namespace_keccak_f1600_fu_2505/flow_control_loop_pipe_sequential_init_U/q0[63]_i_2/O
                         net (fo=1618, unplaced)      0.589     2.856    bd_0_i/hls_inst/inst/grp_p_anonymous_namespace_keccak_f1600_fu_2505/flow_control_loop_pipe_sequential_init_U/ap_loop_init
                         LUT2 (Prop_lut2_I1_O)        0.124     2.980 r  bd_0_i/hls_inst/inst/grp_p_anonymous_namespace_keccak_f1600_fu_2505/flow_control_loop_pipe_sequential_init_U/round_fu_326[4]_i_4/O
                         net (fo=2, unplaced)         1.122     4.102    bd_0_i/hls_inst/inst/grp_p_anonymous_namespace_keccak_f1600_fu_2505/flow_control_loop_pipe_sequential_init_U/ap_sig_allocacmp_round_1[3]
                         LUT6 (Prop_lut6_I1_O)        0.124     4.226 r  bd_0_i/hls_inst/inst/grp_p_anonymous_namespace_keccak_f1600_fu_2505/flow_control_loop_pipe_sequential_init_U/ap_loop_init_int_i_2/O
                         net (fo=18, unplaced)        0.506     4.732    bd_0_i/hls_inst/inst/grp_p_anonymous_namespace_keccak_f1600_fu_2505/flow_control_loop_pipe_sequential_init_U/grp_p_anonymous_namespace_keccak_f1600_fu_2505_ap_ready
                         LUT3 (Prop_lut3_I0_O)        0.124     4.856 r  bd_0_i/hls_inst/inst/grp_p_anonymous_namespace_keccak_f1600_fu_2505/flow_control_loop_pipe_sequential_init_U/state_24_5_ph_reg_2148[63]_i_3/O
                         net (fo=120, unplaced)       1.006     5.862    bd_0_i/hls_inst/inst/grp_p_anonymous_namespace_keccak_f1600_fu_2505/flow_control_loop_pipe_sequential_init_U/state_24_5_ph_reg_2148[63]_i_3_n_2
                         LUT6 (Prop_lut6_I2_O)        0.124     5.986 r  bd_0_i/hls_inst/inst/grp_p_anonymous_namespace_keccak_f1600_fu_2505/flow_control_loop_pipe_sequential_init_U/cursor_4_fu_580[31]_i_1/O
                         net (fo=24, unplaced)        0.840     6.826    bd_0_i/hls_inst/inst/grp_p_anonymous_namespace_keccak_f1600_fu_2505_n_3609
                         FDRE                                         r  bd_0_i/hls_inst/inst/cursor_4_fu_580_reg[16]/R
  -------------------------------------------------------------------    -------------------

                         (clock ap_clk rise edge)    10.000    10.000 r  
                                                      0.000    10.000 r  ap_clk (IN)
                         net (fo=15319, unset)        0.924    10.924    bd_0_i/hls_inst/inst/ap_clk
                         FDRE                                         r  bd_0_i/hls_inst/inst/cursor_4_fu_580_reg[16]/C
                         clock pessimism              0.000    10.924    
                         clock uncertainty           -0.035    10.889    
                         FDRE (Setup_fdre_C_R)       -0.524    10.365    bd_0_i/hls_inst/inst/cursor_4_fu_580_reg[16]
  -------------------------------------------------------------------
                         required time                         10.365    
                         arrival time                          -6.826    
  -------------------------------------------------------------------
                         slack                                  3.539    

Slack (MET) :             3.539ns  (required time - arrival time)
  Source:                 bd_0_i/hls_inst/inst/grp_p_anonymous_namespace_keccak_f1600_fu_2505/flow_control_loop_pipe_sequential_init_U/ap_loop_init_int_reg/C
                            (rising edge-triggered cell FDRE clocked by ap_clk  {rise@0.000ns fall@5.000ns period=10.000ns})
  Destination:            bd_0_i/hls_inst/inst/cursor_4_fu_580_reg[17]/R
                            (rising edge-triggered cell FDRE clocked by ap_clk  {rise@0.000ns fall@5.000ns period=10.000ns})
  Path Group:             ap_clk
  Path Type:              Setup (Max at Slow Process Corner)
  Requirement:            10.000ns  (ap_clk rise@10.000ns - ap_clk rise@0.000ns)
  Data Path Delay:        5.853ns  (logic 1.309ns (22.365%)  route 4.544ns (77.635%))
  Logic Levels:           5  (LUT2=2 LUT3=1 LUT6=2)
  Clock Path Skew:        -0.049ns (DCD - SCD + CPR)
    Destination Clock Delay (DCD):    0.924ns = ( 10.924 - 10.000 ) 
    Source Clock Delay      (SCD):    0.973ns
    Clock Pessimism Removal (CPR):    0.000ns
  Clock Uncertainty:      0.035ns  ((TSJ^2 + TIJ^2)^1/2 + DJ) / 2 + PE
    Total System Jitter     (TSJ):    0.071ns
    Total Input Jitter      (TIJ):    0.000ns
    Discrete Jitter          (DJ):    0.000ns
    Phase Error              (PE):    0.000ns

    Location             Delay type                Incr(ns)  Path(ns)    Netlist Resource(s)
  -------------------------------------------------------------------    -------------------
                         (clock ap_clk rise edge)     0.000     0.000 r  
                                                      0.000     0.000 r  ap_clk (IN)
                         net (fo=15319, unset)        0.973     0.973    bd_0_i/hls_inst/inst/grp_p_anonymous_namespace_keccak_f1600_fu_2505/flow_control_loop_pipe_sequential_init_U/ap_clk
                         FDRE                                         r  bd_0_i/hls_inst/inst/grp_p_anonymous_namespace_keccak_f1600_fu_2505/flow_control_loop_pipe_sequential_init_U/ap_loop_init_int_reg/C
  -------------------------------------------------------------------    -------------------
                         FDRE (Prop_fdre_C_Q)         0.518     1.491 f  bd_0_i/hls_inst/inst/grp_p_anonymous_namespace_keccak_f1600_fu_2505/flow_control_loop_pipe_sequential_init_U/ap_loop_init_int_reg/Q
                         net (fo=2, unplaced)         0.481     1.972    bd_0_i/hls_inst/inst/grp_p_anonymous_namespace_keccak_f1600_fu_2505/flow_control_loop_pipe_sequential_init_U/ap_loop_init_int
                         LUT2 (Prop_lut2_I0_O)        0.295     2.267 f  bd_0_i/hls_inst/inst/grp_p_anonymous_namespace_keccak_f1600_fu_2505/flow_control_loop_pipe_sequential_init_U/q0[63]_i_2/O
                         net (fo=1618, unplaced)      0.589     2.856    bd_0_i/hls_inst/inst/grp_p_anonymous_namespace_keccak_f1600_fu_2505/flow_control_loop_pipe_sequential_init_U/ap_loop_init
                         LUT2 (Prop_lut2_I1_O)        0.124     2.980 r  bd_0_i/hls_inst/inst/grp_p_anonymous_namespace_keccak_f1600_fu_2505/flow_control_loop_pipe_sequential_init_U/round_fu_326[4]_i_4/O
                         net (fo=2, unplaced)         1.122     4.102    bd_0_i/hls_inst/inst/grp_p_anonymous_namespace_keccak_f1600_fu_2505/flow_control_loop_pipe_sequential_init_U/ap_sig_allocacmp_round_1[3]
                         LUT6 (Prop_lut6_I1_O)        0.124     4.226 r  bd_0_i/hls_inst/inst/grp_p_anonymous_namespace_keccak_f1600_fu_2505/flow_control_loop_pipe_sequential_init_U/ap_loop_init_int_i_2/O
                         net (fo=18, unplaced)        0.506     4.732    bd_0_i/hls_inst/inst/grp_p_anonymous_namespace_keccak_f1600_fu_2505/flow_control_loop_pipe_sequential_init_U/grp_p_anonymous_namespace_keccak_f1600_fu_2505_ap_ready
                         LUT3 (Prop_lut3_I0_O)        0.124     4.856 r  bd_0_i/hls_inst/inst/grp_p_anonymous_namespace_keccak_f1600_fu_2505/flow_control_loop_pipe_sequential_init_U/state_24_5_ph_reg_2148[63]_i_3/O
                         net (fo=120, unplaced)       1.006     5.862    bd_0_i/hls_inst/inst/grp_p_anonymous_namespace_keccak_f1600_fu_2505/flow_control_loop_pipe_sequential_init_U/state_24_5_ph_reg_2148[63]_i_3_n_2
                         LUT6 (Prop_lut6_I2_O)        0.124     5.986 r  bd_0_i/hls_inst/inst/grp_p_anonymous_namespace_keccak_f1600_fu_2505/flow_control_loop_pipe_sequential_init_U/cursor_4_fu_580[31]_i_1/O
                         net (fo=24, unplaced)        0.840     6.826    bd_0_i/hls_inst/inst/grp_p_anonymous_namespace_keccak_f1600_fu_2505_n_3609
                         FDRE                                         r  bd_0_i/hls_inst/inst/cursor_4_fu_580_reg[17]/R
  -------------------------------------------------------------------    -------------------

                         (clock ap_clk rise edge)    10.000    10.000 r  
                                                      0.000    10.000 r  ap_clk (IN)
                         net (fo=15319, unset)        0.924    10.924    bd_0_i/hls_inst/inst/ap_clk
                         FDRE                                         r  bd_0_i/hls_inst/inst/cursor_4_fu_580_reg[17]/C
                         clock pessimism              0.000    10.924    
                         clock uncertainty           -0.035    10.889    
                         FDRE (Setup_fdre_C_R)       -0.524    10.365    bd_0_i/hls_inst/inst/cursor_4_fu_580_reg[17]
  -------------------------------------------------------------------
                         required time                         10.365    
                         arrival time                          -6.826    
  -------------------------------------------------------------------
                         slack                                  3.539    




