Copyright 1986-2022 Xilinx, Inc. All Rights Reserved. Copyright 2022-2024 Advanced Micro Devices, Inc. All Rights Reserved.
---------------------------------------------------------------------------------------------------------------------------------------------
| Tool Version : Vivado v.2024.2 (win64) Build 5239630 Fri Nov 08 22:35:27 MST 2024
| Date         : Sun Sep 27 16:28:09 2026
| Host         : DESKTOP-H0SRFHK running 64-bit major release  (build 9200)
| Command      : report_design_analysis -file ./report/mlkem1024_keccak_accel_design_analysis_routed.rpt
| Design       : bd_0_wrapper
| Device       : xc7z020
| Design State : Routed
---------------------------------------------------------------------------------------------------------------------------------------------

Report Design Analysis

Table of Contents
-----------------
1. Setup Path Characteristics 1-1
2. Logic Level Distribution
3. Placer Final Level Congestion Reporting
4. Initial Estimated Router Congestion Reporting
5. SLR Net Crossing Reporting

1. Setup Path Characteristics 1-1
---------------------------------

+---------------------------+---------------------------------+
|      Characteristics      |             Path #1             |
+---------------------------+---------------------------------+
| Requirement               | 10.000                          |
| Path Delay                | 9.668                           |
| Logic Delay               | 0.580(6%)                       |
| Net Delay                 | 9.088(94%)                      |
| Clock Skew                | -0.049                          |
| Slack                     | 0.279                           |
| Clock Uncertainty         | 0.035                           |
| Clock Relationship        | Timed                           |
| Clock Delay Group         | Same Clock                      |
| Logic Levels              | 1                               |
| Routes                    | 1                               |
| Logical Path              | FDRE/C-(125)-LUT5-(1)-FDRE/D    |
| Start Point Clock         | ap_clk                          |
| End Point Clock           | ap_clk                          |
| DSP Block                 | None                            |
| RAM Registers             | None-None                       |
| IO Crossings              | 0                               |
| Config Crossings          | 0                               |
| SLR Crossings             | 0                               |
| PBlocks                   | 0                               |
| High Fanout               | 125                             |
| Dont Touch                | 0                               |
| Mark Debug                | 0                               |
| Start Point Pin Primitive | FDRE/C                          |
| End Point Pin Primitive   | FDRE/D                          |
| Start Point Pin           | ap_CS_fsm_reg[13]_rep__32/C     |
| End Point Pin             | state_5_4_ph_reg_2319_reg[56]/D |
+---------------------------+---------------------------------+
* Bounding box calculated as % of dimensions for the target device (308, 299)


2. Logic Level Distribution
---------------------------

+-----------------+-------------+----+-----+----+---+-----+-----+-----+
| End Point Clock | Requirement |  0 |  1  |  2 | 4 |  5  |  6  |  8  |
+-----------------+-------------+----+-----+----+---+-----+-----+-----+
| ap_clk          | 10.000ns    | 11 | 411 | 10 | 7 | 293 | 131 | 137 |
+-----------------+-------------+----+-----+----+---+-----+-----+-----+
* Columns represent the logic levels per end point clock
** Distribution is for top worst 1000 paths


3. Placer Final Level Congestion Reporting
------------------------------------------

+-----------+------+-------+------------+--------+---------------+---------------+-----+--------+------+------+------+-----+-------+-----+------------+
| Direction | Type | Level | Congestion | Window | Combined LUTs | Avg LUT Input | LUT | LUTRAM | Flop | MUXF | RAMB | DSP | CARRY | SRL | Cell Names |
+-----------+------+-------+------------+--------+---------------+---------------+-----+--------+------+------+------+-----+-------+-----+------------+
* No congestion windows are found above level 5


4. Initial Estimated Router Congestion Reporting
------------------------------------------------

+-----------+-------+-------+------------------+---------------------------------+---------------+---------------+-----+--------+------+------+------+-----+-------+-----+---------------------------------------------------------------------------------------------------------------------------------------------------------------------------------------+
| Direction |  Type | Level | Percentage Tiles |              Window             | Combined LUTs | Avg LUT Input | LUT | LUTRAM | Flop | MUXF | RAMB | DSP | CARRY | SRL |                                                                                       Cell Names                                                                                      |
+-----------+-------+-------+------------------+---------------------------------+---------------+---------------+-----+--------+------+------+------+-----+-------+-----+---------------------------------------------------------------------------------------------------------------------------------------------------------------------------------------+
| East      | Short |     5 |           6.532% | (CLBLL_L_X32Y22,CLBLM_R_X63Y53) |            8% |         4.632 | 85% | 0%     |  30% |   2% | 0%   | 0%  |    0% |  0% | bd_0_i/hls_inst/inst/grp_p_anonymous_namespace_keccak_f1600_fu_2505(47%),bd_0_i/hls_inst/inst(41%),bd_0_i/hls_inst/inst/grp_mlkem1024_keccak_accel_Pipeline_ABSORB_WORDS_fu_2454(11%) |
+-----------+-------+-------+------------------+---------------------------------+---------------+---------------+-----+--------+------+------+------+-----+-------+-----+---------------------------------------------------------------------------------------------------------------------------------------------------------------------------------------+
* No initial estimated congestion windows are found above level 5


5. SLR Net Crossing Reporting
-----------------------------

+------------+-----------------------------+
| Cell Names | Number of Nets crossing SLR |
+------------+-----------------------------+
* The current part is not an SSI device


