Copyright 1986-2022 Xilinx, Inc. All Rights Reserved. Copyright 2022-2024 Advanced Micro Devices, Inc. All Rights Reserved.
---------------------------------------------------------------------------------------------------------------------------------------------
| Tool Version : Vivado v.2024.2 (win64) Build 5239630 Fri Nov 08 22:35:27 MST 2024
| Date         : Sun Sep 27 16:20:29 2026
| Host         : DESKTOP-H0SRFHK running 64-bit major release  (build 9200)
| Command      : report_design_analysis -file ./report/mlkem1024_keccak_accel_design_analysis_synth.rpt
| Design       : bd_0_wrapper
| Device       : xc7z020
| Design State : Synthesized
---------------------------------------------------------------------------------------------------------------------------------------------

Report Design Analysis

Table of Contents
-----------------
1. Setup Path Characteristics 1-1
2. Logic Level Distribution
3. Placer Final Level Congestion Reporting
4. SLR Net Crossing Reporting

1. Setup Path Characteristics 1-1
---------------------------------

+---------------------------+----------------------------------------------------------------------------------------------------------------------------------------------+
|      Characteristics      |                                                                    Path #1                                                                   |
+---------------------------+----------------------------------------------------------------------------------------------------------------------------------------------+
| Requirement               | 10.000                                                                                                                                       |
| Path Delay                | 7.774                                                                                                                                        |
| Logic Delay               | 3.932(51%)                                                                                                                                   |
| Net Delay                 | 3.842(49%)                                                                                                                                   |
| Clock Skew                | -0.049                                                                                                                                       |
| Slack                     | 2.219                                                                                                                                        |
| Clock Uncertainty         | 0.035                                                                                                                                        |
| Clock Relationship        | Timed                                                                                                                                        |
| Clock Delay Group         | Same Clock                                                                                                                                   |
| Logic Levels              | 16                                                                                                                                           |
| Routes                    | NA                                                                                                                                           |
| Logical Path              | FDRE/C-(49)-LUT4-(1)-CARRY4-CARRY4-CARRY4-CARRY4-LUT3-(1)-CARRY4-CARRY4-CARRY4-CARRY4-CARRY4-CARRY4-CARRY4-LUT4-(1)-LUT5-(1)-LUT4-(1)-FDRE/D |
| Start Point Clock         | ap_clk                                                                                                                                       |
| End Point Clock           | ap_clk                                                                                                                                       |
| DSP Block                 | None                                                                                                                                         |
| RAM Registers             | None-None                                                                                                                                    |
| IO Crossings              | 0                                                                                                                                            |
| Config Crossings          | 0                                                                                                                                            |
| SLR Crossings             | 0                                                                                                                                            |
| PBlocks                   | 0                                                                                                                                            |
| High Fanout               | 49                                                                                                                                           |
| Dont Touch                | 0                                                                                                                                            |
| Mark Debug                | 0                                                                                                                                            |
| Start Point Pin Primitive | FDRE/C                                                                                                                                       |
| End Point Pin Primitive   | FDRE/D                                                                                                                                       |
| Start Point Pin           | cursor_6_reg_6692_reg[0]/C                                                                                                                   |
| End Point Pin             | icmp_ln210_reg_6731_reg[0]/D                                                                                                                 |
+---------------------------+----------------------------------------------------------------------------------------------------------------------------------------------+
* Bounding box calculated as % of dimensions for the target device (308, 299)


2. Logic Level Distribution
---------------------------

+-----------------+-------------+----+-----+-----+---+----+----+----+----+
| End Point Clock | Requirement |  4 |  5  |  8  | 9 | 12 | 13 | 15 | 16 |
+-----------------+-------------+----+-----+-----+---+----+----+----+----+
| ap_clk          | 10.000ns    | 16 | 622 | 321 | 1 | 34 |  4 |  1 |  1 |
+-----------------+-------------+----+-----+-----+---+----+----+----+----+
* Columns represent the logic levels per end point clock
** Distribution is for top worst 1000 paths


3. Placer Final Level Congestion Reporting
------------------------------------------

+-----------+------+-------+------------+--------+---------------+---------------+-----+--------+------+------+------+-----+-------+-----+------------+
| Direction | Type | Level | Congestion | Window | Combined LUTs | Avg LUT Input | LUT | LUTRAM | Flop | MUXF | RAMB | DSP | CARRY | SRL | Cell Names |
+-----------+------+-------+------------+--------+---------------+---------------+-----+--------+------+------+------+-----+-------+-----+------------+
* The design has not been placed, hence congestion data is not available. The command report_design_analysis -congestion should be run only after place_design has completed.


4. SLR Net Crossing Reporting
-----------------------------

+------------+-----------------------------+
| Cell Names | Number of Nets crossing SLR |
+------------+-----------------------------+
* The current part is not an SSI device


