Copyright 1986-2022 Xilinx, Inc. All Rights Reserved. Copyright 2022-2024 Advanced Micro Devices, Inc. All Rights Reserved.
---------------------------------------------------------------------------------------------------------------------------------------------
| Tool Version : Vivado v.2024.2 (win64) Build 5239630 Fri Nov 08 22:35:27 MST 2024
| Date         : Sun Oct  4 11:43:38 2026
| Host         : DESKTOP-H0SRFHK running 64-bit major release  (build 9200)
| Command      : report_timing -delay_type min -max_paths 10 -file E:/hls/k4sys/20261004_113341/keccak/reports/hold_paths.rpt
| Design       : mlkem1024_keccak_system
| Device       : 7z020-clg400
| Speed File   : -1  PRODUCTION 1.12 2019-11-22
| Design State : Routed
---------------------------------------------------------------------------------------------------------------------------------------------

Timing Report

Slack (VIOLATED) :        -1.280ns  (arrival time - required time)
  Source:                 resetn
                            (input port clocked by system_clk  {rise@0.000ns fall@5.000ns period=10.000ns})
  Destination:            cpu/picorv32_core/pcpi_div/pcpi_wait_reg/D
                            (rising edge-triggered cell FDRE clocked by system_clk  {rise@0.000ns fall@5.000ns period=10.000ns})
  Path Group:             system_clk
  Path Type:              Hold (Min at Slow Process Corner)
  Requirement:            0.000ns  (system_clk rise@0.000ns - system_clk rise@0.000ns)
  Data Path Delay:        1.024ns  (logic 0.100ns (9.762%)  route 0.924ns (90.238%))
  Logic Levels:           1  (LUT5=1)
  Input Delay:            0.000ns
  Clock Path Skew:        1.838ns (DCD - SCD - CPR)
    Destination Clock Delay (DCD):    1.838ns
    Source Clock Delay      (SCD):    0.000ns
    Clock Pessimism Removal (CPR):    -0.000ns
  Clock Uncertainty:      0.135ns  ((TSJ^2 + TIJ^2)^1/2 + DJ) / 2 + PE + UU
    Total System Jitter     (TSJ):    0.071ns
    Total Input Jitter      (TIJ):    0.000ns
    Discrete Jitter          (DJ):    0.000ns
    Phase Error              (PE):    0.000ns
    User Uncertainty         (UU):    0.100ns

    Location             Delay type                Incr(ns)  Path(ns)    Netlist Resource(s)
  -------------------------------------------------------------------    -------------------
                         (clock system_clk rise edge)
                                                      0.000     0.000 r  
                         input delay                  0.000     0.000    
                                                      0.000     0.000 r  resetn (IN)
                         net (fo=60, unset)           0.924     0.924    cpu/picorv32_core/pcpi_div/resetn
    SLICE_X6Y2           LUT5 (Prop_lut5_I4_O)        0.100     1.024 r  cpu/picorv32_core/pcpi_div/pcpi_wait_i_1/O
                         net (fo=1, routed)           0.000     1.024    cpu/picorv32_core/pcpi_div/pcpi_wait0
    SLICE_X6Y2           FDRE                                         r  cpu/picorv32_core/pcpi_div/pcpi_wait_reg/D
  -------------------------------------------------------------------    -------------------

                         (clock system_clk rise edge)
                                                      0.000     0.000 r  
                                                      0.000     0.000 r  clk (IN)
                         net (fo=17161, unset)        1.838     1.838    cpu/picorv32_core/pcpi_div/clk
    SLICE_X6Y2           FDRE                                         r  cpu/picorv32_core/pcpi_div/pcpi_wait_reg/C
                         clock pessimism              0.000     1.838    
                         clock uncertainty            0.135     1.973    
    SLICE_X6Y2           FDRE (Hold_fdre_C_D)         0.331     2.304    cpu/picorv32_core/pcpi_div/pcpi_wait_reg
  -------------------------------------------------------------------
                         required time                         -2.304    
                         arrival time                           1.024    
  -------------------------------------------------------------------
                         slack                                 -1.280    

Slack (VIOLATED) :        -1.276ns  (arrival time - required time)
  Source:                 resetn
                            (input port clocked by system_clk  {rise@0.000ns fall@5.000ns period=10.000ns})
  Destination:            cpu/picorv32_core/pcpi_div/pcpi_ready_reg/D
                            (rising edge-triggered cell FDRE clocked by system_clk  {rise@0.000ns fall@5.000ns period=10.000ns})
  Path Group:             system_clk
  Path Type:              Hold (Min at Slow Process Corner)
  Requirement:            0.000ns  (system_clk rise@0.000ns - system_clk rise@0.000ns)
  Data Path Delay:        1.024ns  (logic 0.100ns (9.762%)  route 0.924ns (90.238%))
  Logic Levels:           1  (LUT4=1)
  Input Delay:            0.000ns
  Clock Path Skew:        1.835ns (DCD - SCD - CPR)
    Destination Clock Delay (DCD):    1.835ns
    Source Clock Delay      (SCD):    0.000ns
    Clock Pessimism Removal (CPR):    -0.000ns
  Clock Uncertainty:      0.135ns  ((TSJ^2 + TIJ^2)^1/2 + DJ) / 2 + PE + UU
    Total System Jitter     (TSJ):    0.071ns
    Total Input Jitter      (TIJ):    0.000ns
    Discrete Jitter          (DJ):    0.000ns
    Phase Error              (PE):    0.000ns
    User Uncertainty         (UU):    0.100ns

    Location             Delay type                Incr(ns)  Path(ns)    Netlist Resource(s)
  -------------------------------------------------------------------    -------------------
                         (clock system_clk rise edge)
                                                      0.000     0.000 r  
                         input delay                  0.000     0.000    
                                                      0.000     0.000 r  resetn (IN)
                         net (fo=60, unset)           0.924     0.924    cpu/picorv32_core/pcpi_div/resetn
    SLICE_X4Y10          LUT4 (Prop_lut4_I2_O)        0.100     1.024 r  cpu/picorv32_core/pcpi_div/pcpi_ready_i_1/O
                         net (fo=1, routed)           0.000     1.024    cpu/picorv32_core/pcpi_div/pcpi_ready_i_1_n_2
    SLICE_X4Y10          FDRE                                         r  cpu/picorv32_core/pcpi_div/pcpi_ready_reg/D
  -------------------------------------------------------------------    -------------------

                         (clock system_clk rise edge)
                                                      0.000     0.000 r  
                                                      0.000     0.000 r  clk (IN)
                         net (fo=17161, unset)        1.835     1.835    cpu/picorv32_core/pcpi_div/clk
    SLICE_X4Y10          FDRE                                         r  cpu/picorv32_core/pcpi_div/pcpi_ready_reg/C
                         clock pessimism              0.000     1.835    
                         clock uncertainty            0.135     1.970    
    SLICE_X4Y10          FDRE (Hold_fdre_C_D)         0.330     2.300    cpu/picorv32_core/pcpi_div/pcpi_ready_reg
  -------------------------------------------------------------------
                         required time                         -2.300    
                         arrival time                           1.024    
  -------------------------------------------------------------------
                         slack                                 -1.276    

Slack (VIOLATED) :        -1.270ns  (arrival time - required time)
  Source:                 resetn
                            (input port clocked by system_clk  {rise@0.000ns fall@5.000ns period=10.000ns})
  Destination:            adapter_i/hls_i/grp_mlkem1024_keccak_accel_Pipeline_CLEAR_CONTEXT_fu_2416/flow_control_loop_pipe_sequential_init_U/ap_loop_init_int_reg/D
                            (rising edge-triggered cell FDRE clocked by system_clk  {rise@0.000ns fall@5.000ns period=10.000ns})
  Path Group:             system_clk
  Path Type:              Hold (Min at Slow Process Corner)
  Requirement:            0.000ns  (system_clk rise@0.000ns - system_clk rise@0.000ns)
  Data Path Delay:        1.024ns  (logic 0.100ns (9.762%)  route 0.924ns (90.238%))
  Logic Levels:           1  (LUT4=1)
  Input Delay:            0.000ns
  Clock Path Skew:        1.829ns (DCD - SCD - CPR)
    Destination Clock Delay (DCD):    1.829ns
    Source Clock Delay      (SCD):    0.000ns
    Clock Pessimism Removal (CPR):    -0.000ns
  Clock Uncertainty:      0.135ns  ((TSJ^2 + TIJ^2)^1/2 + DJ) / 2 + PE + UU
    Total System Jitter     (TSJ):    0.071ns
    Total Input Jitter      (TIJ):    0.000ns
    Discrete Jitter          (DJ):    0.000ns
    Phase Error              (PE):    0.000ns
    User Uncertainty         (UU):    0.100ns

    Location             Delay type                Incr(ns)  Path(ns)    Netlist Resource(s)
  -------------------------------------------------------------------    -------------------
                         (clock system_clk rise edge)
                                                      0.000     0.000 r  
                         input delay                  0.000     0.000    
                                                      0.000     0.000 f  resetn (IN)
                         net (fo=60, unset)           0.924     0.924    adapter_i/hls_i/grp_mlkem1024_keccak_accel_Pipeline_CLEAR_CONTEXT_fu_2416/flow_control_loop_pipe_sequential_init_U/resetn
    SLICE_X0Y17          LUT4 (Prop_lut4_I0_O)        0.100     1.024 r  adapter_i/hls_i/grp_mlkem1024_keccak_accel_Pipeline_CLEAR_CONTEXT_fu_2416/flow_control_loop_pipe_sequential_init_U/ap_loop_init_int_i_1/O
                         net (fo=1, routed)           0.000     1.024    adapter_i/hls_i/grp_mlkem1024_keccak_accel_Pipeline_CLEAR_CONTEXT_fu_2416/flow_control_loop_pipe_sequential_init_U/ap_loop_init_int_i_1_n_2
    SLICE_X0Y17          FDRE                                         r  adapter_i/hls_i/grp_mlkem1024_keccak_accel_Pipeline_CLEAR_CONTEXT_fu_2416/flow_control_loop_pipe_sequential_init_U/ap_loop_init_int_reg/D
  -------------------------------------------------------------------    -------------------

                         (clock system_clk rise edge)
                                                      0.000     0.000 r  
                                                      0.000     0.000 r  clk (IN)
                         net (fo=17161, unset)        1.829     1.829    adapter_i/hls_i/grp_mlkem1024_keccak_accel_Pipeline_CLEAR_CONTEXT_fu_2416/flow_control_loop_pipe_sequential_init_U/clk
    SLICE_X0Y17          FDRE                                         r  adapter_i/hls_i/grp_mlkem1024_keccak_accel_Pipeline_CLEAR_CONTEXT_fu_2416/flow_control_loop_pipe_sequential_init_U/ap_loop_init_int_reg/C
                         clock pessimism              0.000     1.829    
                         clock uncertainty            0.135     1.964    
    SLICE_X0Y17          FDRE (Hold_fdre_C_D)         0.330     2.294    adapter_i/hls_i/grp_mlkem1024_keccak_accel_Pipeline_CLEAR_CONTEXT_fu_2416/flow_control_loop_pipe_sequential_init_U/ap_loop_init_int_reg
  -------------------------------------------------------------------
                         required time                         -2.294    
                         arrival time                           1.024    
  -------------------------------------------------------------------
                         slack                                 -1.270    

Slack (VIOLATED) :        -1.268ns  (arrival time - required time)
  Source:                 resetn
                            (input port clocked by system_clk  {rise@0.000ns fall@5.000ns period=10.000ns})
  Destination:            cpu/picorv32_core/pcpi_div/running_reg/D
                            (rising edge-triggered cell FDRE clocked by system_clk  {rise@0.000ns fall@5.000ns period=10.000ns})
  Path Group:             system_clk
  Path Type:              Hold (Min at Slow Process Corner)
  Requirement:            0.000ns  (system_clk rise@0.000ns - system_clk rise@0.000ns)
  Data Path Delay:        1.045ns  (logic 0.121ns (11.575%)  route 0.924ns (88.425%))
  Logic Levels:           1  (LUT5=1)
  Input Delay:            0.000ns
  Clock Path Skew:        1.835ns (DCD - SCD - CPR)
    Destination Clock Delay (DCD):    1.835ns
    Source Clock Delay      (SCD):    0.000ns
    Clock Pessimism Removal (CPR):    -0.000ns
  Clock Uncertainty:      0.135ns  ((TSJ^2 + TIJ^2)^1/2 + DJ) / 2 + PE + UU
    Total System Jitter     (TSJ):    0.071ns
    Total Input Jitter      (TIJ):    0.000ns
    Discrete Jitter          (DJ):    0.000ns
    Phase Error              (PE):    0.000ns
    User Uncertainty         (UU):    0.100ns

    Location             Delay type                Incr(ns)  Path(ns)    Netlist Resource(s)
  -------------------------------------------------------------------    -------------------
                         (clock system_clk rise edge)
                                                      0.000     0.000 r  
                         input delay                  0.000     0.000    
                                                      0.000     0.000 r  resetn (IN)
                         net (fo=60, unset)           0.924     0.924    cpu/picorv32_core/pcpi_div/resetn
    SLICE_X4Y10          LUT5 (Prop_lut5_I4_O)        0.121     1.045 r  cpu/picorv32_core/pcpi_div/running_i_1/O
                         net (fo=1, routed)           0.000     1.045    cpu/picorv32_core/pcpi_div/running_i_1_n_2
    SLICE_X4Y10          FDRE                                         r  cpu/picorv32_core/pcpi_div/running_reg/D
  -------------------------------------------------------------------    -------------------

                         (clock system_clk rise edge)
                                                      0.000     0.000 r  
                                                      0.000     0.000 r  clk (IN)
                         net (fo=17161, unset)        1.835     1.835    cpu/picorv32_core/pcpi_div/clk
    SLICE_X4Y10          FDRE                                         r  cpu/picorv32_core/pcpi_div/running_reg/C
                         clock pessimism              0.000     1.835    
                         clock uncertainty            0.135     1.970    
    SLICE_X4Y10          FDRE (Hold_fdre_C_D)         0.343     2.313    cpu/picorv32_core/pcpi_div/running_reg
  -------------------------------------------------------------------
                         required time                         -2.313    
                         arrival time                           1.045    
  -------------------------------------------------------------------
                         slack                                 -1.268    

Slack (VIOLATED) :        -1.218ns  (arrival time - required time)
  Source:                 resetn
                            (input port clocked by system_clk  {rise@0.000ns fall@5.000ns period=10.000ns})
  Destination:            cpu/picorv32_core/pcpi_div/outsign_reg/D
                            (rising edge-triggered cell FDRE clocked by system_clk  {rise@0.000ns fall@5.000ns period=10.000ns})
  Path Group:             system_clk
  Path Type:              Hold (Min at Slow Process Corner)
  Requirement:            0.000ns  (system_clk rise@0.000ns - system_clk rise@0.000ns)
  Data Path Delay:        1.024ns  (logic 0.100ns (9.762%)  route 0.924ns (90.238%))
  Logic Levels:           1  (LUT5=1)
  Input Delay:            0.000ns
  Clock Path Skew:        1.837ns (DCD - SCD - CPR)
    Destination Clock Delay (DCD):    1.837ns
    Source Clock Delay      (SCD):    0.000ns
    Clock Pessimism Removal (CPR):    -0.000ns
  Clock Uncertainty:      0.135ns  ((TSJ^2 + TIJ^2)^1/2 + DJ) / 2 + PE + UU
    Total System Jitter     (TSJ):    0.071ns
    Total Input Jitter      (TIJ):    0.000ns
    Discrete Jitter          (DJ):    0.000ns
    Phase Error              (PE):    0.000ns
    User Uncertainty         (UU):    0.100ns

    Location             Delay type                Incr(ns)  Path(ns)    Netlist Resource(s)
  -------------------------------------------------------------------    -------------------
                         (clock system_clk rise edge)
                                                      0.000     0.000 r  
                         input delay                  0.000     0.000    
                                                      0.000     0.000 r  resetn (IN)
                         net (fo=60, unset)           0.924     0.924    cpu/picorv32_core/pcpi_div/resetn
    SLICE_X7Y5           LUT5 (Prop_lut5_I1_O)        0.100     1.024 r  cpu/picorv32_core/pcpi_div/outsign_i_1/O
                         net (fo=1, routed)           0.000     1.024    cpu/picorv32_core/pcpi_div/outsign_i_1_n_2
    SLICE_X7Y5           FDRE                                         r  cpu/picorv32_core/pcpi_div/outsign_reg/D
  -------------------------------------------------------------------    -------------------

                         (clock system_clk rise edge)
                                                      0.000     0.000 r  
                                                      0.000     0.000 r  clk (IN)
                         net (fo=17161, unset)        1.837     1.837    cpu/picorv32_core/pcpi_div/clk
    SLICE_X7Y5           FDRE                                         r  cpu/picorv32_core/pcpi_div/outsign_reg/C
                         clock pessimism              0.000     1.837    
                         clock uncertainty            0.135     1.972    
    SLICE_X7Y5           FDRE (Hold_fdre_C_D)         0.270     2.242    cpu/picorv32_core/pcpi_div/outsign_reg
  -------------------------------------------------------------------
                         required time                         -2.242    
                         arrival time                           1.024    
  -------------------------------------------------------------------
                         slack                                 -1.218    

Slack (VIOLATED) :        -1.217ns  (arrival time - required time)
  Source:                 resetn
                            (input port clocked by system_clk  {rise@0.000ns fall@5.000ns period=10.000ns})
  Destination:            cpu/picorv32_core/mem_do_wdata_reg/D
                            (rising edge-triggered cell FDRE clocked by system_clk  {rise@0.000ns fall@5.000ns period=10.000ns})
  Path Group:             system_clk
  Path Type:              Hold (Min at Slow Process Corner)
  Requirement:            0.000ns  (system_clk rise@0.000ns - system_clk rise@0.000ns)
  Data Path Delay:        1.024ns  (logic 0.100ns (9.762%)  route 0.924ns (90.238%))
  Logic Levels:           1  (LUT5=1)
  Input Delay:            0.000ns
  Clock Path Skew:        1.837ns (DCD - SCD - CPR)
    Destination Clock Delay (DCD):    1.837ns
    Source Clock Delay      (SCD):    0.000ns
    Clock Pessimism Removal (CPR):    -0.000ns
  Clock Uncertainty:      0.135ns  ((TSJ^2 + TIJ^2)^1/2 + DJ) / 2 + PE + UU
    Total System Jitter     (TSJ):    0.071ns
    Total Input Jitter      (TIJ):    0.000ns
    Discrete Jitter          (DJ):    0.000ns
    Phase Error              (PE):    0.000ns
    User Uncertainty         (UU):    0.100ns

    Location             Delay type                Incr(ns)  Path(ns)    Netlist Resource(s)
  -------------------------------------------------------------------    -------------------
                         (clock system_clk rise edge)
                                                      0.000     0.000 r  
                         input delay                  0.000     0.000    
                                                      0.000     0.000 r  resetn (IN)
                         net (fo=60, unset)           0.924     0.924    cpu/resetn
    SLICE_X7Y5           LUT5 (Prop_lut5_I4_O)        0.100     1.024 r  cpu/mem_do_wdata_i_1/O
                         net (fo=1, routed)           0.000     1.024    cpu/picorv32_core/mem_do_wdata_reg_0
    SLICE_X7Y5           FDRE                                         r  cpu/picorv32_core/mem_do_wdata_reg/D
  -------------------------------------------------------------------    -------------------

                         (clock system_clk rise edge)
                                                      0.000     0.000 r  
                                                      0.000     0.000 r  clk (IN)
                         net (fo=17161, unset)        1.837     1.837    cpu/picorv32_core/clk
    SLICE_X7Y5           FDRE                                         r  cpu/picorv32_core/mem_do_wdata_reg/C
                         clock pessimism              0.000     1.837    
                         clock uncertainty            0.135     1.972    
    SLICE_X7Y5           FDRE (Hold_fdre_C_D)         0.269     2.241    cpu/picorv32_core/mem_do_wdata_reg
  -------------------------------------------------------------------
                         required time                         -2.241    
                         arrival time                           1.024    
  -------------------------------------------------------------------
                         slack                                 -1.217    

Slack (VIOLATED) :        -1.215ns  (arrival time - required time)
  Source:                 resetn
                            (input port clocked by system_clk  {rise@0.000ns fall@5.000ns period=10.000ns})
  Destination:            cpu/picorv32_core/pcpi_div/pcpi_wait_q_reg/D
                            (rising edge-triggered cell FDRE clocked by system_clk  {rise@0.000ns fall@5.000ns period=10.000ns})
  Path Group:             system_clk
  Path Type:              Hold (Min at Slow Process Corner)
  Requirement:            0.000ns  (system_clk rise@0.000ns - system_clk rise@0.000ns)
  Data Path Delay:        1.046ns  (logic 0.122ns (11.660%)  route 0.924ns (88.340%))
  Logic Levels:           1  (LUT2=1)
  Input Delay:            0.000ns
  Clock Path Skew:        1.837ns (DCD - SCD - CPR)
    Destination Clock Delay (DCD):    1.837ns
    Source Clock Delay      (SCD):    0.000ns
    Clock Pessimism Removal (CPR):    -0.000ns
  Clock Uncertainty:      0.135ns  ((TSJ^2 + TIJ^2)^1/2 + DJ) / 2 + PE + UU
    Total System Jitter     (TSJ):    0.071ns
    Total Input Jitter      (TIJ):    0.000ns
    Discrete Jitter          (DJ):    0.000ns
    Phase Error              (PE):    0.000ns
    User Uncertainty         (UU):    0.100ns

    Location             Delay type                Incr(ns)  Path(ns)    Netlist Resource(s)
  -------------------------------------------------------------------    -------------------
                         (clock system_clk rise edge)
                                                      0.000     0.000 r  
                         input delay                  0.000     0.000    
                                                      0.000     0.000 r  resetn (IN)
                         net (fo=60, unset)           0.924     0.924    cpu/picorv32_core/pcpi_div/resetn
    SLICE_X7Y5           LUT2 (Prop_lut2_I1_O)        0.122     1.046 r  cpu/picorv32_core/pcpi_div/pcpi_wait_q_i_1/O
                         net (fo=1, routed)           0.000     1.046    cpu/picorv32_core/pcpi_div/pcpi_wait_q0
    SLICE_X7Y5           FDRE                                         r  cpu/picorv32_core/pcpi_div/pcpi_wait_q_reg/D
  -------------------------------------------------------------------    -------------------

                         (clock system_clk rise edge)
                                                      0.000     0.000 r  
                                                      0.000     0.000 r  clk (IN)
                         net (fo=17161, unset)        1.837     1.837    cpu/picorv32_core/pcpi_div/clk
    SLICE_X7Y5           FDRE                                         r  cpu/picorv32_core/pcpi_div/pcpi_wait_q_reg/C
                         clock pessimism              0.000     1.837    
                         clock uncertainty            0.135     1.972    
    SLICE_X7Y5           FDRE (Hold_fdre_C_D)         0.289     2.261    cpu/picorv32_core/pcpi_div/pcpi_wait_q_reg
  -------------------------------------------------------------------
                         required time                         -2.261    
                         arrival time                           1.046    
  -------------------------------------------------------------------
                         slack                                 -1.215    

Slack (VIOLATED) :        -1.200ns  (arrival time - required time)
  Source:                 resetn
                            (input port clocked by system_clk  {rise@0.000ns fall@5.000ns period=10.000ns})
  Destination:            adapter_i/hls_i/grp_mlkem1024_keccak_accel_Pipeline_LOAD_CONTEXT_fu_2422/flow_control_loop_pipe_sequential_init_U/ap_loop_init_int_reg/D
                            (rising edge-triggered cell FDRE clocked by system_clk  {rise@0.000ns fall@5.000ns period=10.000ns})
  Path Group:             system_clk
  Path Type:              Hold (Min at Slow Process Corner)
  Requirement:            0.000ns  (system_clk rise@0.000ns - system_clk rise@0.000ns)
  Data Path Delay:        1.024ns  (logic 0.100ns (9.762%)  route 0.924ns (90.238%))
  Logic Levels:           1  (LUT4=1)
  Input Delay:            0.000ns
  Clock Path Skew:        1.820ns (DCD - SCD - CPR)
    Destination Clock Delay (DCD):    1.820ns
    Source Clock Delay      (SCD):    0.000ns
    Clock Pessimism Removal (CPR):    -0.000ns
  Clock Uncertainty:      0.135ns  ((TSJ^2 + TIJ^2)^1/2 + DJ) / 2 + PE + UU
    Total System Jitter     (TSJ):    0.071ns
    Total Input Jitter      (TIJ):    0.000ns
    Discrete Jitter          (DJ):    0.000ns
    Phase Error              (PE):    0.000ns
    User Uncertainty         (UU):    0.100ns

    Location             Delay type                Incr(ns)  Path(ns)    Netlist Resource(s)
  -------------------------------------------------------------------    -------------------
                         (clock system_clk rise edge)
                                                      0.000     0.000 r  
                         input delay                  0.000     0.000    
                                                      0.000     0.000 f  resetn (IN)
                         net (fo=60, unset)           0.924     0.924    adapter_i/hls_i/grp_mlkem1024_keccak_accel_Pipeline_LOAD_CONTEXT_fu_2422/flow_control_loop_pipe_sequential_init_U/resetn
    SLICE_X1Y23          LUT4 (Prop_lut4_I0_O)        0.100     1.024 r  adapter_i/hls_i/grp_mlkem1024_keccak_accel_Pipeline_LOAD_CONTEXT_fu_2422/flow_control_loop_pipe_sequential_init_U/ap_loop_init_int_i_1__0/O
                         net (fo=1, routed)           0.000     1.024    adapter_i/hls_i/grp_mlkem1024_keccak_accel_Pipeline_LOAD_CONTEXT_fu_2422/flow_control_loop_pipe_sequential_init_U/ap_loop_init_int_i_1__0_n_2
    SLICE_X1Y23          FDRE                                         r  adapter_i/hls_i/grp_mlkem1024_keccak_accel_Pipeline_LOAD_CONTEXT_fu_2422/flow_control_loop_pipe_sequential_init_U/ap_loop_init_int_reg/D
  -------------------------------------------------------------------    -------------------

                         (clock system_clk rise edge)
                                                      0.000     0.000 r  
                                                      0.000     0.000 r  clk (IN)
                         net (fo=17161, unset)        1.820     1.820    adapter_i/hls_i/grp_mlkem1024_keccak_accel_Pipeline_LOAD_CONTEXT_fu_2422/flow_control_loop_pipe_sequential_init_U/clk
    SLICE_X1Y23          FDRE                                         r  adapter_i/hls_i/grp_mlkem1024_keccak_accel_Pipeline_LOAD_CONTEXT_fu_2422/flow_control_loop_pipe_sequential_init_U/ap_loop_init_int_reg/C
                         clock pessimism              0.000     1.820    
                         clock uncertainty            0.135     1.955    
    SLICE_X1Y23          FDRE (Hold_fdre_C_D)         0.269     2.224    adapter_i/hls_i/grp_mlkem1024_keccak_accel_Pipeline_LOAD_CONTEXT_fu_2422/flow_control_loop_pipe_sequential_init_U/ap_loop_init_int_reg
  -------------------------------------------------------------------
                         required time                         -2.224    
                         arrival time                           1.024    
  -------------------------------------------------------------------
                         slack                                 -1.200    

Slack (VIOLATED) :        -1.198ns  (arrival time - required time)
  Source:                 resetn
                            (input port clocked by system_clk  {rise@0.000ns fall@5.000ns period=10.000ns})
  Destination:            cpu/axi_adapter/ack_wvalid_reg/D
                            (rising edge-triggered cell FDRE clocked by system_clk  {rise@0.000ns fall@5.000ns period=10.000ns})
  Path Group:             system_clk
  Path Type:              Hold (Min at Slow Process Corner)
  Requirement:            0.000ns  (system_clk rise@0.000ns - system_clk rise@0.000ns)
  Data Path Delay:        1.024ns  (logic 0.100ns (9.762%)  route 0.924ns (90.238%))
  Logic Levels:           1  (LUT6=1)
  Input Delay:            0.000ns
  Clock Path Skew:        1.754ns (DCD - SCD - CPR)
    Destination Clock Delay (DCD):    1.754ns
    Source Clock Delay      (SCD):    0.000ns
    Clock Pessimism Removal (CPR):    -0.000ns
  Clock Uncertainty:      0.135ns  ((TSJ^2 + TIJ^2)^1/2 + DJ) / 2 + PE + UU
    Total System Jitter     (TSJ):    0.071ns
    Total Input Jitter      (TIJ):    0.000ns
    Discrete Jitter          (DJ):    0.000ns
    Phase Error              (PE):    0.000ns
    User Uncertainty         (UU):    0.100ns

    Location             Delay type                Incr(ns)  Path(ns)    Netlist Resource(s)
  -------------------------------------------------------------------    -------------------
                         (clock system_clk rise edge)
                                                      0.000     0.000 r  
                         input delay                  0.000     0.000    
                                                      0.000     0.000 f  resetn (IN)
                         net (fo=60, unset)           0.924     0.924    cpu/axi_adapter/resetn
    SLICE_X14Y11         LUT6 (Prop_lut6_I5_O)        0.100     1.024 r  cpu/axi_adapter/ack_wvalid_i_1/O
                         net (fo=1, routed)           0.000     1.024    cpu/axi_adapter/ack_wvalid_i_1_n_2
    SLICE_X14Y11         FDRE                                         r  cpu/axi_adapter/ack_wvalid_reg/D
  -------------------------------------------------------------------    -------------------

                         (clock system_clk rise edge)
                                                      0.000     0.000 r  
                                                      0.000     0.000 r  clk (IN)
                         net (fo=17161, unset)        1.754     1.754    cpu/axi_adapter/clk
    SLICE_X14Y11         FDRE                                         r  cpu/axi_adapter/ack_wvalid_reg/C
                         clock pessimism              0.000     1.754    
                         clock uncertainty            0.135     1.889    
    SLICE_X14Y11         FDRE (Hold_fdre_C_D)         0.333     2.222    cpu/axi_adapter/ack_wvalid_reg
  -------------------------------------------------------------------
                         required time                         -2.222    
                         arrival time                           1.024    
  -------------------------------------------------------------------
                         slack                                 -1.198    

Slack (VIOLATED) :        -1.196ns  (arrival time - required time)
  Source:                 resetn
                            (input port clocked by system_clk  {rise@0.000ns fall@5.000ns period=10.000ns})
  Destination:            cpu/picorv32_core/mem_valid_reg/D
                            (rising edge-triggered cell FDRE clocked by system_clk  {rise@0.000ns fall@5.000ns period=10.000ns})
  Path Group:             system_clk
  Path Type:              Hold (Min at Slow Process Corner)
  Requirement:            0.000ns  (system_clk rise@0.000ns - system_clk rise@0.000ns)
  Data Path Delay:        1.024ns  (logic 0.100ns (9.762%)  route 0.924ns (90.238%))
  Logic Levels:           1  (LUT6=1)
  Input Delay:            0.000ns
  Clock Path Skew:        1.754ns (DCD - SCD - CPR)
    Destination Clock Delay (DCD):    1.754ns
    Source Clock Delay      (SCD):    0.000ns
    Clock Pessimism Removal (CPR):    -0.000ns
  Clock Uncertainty:      0.135ns  ((TSJ^2 + TIJ^2)^1/2 + DJ) / 2 + PE + UU
    Total System Jitter     (TSJ):    0.071ns
    Total Input Jitter      (TIJ):    0.000ns
    Discrete Jitter          (DJ):    0.000ns
    Phase Error              (PE):    0.000ns
    User Uncertainty         (UU):    0.100ns

    Location             Delay type                Incr(ns)  Path(ns)    Netlist Resource(s)
  -------------------------------------------------------------------    -------------------
                         (clock system_clk rise edge)
                                                      0.000     0.000 r  
                         input delay                  0.000     0.000    
                                                      0.000     0.000 r  resetn (IN)
                         net (fo=60, unset)           0.924     0.924    cpu/picorv32_core/resetn
    SLICE_X14Y11         LUT6 (Prop_lut6_I5_O)        0.100     1.024 r  cpu/picorv32_core/mem_valid_i_1/O
                         net (fo=1, routed)           0.000     1.024    cpu/picorv32_core/mem_valid_i_1_n_2
    SLICE_X14Y11         FDRE                                         r  cpu/picorv32_core/mem_valid_reg/D
  -------------------------------------------------------------------    -------------------

                         (clock system_clk rise edge)
                                                      0.000     0.000 r  
                                                      0.000     0.000 r  clk (IN)
                         net (fo=17161, unset)        1.754     1.754    cpu/picorv32_core/clk
    SLICE_X14Y11         FDRE                                         r  cpu/picorv32_core/mem_valid_reg/C
                         clock pessimism              0.000     1.754    
                         clock uncertainty            0.135     1.889    
    SLICE_X14Y11         FDRE (Hold_fdre_C_D)         0.331     2.220    cpu/picorv32_core/mem_valid_reg
  -------------------------------------------------------------------
                         required time                         -2.220    
                         arrival time                           1.024    
  -------------------------------------------------------------------
                         slack                                 -1.196    




