Copyright 1986-2022 Xilinx, Inc. All Rights Reserved. Copyright 2022-2024 Advanced Micro Devices, Inc. All Rights Reserved.
---------------------------------------------------------------------------------------------------------------------------------------------
| Tool Version : Vivado v.2024.2 (win64) Build 5239630 Fri Nov 08 22:35:27 MST 2024
| Date         : Sun Oct  4 11:43:38 2026
| Host         : DESKTOP-H0SRFHK running 64-bit major release  (build 9200)
| Command      : report_timing -delay_type max -max_paths 10 -file E:/hls/k4sys/20261004_113341/keccak/reports/setup_paths.rpt
| Design       : mlkem1024_keccak_system
| Device       : 7z020-clg400
| Speed File   : -1  PRODUCTION 1.12 2019-11-22
| Design State : Routed
---------------------------------------------------------------------------------------------------------------------------------------------

Timing Report

Slack (VIOLATED) :        -0.810ns  (required time - arrival time)
  Source:                 cpu/picorv32_core/mem_wstrb_reg[0]/C
                            (rising edge-triggered cell FDRE clocked by system_clk  {rise@0.000ns fall@5.000ns period=10.000ns})
  Destination:            local_w_hold_reg/D
                            (rising edge-triggered cell FDRE clocked by system_clk  {rise@0.000ns fall@5.000ns period=10.000ns})
  Path Group:             system_clk
  Path Type:              Setup (Max at Slow Process Corner)
  Requirement:            10.000ns  (system_clk rise@10.000ns - system_clk rise@0.000ns)
  Data Path Delay:        10.626ns  (logic 2.899ns (27.282%)  route 7.727ns (72.718%))
  Logic Levels:           13  (CARRY4=3 LUT2=1 LUT4=1 LUT5=2 LUT6=6)
  Clock Path Skew:        -0.017ns (DCD - SCD + CPR)
    Destination Clock Delay (DCD):    1.575ns = ( 11.575 - 10.000 ) 
    Source Clock Delay      (SCD):    1.744ns
    Clock Pessimism Removal (CPR):    0.152ns
  Clock Uncertainty:      0.135ns  ((TSJ^2 + TIJ^2)^1/2 + DJ) / 2 + PE + UU
    Total System Jitter     (TSJ):    0.071ns
    Total Input Jitter      (TIJ):    0.000ns
    Discrete Jitter          (DJ):    0.000ns
    Phase Error              (PE):    0.000ns
    User Uncertainty         (UU):    0.100ns

    Location             Delay type                Incr(ns)  Path(ns)    Netlist Resource(s)
  -------------------------------------------------------------------    -------------------
                         (clock system_clk rise edge)
                                                      0.000     0.000 r  
                                                      0.000     0.000 r  clk (IN)
                         net (fo=17161, unset)        1.744     1.744    cpu/picorv32_core/clk
    SLICE_X14Y20         FDRE                                         r  cpu/picorv32_core/mem_wstrb_reg[0]/C
  -------------------------------------------------------------------    -------------------
    SLICE_X14Y20         FDRE (Prop_fdre_C_Q)         0.518     2.262 r  cpu/picorv32_core/mem_wstrb_reg[0]/Q
                         net (fo=11, routed)          1.056     3.318    cpu/picorv32_core/mem_wstrb_reg[0]_0
    SLICE_X14Y13         LUT5 (Prop_lut5_I2_O)        0.124     3.442 f  cpu/picorv32_core/local_wstrb[3]_i_2/O
                         net (fo=6, routed)           0.332     3.773    cpu/picorv32_core/mem_wstrb_reg[3]_2
    SLICE_X13Y13         LUT6 (Prop_lut6_I0_O)        0.124     3.897 f  cpu/picorv32_core/local_awaddr[31]_i_7/O
                         net (fo=2, routed)           0.656     4.554    cpu/picorv32_core/local_awaddr[31]_i_7_n_2
    SLICE_X17Y13         LUT6 (Prop_lut6_I5_O)        0.124     4.678 r  cpu/picorv32_core/local_awaddr[31]_i_1/O
                         net (fo=51, routed)          0.424     5.101    cpu/picorv32_core/mem_addr_reg[20]_0
    SLICE_X17Y11         LUT6 (Prop_lut6_I5_O)        0.124     5.225 r  cpu/picorv32_core/context_mem_reg_i_88/O
                         net (fo=75, routed)          0.691     5.916    cpu/picorv32_core/local_bvalid_reg
    SLICE_X15Y11         LUT2 (Prop_lut2_I0_O)        0.124     6.040 r  cpu/picorv32_core/context_mem_reg_i_203/O
                         net (fo=1, routed)           0.000     6.040    cpu/picorv32_core/context_mem_reg_i_203_n_2
    SLICE_X15Y11         CARRY4 (Prop_carry4_S[0]_CO[3])
                                                      0.532     6.572 r  cpu/picorv32_core/context_mem_reg_i_184/CO[3]
                         net (fo=1, routed)           0.000     6.572    cpu/picorv32_core/context_mem_reg_i_184_n_2
    SLICE_X15Y12         CARRY4 (Prop_carry4_CI_CO[3])
                                                      0.114     6.686 r  cpu/picorv32_core/context_mem_reg_i_183/CO[3]
                         net (fo=1, routed)           0.000     6.686    cpu/picorv32_core/context_mem_reg_i_183_n_2
    SLICE_X15Y13         CARRY4 (Prop_carry4_CI_O[3])
                                                      0.313     6.999 r  cpu/picorv32_core/context_mem_reg_i_186/O[3]
                         net (fo=1, routed)           0.934     7.933    cpu/picorv32_core/adapter_i/offset[30]
    SLICE_X12Y11         LUT5 (Prop_lut5_I1_O)        0.306     8.239 r  cpu/picorv32_core/context_mem_reg_i_169/O
                         net (fo=1, routed)           0.420     8.659    cpu/picorv32_core/context_mem_reg_i_169_n_2
    SLICE_X14Y10         LUT6 (Prop_lut6_I5_O)        0.124     8.783 r  cpu/picorv32_core/context_mem_reg_i_145/O
                         net (fo=10, routed)          0.358     9.141    cpu/picorv32_core/context_mem_reg_i_145_n_2
    SLICE_X17Y10         LUT6 (Prop_lut6_I4_O)        0.124     9.265 r  cpu/picorv32_core/accel_read_pending_i_4/O
                         net (fo=3, routed)           0.547     9.812    cpu/picorv32_core/accel_read_pending_i_4_n_2
    SLICE_X14Y11         LUT6 (Prop_lut6_I1_O)        0.124     9.936 r  cpu/picorv32_core/debug_regs[0][23]_i_5/O
                         net (fo=55, routed)          0.896    10.832    cpu/axi_adapter/local_w_hold_reg_1
    SLICE_X10Y13         LUT4 (Prop_lut4_I2_O)        0.124    10.956 r  cpu/axi_adapter/local_w_hold_i_1/O
                         net (fo=1, routed)           1.414    12.370    cpu_n_312
    SLICE_X14Y13         FDRE                                         r  local_w_hold_reg/D
  -------------------------------------------------------------------    -------------------

                         (clock system_clk rise edge)
                                                     10.000    10.000 r  
                                                      0.000    10.000 r  clk (IN)
                         net (fo=17161, unset)        1.575    11.575    clk
    SLICE_X14Y13         FDRE                                         r  local_w_hold_reg/C
                         clock pessimism              0.152    11.727    
                         clock uncertainty           -0.135    11.592    
    SLICE_X14Y13         FDRE (Setup_fdre_C_D)       -0.031    11.561    local_w_hold_reg
  -------------------------------------------------------------------
                         required time                         11.561    
                         arrival time                         -12.370    
  -------------------------------------------------------------------
                         slack                                 -0.810    

Slack (VIOLATED) :        -0.748ns  (required time - arrival time)
  Source:                 cpu/picorv32_core/mem_wstrb_reg[0]/C
                            (rising edge-triggered cell FDRE clocked by system_clk  {rise@0.000ns fall@5.000ns period=10.000ns})
  Destination:            debug_regs_reg[8][24]/CE
                            (rising edge-triggered cell FDRE clocked by system_clk  {rise@0.000ns fall@5.000ns period=10.000ns})
  Path Group:             system_clk
  Path Type:              Setup (Max at Slow Process Corner)
  Requirement:            10.000ns  (system_clk rise@10.000ns - system_clk rise@0.000ns)
  Data Path Delay:        10.466ns  (logic 3.023ns (28.885%)  route 7.443ns (71.115%))
  Logic Levels:           14  (CARRY4=3 LUT2=1 LUT4=1 LUT5=2 LUT6=7)
  Clock Path Skew:        0.022ns (DCD - SCD + CPR)
    Destination Clock Delay (DCD):    1.651ns = ( 11.651 - 10.000 ) 
    Source Clock Delay      (SCD):    1.744ns
    Clock Pessimism Removal (CPR):    0.115ns
  Clock Uncertainty:      0.135ns  ((TSJ^2 + TIJ^2)^1/2 + DJ) / 2 + PE + UU
    Total System Jitter     (TSJ):    0.071ns
    Total Input Jitter      (TIJ):    0.000ns
    Discrete Jitter          (DJ):    0.000ns
    Phase Error              (PE):    0.000ns
    User Uncertainty         (UU):    0.100ns

    Location             Delay type                Incr(ns)  Path(ns)    Netlist Resource(s)
  -------------------------------------------------------------------    -------------------
                         (clock system_clk rise edge)
                                                      0.000     0.000 r  
                                                      0.000     0.000 r  clk (IN)
                         net (fo=17161, unset)        1.744     1.744    cpu/picorv32_core/clk
    SLICE_X14Y20         FDRE                                         r  cpu/picorv32_core/mem_wstrb_reg[0]/C
  -------------------------------------------------------------------    -------------------
    SLICE_X14Y20         FDRE (Prop_fdre_C_Q)         0.518     2.262 r  cpu/picorv32_core/mem_wstrb_reg[0]/Q
                         net (fo=11, routed)          1.056     3.318    cpu/picorv32_core/mem_wstrb_reg[0]_0
    SLICE_X14Y13         LUT5 (Prop_lut5_I2_O)        0.124     3.442 f  cpu/picorv32_core/local_wstrb[3]_i_2/O
                         net (fo=6, routed)           0.332     3.773    cpu/picorv32_core/mem_wstrb_reg[3]_2
    SLICE_X13Y13         LUT6 (Prop_lut6_I0_O)        0.124     3.897 f  cpu/picorv32_core/local_awaddr[31]_i_7/O
                         net (fo=2, routed)           0.656     4.554    cpu/picorv32_core/local_awaddr[31]_i_7_n_2
    SLICE_X17Y13         LUT6 (Prop_lut6_I5_O)        0.124     4.678 r  cpu/picorv32_core/local_awaddr[31]_i_1/O
                         net (fo=51, routed)          0.424     5.101    cpu/picorv32_core/mem_addr_reg[20]_0
    SLICE_X17Y11         LUT6 (Prop_lut6_I5_O)        0.124     5.225 r  cpu/picorv32_core/context_mem_reg_i_88/O
                         net (fo=75, routed)          0.691     5.916    cpu/picorv32_core/local_bvalid_reg
    SLICE_X15Y11         LUT2 (Prop_lut2_I0_O)        0.124     6.040 r  cpu/picorv32_core/context_mem_reg_i_203/O
                         net (fo=1, routed)           0.000     6.040    cpu/picorv32_core/context_mem_reg_i_203_n_2
    SLICE_X15Y11         CARRY4 (Prop_carry4_S[0]_CO[3])
                                                      0.532     6.572 r  cpu/picorv32_core/context_mem_reg_i_184/CO[3]
                         net (fo=1, routed)           0.000     6.572    cpu/picorv32_core/context_mem_reg_i_184_n_2
    SLICE_X15Y12         CARRY4 (Prop_carry4_CI_CO[3])
                                                      0.114     6.686 r  cpu/picorv32_core/context_mem_reg_i_183/CO[3]
                         net (fo=1, routed)           0.000     6.686    cpu/picorv32_core/context_mem_reg_i_183_n_2
    SLICE_X15Y13         CARRY4 (Prop_carry4_CI_O[3])
                                                      0.313     6.999 f  cpu/picorv32_core/context_mem_reg_i_186/O[3]
                         net (fo=1, routed)           0.934     7.933    cpu/picorv32_core/adapter_i/offset[30]
    SLICE_X12Y11         LUT5 (Prop_lut5_I1_O)        0.306     8.239 f  cpu/picorv32_core/context_mem_reg_i_169/O
                         net (fo=1, routed)           0.420     8.659    cpu/picorv32_core/context_mem_reg_i_169_n_2
    SLICE_X14Y10         LUT6 (Prop_lut6_I5_O)        0.124     8.783 f  cpu/picorv32_core/context_mem_reg_i_145/O
                         net (fo=10, routed)          0.358     9.141    cpu/picorv32_core/context_mem_reg_i_145_n_2
    SLICE_X17Y10         LUT6 (Prop_lut6_I4_O)        0.124     9.265 f  cpu/picorv32_core/accel_read_pending_i_4/O
                         net (fo=3, routed)           0.547     9.812    cpu/picorv32_core/accel_read_pending_i_4_n_2
    SLICE_X14Y11         LUT6 (Prop_lut6_I1_O)        0.124     9.936 f  cpu/picorv32_core/debug_regs[0][23]_i_5/O
                         net (fo=55, routed)          0.691    10.628    cpu/picorv32_core/local_bvalid_reg_3
    SLICE_X13Y16         LUT6 (Prop_lut6_I0_O)        0.124    10.752 r  cpu/picorv32_core/debug_regs[0][31]_i_3/O
                         net (fo=13, routed)          0.803    11.554    cpu/picorv32_core/debug_regs[0][31]_i_3_n_2
    SLICE_X5Y16          LUT4 (Prop_lut4_I0_O)        0.124    11.678 r  cpu/picorv32_core/debug_regs[8][31]_i_1/O
                         net (fo=8, routed)           0.531    12.210    cpu_n_214
    SLICE_X4Y16          FDRE                                         r  debug_regs_reg[8][24]/CE
  -------------------------------------------------------------------    -------------------

                         (clock system_clk rise edge)
                                                     10.000    10.000 r  
                                                      0.000    10.000 r  clk (IN)
                         net (fo=17161, unset)        1.651    11.651    clk
    SLICE_X4Y16          FDRE                                         r  debug_regs_reg[8][24]/C
                         clock pessimism              0.115    11.766    
                         clock uncertainty           -0.135    11.631    
    SLICE_X4Y16          FDRE (Setup_fdre_C_CE)      -0.169    11.462    debug_regs_reg[8][24]
  -------------------------------------------------------------------
                         required time                         11.462    
                         arrival time                         -12.210    
  -------------------------------------------------------------------
                         slack                                 -0.748    

Slack (VIOLATED) :        -0.748ns  (required time - arrival time)
  Source:                 cpu/picorv32_core/mem_wstrb_reg[0]/C
                            (rising edge-triggered cell FDRE clocked by system_clk  {rise@0.000ns fall@5.000ns period=10.000ns})
  Destination:            debug_regs_reg[8][25]/CE
                            (rising edge-triggered cell FDRE clocked by system_clk  {rise@0.000ns fall@5.000ns period=10.000ns})
  Path Group:             system_clk
  Path Type:              Setup (Max at Slow Process Corner)
  Requirement:            10.000ns  (system_clk rise@10.000ns - system_clk rise@0.000ns)
  Data Path Delay:        10.466ns  (logic 3.023ns (28.885%)  route 7.443ns (71.115%))
  Logic Levels:           14  (CARRY4=3 LUT2=1 LUT4=1 LUT5=2 LUT6=7)
  Clock Path Skew:        0.022ns (DCD - SCD + CPR)
    Destination Clock Delay (DCD):    1.651ns = ( 11.651 - 10.000 ) 
    Source Clock Delay      (SCD):    1.744ns
    Clock Pessimism Removal (CPR):    0.115ns
  Clock Uncertainty:      0.135ns  ((TSJ^2 + TIJ^2)^1/2 + DJ) / 2 + PE + UU
    Total System Jitter     (TSJ):    0.071ns
    Total Input Jitter      (TIJ):    0.000ns
    Discrete Jitter          (DJ):    0.000ns
    Phase Error              (PE):    0.000ns
    User Uncertainty         (UU):    0.100ns

    Location             Delay type                Incr(ns)  Path(ns)    Netlist Resource(s)
  -------------------------------------------------------------------    -------------------
                         (clock system_clk rise edge)
                                                      0.000     0.000 r  
                                                      0.000     0.000 r  clk (IN)
                         net (fo=17161, unset)        1.744     1.744    cpu/picorv32_core/clk
    SLICE_X14Y20         FDRE                                         r  cpu/picorv32_core/mem_wstrb_reg[0]/C
  -------------------------------------------------------------------    -------------------
    SLICE_X14Y20         FDRE (Prop_fdre_C_Q)         0.518     2.262 r  cpu/picorv32_core/mem_wstrb_reg[0]/Q
                         net (fo=11, routed)          1.056     3.318    cpu/picorv32_core/mem_wstrb_reg[0]_0
    SLICE_X14Y13         LUT5 (Prop_lut5_I2_O)        0.124     3.442 f  cpu/picorv32_core/local_wstrb[3]_i_2/O
                         net (fo=6, routed)           0.332     3.773    cpu/picorv32_core/mem_wstrb_reg[3]_2
    SLICE_X13Y13         LUT6 (Prop_lut6_I0_O)        0.124     3.897 f  cpu/picorv32_core/local_awaddr[31]_i_7/O
                         net (fo=2, routed)           0.656     4.554    cpu/picorv32_core/local_awaddr[31]_i_7_n_2
    SLICE_X17Y13         LUT6 (Prop_lut6_I5_O)        0.124     4.678 r  cpu/picorv32_core/local_awaddr[31]_i_1/O
                         net (fo=51, routed)          0.424     5.101    cpu/picorv32_core/mem_addr_reg[20]_0
    SLICE_X17Y11         LUT6 (Prop_lut6_I5_O)        0.124     5.225 r  cpu/picorv32_core/context_mem_reg_i_88/O
                         net (fo=75, routed)          0.691     5.916    cpu/picorv32_core/local_bvalid_reg
    SLICE_X15Y11         LUT2 (Prop_lut2_I0_O)        0.124     6.040 r  cpu/picorv32_core/context_mem_reg_i_203/O
                         net (fo=1, routed)           0.000     6.040    cpu/picorv32_core/context_mem_reg_i_203_n_2
    SLICE_X15Y11         CARRY4 (Prop_carry4_S[0]_CO[3])
                                                      0.532     6.572 r  cpu/picorv32_core/context_mem_reg_i_184/CO[3]
                         net (fo=1, routed)           0.000     6.572    cpu/picorv32_core/context_mem_reg_i_184_n_2
    SLICE_X15Y12         CARRY4 (Prop_carry4_CI_CO[3])
                                                      0.114     6.686 r  cpu/picorv32_core/context_mem_reg_i_183/CO[3]
                         net (fo=1, routed)           0.000     6.686    cpu/picorv32_core/context_mem_reg_i_183_n_2
    SLICE_X15Y13         CARRY4 (Prop_carry4_CI_O[3])
                                                      0.313     6.999 f  cpu/picorv32_core/context_mem_reg_i_186/O[3]
                         net (fo=1, routed)           0.934     7.933    cpu/picorv32_core/adapter_i/offset[30]
    SLICE_X12Y11         LUT5 (Prop_lut5_I1_O)        0.306     8.239 f  cpu/picorv32_core/context_mem_reg_i_169/O
                         net (fo=1, routed)           0.420     8.659    cpu/picorv32_core/context_mem_reg_i_169_n_2
    SLICE_X14Y10         LUT6 (Prop_lut6_I5_O)        0.124     8.783 f  cpu/picorv32_core/context_mem_reg_i_145/O
                         net (fo=10, routed)          0.358     9.141    cpu/picorv32_core/context_mem_reg_i_145_n_2
    SLICE_X17Y10         LUT6 (Prop_lut6_I4_O)        0.124     9.265 f  cpu/picorv32_core/accel_read_pending_i_4/O
                         net (fo=3, routed)           0.547     9.812    cpu/picorv32_core/accel_read_pending_i_4_n_2
    SLICE_X14Y11         LUT6 (Prop_lut6_I1_O)        0.124     9.936 f  cpu/picorv32_core/debug_regs[0][23]_i_5/O
                         net (fo=55, routed)          0.691    10.628    cpu/picorv32_core/local_bvalid_reg_3
    SLICE_X13Y16         LUT6 (Prop_lut6_I0_O)        0.124    10.752 r  cpu/picorv32_core/debug_regs[0][31]_i_3/O
                         net (fo=13, routed)          0.803    11.554    cpu/picorv32_core/debug_regs[0][31]_i_3_n_2
    SLICE_X5Y16          LUT4 (Prop_lut4_I0_O)        0.124    11.678 r  cpu/picorv32_core/debug_regs[8][31]_i_1/O
                         net (fo=8, routed)           0.531    12.210    cpu_n_214
    SLICE_X4Y16          FDRE                                         r  debug_regs_reg[8][25]/CE
  -------------------------------------------------------------------    -------------------

                         (clock system_clk rise edge)
                                                     10.000    10.000 r  
                                                      0.000    10.000 r  clk (IN)
                         net (fo=17161, unset)        1.651    11.651    clk
    SLICE_X4Y16          FDRE                                         r  debug_regs_reg[8][25]/C
                         clock pessimism              0.115    11.766    
                         clock uncertainty           -0.135    11.631    
    SLICE_X4Y16          FDRE (Setup_fdre_C_CE)      -0.169    11.462    debug_regs_reg[8][25]
  -------------------------------------------------------------------
                         required time                         11.462    
                         arrival time                         -12.210    
  -------------------------------------------------------------------
                         slack                                 -0.748    

Slack (VIOLATED) :        -0.748ns  (required time - arrival time)
  Source:                 cpu/picorv32_core/mem_wstrb_reg[0]/C
                            (rising edge-triggered cell FDRE clocked by system_clk  {rise@0.000ns fall@5.000ns period=10.000ns})
  Destination:            debug_regs_reg[8][27]/CE
                            (rising edge-triggered cell FDRE clocked by system_clk  {rise@0.000ns fall@5.000ns period=10.000ns})
  Path Group:             system_clk
  Path Type:              Setup (Max at Slow Process Corner)
  Requirement:            10.000ns  (system_clk rise@10.000ns - system_clk rise@0.000ns)
  Data Path Delay:        10.466ns  (logic 3.023ns (28.885%)  route 7.443ns (71.115%))
  Logic Levels:           14  (CARRY4=3 LUT2=1 LUT4=1 LUT5=2 LUT6=7)
  Clock Path Skew:        0.022ns (DCD - SCD + CPR)
    Destination Clock Delay (DCD):    1.651ns = ( 11.651 - 10.000 ) 
    Source Clock Delay      (SCD):    1.744ns
    Clock Pessimism Removal (CPR):    0.115ns
  Clock Uncertainty:      0.135ns  ((TSJ^2 + TIJ^2)^1/2 + DJ) / 2 + PE + UU
    Total System Jitter     (TSJ):    0.071ns
    Total Input Jitter      (TIJ):    0.000ns
    Discrete Jitter          (DJ):    0.000ns
    Phase Error              (PE):    0.000ns
    User Uncertainty         (UU):    0.100ns

    Location             Delay type                Incr(ns)  Path(ns)    Netlist Resource(s)
  -------------------------------------------------------------------    -------------------
                         (clock system_clk rise edge)
                                                      0.000     0.000 r  
                                                      0.000     0.000 r  clk (IN)
                         net (fo=17161, unset)        1.744     1.744    cpu/picorv32_core/clk
    SLICE_X14Y20         FDRE                                         r  cpu/picorv32_core/mem_wstrb_reg[0]/C
  -------------------------------------------------------------------    -------------------
    SLICE_X14Y20         FDRE (Prop_fdre_C_Q)         0.518     2.262 r  cpu/picorv32_core/mem_wstrb_reg[0]/Q
                         net (fo=11, routed)          1.056     3.318    cpu/picorv32_core/mem_wstrb_reg[0]_0
    SLICE_X14Y13         LUT5 (Prop_lut5_I2_O)        0.124     3.442 f  cpu/picorv32_core/local_wstrb[3]_i_2/O
                         net (fo=6, routed)           0.332     3.773    cpu/picorv32_core/mem_wstrb_reg[3]_2
    SLICE_X13Y13         LUT6 (Prop_lut6_I0_O)        0.124     3.897 f  cpu/picorv32_core/local_awaddr[31]_i_7/O
                         net (fo=2, routed)           0.656     4.554    cpu/picorv32_core/local_awaddr[31]_i_7_n_2
    SLICE_X17Y13         LUT6 (Prop_lut6_I5_O)        0.124     4.678 r  cpu/picorv32_core/local_awaddr[31]_i_1/O
                         net (fo=51, routed)          0.424     5.101    cpu/picorv32_core/mem_addr_reg[20]_0
    SLICE_X17Y11         LUT6 (Prop_lut6_I5_O)        0.124     5.225 r  cpu/picorv32_core/context_mem_reg_i_88/O
                         net (fo=75, routed)          0.691     5.916    cpu/picorv32_core/local_bvalid_reg
    SLICE_X15Y11         LUT2 (Prop_lut2_I0_O)        0.124     6.040 r  cpu/picorv32_core/context_mem_reg_i_203/O
                         net (fo=1, routed)           0.000     6.040    cpu/picorv32_core/context_mem_reg_i_203_n_2
    SLICE_X15Y11         CARRY4 (Prop_carry4_S[0]_CO[3])
                                                      0.532     6.572 r  cpu/picorv32_core/context_mem_reg_i_184/CO[3]
                         net (fo=1, routed)           0.000     6.572    cpu/picorv32_core/context_mem_reg_i_184_n_2
    SLICE_X15Y12         CARRY4 (Prop_carry4_CI_CO[3])
                                                      0.114     6.686 r  cpu/picorv32_core/context_mem_reg_i_183/CO[3]
                         net (fo=1, routed)           0.000     6.686    cpu/picorv32_core/context_mem_reg_i_183_n_2
    SLICE_X15Y13         CARRY4 (Prop_carry4_CI_O[3])
                                                      0.313     6.999 f  cpu/picorv32_core/context_mem_reg_i_186/O[3]
                         net (fo=1, routed)           0.934     7.933    cpu/picorv32_core/adapter_i/offset[30]
    SLICE_X12Y11         LUT5 (Prop_lut5_I1_O)        0.306     8.239 f  cpu/picorv32_core/context_mem_reg_i_169/O
                         net (fo=1, routed)           0.420     8.659    cpu/picorv32_core/context_mem_reg_i_169_n_2
    SLICE_X14Y10         LUT6 (Prop_lut6_I5_O)        0.124     8.783 f  cpu/picorv32_core/context_mem_reg_i_145/O
                         net (fo=10, routed)          0.358     9.141    cpu/picorv32_core/context_mem_reg_i_145_n_2
    SLICE_X17Y10         LUT6 (Prop_lut6_I4_O)        0.124     9.265 f  cpu/picorv32_core/accel_read_pending_i_4/O
                         net (fo=3, routed)           0.547     9.812    cpu/picorv32_core/accel_read_pending_i_4_n_2
    SLICE_X14Y11         LUT6 (Prop_lut6_I1_O)        0.124     9.936 f  cpu/picorv32_core/debug_regs[0][23]_i_5/O
                         net (fo=55, routed)          0.691    10.628    cpu/picorv32_core/local_bvalid_reg_3
    SLICE_X13Y16         LUT6 (Prop_lut6_I0_O)        0.124    10.752 r  cpu/picorv32_core/debug_regs[0][31]_i_3/O
                         net (fo=13, routed)          0.803    11.554    cpu/picorv32_core/debug_regs[0][31]_i_3_n_2
    SLICE_X5Y16          LUT4 (Prop_lut4_I0_O)        0.124    11.678 r  cpu/picorv32_core/debug_regs[8][31]_i_1/O
                         net (fo=8, routed)           0.531    12.210    cpu_n_214
    SLICE_X4Y16          FDRE                                         r  debug_regs_reg[8][27]/CE
  -------------------------------------------------------------------    -------------------

                         (clock system_clk rise edge)
                                                     10.000    10.000 r  
                                                      0.000    10.000 r  clk (IN)
                         net (fo=17161, unset)        1.651    11.651    clk
    SLICE_X4Y16          FDRE                                         r  debug_regs_reg[8][27]/C
                         clock pessimism              0.115    11.766    
                         clock uncertainty           -0.135    11.631    
    SLICE_X4Y16          FDRE (Setup_fdre_C_CE)      -0.169    11.462    debug_regs_reg[8][27]
  -------------------------------------------------------------------
                         required time                         11.462    
                         arrival time                         -12.210    
  -------------------------------------------------------------------
                         slack                                 -0.748    

Slack (VIOLATED) :        -0.726ns  (required time - arrival time)
  Source:                 cpu/picorv32_core/mem_wstrb_reg[0]/C
                            (rising edge-triggered cell FDRE clocked by system_clk  {rise@0.000ns fall@5.000ns period=10.000ns})
  Destination:            adapter_i/context_mem_reg/WEBWE[2]
                            (rising edge-triggered cell RAMB36E1 clocked by system_clk  {rise@0.000ns fall@5.000ns period=10.000ns})
  Path Group:             system_clk
  Path Type:              Setup (Max at Slow Process Corner)
  Requirement:            10.000ns  (system_clk rise@10.000ns - system_clk rise@0.000ns)
  Data Path Delay:        10.053ns  (logic 2.899ns (28.836%)  route 7.154ns (71.164%))
  Logic Levels:           13  (CARRY4=3 LUT2=1 LUT4=1 LUT5=2 LUT6=6)
  Clock Path Skew:        -0.006ns (DCD - SCD + CPR)
    Destination Clock Delay (DCD):    1.623ns = ( 11.623 - 10.000 ) 
    Source Clock Delay      (SCD):    1.744ns
    Clock Pessimism Removal (CPR):    0.115ns
  Clock Uncertainty:      0.135ns  ((TSJ^2 + TIJ^2)^1/2 + DJ) / 2 + PE + UU
    Total System Jitter     (TSJ):    0.071ns
    Total Input Jitter      (TIJ):    0.000ns
    Discrete Jitter          (DJ):    0.000ns
    Phase Error              (PE):    0.000ns
    User Uncertainty         (UU):    0.100ns

    Location             Delay type                Incr(ns)  Path(ns)    Netlist Resource(s)
  -------------------------------------------------------------------    -------------------
                         (clock system_clk rise edge)
                                                      0.000     0.000 r  
                                                      0.000     0.000 r  clk (IN)
                         net (fo=17161, unset)        1.744     1.744    cpu/picorv32_core/clk
    SLICE_X14Y20         FDRE                                         r  cpu/picorv32_core/mem_wstrb_reg[0]/C
  -------------------------------------------------------------------    -------------------
    SLICE_X14Y20         FDRE (Prop_fdre_C_Q)         0.518     2.262 r  cpu/picorv32_core/mem_wstrb_reg[0]/Q
                         net (fo=11, routed)          1.056     3.318    cpu/picorv32_core/mem_wstrb_reg[0]_0
    SLICE_X14Y13         LUT5 (Prop_lut5_I2_O)        0.124     3.442 f  cpu/picorv32_core/local_wstrb[3]_i_2/O
                         net (fo=6, routed)           0.332     3.773    cpu/picorv32_core/mem_wstrb_reg[3]_2
    SLICE_X13Y13         LUT6 (Prop_lut6_I0_O)        0.124     3.897 f  cpu/picorv32_core/local_awaddr[31]_i_7/O
                         net (fo=2, routed)           0.656     4.554    cpu/picorv32_core/local_awaddr[31]_i_7_n_2
    SLICE_X17Y13         LUT6 (Prop_lut6_I5_O)        0.124     4.678 r  cpu/picorv32_core/local_awaddr[31]_i_1/O
                         net (fo=51, routed)          0.424     5.101    cpu/picorv32_core/mem_addr_reg[20]_0
    SLICE_X17Y11         LUT6 (Prop_lut6_I5_O)        0.124     5.225 r  cpu/picorv32_core/context_mem_reg_i_88/O
                         net (fo=75, routed)          0.691     5.916    cpu/picorv32_core/local_bvalid_reg
    SLICE_X15Y11         LUT2 (Prop_lut2_I0_O)        0.124     6.040 r  cpu/picorv32_core/context_mem_reg_i_203/O
                         net (fo=1, routed)           0.000     6.040    cpu/picorv32_core/context_mem_reg_i_203_n_2
    SLICE_X15Y11         CARRY4 (Prop_carry4_S[0]_CO[3])
                                                      0.532     6.572 r  cpu/picorv32_core/context_mem_reg_i_184/CO[3]
                         net (fo=1, routed)           0.000     6.572    cpu/picorv32_core/context_mem_reg_i_184_n_2
    SLICE_X15Y12         CARRY4 (Prop_carry4_CI_CO[3])
                                                      0.114     6.686 r  cpu/picorv32_core/context_mem_reg_i_183/CO[3]
                         net (fo=1, routed)           0.000     6.686    cpu/picorv32_core/context_mem_reg_i_183_n_2
    SLICE_X15Y13         CARRY4 (Prop_carry4_CI_O[3])
                                                      0.313     6.999 f  cpu/picorv32_core/context_mem_reg_i_186/O[3]
                         net (fo=1, routed)           0.934     7.933    cpu/picorv32_core/adapter_i/offset[30]
    SLICE_X12Y11         LUT5 (Prop_lut5_I1_O)        0.306     8.239 f  cpu/picorv32_core/context_mem_reg_i_169/O
                         net (fo=1, routed)           0.420     8.659    cpu/picorv32_core/context_mem_reg_i_169_n_2
    SLICE_X14Y10         LUT6 (Prop_lut6_I5_O)        0.124     8.783 f  cpu/picorv32_core/context_mem_reg_i_145/O
                         net (fo=10, routed)          0.767     9.550    cpu/picorv32_core/context_mem_reg_i_145_n_2
    SLICE_X17Y6          LUT6 (Prop_lut6_I4_O)        0.124     9.674 r  cpu/picorv32_core/output_mem_reg_i_53_comp_2/O
                         net (fo=46, routed)          0.564    10.238    cpu/picorv32_core/host_write
    SLICE_X13Y6          LUT4 (Prop_lut4_I3_O)        0.124    10.362 r  cpu/picorv32_core/input_mem_reg_i_44/O
                         net (fo=2, routed)           0.539    10.901    cpu/picorv32_core/mem_wstrb_reg[2]_0[2]
    SLICE_X8Y2           LUT6 (Prop_lut6_I4_O)        0.124    11.025 r  cpu/picorv32_core/context_mem_reg_i_76/O
                         net (fo=1, routed)           0.772    11.797    adapter_i/WEBWE[2]
    RAMB36_X0Y0          RAMB36E1                                     r  adapter_i/context_mem_reg/WEBWE[2]
  -------------------------------------------------------------------    -------------------

                         (clock system_clk rise edge)
                                                     10.000    10.000 r  
                                                      0.000    10.000 r  clk (IN)
                         net (fo=17161, unset)        1.623    11.623    adapter_i/clk
    RAMB36_X0Y0          RAMB36E1                                     r  adapter_i/context_mem_reg/CLKBWRCLK
                         clock pessimism              0.115    11.738    
                         clock uncertainty           -0.135    11.603    
    RAMB36_X0Y0          RAMB36E1 (Setup_ramb36e1_CLKBWRCLK_WEBWE[2])
                                                     -0.532    11.071    adapter_i/context_mem_reg
  -------------------------------------------------------------------
                         required time                         11.071    
                         arrival time                         -11.797    
  -------------------------------------------------------------------
                         slack                                 -0.726    

Slack (VIOLATED) :        -0.677ns  (required time - arrival time)
  Source:                 cpu/picorv32_core/mem_wstrb_reg[0]/C
                            (rising edge-triggered cell FDRE clocked by system_clk  {rise@0.000ns fall@5.000ns period=10.000ns})
  Destination:            debug_regs_reg[15][24]/CE
                            (rising edge-triggered cell FDRE clocked by system_clk  {rise@0.000ns fall@5.000ns period=10.000ns})
  Path Group:             system_clk
  Path Type:              Setup (Max at Slow Process Corner)
  Requirement:            10.000ns  (system_clk rise@10.000ns - system_clk rise@0.000ns)
  Data Path Delay:        10.317ns  (logic 3.023ns (29.301%)  route 7.294ns (70.698%))
  Logic Levels:           14  (CARRY4=3 LUT2=1 LUT4=1 LUT5=2 LUT6=7)
  Clock Path Skew:        -0.056ns (DCD - SCD + CPR)
    Destination Clock Delay (DCD):    1.573ns = ( 11.573 - 10.000 ) 
    Source Clock Delay      (SCD):    1.744ns
    Clock Pessimism Removal (CPR):    0.115ns
  Clock Uncertainty:      0.135ns  ((TSJ^2 + TIJ^2)^1/2 + DJ) / 2 + PE + UU
    Total System Jitter     (TSJ):    0.071ns
    Total Input Jitter      (TIJ):    0.000ns
    Discrete Jitter          (DJ):    0.000ns
    Phase Error              (PE):    0.000ns
    User Uncertainty         (UU):    0.100ns

    Location             Delay type                Incr(ns)  Path(ns)    Netlist Resource(s)
  -------------------------------------------------------------------    -------------------
                         (clock system_clk rise edge)
                                                      0.000     0.000 r  
                                                      0.000     0.000 r  clk (IN)
                         net (fo=17161, unset)        1.744     1.744    cpu/picorv32_core/clk
    SLICE_X14Y20         FDRE                                         r  cpu/picorv32_core/mem_wstrb_reg[0]/C
  -------------------------------------------------------------------    -------------------
    SLICE_X14Y20         FDRE (Prop_fdre_C_Q)         0.518     2.262 r  cpu/picorv32_core/mem_wstrb_reg[0]/Q
                         net (fo=11, routed)          1.056     3.318    cpu/picorv32_core/mem_wstrb_reg[0]_0
    SLICE_X14Y13         LUT5 (Prop_lut5_I2_O)        0.124     3.442 f  cpu/picorv32_core/local_wstrb[3]_i_2/O
                         net (fo=6, routed)           0.332     3.773    cpu/picorv32_core/mem_wstrb_reg[3]_2
    SLICE_X13Y13         LUT6 (Prop_lut6_I0_O)        0.124     3.897 f  cpu/picorv32_core/local_awaddr[31]_i_7/O
                         net (fo=2, routed)           0.656     4.554    cpu/picorv32_core/local_awaddr[31]_i_7_n_2
    SLICE_X17Y13         LUT6 (Prop_lut6_I5_O)        0.124     4.678 r  cpu/picorv32_core/local_awaddr[31]_i_1/O
                         net (fo=51, routed)          0.424     5.101    cpu/picorv32_core/mem_addr_reg[20]_0
    SLICE_X17Y11         LUT6 (Prop_lut6_I5_O)        0.124     5.225 r  cpu/picorv32_core/context_mem_reg_i_88/O
                         net (fo=75, routed)          0.691     5.916    cpu/picorv32_core/local_bvalid_reg
    SLICE_X15Y11         LUT2 (Prop_lut2_I0_O)        0.124     6.040 r  cpu/picorv32_core/context_mem_reg_i_203/O
                         net (fo=1, routed)           0.000     6.040    cpu/picorv32_core/context_mem_reg_i_203_n_2
    SLICE_X15Y11         CARRY4 (Prop_carry4_S[0]_CO[3])
                                                      0.532     6.572 r  cpu/picorv32_core/context_mem_reg_i_184/CO[3]
                         net (fo=1, routed)           0.000     6.572    cpu/picorv32_core/context_mem_reg_i_184_n_2
    SLICE_X15Y12         CARRY4 (Prop_carry4_CI_CO[3])
                                                      0.114     6.686 r  cpu/picorv32_core/context_mem_reg_i_183/CO[3]
                         net (fo=1, routed)           0.000     6.686    cpu/picorv32_core/context_mem_reg_i_183_n_2
    SLICE_X15Y13         CARRY4 (Prop_carry4_CI_O[3])
                                                      0.313     6.999 f  cpu/picorv32_core/context_mem_reg_i_186/O[3]
                         net (fo=1, routed)           0.934     7.933    cpu/picorv32_core/adapter_i/offset[30]
    SLICE_X12Y11         LUT5 (Prop_lut5_I1_O)        0.306     8.239 f  cpu/picorv32_core/context_mem_reg_i_169/O
                         net (fo=1, routed)           0.420     8.659    cpu/picorv32_core/context_mem_reg_i_169_n_2
    SLICE_X14Y10         LUT6 (Prop_lut6_I5_O)        0.124     8.783 f  cpu/picorv32_core/context_mem_reg_i_145/O
                         net (fo=10, routed)          0.358     9.141    cpu/picorv32_core/context_mem_reg_i_145_n_2
    SLICE_X17Y10         LUT6 (Prop_lut6_I4_O)        0.124     9.265 f  cpu/picorv32_core/accel_read_pending_i_4/O
                         net (fo=3, routed)           0.547     9.812    cpu/picorv32_core/accel_read_pending_i_4_n_2
    SLICE_X14Y11         LUT6 (Prop_lut6_I1_O)        0.124     9.936 f  cpu/picorv32_core/debug_regs[0][23]_i_5/O
                         net (fo=55, routed)          0.691    10.628    cpu/picorv32_core/local_bvalid_reg_3
    SLICE_X13Y16         LUT6 (Prop_lut6_I0_O)        0.124    10.752 r  cpu/picorv32_core/debug_regs[0][31]_i_3/O
                         net (fo=13, routed)          0.665    11.416    cpu/picorv32_core/debug_regs[0][31]_i_3_n_2
    SLICE_X10Y17         LUT4 (Prop_lut4_I0_O)        0.124    11.540 r  cpu/picorv32_core/debug_regs[15][31]_i_1/O
                         net (fo=8, routed)           0.521    12.061    cpu_n_186
    SLICE_X10Y17         FDRE                                         r  debug_regs_reg[15][24]/CE
  -------------------------------------------------------------------    -------------------

                         (clock system_clk rise edge)
                                                     10.000    10.000 r  
                                                      0.000    10.000 r  clk (IN)
                         net (fo=17161, unset)        1.573    11.573    clk
    SLICE_X10Y17         FDRE                                         r  debug_regs_reg[15][24]/C
                         clock pessimism              0.115    11.688    
                         clock uncertainty           -0.135    11.553    
    SLICE_X10Y17         FDRE (Setup_fdre_C_CE)      -0.169    11.384    debug_regs_reg[15][24]
  -------------------------------------------------------------------
                         required time                         11.384    
                         arrival time                         -12.061    
  -------------------------------------------------------------------
                         slack                                 -0.677    

Slack (VIOLATED) :        -0.677ns  (required time - arrival time)
  Source:                 cpu/picorv32_core/mem_wstrb_reg[0]/C
                            (rising edge-triggered cell FDRE clocked by system_clk  {rise@0.000ns fall@5.000ns period=10.000ns})
  Destination:            debug_regs_reg[15][25]/CE
                            (rising edge-triggered cell FDRE clocked by system_clk  {rise@0.000ns fall@5.000ns period=10.000ns})
  Path Group:             system_clk
  Path Type:              Setup (Max at Slow Process Corner)
  Requirement:            10.000ns  (system_clk rise@10.000ns - system_clk rise@0.000ns)
  Data Path Delay:        10.317ns  (logic 3.023ns (29.301%)  route 7.294ns (70.698%))
  Logic Levels:           14  (CARRY4=3 LUT2=1 LUT4=1 LUT5=2 LUT6=7)
  Clock Path Skew:        -0.056ns (DCD - SCD + CPR)
    Destination Clock Delay (DCD):    1.573ns = ( 11.573 - 10.000 ) 
    Source Clock Delay      (SCD):    1.744ns
    Clock Pessimism Removal (CPR):    0.115ns
  Clock Uncertainty:      0.135ns  ((TSJ^2 + TIJ^2)^1/2 + DJ) / 2 + PE + UU
    Total System Jitter     (TSJ):    0.071ns
    Total Input Jitter      (TIJ):    0.000ns
    Discrete Jitter          (DJ):    0.000ns
    Phase Error              (PE):    0.000ns
    User Uncertainty         (UU):    0.100ns

    Location             Delay type                Incr(ns)  Path(ns)    Netlist Resource(s)
  -------------------------------------------------------------------    -------------------
                         (clock system_clk rise edge)
                                                      0.000     0.000 r  
                                                      0.000     0.000 r  clk (IN)
                         net (fo=17161, unset)        1.744     1.744    cpu/picorv32_core/clk
    SLICE_X14Y20         FDRE                                         r  cpu/picorv32_core/mem_wstrb_reg[0]/C
  -------------------------------------------------------------------    -------------------
    SLICE_X14Y20         FDRE (Prop_fdre_C_Q)         0.518     2.262 r  cpu/picorv32_core/mem_wstrb_reg[0]/Q
                         net (fo=11, routed)          1.056     3.318    cpu/picorv32_core/mem_wstrb_reg[0]_0
    SLICE_X14Y13         LUT5 (Prop_lut5_I2_O)        0.124     3.442 f  cpu/picorv32_core/local_wstrb[3]_i_2/O
                         net (fo=6, routed)           0.332     3.773    cpu/picorv32_core/mem_wstrb_reg[3]_2
    SLICE_X13Y13         LUT6 (Prop_lut6_I0_O)        0.124     3.897 f  cpu/picorv32_core/local_awaddr[31]_i_7/O
                         net (fo=2, routed)           0.656     4.554    cpu/picorv32_core/local_awaddr[31]_i_7_n_2
    SLICE_X17Y13         LUT6 (Prop_lut6_I5_O)        0.124     4.678 r  cpu/picorv32_core/local_awaddr[31]_i_1/O
                         net (fo=51, routed)          0.424     5.101    cpu/picorv32_core/mem_addr_reg[20]_0
    SLICE_X17Y11         LUT6 (Prop_lut6_I5_O)        0.124     5.225 r  cpu/picorv32_core/context_mem_reg_i_88/O
                         net (fo=75, routed)          0.691     5.916    cpu/picorv32_core/local_bvalid_reg
    SLICE_X15Y11         LUT2 (Prop_lut2_I0_O)        0.124     6.040 r  cpu/picorv32_core/context_mem_reg_i_203/O
                         net (fo=1, routed)           0.000     6.040    cpu/picorv32_core/context_mem_reg_i_203_n_2
    SLICE_X15Y11         CARRY4 (Prop_carry4_S[0]_CO[3])
                                                      0.532     6.572 r  cpu/picorv32_core/context_mem_reg_i_184/CO[3]
                         net (fo=1, routed)           0.000     6.572    cpu/picorv32_core/context_mem_reg_i_184_n_2
    SLICE_X15Y12         CARRY4 (Prop_carry4_CI_CO[3])
                                                      0.114     6.686 r  cpu/picorv32_core/context_mem_reg_i_183/CO[3]
                         net (fo=1, routed)           0.000     6.686    cpu/picorv32_core/context_mem_reg_i_183_n_2
    SLICE_X15Y13         CARRY4 (Prop_carry4_CI_O[3])
                                                      0.313     6.999 f  cpu/picorv32_core/context_mem_reg_i_186/O[3]
                         net (fo=1, routed)           0.934     7.933    cpu/picorv32_core/adapter_i/offset[30]
    SLICE_X12Y11         LUT5 (Prop_lut5_I1_O)        0.306     8.239 f  cpu/picorv32_core/context_mem_reg_i_169/O
                         net (fo=1, routed)           0.420     8.659    cpu/picorv32_core/context_mem_reg_i_169_n_2
    SLICE_X14Y10         LUT6 (Prop_lut6_I5_O)        0.124     8.783 f  cpu/picorv32_core/context_mem_reg_i_145/O
                         net (fo=10, routed)          0.358     9.141    cpu/picorv32_core/context_mem_reg_i_145_n_2
    SLICE_X17Y10         LUT6 (Prop_lut6_I4_O)        0.124     9.265 f  cpu/picorv32_core/accel_read_pending_i_4/O
                         net (fo=3, routed)           0.547     9.812    cpu/picorv32_core/accel_read_pending_i_4_n_2
    SLICE_X14Y11         LUT6 (Prop_lut6_I1_O)        0.124     9.936 f  cpu/picorv32_core/debug_regs[0][23]_i_5/O
                         net (fo=55, routed)          0.691    10.628    cpu/picorv32_core/local_bvalid_reg_3
    SLICE_X13Y16         LUT6 (Prop_lut6_I0_O)        0.124    10.752 r  cpu/picorv32_core/debug_regs[0][31]_i_3/O
                         net (fo=13, routed)          0.665    11.416    cpu/picorv32_core/debug_regs[0][31]_i_3_n_2
    SLICE_X10Y17         LUT4 (Prop_lut4_I0_O)        0.124    11.540 r  cpu/picorv32_core/debug_regs[15][31]_i_1/O
                         net (fo=8, routed)           0.521    12.061    cpu_n_186
    SLICE_X10Y17         FDRE                                         r  debug_regs_reg[15][25]/CE
  -------------------------------------------------------------------    -------------------

                         (clock system_clk rise edge)
                                                     10.000    10.000 r  
                                                      0.000    10.000 r  clk (IN)
                         net (fo=17161, unset)        1.573    11.573    clk
    SLICE_X10Y17         FDRE                                         r  debug_regs_reg[15][25]/C
                         clock pessimism              0.115    11.688    
                         clock uncertainty           -0.135    11.553    
    SLICE_X10Y17         FDRE (Setup_fdre_C_CE)      -0.169    11.384    debug_regs_reg[15][25]
  -------------------------------------------------------------------
                         required time                         11.384    
                         arrival time                         -12.061    
  -------------------------------------------------------------------
                         slack                                 -0.677    

Slack (VIOLATED) :        -0.677ns  (required time - arrival time)
  Source:                 cpu/picorv32_core/mem_wstrb_reg[0]/C
                            (rising edge-triggered cell FDRE clocked by system_clk  {rise@0.000ns fall@5.000ns period=10.000ns})
  Destination:            debug_regs_reg[15][26]/CE
                            (rising edge-triggered cell FDRE clocked by system_clk  {rise@0.000ns fall@5.000ns period=10.000ns})
  Path Group:             system_clk
  Path Type:              Setup (Max at Slow Process Corner)
  Requirement:            10.000ns  (system_clk rise@10.000ns - system_clk rise@0.000ns)
  Data Path Delay:        10.317ns  (logic 3.023ns (29.301%)  route 7.294ns (70.698%))
  Logic Levels:           14  (CARRY4=3 LUT2=1 LUT4=1 LUT5=2 LUT6=7)
  Clock Path Skew:        -0.056ns (DCD - SCD + CPR)
    Destination Clock Delay (DCD):    1.573ns = ( 11.573 - 10.000 ) 
    Source Clock Delay      (SCD):    1.744ns
    Clock Pessimism Removal (CPR):    0.115ns
  Clock Uncertainty:      0.135ns  ((TSJ^2 + TIJ^2)^1/2 + DJ) / 2 + PE + UU
    Total System Jitter     (TSJ):    0.071ns
    Total Input Jitter      (TIJ):    0.000ns
    Discrete Jitter          (DJ):    0.000ns
    Phase Error              (PE):    0.000ns
    User Uncertainty         (UU):    0.100ns

    Location             Delay type                Incr(ns)  Path(ns)    Netlist Resource(s)
  -------------------------------------------------------------------    -------------------
                         (clock system_clk rise edge)
                                                      0.000     0.000 r  
                                                      0.000     0.000 r  clk (IN)
                         net (fo=17161, unset)        1.744     1.744    cpu/picorv32_core/clk
    SLICE_X14Y20         FDRE                                         r  cpu/picorv32_core/mem_wstrb_reg[0]/C
  -------------------------------------------------------------------    -------------------
    SLICE_X14Y20         FDRE (Prop_fdre_C_Q)         0.518     2.262 r  cpu/picorv32_core/mem_wstrb_reg[0]/Q
                         net (fo=11, routed)          1.056     3.318    cpu/picorv32_core/mem_wstrb_reg[0]_0
    SLICE_X14Y13         LUT5 (Prop_lut5_I2_O)        0.124     3.442 f  cpu/picorv32_core/local_wstrb[3]_i_2/O
                         net (fo=6, routed)           0.332     3.773    cpu/picorv32_core/mem_wstrb_reg[3]_2
    SLICE_X13Y13         LUT6 (Prop_lut6_I0_O)        0.124     3.897 f  cpu/picorv32_core/local_awaddr[31]_i_7/O
                         net (fo=2, routed)           0.656     4.554    cpu/picorv32_core/local_awaddr[31]_i_7_n_2
    SLICE_X17Y13         LUT6 (Prop_lut6_I5_O)        0.124     4.678 r  cpu/picorv32_core/local_awaddr[31]_i_1/O
                         net (fo=51, routed)          0.424     5.101    cpu/picorv32_core/mem_addr_reg[20]_0
    SLICE_X17Y11         LUT6 (Prop_lut6_I5_O)        0.124     5.225 r  cpu/picorv32_core/context_mem_reg_i_88/O
                         net (fo=75, routed)          0.691     5.916    cpu/picorv32_core/local_bvalid_reg
    SLICE_X15Y11         LUT2 (Prop_lut2_I0_O)        0.124     6.040 r  cpu/picorv32_core/context_mem_reg_i_203/O
                         net (fo=1, routed)           0.000     6.040    cpu/picorv32_core/context_mem_reg_i_203_n_2
    SLICE_X15Y11         CARRY4 (Prop_carry4_S[0]_CO[3])
                                                      0.532     6.572 r  cpu/picorv32_core/context_mem_reg_i_184/CO[3]
                         net (fo=1, routed)           0.000     6.572    cpu/picorv32_core/context_mem_reg_i_184_n_2
    SLICE_X15Y12         CARRY4 (Prop_carry4_CI_CO[3])
                                                      0.114     6.686 r  cpu/picorv32_core/context_mem_reg_i_183/CO[3]
                         net (fo=1, routed)           0.000     6.686    cpu/picorv32_core/context_mem_reg_i_183_n_2
    SLICE_X15Y13         CARRY4 (Prop_carry4_CI_O[3])
                                                      0.313     6.999 f  cpu/picorv32_core/context_mem_reg_i_186/O[3]
                         net (fo=1, routed)           0.934     7.933    cpu/picorv32_core/adapter_i/offset[30]
    SLICE_X12Y11         LUT5 (Prop_lut5_I1_O)        0.306     8.239 f  cpu/picorv32_core/context_mem_reg_i_169/O
                         net (fo=1, routed)           0.420     8.659    cpu/picorv32_core/context_mem_reg_i_169_n_2
    SLICE_X14Y10         LUT6 (Prop_lut6_I5_O)        0.124     8.783 f  cpu/picorv32_core/context_mem_reg_i_145/O
                         net (fo=10, routed)          0.358     9.141    cpu/picorv32_core/context_mem_reg_i_145_n_2
    SLICE_X17Y10         LUT6 (Prop_lut6_I4_O)        0.124     9.265 f  cpu/picorv32_core/accel_read_pending_i_4/O
                         net (fo=3, routed)           0.547     9.812    cpu/picorv32_core/accel_read_pending_i_4_n_2
    SLICE_X14Y11         LUT6 (Prop_lut6_I1_O)        0.124     9.936 f  cpu/picorv32_core/debug_regs[0][23]_i_5/O
                         net (fo=55, routed)          0.691    10.628    cpu/picorv32_core/local_bvalid_reg_3
    SLICE_X13Y16         LUT6 (Prop_lut6_I0_O)        0.124    10.752 r  cpu/picorv32_core/debug_regs[0][31]_i_3/O
                         net (fo=13, routed)          0.665    11.416    cpu/picorv32_core/debug_regs[0][31]_i_3_n_2
    SLICE_X10Y17         LUT4 (Prop_lut4_I0_O)        0.124    11.540 r  cpu/picorv32_core/debug_regs[15][31]_i_1/O
                         net (fo=8, routed)           0.521    12.061    cpu_n_186
    SLICE_X10Y17         FDRE                                         r  debug_regs_reg[15][26]/CE
  -------------------------------------------------------------------    -------------------

                         (clock system_clk rise edge)
                                                     10.000    10.000 r  
                                                      0.000    10.000 r  clk (IN)
                         net (fo=17161, unset)        1.573    11.573    clk
    SLICE_X10Y17         FDRE                                         r  debug_regs_reg[15][26]/C
                         clock pessimism              0.115    11.688    
                         clock uncertainty           -0.135    11.553    
    SLICE_X10Y17         FDRE (Setup_fdre_C_CE)      -0.169    11.384    debug_regs_reg[15][26]
  -------------------------------------------------------------------
                         required time                         11.384    
                         arrival time                         -12.061    
  -------------------------------------------------------------------
                         slack                                 -0.677    

Slack (VIOLATED) :        -0.677ns  (required time - arrival time)
  Source:                 cpu/picorv32_core/mem_wstrb_reg[0]/C
                            (rising edge-triggered cell FDRE clocked by system_clk  {rise@0.000ns fall@5.000ns period=10.000ns})
  Destination:            debug_regs_reg[15][27]/CE
                            (rising edge-triggered cell FDRE clocked by system_clk  {rise@0.000ns fall@5.000ns period=10.000ns})
  Path Group:             system_clk
  Path Type:              Setup (Max at Slow Process Corner)
  Requirement:            10.000ns  (system_clk rise@10.000ns - system_clk rise@0.000ns)
  Data Path Delay:        10.317ns  (logic 3.023ns (29.301%)  route 7.294ns (70.698%))
  Logic Levels:           14  (CARRY4=3 LUT2=1 LUT4=1 LUT5=2 LUT6=7)
  Clock Path Skew:        -0.056ns (DCD - SCD + CPR)
    Destination Clock Delay (DCD):    1.573ns = ( 11.573 - 10.000 ) 
    Source Clock Delay      (SCD):    1.744ns
    Clock Pessimism Removal (CPR):    0.115ns
  Clock Uncertainty:      0.135ns  ((TSJ^2 + TIJ^2)^1/2 + DJ) / 2 + PE + UU
    Total System Jitter     (TSJ):    0.071ns
    Total Input Jitter      (TIJ):    0.000ns
    Discrete Jitter          (DJ):    0.000ns
    Phase Error              (PE):    0.000ns
    User Uncertainty         (UU):    0.100ns

    Location             Delay type                Incr(ns)  Path(ns)    Netlist Resource(s)
  -------------------------------------------------------------------    -------------------
                         (clock system_clk rise edge)
                                                      0.000     0.000 r  
                                                      0.000     0.000 r  clk (IN)
                         net (fo=17161, unset)        1.744     1.744    cpu/picorv32_core/clk
    SLICE_X14Y20         FDRE                                         r  cpu/picorv32_core/mem_wstrb_reg[0]/C
  -------------------------------------------------------------------    -------------------
    SLICE_X14Y20         FDRE (Prop_fdre_C_Q)         0.518     2.262 r  cpu/picorv32_core/mem_wstrb_reg[0]/Q
                         net (fo=11, routed)          1.056     3.318    cpu/picorv32_core/mem_wstrb_reg[0]_0
    SLICE_X14Y13         LUT5 (Prop_lut5_I2_O)        0.124     3.442 f  cpu/picorv32_core/local_wstrb[3]_i_2/O
                         net (fo=6, routed)           0.332     3.773    cpu/picorv32_core/mem_wstrb_reg[3]_2
    SLICE_X13Y13         LUT6 (Prop_lut6_I0_O)        0.124     3.897 f  cpu/picorv32_core/local_awaddr[31]_i_7/O
                         net (fo=2, routed)           0.656     4.554    cpu/picorv32_core/local_awaddr[31]_i_7_n_2
    SLICE_X17Y13         LUT6 (Prop_lut6_I5_O)        0.124     4.678 r  cpu/picorv32_core/local_awaddr[31]_i_1/O
                         net (fo=51, routed)          0.424     5.101    cpu/picorv32_core/mem_addr_reg[20]_0
    SLICE_X17Y11         LUT6 (Prop_lut6_I5_O)        0.124     5.225 r  cpu/picorv32_core/context_mem_reg_i_88/O
                         net (fo=75, routed)          0.691     5.916    cpu/picorv32_core/local_bvalid_reg
    SLICE_X15Y11         LUT2 (Prop_lut2_I0_O)        0.124     6.040 r  cpu/picorv32_core/context_mem_reg_i_203/O
                         net (fo=1, routed)           0.000     6.040    cpu/picorv32_core/context_mem_reg_i_203_n_2
    SLICE_X15Y11         CARRY4 (Prop_carry4_S[0]_CO[3])
                                                      0.532     6.572 r  cpu/picorv32_core/context_mem_reg_i_184/CO[3]
                         net (fo=1, routed)           0.000     6.572    cpu/picorv32_core/context_mem_reg_i_184_n_2
    SLICE_X15Y12         CARRY4 (Prop_carry4_CI_CO[3])
                                                      0.114     6.686 r  cpu/picorv32_core/context_mem_reg_i_183/CO[3]
                         net (fo=1, routed)           0.000     6.686    cpu/picorv32_core/context_mem_reg_i_183_n_2
    SLICE_X15Y13         CARRY4 (Prop_carry4_CI_O[3])
                                                      0.313     6.999 f  cpu/picorv32_core/context_mem_reg_i_186/O[3]
                         net (fo=1, routed)           0.934     7.933    cpu/picorv32_core/adapter_i/offset[30]
    SLICE_X12Y11         LUT5 (Prop_lut5_I1_O)        0.306     8.239 f  cpu/picorv32_core/context_mem_reg_i_169/O
                         net (fo=1, routed)           0.420     8.659    cpu/picorv32_core/context_mem_reg_i_169_n_2
    SLICE_X14Y10         LUT6 (Prop_lut6_I5_O)        0.124     8.783 f  cpu/picorv32_core/context_mem_reg_i_145/O
                         net (fo=10, routed)          0.358     9.141    cpu/picorv32_core/context_mem_reg_i_145_n_2
    SLICE_X17Y10         LUT6 (Prop_lut6_I4_O)        0.124     9.265 f  cpu/picorv32_core/accel_read_pending_i_4/O
                         net (fo=3, routed)           0.547     9.812    cpu/picorv32_core/accel_read_pending_i_4_n_2
    SLICE_X14Y11         LUT6 (Prop_lut6_I1_O)        0.124     9.936 f  cpu/picorv32_core/debug_regs[0][23]_i_5/O
                         net (fo=55, routed)          0.691    10.628    cpu/picorv32_core/local_bvalid_reg_3
    SLICE_X13Y16         LUT6 (Prop_lut6_I0_O)        0.124    10.752 r  cpu/picorv32_core/debug_regs[0][31]_i_3/O
                         net (fo=13, routed)          0.665    11.416    cpu/picorv32_core/debug_regs[0][31]_i_3_n_2
    SLICE_X10Y17         LUT4 (Prop_lut4_I0_O)        0.124    11.540 r  cpu/picorv32_core/debug_regs[15][31]_i_1/O
                         net (fo=8, routed)           0.521    12.061    cpu_n_186
    SLICE_X10Y17         FDRE                                         r  debug_regs_reg[15][27]/CE
  -------------------------------------------------------------------    -------------------

                         (clock system_clk rise edge)
                                                     10.000    10.000 r  
                                                      0.000    10.000 r  clk (IN)
                         net (fo=17161, unset)        1.573    11.573    clk
    SLICE_X10Y17         FDRE                                         r  debug_regs_reg[15][27]/C
                         clock pessimism              0.115    11.688    
                         clock uncertainty           -0.135    11.553    
    SLICE_X10Y17         FDRE (Setup_fdre_C_CE)      -0.169    11.384    debug_regs_reg[15][27]
  -------------------------------------------------------------------
                         required time                         11.384    
                         arrival time                         -12.061    
  -------------------------------------------------------------------
                         slack                                 -0.677    

Slack (VIOLATED) :        -0.677ns  (required time - arrival time)
  Source:                 cpu/picorv32_core/mem_wstrb_reg[0]/C
                            (rising edge-triggered cell FDRE clocked by system_clk  {rise@0.000ns fall@5.000ns period=10.000ns})
  Destination:            debug_regs_reg[15][28]/CE
                            (rising edge-triggered cell FDRE clocked by system_clk  {rise@0.000ns fall@5.000ns period=10.000ns})
  Path Group:             system_clk
  Path Type:              Setup (Max at Slow Process Corner)
  Requirement:            10.000ns  (system_clk rise@10.000ns - system_clk rise@0.000ns)
  Data Path Delay:        10.317ns  (logic 3.023ns (29.301%)  route 7.294ns (70.698%))
  Logic Levels:           14  (CARRY4=3 LUT2=1 LUT4=1 LUT5=2 LUT6=7)
  Clock Path Skew:        -0.056ns (DCD - SCD + CPR)
    Destination Clock Delay (DCD):    1.573ns = ( 11.573 - 10.000 ) 
    Source Clock Delay      (SCD):    1.744ns
    Clock Pessimism Removal (CPR):    0.115ns
  Clock Uncertainty:      0.135ns  ((TSJ^2 + TIJ^2)^1/2 + DJ) / 2 + PE + UU
    Total System Jitter     (TSJ):    0.071ns
    Total Input Jitter      (TIJ):    0.000ns
    Discrete Jitter          (DJ):    0.000ns
    Phase Error              (PE):    0.000ns
    User Uncertainty         (UU):    0.100ns

    Location             Delay type                Incr(ns)  Path(ns)    Netlist Resource(s)
  -------------------------------------------------------------------    -------------------
                         (clock system_clk rise edge)
                                                      0.000     0.000 r  
                                                      0.000     0.000 r  clk (IN)
                         net (fo=17161, unset)        1.744     1.744    cpu/picorv32_core/clk
    SLICE_X14Y20         FDRE                                         r  cpu/picorv32_core/mem_wstrb_reg[0]/C
  -------------------------------------------------------------------    -------------------
    SLICE_X14Y20         FDRE (Prop_fdre_C_Q)         0.518     2.262 r  cpu/picorv32_core/mem_wstrb_reg[0]/Q
                         net (fo=11, routed)          1.056     3.318    cpu/picorv32_core/mem_wstrb_reg[0]_0
    SLICE_X14Y13         LUT5 (Prop_lut5_I2_O)        0.124     3.442 f  cpu/picorv32_core/local_wstrb[3]_i_2/O
                         net (fo=6, routed)           0.332     3.773    cpu/picorv32_core/mem_wstrb_reg[3]_2
    SLICE_X13Y13         LUT6 (Prop_lut6_I0_O)        0.124     3.897 f  cpu/picorv32_core/local_awaddr[31]_i_7/O
                         net (fo=2, routed)           0.656     4.554    cpu/picorv32_core/local_awaddr[31]_i_7_n_2
    SLICE_X17Y13         LUT6 (Prop_lut6_I5_O)        0.124     4.678 r  cpu/picorv32_core/local_awaddr[31]_i_1/O
                         net (fo=51, routed)          0.424     5.101    cpu/picorv32_core/mem_addr_reg[20]_0
    SLICE_X17Y11         LUT6 (Prop_lut6_I5_O)        0.124     5.225 r  cpu/picorv32_core/context_mem_reg_i_88/O
                         net (fo=75, routed)          0.691     5.916    cpu/picorv32_core/local_bvalid_reg
    SLICE_X15Y11         LUT2 (Prop_lut2_I0_O)        0.124     6.040 r  cpu/picorv32_core/context_mem_reg_i_203/O
                         net (fo=1, routed)           0.000     6.040    cpu/picorv32_core/context_mem_reg_i_203_n_2
    SLICE_X15Y11         CARRY4 (Prop_carry4_S[0]_CO[3])
                                                      0.532     6.572 r  cpu/picorv32_core/context_mem_reg_i_184/CO[3]
                         net (fo=1, routed)           0.000     6.572    cpu/picorv32_core/context_mem_reg_i_184_n_2
    SLICE_X15Y12         CARRY4 (Prop_carry4_CI_CO[3])
                                                      0.114     6.686 r  cpu/picorv32_core/context_mem_reg_i_183/CO[3]
                         net (fo=1, routed)           0.000     6.686    cpu/picorv32_core/context_mem_reg_i_183_n_2
    SLICE_X15Y13         CARRY4 (Prop_carry4_CI_O[3])
                                                      0.313     6.999 f  cpu/picorv32_core/context_mem_reg_i_186/O[3]
                         net (fo=1, routed)           0.934     7.933    cpu/picorv32_core/adapter_i/offset[30]
    SLICE_X12Y11         LUT5 (Prop_lut5_I1_O)        0.306     8.239 f  cpu/picorv32_core/context_mem_reg_i_169/O
                         net (fo=1, routed)           0.420     8.659    cpu/picorv32_core/context_mem_reg_i_169_n_2
    SLICE_X14Y10         LUT6 (Prop_lut6_I5_O)        0.124     8.783 f  cpu/picorv32_core/context_mem_reg_i_145/O
                         net (fo=10, routed)          0.358     9.141    cpu/picorv32_core/context_mem_reg_i_145_n_2
    SLICE_X17Y10         LUT6 (Prop_lut6_I4_O)        0.124     9.265 f  cpu/picorv32_core/accel_read_pending_i_4/O
                         net (fo=3, routed)           0.547     9.812    cpu/picorv32_core/accel_read_pending_i_4_n_2
    SLICE_X14Y11         LUT6 (Prop_lut6_I1_O)        0.124     9.936 f  cpu/picorv32_core/debug_regs[0][23]_i_5/O
                         net (fo=55, routed)          0.691    10.628    cpu/picorv32_core/local_bvalid_reg_3
    SLICE_X13Y16         LUT6 (Prop_lut6_I0_O)        0.124    10.752 r  cpu/picorv32_core/debug_regs[0][31]_i_3/O
                         net (fo=13, routed)          0.665    11.416    cpu/picorv32_core/debug_regs[0][31]_i_3_n_2
    SLICE_X10Y17         LUT4 (Prop_lut4_I0_O)        0.124    11.540 r  cpu/picorv32_core/debug_regs[15][31]_i_1/O
                         net (fo=8, routed)           0.521    12.061    cpu_n_186
    SLICE_X10Y17         FDRE                                         r  debug_regs_reg[15][28]/CE
  -------------------------------------------------------------------    -------------------

                         (clock system_clk rise edge)
                                                     10.000    10.000 r  
                                                      0.000    10.000 r  clk (IN)
                         net (fo=17161, unset)        1.573    11.573    clk
    SLICE_X10Y17         FDRE                                         r  debug_regs_reg[15][28]/C
                         clock pessimism              0.115    11.688    
                         clock uncertainty           -0.135    11.553    
    SLICE_X10Y17         FDRE (Setup_fdre_C_CE)      -0.169    11.384    debug_regs_reg[15][28]
  -------------------------------------------------------------------
                         required time                         11.384    
                         arrival time                         -12.061    
  -------------------------------------------------------------------
                         slack                                 -0.677    




