Copyright 1986-2022 Xilinx, Inc. All Rights Reserved. Copyright 2022-2024 Advanced Micro Devices, Inc. All Rights Reserved.
------------------------------------------------------------------------------------------------------------------------------------------------------
| Tool Version : Vivado v.2024.2 (win64) Build 5239630 Fri Nov 08 22:35:27 MST 2024
| Date         : Sun Oct  4 11:43:38 2026
| Host         : DESKTOP-H0SRFHK running 64-bit major release  (build 9200)
| Command      : report_timing_summary -delay_type min_max -report_unconstrained -file E:/hls/k4sys/20261004_113341/keccak/reports/timing_summary.rpt
| Design       : mlkem1024_keccak_system
| Device       : 7z020-clg400
| Speed File   : -1  PRODUCTION 1.12 2019-11-22
| Design State : Routed
------------------------------------------------------------------------------------------------------------------------------------------------------

Timing Summary Report

------------------------------------------------------------------------------------------------
| Timer Settings
| --------------
------------------------------------------------------------------------------------------------

  Enable Multi Corner Analysis               :  Yes
  Enable Pessimism Removal                   :  Yes
  Pessimism Removal Resolution               :  Nearest Common Node
  Enable Input Delay Default Clock           :  No
  Enable Preset / Clear Arcs                 :  No
  Disable Flight Delays                      :  No
  Ignore I/O Paths                           :  No
  Timing Early Launch at Borrowing Latches   :  No
  Borrow Time for Max Delay Exceptions       :  Yes
  Merge Timing Exceptions                    :  Yes
  Inter-SLR Compensation                     :  Conservative

  Corner  Analyze    Analyze    
  Name    Max Paths  Min Paths  
  ------  ---------  ---------  
  Slow    Yes        Yes        
  Fast    Yes        Yes        


------------------------------------------------------------------------------------------------
| Report Methodology
| ------------------
------------------------------------------------------------------------------------------------

No report available as report_methodology has not been run prior. Run report_methodology on the current design for the summary of methodology violations.



check_timing report

Table of Contents
-----------------
1. checking no_clock (0)
2. checking constant_clock (0)
3. checking pulse_width_clock (0)
4. checking unconstrained_internal_endpoints (0)
5. checking no_input_delay (0)
6. checking no_output_delay (0)
7. checking multiple_clock (0)
8. checking generated_clocks (0)
9. checking loops (0)
10. checking partial_input_delay (0)
11. checking partial_output_delay (0)
12. checking latch_loops (0)

1. checking no_clock (0)
------------------------
 There are 0 register/latch pins with no clock.


2. checking constant_clock (0)
------------------------------
 There are 0 register/latch pins with constant_clock.


3. checking pulse_width_clock (0)
---------------------------------
 There are 0 register/latch pins which need pulse_width check


4. checking unconstrained_internal_endpoints (0)
------------------------------------------------
 There are 0 pins that are not constrained for maximum delay.

 There are 0 pins that are not constrained for maximum delay due to constant clock.


5. checking no_input_delay (0)
------------------------------
 There are 0 input ports with no input delay specified.

 There are 0 input ports with no input delay but user has a false path constraint.


6. checking no_output_delay (0)
-------------------------------
 There are 0 ports with no output delay specified.

 There are 0 ports with no output delay but user has a false path constraint

 There are 0 ports with no output delay but with a timing clock defined on it or propagating through it


7. checking multiple_clock (0)
------------------------------
 There are 0 register/latch pins with multiple clocks.


8. checking generated_clocks (0)
--------------------------------
 There are 0 generated clocks that are not connected to a clock source.


9. checking loops (0)
---------------------
 There are 0 combinational loops in the design.


10. checking partial_input_delay (0)
------------------------------------
 There are 0 input ports with partial input delay specified.


11. checking partial_output_delay (0)
-------------------------------------
 There are 0 ports with partial output delay specified.


12. checking latch_loops (0)
----------------------------
 There are 0 combinational latch loops in the design through latch input



------------------------------------------------------------------------------------------------
| Design Timing Summary
| ---------------------
------------------------------------------------------------------------------------------------

    WNS(ns)      TNS(ns)  TNS Failing Endpoints  TNS Total Endpoints      WHS(ns)      THS(ns)  THS Failing Endpoints  THS Total Endpoints     WPWS(ns)     TPWS(ns)  TPWS Failing Endpoints  TPWS Total Endpoints  
    -------      -------  ---------------------  -------------------      -------      -------  ---------------------  -------------------     --------     --------  ----------------------  --------------------  
     -0.810     -116.503                    446                37733       -1.280      -29.258                     25                37733        3.750        0.000                       0                 17162  


Timing constraints are not met.


------------------------------------------------------------------------------------------------
| Clock Summary
| -------------
------------------------------------------------------------------------------------------------

Clock       Waveform(ns)       Period(ns)      Frequency(MHz)
-----       ------------       ----------      --------------
system_clk  {0.000 5.000}      10.000          100.000         


------------------------------------------------------------------------------------------------
| Intra Clock Table
| -----------------
------------------------------------------------------------------------------------------------

Clock             WNS(ns)      TNS(ns)  TNS Failing Endpoints  TNS Total Endpoints      WHS(ns)      THS(ns)  THS Failing Endpoints  THS Total Endpoints     WPWS(ns)     TPWS(ns)  TPWS Failing Endpoints  TPWS Total Endpoints  
-----             -------      -------  ---------------------  -------------------      -------      -------  ---------------------  -------------------     --------     --------  ----------------------  --------------------  
system_clk         -0.810     -116.503                    446                37733       -1.280      -29.258                     25                37733        3.750        0.000                       0                 17162  


------------------------------------------------------------------------------------------------
| Inter Clock Table
| -----------------
------------------------------------------------------------------------------------------------

From Clock    To Clock          WNS(ns)      TNS(ns)  TNS Failing Endpoints  TNS Total Endpoints      WHS(ns)      THS(ns)  THS Failing Endpoints  THS Total Endpoints  
----------    --------          -------      -------  ---------------------  -------------------      -------      -------  ---------------------  -------------------  


------------------------------------------------------------------------------------------------
| Other Path Groups Table
| -----------------------
------------------------------------------------------------------------------------------------

Path Group    From Clock    To Clock          WNS(ns)      TNS(ns)  TNS Failing Endpoints  TNS Total Endpoints      WHS(ns)      THS(ns)  THS Failing Endpoints  THS Total Endpoints  
----------    ----------    --------          -------      -------  ---------------------  -------------------      -------      -------  ---------------------  -------------------  


------------------------------------------------------------------------------------------------
| User Ignored Path Table
| -----------------------
------------------------------------------------------------------------------------------------

Path Group    From Clock    To Clock    
----------    ----------    --------    


------------------------------------------------------------------------------------------------
| Unconstrained Path Table
| ------------------------
------------------------------------------------------------------------------------------------

Path Group    From Clock    To Clock    
----------    ----------    --------    


------------------------------------------------------------------------------------------------
| Timing Details
| --------------
------------------------------------------------------------------------------------------------


---------------------------------------------------------------------------------------------------
From Clock:  system_clk
  To Clock:  system_clk

Setup :          446  Failing Endpoints,  Worst Slack       -0.810ns,  Total Violation     -116.503ns
Hold  :           25  Failing Endpoints,  Worst Slack       -1.280ns,  Total Violation      -29.258ns
PW    :            0  Failing Endpoints,  Worst Slack        3.750ns,  Total Violation        0.000ns
---------------------------------------------------------------------------------------------------


Max Delay Paths
--------------------------------------------------------------------------------------
Slack (VIOLATED) :        -0.810ns  (required time - arrival time)
  Source:                 cpu/picorv32_core/mem_wstrb_reg[0]/C
                            (rising edge-triggered cell FDRE clocked by system_clk  {rise@0.000ns fall@5.000ns period=10.000ns})
  Destination:            local_w_hold_reg/D
                            (rising edge-triggered cell FDRE clocked by system_clk  {rise@0.000ns fall@5.000ns period=10.000ns})
  Path Group:             system_clk
  Path Type:              Setup (Max at Slow Process Corner)
  Requirement:            10.000ns  (system_clk rise@10.000ns - system_clk rise@0.000ns)
  Data Path Delay:        10.626ns  (logic 2.899ns (27.282%)  route 7.727ns (72.718%))
  Logic Levels:           13  (CARRY4=3 LUT2=1 LUT4=1 LUT5=2 LUT6=6)
  Clock Path Skew:        -0.017ns (DCD - SCD + CPR)
    Destination Clock Delay (DCD):    1.575ns = ( 11.575 - 10.000 ) 
    Source Clock Delay      (SCD):    1.744ns
    Clock Pessimism Removal (CPR):    0.152ns
  Clock Uncertainty:      0.135ns  ((TSJ^2 + TIJ^2)^1/2 + DJ) / 2 + PE + UU
    Total System Jitter     (TSJ):    0.071ns
    Total Input Jitter      (TIJ):    0.000ns
    Discrete Jitter          (DJ):    0.000ns
    Phase Error              (PE):    0.000ns
    User Uncertainty         (UU):    0.100ns

    Location             Delay type                Incr(ns)  Path(ns)    Netlist Resource(s)
  -------------------------------------------------------------------    -------------------
                         (clock system_clk rise edge)
                                                      0.000     0.000 r  
                                                      0.000     0.000 r  clk (IN)
                         net (fo=17161, unset)        1.744     1.744    cpu/picorv32_core/clk
    SLICE_X14Y20         FDRE                                         r  cpu/picorv32_core/mem_wstrb_reg[0]/C
  -------------------------------------------------------------------    -------------------
    SLICE_X14Y20         FDRE (Prop_fdre_C_Q)         0.518     2.262 r  cpu/picorv32_core/mem_wstrb_reg[0]/Q
                         net (fo=11, routed)          1.056     3.318    cpu/picorv32_core/mem_wstrb_reg[0]_0
    SLICE_X14Y13         LUT5 (Prop_lut5_I2_O)        0.124     3.442 f  cpu/picorv32_core/local_wstrb[3]_i_2/O
                         net (fo=6, routed)           0.332     3.773    cpu/picorv32_core/mem_wstrb_reg[3]_2
    SLICE_X13Y13         LUT6 (Prop_lut6_I0_O)        0.124     3.897 f  cpu/picorv32_core/local_awaddr[31]_i_7/O
                         net (fo=2, routed)           0.656     4.554    cpu/picorv32_core/local_awaddr[31]_i_7_n_2
    SLICE_X17Y13         LUT6 (Prop_lut6_I5_O)        0.124     4.678 r  cpu/picorv32_core/local_awaddr[31]_i_1/O
                         net (fo=51, routed)          0.424     5.101    cpu/picorv32_core/mem_addr_reg[20]_0
    SLICE_X17Y11         LUT6 (Prop_lut6_I5_O)        0.124     5.225 r  cpu/picorv32_core/context_mem_reg_i_88/O
                         net (fo=75, routed)          0.691     5.916    cpu/picorv32_core/local_bvalid_reg
    SLICE_X15Y11         LUT2 (Prop_lut2_I0_O)        0.124     6.040 r  cpu/picorv32_core/context_mem_reg_i_203/O
                         net (fo=1, routed)           0.000     6.040    cpu/picorv32_core/context_mem_reg_i_203_n_2
    SLICE_X15Y11         CARRY4 (Prop_carry4_S[0]_CO[3])
                                                      0.532     6.572 r  cpu/picorv32_core/context_mem_reg_i_184/CO[3]
                         net (fo=1, routed)           0.000     6.572    cpu/picorv32_core/context_mem_reg_i_184_n_2
    SLICE_X15Y12         CARRY4 (Prop_carry4_CI_CO[3])
                                                      0.114     6.686 r  cpu/picorv32_core/context_mem_reg_i_183/CO[3]
                         net (fo=1, routed)           0.000     6.686    cpu/picorv32_core/context_mem_reg_i_183_n_2
    SLICE_X15Y13         CARRY4 (Prop_carry4_CI_O[3])
                                                      0.313     6.999 r  cpu/picorv32_core/context_mem_reg_i_186/O[3]
                         net (fo=1, routed)           0.934     7.933    cpu/picorv32_core/adapter_i/offset[30]
    SLICE_X12Y11         LUT5 (Prop_lut5_I1_O)        0.306     8.239 r  cpu/picorv32_core/context_mem_reg_i_169/O
                         net (fo=1, routed)           0.420     8.659    cpu/picorv32_core/context_mem_reg_i_169_n_2
    SLICE_X14Y10         LUT6 (Prop_lut6_I5_O)        0.124     8.783 r  cpu/picorv32_core/context_mem_reg_i_145/O
                         net (fo=10, routed)          0.358     9.141    cpu/picorv32_core/context_mem_reg_i_145_n_2
    SLICE_X17Y10         LUT6 (Prop_lut6_I4_O)        0.124     9.265 r  cpu/picorv32_core/accel_read_pending_i_4/O
                         net (fo=3, routed)           0.547     9.812    cpu/picorv32_core/accel_read_pending_i_4_n_2
    SLICE_X14Y11         LUT6 (Prop_lut6_I1_O)        0.124     9.936 r  cpu/picorv32_core/debug_regs[0][23]_i_5/O
                         net (fo=55, routed)          0.896    10.832    cpu/axi_adapter/local_w_hold_reg_1
    SLICE_X10Y13         LUT4 (Prop_lut4_I2_O)        0.124    10.956 r  cpu/axi_adapter/local_w_hold_i_1/O
                         net (fo=1, routed)           1.414    12.370    cpu_n_312
    SLICE_X14Y13         FDRE                                         r  local_w_hold_reg/D
  -------------------------------------------------------------------    -------------------

                         (clock system_clk rise edge)
                                                     10.000    10.000 r  
                                                      0.000    10.000 r  clk (IN)
                         net (fo=17161, unset)        1.575    11.575    clk
    SLICE_X14Y13         FDRE                                         r  local_w_hold_reg/C
                         clock pessimism              0.152    11.727    
                         clock uncertainty           -0.135    11.592    
    SLICE_X14Y13         FDRE (Setup_fdre_C_D)       -0.031    11.561    local_w_hold_reg
  -------------------------------------------------------------------
                         required time                         11.561    
                         arrival time                         -12.370    
  -------------------------------------------------------------------
                         slack                                 -0.810    





Min Delay Paths
--------------------------------------------------------------------------------------
Slack (VIOLATED) :        -1.280ns  (arrival time - required time)
  Source:                 resetn
                            (input port clocked by system_clk  {rise@0.000ns fall@5.000ns period=10.000ns})
  Destination:            cpu/picorv32_core/pcpi_div/pcpi_wait_reg/D
                            (rising edge-triggered cell FDRE clocked by system_clk  {rise@0.000ns fall@5.000ns period=10.000ns})
  Path Group:             system_clk
  Path Type:              Hold (Min at Slow Process Corner)
  Requirement:            0.000ns  (system_clk rise@0.000ns - system_clk rise@0.000ns)
  Data Path Delay:        1.024ns  (logic 0.100ns (9.762%)  route 0.924ns (90.238%))
  Logic Levels:           1  (LUT5=1)
  Input Delay:            0.000ns
  Clock Path Skew:        1.838ns (DCD - SCD - CPR)
    Destination Clock Delay (DCD):    1.838ns
    Source Clock Delay      (SCD):    0.000ns
    Clock Pessimism Removal (CPR):    -0.000ns
  Clock Uncertainty:      0.135ns  ((TSJ^2 + TIJ^2)^1/2 + DJ) / 2 + PE + UU
    Total System Jitter     (TSJ):    0.071ns
    Total Input Jitter      (TIJ):    0.000ns
    Discrete Jitter          (DJ):    0.000ns
    Phase Error              (PE):    0.000ns
    User Uncertainty         (UU):    0.100ns

    Location             Delay type                Incr(ns)  Path(ns)    Netlist Resource(s)
  -------------------------------------------------------------------    -------------------
                         (clock system_clk rise edge)
                                                      0.000     0.000 r  
                         input delay                  0.000     0.000    
                                                      0.000     0.000 r  resetn (IN)
                         net (fo=60, unset)           0.924     0.924    cpu/picorv32_core/pcpi_div/resetn
    SLICE_X6Y2           LUT5 (Prop_lut5_I4_O)        0.100     1.024 r  cpu/picorv32_core/pcpi_div/pcpi_wait_i_1/O
                         net (fo=1, routed)           0.000     1.024    cpu/picorv32_core/pcpi_div/pcpi_wait0
    SLICE_X6Y2           FDRE                                         r  cpu/picorv32_core/pcpi_div/pcpi_wait_reg/D
  -------------------------------------------------------------------    -------------------

                         (clock system_clk rise edge)
                                                      0.000     0.000 r  
                                                      0.000     0.000 r  clk (IN)
                         net (fo=17161, unset)        1.838     1.838    cpu/picorv32_core/pcpi_div/clk
    SLICE_X6Y2           FDRE                                         r  cpu/picorv32_core/pcpi_div/pcpi_wait_reg/C
                         clock pessimism              0.000     1.838    
                         clock uncertainty            0.135     1.973    
    SLICE_X6Y2           FDRE (Hold_fdre_C_D)         0.331     2.304    cpu/picorv32_core/pcpi_div/pcpi_wait_reg
  -------------------------------------------------------------------
                         required time                         -2.304    
                         arrival time                           1.024    
  -------------------------------------------------------------------
                         slack                                 -1.280    





Pulse Width Checks
--------------------------------------------------------------------------------------
Clock Name:         system_clk
Waveform(ns):       { 0.000 5.000 }
Period(ns):         10.000
Sources:            { clk }

Check Type        Corner  Lib Pin      Reference Pin  Required(ns)  Actual(ns)  Slack(ns)  Location     Pin
Min Period        n/a     DSP48E1/CLK  n/a            3.884         10.000      6.116      DSP48_X2Y3   cpu/picorv32_core/pcpi_mul/rd_reg/CLK
Low Pulse Width   Slow    RAMD32/CLK   n/a            1.250         5.000       3.750      SLICE_X38Y0  cpu/picorv32_core/cpuregs_reg_r1_0_31_0_5/RAMA/CLK
High Pulse Width  Slow    RAMD32/CLK   n/a            1.250         5.000       3.750      SLICE_X38Y0  cpu/picorv32_core/cpuregs_reg_r1_0_31_0_5/RAMA/CLK



