Time resolution is 1 ps
MLKEM512_HEADER,index,dataset,vsId,tgId,tcId,op,return_code,raw_cycles,empty_cycles,input_bytes,output_bytes,m_total,mul,mulh,mulhsu,mulhu,div,divu,rem,remu,min_sp
MLKEM512_START cases=8 ram_bytes=65536 stack_bytes=16384 clock_mhz=100 mul=1 fast_mul=1 div=1 expect_m=1
ACCEL_METRICS index=0 starts=2 done=2 loads=1280 reads=256 core_cycles=272 load_cycles=84734 read_cycles=11686
MLKEM512_ROW,0,1,42,1,1,1,0,5223313,4,64,2432,15104,15104,0,0,0,0,0,0,0,0x0000db20
ACCEL_METRICS index=1 starts=3 done=3 loads=1920 reads=384 core_cycles=408 load_cycles=127101 read_cycles=17529
MLKEM512_ROW,1,2,42,1,1,2,0,5573362,4,832,800,25728,25216,0,0,512,0,0,0,0,0x0000d0a0
ACCEL_METRICS index=2 starts=4 done=4 loads=2560 reads=512 core_cycles=544 load_cycles=169468 read_cycles=23372
MLKEM512_ROW,2,2,42,4,76,3,0,6996250,4,2400,32,37632,37120,0,0,512,0,0,0,0,0x0000cd70
ACCEL_METRICS index=3 starts=6 done=6 loads=3840 reads=768 core_cycles=816 load_cycles=254202 read_cycles=35058
MLKEM512_ROW,3,3,42,4,76,4,0,12220632,4,832,32,52736,52224,0,0,512,0,0,0,0,0x0000cd70
ACCEL_METRICS index=4 starts=0 done=0 loads=0 reads=0 core_cycles=0 load_cycles=0 read_cycles=0
MLKEM512_ROW,4,2,42,8,116,5,0,128932,4,800,0,1024,1024,0,0,0,0,0,0,0,0x0000f810
ACCEL_METRICS index=5 starts=0 done=0 loads=0 reads=0 core_cycles=0 load_cycles=0 read_cycles=0
MLKEM512_ROW,5,2,42,7,106,6,-5,941452,4,1632,0,0,0,0,0,0,0,0,0,0,0x0000fc70
ACCEL_METRICS index=6 starts=0 done=0 loads=0 reads=0 core_cycles=0 load_cycles=0 read_cycles=0
MLKEM512_ROW,6,2,42,8,117,5,-4,128943,4,800,0,1024,1024,0,0,0,0,0,0,0,0x0000f810
ACCEL_METRICS index=7 starts=0 done=0 loads=0 reads=0 core_cycles=0 load_cycles=0 read_cycles=0
MLKEM512_ROW,7,2,42,7,108,6,0,941441,4,1632,0,0,0,0,0,0,0,0,0,0,0x0000fc70
MLKEM512_PASS cases=8 input_bytes=8992 output_bytes=3296 cpu_mul=1 cpu_fast_mul=1 cpu_div=1 expect_m=1 cycles=33476030 all_m=133248 min_sp=0x0000cd70 stack_used=12928
$finish called at time : 334760615 ns : File "E:/pqc/mlkem-polymul-rv32i-fpga/tb/accelerator/tb_mlkem512_kat_accel.sv" Line 333
INFO: xsimkernel Simulation Memory Usage: 31316 KB (Peak: 31316 KB), Simulation CPU Usage: 463811 ms
