Copyright 1986-2022 Xilinx, Inc. All Rights Reserved. Copyright 2022-2024 Advanced Micro Devices, Inc. All Rights Reserved.
---------------------------------------------------------------------------------------------------------------------------------------------------------------------------------------------------------------------------------------------------------------------------
| Tool Version : Vivado v.2024.2 (win64) Build 5239630 Fri Nov 08 22:35:27 MST 2024
| Date         : Sun Sep 27 20:04:15 2026
| Host         : DESKTOP-H0SRFHK running 64-bit major release  (build 9200)
| Command      : report_timing -from [all_registers -clock system_clk] -to [all_registers -clock system_clk] -delay_type max -max_paths 10 -file E:/pqc/mlkem-polymul-rv32i-fpga/results/keccak_cpu/system_impl/20260927_194022/internal_audit/cpu_only/internal_setup.rpt
| Design       : cpu_benchmark_system
| Device       : 7z020-clg400
| Speed File   : -1  PRODUCTION 1.12 2019-11-22
| Design State : Routed
---------------------------------------------------------------------------------------------------------------------------------------------------------------------------------------------------------------------------------------------------------------------------

Timing Report

Slack (MET) :             1.452ns  (required time - arrival time)
  Source:                 local_bvalid_reg/C
                            (rising edge-triggered cell FDRE clocked by system_clk  {rise@0.000ns fall@5.000ns period=10.000ns})
  Destination:            cpu/picorv32_core/pcpi_mul/rd_reg__0/CEA1
                            (rising edge-triggered cell DSP48E1 clocked by system_clk  {rise@0.000ns fall@5.000ns period=10.000ns})
  Path Group:             system_clk
  Path Type:              Setup (Max at Slow Process Corner)
  Requirement:            10.000ns  (system_clk rise@10.000ns - system_clk rise@0.000ns)
  Data Path Delay:        7.861ns  (logic 1.769ns (22.503%)  route 6.092ns (77.497%))
  Logic Levels:           5  (LUT2=1 LUT3=2 LUT5=1 LUT6=1)
  Clock Path Skew:        -0.054ns (DCD - SCD + CPR)
    Destination Clock Delay (DCD):    1.576ns = ( 11.576 - 10.000 ) 
    Source Clock Delay      (SCD):    1.745ns
    Clock Pessimism Removal (CPR):    0.115ns
  Clock Uncertainty:      0.135ns  ((TSJ^2 + TIJ^2)^1/2 + DJ) / 2 + PE + UU
    Total System Jitter     (TSJ):    0.071ns
    Total Input Jitter      (TIJ):    0.000ns
    Discrete Jitter          (DJ):    0.000ns
    Phase Error              (PE):    0.000ns
    User Uncertainty         (UU):    0.100ns

    Location             Delay type                Incr(ns)  Path(ns)    Netlist Resource(s)
  -------------------------------------------------------------------    -------------------
                         (clock system_clk rise edge)
                                                      0.000     0.000 r  
                                                      0.000     0.000 r  clk (IN)
                         net (fo=1543, unset)         1.745     1.745    clk
    SLICE_X23Y16         FDRE                                         r  local_bvalid_reg/C
  -------------------------------------------------------------------    -------------------
    SLICE_X23Y16         FDRE (Prop_fdre_C_Q)         0.456     2.201 r  local_bvalid_reg/Q
                         net (fo=30, routed)          0.926     3.127    cpu/picorv32_core/pcpi_mul/local_bvalid
    SLICE_X23Y13         LUT3 (Prop_lut3_I0_O)        0.150     3.277 f  cpu/picorv32_core/pcpi_mul/mem_rdata_q[14]_i_2/O
                         net (fo=36, routed)          0.900     4.177    cpu/picorv32_core/pcpi_mul/local_bvalid_reg
    SLICE_X28Y7          LUT6 (Prop_lut6_I2_O)        0.332     4.509 f  cpu/picorv32_core/pcpi_mul/mem_do_wdata_i_2/O
                         net (fo=4, routed)           0.857     5.366    cpu/picorv32_core/pcpi_mul/FSM_sequential_mem_state_reg[1]
    SLICE_X38Y6          LUT2 (Prop_lut2_I1_O)        0.119     5.485 r  cpu/picorv32_core/pcpi_mul/instr_jal_i_3/O
                         net (fo=7, routed)           1.188     6.673    cpu/picorv32_core/pcpi_mul/resetn_0
    SLICE_X33Y6          LUT3 (Prop_lut3_I1_O)        0.385     7.058 f  cpu/picorv32_core/pcpi_mul/rd0__0_i_21/O
                         net (fo=1, routed)           0.407     7.465    cpu/picorv32_core/pcpi_mul/rd0__0_i_21_n_0
    SLICE_X33Y6          LUT5 (Prop_lut5_I4_O)        0.327     7.792 r  cpu/picorv32_core/pcpi_mul/rd0__0_i_1/O
                         net (fo=34, routed)          1.814     9.606    cpu/picorv32_core/pcpi_mul/E[0]
    DSP48_X2Y7           DSP48E1                                      r  cpu/picorv32_core/pcpi_mul/rd_reg__0/CEA1
  -------------------------------------------------------------------    -------------------

                         (clock system_clk rise edge)
                                                     10.000    10.000 r  
                                                      0.000    10.000 r  clk (IN)
                         net (fo=1543, unset)         1.576    11.576    cpu/picorv32_core/pcpi_mul/clk
    DSP48_X2Y7           DSP48E1                                      r  cpu/picorv32_core/pcpi_mul/rd_reg__0/CLK
                         clock pessimism              0.115    11.691    
                         clock uncertainty           -0.135    11.555    
    DSP48_X2Y7           DSP48E1 (Setup_dsp48e1_CLK_CEA1)
                                                     -0.497    11.058    cpu/picorv32_core/pcpi_mul/rd_reg__0
  -------------------------------------------------------------------
                         required time                         11.058    
                         arrival time                          -9.606    
  -------------------------------------------------------------------
                         slack                                  1.452    

Slack (MET) :             1.460ns  (required time - arrival time)
  Source:                 local_bvalid_reg/C
                            (rising edge-triggered cell FDRE clocked by system_clk  {rise@0.000ns fall@5.000ns period=10.000ns})
  Destination:            cpu/picorv32_core/pcpi_mul/rd0__0/CEA1
                            (rising edge-triggered cell DSP48E1 clocked by system_clk  {rise@0.000ns fall@5.000ns period=10.000ns})
  Path Group:             system_clk
  Path Type:              Setup (Max at Slow Process Corner)
  Requirement:            10.000ns  (system_clk rise@10.000ns - system_clk rise@0.000ns)
  Data Path Delay:        7.856ns  (logic 1.769ns (22.519%)  route 6.087ns (77.481%))
  Logic Levels:           5  (LUT2=1 LUT3=2 LUT5=1 LUT6=1)
  Clock Path Skew:        -0.051ns (DCD - SCD + CPR)
    Destination Clock Delay (DCD):    1.579ns = ( 11.579 - 10.000 ) 
    Source Clock Delay      (SCD):    1.745ns
    Clock Pessimism Removal (CPR):    0.115ns
  Clock Uncertainty:      0.135ns  ((TSJ^2 + TIJ^2)^1/2 + DJ) / 2 + PE + UU
    Total System Jitter     (TSJ):    0.071ns
    Total Input Jitter      (TIJ):    0.000ns
    Discrete Jitter          (DJ):    0.000ns
    Phase Error              (PE):    0.000ns
    User Uncertainty         (UU):    0.100ns

    Location             Delay type                Incr(ns)  Path(ns)    Netlist Resource(s)
  -------------------------------------------------------------------    -------------------
                         (clock system_clk rise edge)
                                                      0.000     0.000 r  
                                                      0.000     0.000 r  clk (IN)
                         net (fo=1543, unset)         1.745     1.745    clk
    SLICE_X23Y16         FDRE                                         r  local_bvalid_reg/C
  -------------------------------------------------------------------    -------------------
    SLICE_X23Y16         FDRE (Prop_fdre_C_Q)         0.456     2.201 r  local_bvalid_reg/Q
                         net (fo=30, routed)          0.926     3.127    cpu/picorv32_core/pcpi_mul/local_bvalid
    SLICE_X23Y13         LUT3 (Prop_lut3_I0_O)        0.150     3.277 f  cpu/picorv32_core/pcpi_mul/mem_rdata_q[14]_i_2/O
                         net (fo=36, routed)          0.900     4.177    cpu/picorv32_core/pcpi_mul/local_bvalid_reg
    SLICE_X28Y7          LUT6 (Prop_lut6_I2_O)        0.332     4.509 f  cpu/picorv32_core/pcpi_mul/mem_do_wdata_i_2/O
                         net (fo=4, routed)           0.857     5.366    cpu/picorv32_core/pcpi_mul/FSM_sequential_mem_state_reg[1]
    SLICE_X38Y6          LUT2 (Prop_lut2_I1_O)        0.119     5.485 r  cpu/picorv32_core/pcpi_mul/instr_jal_i_3/O
                         net (fo=7, routed)           1.188     6.673    cpu/picorv32_core/pcpi_mul/resetn_0
    SLICE_X33Y6          LUT3 (Prop_lut3_I1_O)        0.385     7.058 f  cpu/picorv32_core/pcpi_mul/rd0__0_i_21/O
                         net (fo=1, routed)           0.407     7.465    cpu/picorv32_core/pcpi_mul/rd0__0_i_21_n_0
    SLICE_X33Y6          LUT5 (Prop_lut5_I4_O)        0.327     7.792 r  cpu/picorv32_core/pcpi_mul/rd0__0_i_1/O
                         net (fo=34, routed)          1.809     9.601    cpu/picorv32_core/pcpi_mul/E[0]
    DSP48_X2Y6           DSP48E1                                      r  cpu/picorv32_core/pcpi_mul/rd0__0/CEA1
  -------------------------------------------------------------------    -------------------

                         (clock system_clk rise edge)
                                                     10.000    10.000 r  
                                                      0.000    10.000 r  clk (IN)
                         net (fo=1543, unset)         1.579    11.579    cpu/picorv32_core/pcpi_mul/clk
    DSP48_X2Y6           DSP48E1                                      r  cpu/picorv32_core/pcpi_mul/rd0__0/CLK
                         clock pessimism              0.115    11.694    
                         clock uncertainty           -0.135    11.558    
    DSP48_X2Y6           DSP48E1 (Setup_dsp48e1_CLK_CEA1)
                                                     -0.497    11.061    cpu/picorv32_core/pcpi_mul/rd0__0
  -------------------------------------------------------------------
                         required time                         11.061    
                         arrival time                          -9.601    
  -------------------------------------------------------------------
                         slack                                  1.460    

Slack (MET) :             1.966ns  (required time - arrival time)
  Source:                 local_bvalid_reg/C
                            (rising edge-triggered cell FDRE clocked by system_clk  {rise@0.000ns fall@5.000ns period=10.000ns})
  Destination:            cpu/picorv32_core/reg_op1_reg[11]/CE
                            (rising edge-triggered cell FDRE clocked by system_clk  {rise@0.000ns fall@5.000ns period=10.000ns})
  Path Group:             system_clk
  Path Type:              Setup (Max at Slow Process Corner)
  Requirement:            10.000ns  (system_clk rise@10.000ns - system_clk rise@0.000ns)
  Data Path Delay:        7.553ns  (logic 1.769ns (23.422%)  route 5.784ns (76.578%))
  Logic Levels:           5  (LUT2=1 LUT3=2 LUT5=1 LUT6=1)
  Clock Path Skew:        -0.141ns (DCD - SCD + CPR)
    Destination Clock Delay (DCD):    1.489ns = ( 11.489 - 10.000 ) 
    Source Clock Delay      (SCD):    1.745ns
    Clock Pessimism Removal (CPR):    0.115ns
  Clock Uncertainty:      0.135ns  ((TSJ^2 + TIJ^2)^1/2 + DJ) / 2 + PE + UU
    Total System Jitter     (TSJ):    0.071ns
    Total Input Jitter      (TIJ):    0.000ns
    Discrete Jitter          (DJ):    0.000ns
    Phase Error              (PE):    0.000ns
    User Uncertainty         (UU):    0.100ns

    Location             Delay type                Incr(ns)  Path(ns)    Netlist Resource(s)
  -------------------------------------------------------------------    -------------------
                         (clock system_clk rise edge)
                                                      0.000     0.000 r  
                                                      0.000     0.000 r  clk (IN)
                         net (fo=1543, unset)         1.745     1.745    clk
    SLICE_X23Y16         FDRE                                         r  local_bvalid_reg/C
  -------------------------------------------------------------------    -------------------
    SLICE_X23Y16         FDRE (Prop_fdre_C_Q)         0.456     2.201 r  local_bvalid_reg/Q
                         net (fo=30, routed)          0.926     3.127    cpu/picorv32_core/pcpi_mul/local_bvalid
    SLICE_X23Y13         LUT3 (Prop_lut3_I0_O)        0.150     3.277 f  cpu/picorv32_core/pcpi_mul/mem_rdata_q[14]_i_2/O
                         net (fo=36, routed)          0.900     4.177    cpu/picorv32_core/pcpi_mul/local_bvalid_reg
    SLICE_X28Y7          LUT6 (Prop_lut6_I2_O)        0.332     4.509 f  cpu/picorv32_core/pcpi_mul/mem_do_wdata_i_2/O
                         net (fo=4, routed)           0.857     5.366    cpu/picorv32_core/pcpi_mul/FSM_sequential_mem_state_reg[1]
    SLICE_X38Y6          LUT2 (Prop_lut2_I1_O)        0.119     5.485 r  cpu/picorv32_core/pcpi_mul/instr_jal_i_3/O
                         net (fo=7, routed)           1.188     6.673    cpu/picorv32_core/pcpi_mul/resetn_0
    SLICE_X33Y6          LUT3 (Prop_lut3_I1_O)        0.385     7.058 f  cpu/picorv32_core/pcpi_mul/rd0__0_i_21/O
                         net (fo=1, routed)           0.407     7.465    cpu/picorv32_core/pcpi_mul/rd0__0_i_21_n_0
    SLICE_X33Y6          LUT5 (Prop_lut5_I4_O)        0.327     7.792 r  cpu/picorv32_core/pcpi_mul/rd0__0_i_1/O
                         net (fo=34, routed)          1.506     9.298    cpu/picorv32_core/pcpi_mul_n_34
    SLICE_X33Y15         FDRE                                         r  cpu/picorv32_core/reg_op1_reg[11]/CE
  -------------------------------------------------------------------    -------------------

                         (clock system_clk rise edge)
                                                     10.000    10.000 r  
                                                      0.000    10.000 r  clk (IN)
                         net (fo=1543, unset)         1.489    11.489    cpu/picorv32_core/clk
    SLICE_X33Y15         FDRE                                         r  cpu/picorv32_core/reg_op1_reg[11]/C
                         clock pessimism              0.115    11.604    
                         clock uncertainty           -0.135    11.469    
    SLICE_X33Y15         FDRE (Setup_fdre_C_CE)      -0.205    11.264    cpu/picorv32_core/reg_op1_reg[11]
  -------------------------------------------------------------------
                         required time                         11.264    
                         arrival time                          -9.298    
  -------------------------------------------------------------------
                         slack                                  1.966    

Slack (MET) :             1.977ns  (required time - arrival time)
  Source:                 local_bvalid_reg/C
                            (rising edge-triggered cell FDRE clocked by system_clk  {rise@0.000ns fall@5.000ns period=10.000ns})
  Destination:            cpu/picorv32_core/reg_op1_reg[21]/CE
                            (rising edge-triggered cell FDRE clocked by system_clk  {rise@0.000ns fall@5.000ns period=10.000ns})
  Path Group:             system_clk
  Path Type:              Setup (Max at Slow Process Corner)
  Requirement:            10.000ns  (system_clk rise@10.000ns - system_clk rise@0.000ns)
  Data Path Delay:        7.537ns  (logic 1.769ns (23.469%)  route 5.768ns (76.531%))
  Logic Levels:           5  (LUT2=1 LUT3=2 LUT5=1 LUT6=1)
  Clock Path Skew:        -0.145ns (DCD - SCD + CPR)
    Destination Clock Delay (DCD):    1.485ns = ( 11.485 - 10.000 ) 
    Source Clock Delay      (SCD):    1.745ns
    Clock Pessimism Removal (CPR):    0.115ns
  Clock Uncertainty:      0.135ns  ((TSJ^2 + TIJ^2)^1/2 + DJ) / 2 + PE + UU
    Total System Jitter     (TSJ):    0.071ns
    Total Input Jitter      (TIJ):    0.000ns
    Discrete Jitter          (DJ):    0.000ns
    Phase Error              (PE):    0.000ns
    User Uncertainty         (UU):    0.100ns

    Location             Delay type                Incr(ns)  Path(ns)    Netlist Resource(s)
  -------------------------------------------------------------------    -------------------
                         (clock system_clk rise edge)
                                                      0.000     0.000 r  
                                                      0.000     0.000 r  clk (IN)
                         net (fo=1543, unset)         1.745     1.745    clk
    SLICE_X23Y16         FDRE                                         r  local_bvalid_reg/C
  -------------------------------------------------------------------    -------------------
    SLICE_X23Y16         FDRE (Prop_fdre_C_Q)         0.456     2.201 r  local_bvalid_reg/Q
                         net (fo=30, routed)          0.926     3.127    cpu/picorv32_core/pcpi_mul/local_bvalid
    SLICE_X23Y13         LUT3 (Prop_lut3_I0_O)        0.150     3.277 f  cpu/picorv32_core/pcpi_mul/mem_rdata_q[14]_i_2/O
                         net (fo=36, routed)          0.900     4.177    cpu/picorv32_core/pcpi_mul/local_bvalid_reg
    SLICE_X28Y7          LUT6 (Prop_lut6_I2_O)        0.332     4.509 f  cpu/picorv32_core/pcpi_mul/mem_do_wdata_i_2/O
                         net (fo=4, routed)           0.857     5.366    cpu/picorv32_core/pcpi_mul/FSM_sequential_mem_state_reg[1]
    SLICE_X38Y6          LUT2 (Prop_lut2_I1_O)        0.119     5.485 r  cpu/picorv32_core/pcpi_mul/instr_jal_i_3/O
                         net (fo=7, routed)           1.188     6.673    cpu/picorv32_core/pcpi_mul/resetn_0
    SLICE_X33Y6          LUT3 (Prop_lut3_I1_O)        0.385     7.058 f  cpu/picorv32_core/pcpi_mul/rd0__0_i_21/O
                         net (fo=1, routed)           0.407     7.465    cpu/picorv32_core/pcpi_mul/rd0__0_i_21_n_0
    SLICE_X33Y6          LUT5 (Prop_lut5_I4_O)        0.327     7.792 r  cpu/picorv32_core/pcpi_mul/rd0__0_i_1/O
                         net (fo=34, routed)          1.491     9.282    cpu/picorv32_core/pcpi_mul_n_34
    SLICE_X33Y18         FDRE                                         r  cpu/picorv32_core/reg_op1_reg[21]/CE
  -------------------------------------------------------------------    -------------------

                         (clock system_clk rise edge)
                                                     10.000    10.000 r  
                                                      0.000    10.000 r  clk (IN)
                         net (fo=1543, unset)         1.485    11.485    cpu/picorv32_core/clk
    SLICE_X33Y18         FDRE                                         r  cpu/picorv32_core/reg_op1_reg[21]/C
                         clock pessimism              0.115    11.600    
                         clock uncertainty           -0.135    11.465    
    SLICE_X33Y18         FDRE (Setup_fdre_C_CE)      -0.205    11.260    cpu/picorv32_core/reg_op1_reg[21]
  -------------------------------------------------------------------
                         required time                         11.260    
                         arrival time                          -9.282    
  -------------------------------------------------------------------
                         slack                                  1.977    

Slack (MET) :             1.977ns  (required time - arrival time)
  Source:                 local_bvalid_reg/C
                            (rising edge-triggered cell FDRE clocked by system_clk  {rise@0.000ns fall@5.000ns period=10.000ns})
  Destination:            cpu/picorv32_core/reg_op1_reg[24]/CE
                            (rising edge-triggered cell FDRE clocked by system_clk  {rise@0.000ns fall@5.000ns period=10.000ns})
  Path Group:             system_clk
  Path Type:              Setup (Max at Slow Process Corner)
  Requirement:            10.000ns  (system_clk rise@10.000ns - system_clk rise@0.000ns)
  Data Path Delay:        7.537ns  (logic 1.769ns (23.469%)  route 5.768ns (76.531%))
  Logic Levels:           5  (LUT2=1 LUT3=2 LUT5=1 LUT6=1)
  Clock Path Skew:        -0.145ns (DCD - SCD + CPR)
    Destination Clock Delay (DCD):    1.485ns = ( 11.485 - 10.000 ) 
    Source Clock Delay      (SCD):    1.745ns
    Clock Pessimism Removal (CPR):    0.115ns
  Clock Uncertainty:      0.135ns  ((TSJ^2 + TIJ^2)^1/2 + DJ) / 2 + PE + UU
    Total System Jitter     (TSJ):    0.071ns
    Total Input Jitter      (TIJ):    0.000ns
    Discrete Jitter          (DJ):    0.000ns
    Phase Error              (PE):    0.000ns
    User Uncertainty         (UU):    0.100ns

    Location             Delay type                Incr(ns)  Path(ns)    Netlist Resource(s)
  -------------------------------------------------------------------    -------------------
                         (clock system_clk rise edge)
                                                      0.000     0.000 r  
                                                      0.000     0.000 r  clk (IN)
                         net (fo=1543, unset)         1.745     1.745    clk
    SLICE_X23Y16         FDRE                                         r  local_bvalid_reg/C
  -------------------------------------------------------------------    -------------------
    SLICE_X23Y16         FDRE (Prop_fdre_C_Q)         0.456     2.201 r  local_bvalid_reg/Q
                         net (fo=30, routed)          0.926     3.127    cpu/picorv32_core/pcpi_mul/local_bvalid
    SLICE_X23Y13         LUT3 (Prop_lut3_I0_O)        0.150     3.277 f  cpu/picorv32_core/pcpi_mul/mem_rdata_q[14]_i_2/O
                         net (fo=36, routed)          0.900     4.177    cpu/picorv32_core/pcpi_mul/local_bvalid_reg
    SLICE_X28Y7          LUT6 (Prop_lut6_I2_O)        0.332     4.509 f  cpu/picorv32_core/pcpi_mul/mem_do_wdata_i_2/O
                         net (fo=4, routed)           0.857     5.366    cpu/picorv32_core/pcpi_mul/FSM_sequential_mem_state_reg[1]
    SLICE_X38Y6          LUT2 (Prop_lut2_I1_O)        0.119     5.485 r  cpu/picorv32_core/pcpi_mul/instr_jal_i_3/O
                         net (fo=7, routed)           1.188     6.673    cpu/picorv32_core/pcpi_mul/resetn_0
    SLICE_X33Y6          LUT3 (Prop_lut3_I1_O)        0.385     7.058 f  cpu/picorv32_core/pcpi_mul/rd0__0_i_21/O
                         net (fo=1, routed)           0.407     7.465    cpu/picorv32_core/pcpi_mul/rd0__0_i_21_n_0
    SLICE_X33Y6          LUT5 (Prop_lut5_I4_O)        0.327     7.792 r  cpu/picorv32_core/pcpi_mul/rd0__0_i_1/O
                         net (fo=34, routed)          1.491     9.282    cpu/picorv32_core/pcpi_mul_n_34
    SLICE_X33Y18         FDRE                                         r  cpu/picorv32_core/reg_op1_reg[24]/CE
  -------------------------------------------------------------------    -------------------

                         (clock system_clk rise edge)
                                                     10.000    10.000 r  
                                                      0.000    10.000 r  clk (IN)
                         net (fo=1543, unset)         1.485    11.485    cpu/picorv32_core/clk
    SLICE_X33Y18         FDRE                                         r  cpu/picorv32_core/reg_op1_reg[24]/C
                         clock pessimism              0.115    11.600    
                         clock uncertainty           -0.135    11.465    
    SLICE_X33Y18         FDRE (Setup_fdre_C_CE)      -0.205    11.260    cpu/picorv32_core/reg_op1_reg[24]
  -------------------------------------------------------------------
                         required time                         11.260    
                         arrival time                          -9.282    
  -------------------------------------------------------------------
                         slack                                  1.977    

Slack (MET) :             1.977ns  (required time - arrival time)
  Source:                 local_bvalid_reg/C
                            (rising edge-triggered cell FDRE clocked by system_clk  {rise@0.000ns fall@5.000ns period=10.000ns})
  Destination:            cpu/picorv32_core/reg_op1_reg[26]/CE
                            (rising edge-triggered cell FDRE clocked by system_clk  {rise@0.000ns fall@5.000ns period=10.000ns})
  Path Group:             system_clk
  Path Type:              Setup (Max at Slow Process Corner)
  Requirement:            10.000ns  (system_clk rise@10.000ns - system_clk rise@0.000ns)
  Data Path Delay:        7.537ns  (logic 1.769ns (23.469%)  route 5.768ns (76.531%))
  Logic Levels:           5  (LUT2=1 LUT3=2 LUT5=1 LUT6=1)
  Clock Path Skew:        -0.145ns (DCD - SCD + CPR)
    Destination Clock Delay (DCD):    1.485ns = ( 11.485 - 10.000 ) 
    Source Clock Delay      (SCD):    1.745ns
    Clock Pessimism Removal (CPR):    0.115ns
  Clock Uncertainty:      0.135ns  ((TSJ^2 + TIJ^2)^1/2 + DJ) / 2 + PE + UU
    Total System Jitter     (TSJ):    0.071ns
    Total Input Jitter      (TIJ):    0.000ns
    Discrete Jitter          (DJ):    0.000ns
    Phase Error              (PE):    0.000ns
    User Uncertainty         (UU):    0.100ns

    Location             Delay type                Incr(ns)  Path(ns)    Netlist Resource(s)
  -------------------------------------------------------------------    -------------------
                         (clock system_clk rise edge)
                                                      0.000     0.000 r  
                                                      0.000     0.000 r  clk (IN)
                         net (fo=1543, unset)         1.745     1.745    clk
    SLICE_X23Y16         FDRE                                         r  local_bvalid_reg/C
  -------------------------------------------------------------------    -------------------
    SLICE_X23Y16         FDRE (Prop_fdre_C_Q)         0.456     2.201 r  local_bvalid_reg/Q
                         net (fo=30, routed)          0.926     3.127    cpu/picorv32_core/pcpi_mul/local_bvalid
    SLICE_X23Y13         LUT3 (Prop_lut3_I0_O)        0.150     3.277 f  cpu/picorv32_core/pcpi_mul/mem_rdata_q[14]_i_2/O
                         net (fo=36, routed)          0.900     4.177    cpu/picorv32_core/pcpi_mul/local_bvalid_reg
    SLICE_X28Y7          LUT6 (Prop_lut6_I2_O)        0.332     4.509 f  cpu/picorv32_core/pcpi_mul/mem_do_wdata_i_2/O
                         net (fo=4, routed)           0.857     5.366    cpu/picorv32_core/pcpi_mul/FSM_sequential_mem_state_reg[1]
    SLICE_X38Y6          LUT2 (Prop_lut2_I1_O)        0.119     5.485 r  cpu/picorv32_core/pcpi_mul/instr_jal_i_3/O
                         net (fo=7, routed)           1.188     6.673    cpu/picorv32_core/pcpi_mul/resetn_0
    SLICE_X33Y6          LUT3 (Prop_lut3_I1_O)        0.385     7.058 f  cpu/picorv32_core/pcpi_mul/rd0__0_i_21/O
                         net (fo=1, routed)           0.407     7.465    cpu/picorv32_core/pcpi_mul/rd0__0_i_21_n_0
    SLICE_X33Y6          LUT5 (Prop_lut5_I4_O)        0.327     7.792 r  cpu/picorv32_core/pcpi_mul/rd0__0_i_1/O
                         net (fo=34, routed)          1.491     9.282    cpu/picorv32_core/pcpi_mul_n_34
    SLICE_X33Y18         FDRE                                         r  cpu/picorv32_core/reg_op1_reg[26]/CE
  -------------------------------------------------------------------    -------------------

                         (clock system_clk rise edge)
                                                     10.000    10.000 r  
                                                      0.000    10.000 r  clk (IN)
                         net (fo=1543, unset)         1.485    11.485    cpu/picorv32_core/clk
    SLICE_X33Y18         FDRE                                         r  cpu/picorv32_core/reg_op1_reg[26]/C
                         clock pessimism              0.115    11.600    
                         clock uncertainty           -0.135    11.465    
    SLICE_X33Y18         FDRE (Setup_fdre_C_CE)      -0.205    11.260    cpu/picorv32_core/reg_op1_reg[26]
  -------------------------------------------------------------------
                         required time                         11.260    
                         arrival time                          -9.282    
  -------------------------------------------------------------------
                         slack                                  1.977    

Slack (MET) :             1.977ns  (required time - arrival time)
  Source:                 local_bvalid_reg/C
                            (rising edge-triggered cell FDRE clocked by system_clk  {rise@0.000ns fall@5.000ns period=10.000ns})
  Destination:            cpu/picorv32_core/reg_op1_reg[27]/CE
                            (rising edge-triggered cell FDRE clocked by system_clk  {rise@0.000ns fall@5.000ns period=10.000ns})
  Path Group:             system_clk
  Path Type:              Setup (Max at Slow Process Corner)
  Requirement:            10.000ns  (system_clk rise@10.000ns - system_clk rise@0.000ns)
  Data Path Delay:        7.537ns  (logic 1.769ns (23.469%)  route 5.768ns (76.531%))
  Logic Levels:           5  (LUT2=1 LUT3=2 LUT5=1 LUT6=1)
  Clock Path Skew:        -0.145ns (DCD - SCD + CPR)
    Destination Clock Delay (DCD):    1.485ns = ( 11.485 - 10.000 ) 
    Source Clock Delay      (SCD):    1.745ns
    Clock Pessimism Removal (CPR):    0.115ns
  Clock Uncertainty:      0.135ns  ((TSJ^2 + TIJ^2)^1/2 + DJ) / 2 + PE + UU
    Total System Jitter     (TSJ):    0.071ns
    Total Input Jitter      (TIJ):    0.000ns
    Discrete Jitter          (DJ):    0.000ns
    Phase Error              (PE):    0.000ns
    User Uncertainty         (UU):    0.100ns

    Location             Delay type                Incr(ns)  Path(ns)    Netlist Resource(s)
  -------------------------------------------------------------------    -------------------
                         (clock system_clk rise edge)
                                                      0.000     0.000 r  
                                                      0.000     0.000 r  clk (IN)
                         net (fo=1543, unset)         1.745     1.745    clk
    SLICE_X23Y16         FDRE                                         r  local_bvalid_reg/C
  -------------------------------------------------------------------    -------------------
    SLICE_X23Y16         FDRE (Prop_fdre_C_Q)         0.456     2.201 r  local_bvalid_reg/Q
                         net (fo=30, routed)          0.926     3.127    cpu/picorv32_core/pcpi_mul/local_bvalid
    SLICE_X23Y13         LUT3 (Prop_lut3_I0_O)        0.150     3.277 f  cpu/picorv32_core/pcpi_mul/mem_rdata_q[14]_i_2/O
                         net (fo=36, routed)          0.900     4.177    cpu/picorv32_core/pcpi_mul/local_bvalid_reg
    SLICE_X28Y7          LUT6 (Prop_lut6_I2_O)        0.332     4.509 f  cpu/picorv32_core/pcpi_mul/mem_do_wdata_i_2/O
                         net (fo=4, routed)           0.857     5.366    cpu/picorv32_core/pcpi_mul/FSM_sequential_mem_state_reg[1]
    SLICE_X38Y6          LUT2 (Prop_lut2_I1_O)        0.119     5.485 r  cpu/picorv32_core/pcpi_mul/instr_jal_i_3/O
                         net (fo=7, routed)           1.188     6.673    cpu/picorv32_core/pcpi_mul/resetn_0
    SLICE_X33Y6          LUT3 (Prop_lut3_I1_O)        0.385     7.058 f  cpu/picorv32_core/pcpi_mul/rd0__0_i_21/O
                         net (fo=1, routed)           0.407     7.465    cpu/picorv32_core/pcpi_mul/rd0__0_i_21_n_0
    SLICE_X33Y6          LUT5 (Prop_lut5_I4_O)        0.327     7.792 r  cpu/picorv32_core/pcpi_mul/rd0__0_i_1/O
                         net (fo=34, routed)          1.491     9.282    cpu/picorv32_core/pcpi_mul_n_34
    SLICE_X33Y18         FDRE                                         r  cpu/picorv32_core/reg_op1_reg[27]/CE
  -------------------------------------------------------------------    -------------------

                         (clock system_clk rise edge)
                                                     10.000    10.000 r  
                                                      0.000    10.000 r  clk (IN)
                         net (fo=1543, unset)         1.485    11.485    cpu/picorv32_core/clk
    SLICE_X33Y18         FDRE                                         r  cpu/picorv32_core/reg_op1_reg[27]/C
                         clock pessimism              0.115    11.600    
                         clock uncertainty           -0.135    11.465    
    SLICE_X33Y18         FDRE (Setup_fdre_C_CE)      -0.205    11.260    cpu/picorv32_core/reg_op1_reg[27]
  -------------------------------------------------------------------
                         required time                         11.260    
                         arrival time                          -9.282    
  -------------------------------------------------------------------
                         slack                                  1.977    

Slack (MET) :             1.995ns  (required time - arrival time)
  Source:                 local_bvalid_reg/C
                            (rising edge-triggered cell FDRE clocked by system_clk  {rise@0.000ns fall@5.000ns period=10.000ns})
  Destination:            cpu/picorv32_core/reg_op1_reg[7]/CE
                            (rising edge-triggered cell FDRE clocked by system_clk  {rise@0.000ns fall@5.000ns period=10.000ns})
  Path Group:             system_clk
  Path Type:              Setup (Max at Slow Process Corner)
  Requirement:            10.000ns  (system_clk rise@10.000ns - system_clk rise@0.000ns)
  Data Path Delay:        7.525ns  (logic 1.769ns (23.508%)  route 5.756ns (76.492%))
  Logic Levels:           5  (LUT2=1 LUT3=2 LUT5=1 LUT6=1)
  Clock Path Skew:        -0.140ns (DCD - SCD + CPR)
    Destination Clock Delay (DCD):    1.490ns = ( 11.490 - 10.000 ) 
    Source Clock Delay      (SCD):    1.745ns
    Clock Pessimism Removal (CPR):    0.115ns
  Clock Uncertainty:      0.135ns  ((TSJ^2 + TIJ^2)^1/2 + DJ) / 2 + PE + UU
    Total System Jitter     (TSJ):    0.071ns
    Total Input Jitter      (TIJ):    0.000ns
    Discrete Jitter          (DJ):    0.000ns
    Phase Error              (PE):    0.000ns
    User Uncertainty         (UU):    0.100ns

    Location             Delay type                Incr(ns)  Path(ns)    Netlist Resource(s)
  -------------------------------------------------------------------    -------------------
                         (clock system_clk rise edge)
                                                      0.000     0.000 r  
                                                      0.000     0.000 r  clk (IN)
                         net (fo=1543, unset)         1.745     1.745    clk
    SLICE_X23Y16         FDRE                                         r  local_bvalid_reg/C
  -------------------------------------------------------------------    -------------------
    SLICE_X23Y16         FDRE (Prop_fdre_C_Q)         0.456     2.201 r  local_bvalid_reg/Q
                         net (fo=30, routed)          0.926     3.127    cpu/picorv32_core/pcpi_mul/local_bvalid
    SLICE_X23Y13         LUT3 (Prop_lut3_I0_O)        0.150     3.277 f  cpu/picorv32_core/pcpi_mul/mem_rdata_q[14]_i_2/O
                         net (fo=36, routed)          0.900     4.177    cpu/picorv32_core/pcpi_mul/local_bvalid_reg
    SLICE_X28Y7          LUT6 (Prop_lut6_I2_O)        0.332     4.509 f  cpu/picorv32_core/pcpi_mul/mem_do_wdata_i_2/O
                         net (fo=4, routed)           0.857     5.366    cpu/picorv32_core/pcpi_mul/FSM_sequential_mem_state_reg[1]
    SLICE_X38Y6          LUT2 (Prop_lut2_I1_O)        0.119     5.485 r  cpu/picorv32_core/pcpi_mul/instr_jal_i_3/O
                         net (fo=7, routed)           1.188     6.673    cpu/picorv32_core/pcpi_mul/resetn_0
    SLICE_X33Y6          LUT3 (Prop_lut3_I1_O)        0.385     7.058 f  cpu/picorv32_core/pcpi_mul/rd0__0_i_21/O
                         net (fo=1, routed)           0.407     7.465    cpu/picorv32_core/pcpi_mul/rd0__0_i_21_n_0
    SLICE_X33Y6          LUT5 (Prop_lut5_I4_O)        0.327     7.792 r  cpu/picorv32_core/pcpi_mul/rd0__0_i_1/O
                         net (fo=34, routed)          1.478     9.270    cpu/picorv32_core/pcpi_mul_n_34
    SLICE_X39Y13         FDRE                                         r  cpu/picorv32_core/reg_op1_reg[7]/CE
  -------------------------------------------------------------------    -------------------

                         (clock system_clk rise edge)
                                                     10.000    10.000 r  
                                                      0.000    10.000 r  clk (IN)
                         net (fo=1543, unset)         1.490    11.490    cpu/picorv32_core/clk
    SLICE_X39Y13         FDRE                                         r  cpu/picorv32_core/reg_op1_reg[7]/C
                         clock pessimism              0.115    11.605    
                         clock uncertainty           -0.135    11.470    
    SLICE_X39Y13         FDRE (Setup_fdre_C_CE)      -0.205    11.265    cpu/picorv32_core/reg_op1_reg[7]
  -------------------------------------------------------------------
                         required time                         11.265    
                         arrival time                          -9.270    
  -------------------------------------------------------------------
                         slack                                  1.995    

Slack (MET) :             1.995ns  (required time - arrival time)
  Source:                 local_bvalid_reg/C
                            (rising edge-triggered cell FDRE clocked by system_clk  {rise@0.000ns fall@5.000ns period=10.000ns})
  Destination:            cpu/picorv32_core/reg_op1_reg[9]/CE
                            (rising edge-triggered cell FDRE clocked by system_clk  {rise@0.000ns fall@5.000ns period=10.000ns})
  Path Group:             system_clk
  Path Type:              Setup (Max at Slow Process Corner)
  Requirement:            10.000ns  (system_clk rise@10.000ns - system_clk rise@0.000ns)
  Data Path Delay:        7.525ns  (logic 1.769ns (23.508%)  route 5.756ns (76.492%))
  Logic Levels:           5  (LUT2=1 LUT3=2 LUT5=1 LUT6=1)
  Clock Path Skew:        -0.140ns (DCD - SCD + CPR)
    Destination Clock Delay (DCD):    1.490ns = ( 11.490 - 10.000 ) 
    Source Clock Delay      (SCD):    1.745ns
    Clock Pessimism Removal (CPR):    0.115ns
  Clock Uncertainty:      0.135ns  ((TSJ^2 + TIJ^2)^1/2 + DJ) / 2 + PE + UU
    Total System Jitter     (TSJ):    0.071ns
    Total Input Jitter      (TIJ):    0.000ns
    Discrete Jitter          (DJ):    0.000ns
    Phase Error              (PE):    0.000ns
    User Uncertainty         (UU):    0.100ns

    Location             Delay type                Incr(ns)  Path(ns)    Netlist Resource(s)
  -------------------------------------------------------------------    -------------------
                         (clock system_clk rise edge)
                                                      0.000     0.000 r  
                                                      0.000     0.000 r  clk (IN)
                         net (fo=1543, unset)         1.745     1.745    clk
    SLICE_X23Y16         FDRE                                         r  local_bvalid_reg/C
  -------------------------------------------------------------------    -------------------
    SLICE_X23Y16         FDRE (Prop_fdre_C_Q)         0.456     2.201 r  local_bvalid_reg/Q
                         net (fo=30, routed)          0.926     3.127    cpu/picorv32_core/pcpi_mul/local_bvalid
    SLICE_X23Y13         LUT3 (Prop_lut3_I0_O)        0.150     3.277 f  cpu/picorv32_core/pcpi_mul/mem_rdata_q[14]_i_2/O
                         net (fo=36, routed)          0.900     4.177    cpu/picorv32_core/pcpi_mul/local_bvalid_reg
    SLICE_X28Y7          LUT6 (Prop_lut6_I2_O)        0.332     4.509 f  cpu/picorv32_core/pcpi_mul/mem_do_wdata_i_2/O
                         net (fo=4, routed)           0.857     5.366    cpu/picorv32_core/pcpi_mul/FSM_sequential_mem_state_reg[1]
    SLICE_X38Y6          LUT2 (Prop_lut2_I1_O)        0.119     5.485 r  cpu/picorv32_core/pcpi_mul/instr_jal_i_3/O
                         net (fo=7, routed)           1.188     6.673    cpu/picorv32_core/pcpi_mul/resetn_0
    SLICE_X33Y6          LUT3 (Prop_lut3_I1_O)        0.385     7.058 f  cpu/picorv32_core/pcpi_mul/rd0__0_i_21/O
                         net (fo=1, routed)           0.407     7.465    cpu/picorv32_core/pcpi_mul/rd0__0_i_21_n_0
    SLICE_X33Y6          LUT5 (Prop_lut5_I4_O)        0.327     7.792 r  cpu/picorv32_core/pcpi_mul/rd0__0_i_1/O
                         net (fo=34, routed)          1.478     9.270    cpu/picorv32_core/pcpi_mul_n_34
    SLICE_X39Y13         FDRE                                         r  cpu/picorv32_core/reg_op1_reg[9]/CE
  -------------------------------------------------------------------    -------------------

                         (clock system_clk rise edge)
                                                     10.000    10.000 r  
                                                      0.000    10.000 r  clk (IN)
                         net (fo=1543, unset)         1.490    11.490    cpu/picorv32_core/clk
    SLICE_X39Y13         FDRE                                         r  cpu/picorv32_core/reg_op1_reg[9]/C
                         clock pessimism              0.115    11.605    
                         clock uncertainty           -0.135    11.470    
    SLICE_X39Y13         FDRE (Setup_fdre_C_CE)      -0.205    11.265    cpu/picorv32_core/reg_op1_reg[9]
  -------------------------------------------------------------------
                         required time                         11.265    
                         arrival time                          -9.270    
  -------------------------------------------------------------------
                         slack                                  1.995    

Slack (MET) :             2.000ns  (required time - arrival time)
  Source:                 local_bvalid_reg/C
                            (rising edge-triggered cell FDRE clocked by system_clk  {rise@0.000ns fall@5.000ns period=10.000ns})
  Destination:            cpu/picorv32_core/reg_op1_reg[6]/CE
                            (rising edge-triggered cell FDRE clocked by system_clk  {rise@0.000ns fall@5.000ns period=10.000ns})
  Path Group:             system_clk
  Path Type:              Setup (Max at Slow Process Corner)
  Requirement:            10.000ns  (system_clk rise@10.000ns - system_clk rise@0.000ns)
  Data Path Delay:        7.520ns  (logic 1.769ns (23.523%)  route 5.751ns (76.477%))
  Logic Levels:           5  (LUT2=1 LUT3=2 LUT5=1 LUT6=1)
  Clock Path Skew:        -0.139ns (DCD - SCD + CPR)
    Destination Clock Delay (DCD):    1.491ns = ( 11.491 - 10.000 ) 
    Source Clock Delay      (SCD):    1.745ns
    Clock Pessimism Removal (CPR):    0.115ns
  Clock Uncertainty:      0.135ns  ((TSJ^2 + TIJ^2)^1/2 + DJ) / 2 + PE + UU
    Total System Jitter     (TSJ):    0.071ns
    Total Input Jitter      (TIJ):    0.000ns
    Discrete Jitter          (DJ):    0.000ns
    Phase Error              (PE):    0.000ns
    User Uncertainty         (UU):    0.100ns

    Location             Delay type                Incr(ns)  Path(ns)    Netlist Resource(s)
  -------------------------------------------------------------------    -------------------
                         (clock system_clk rise edge)
                                                      0.000     0.000 r  
                                                      0.000     0.000 r  clk (IN)
                         net (fo=1543, unset)         1.745     1.745    clk
    SLICE_X23Y16         FDRE                                         r  local_bvalid_reg/C
  -------------------------------------------------------------------    -------------------
    SLICE_X23Y16         FDRE (Prop_fdre_C_Q)         0.456     2.201 r  local_bvalid_reg/Q
                         net (fo=30, routed)          0.926     3.127    cpu/picorv32_core/pcpi_mul/local_bvalid
    SLICE_X23Y13         LUT3 (Prop_lut3_I0_O)        0.150     3.277 f  cpu/picorv32_core/pcpi_mul/mem_rdata_q[14]_i_2/O
                         net (fo=36, routed)          0.900     4.177    cpu/picorv32_core/pcpi_mul/local_bvalid_reg
    SLICE_X28Y7          LUT6 (Prop_lut6_I2_O)        0.332     4.509 f  cpu/picorv32_core/pcpi_mul/mem_do_wdata_i_2/O
                         net (fo=4, routed)           0.857     5.366    cpu/picorv32_core/pcpi_mul/FSM_sequential_mem_state_reg[1]
    SLICE_X38Y6          LUT2 (Prop_lut2_I1_O)        0.119     5.485 r  cpu/picorv32_core/pcpi_mul/instr_jal_i_3/O
                         net (fo=7, routed)           1.188     6.673    cpu/picorv32_core/pcpi_mul/resetn_0
    SLICE_X33Y6          LUT3 (Prop_lut3_I1_O)        0.385     7.058 f  cpu/picorv32_core/pcpi_mul/rd0__0_i_21/O
                         net (fo=1, routed)           0.407     7.465    cpu/picorv32_core/pcpi_mul/rd0__0_i_21_n_0
    SLICE_X33Y6          LUT5 (Prop_lut5_I4_O)        0.327     7.792 r  cpu/picorv32_core/pcpi_mul/rd0__0_i_1/O
                         net (fo=34, routed)          1.474     9.265    cpu/picorv32_core/pcpi_mul_n_34
    SLICE_X35Y13         FDRE                                         r  cpu/picorv32_core/reg_op1_reg[6]/CE
  -------------------------------------------------------------------    -------------------

                         (clock system_clk rise edge)
                                                     10.000    10.000 r  
                                                      0.000    10.000 r  clk (IN)
                         net (fo=1543, unset)         1.491    11.491    cpu/picorv32_core/clk
    SLICE_X35Y13         FDRE                                         r  cpu/picorv32_core/reg_op1_reg[6]/C
                         clock pessimism              0.115    11.606    
                         clock uncertainty           -0.135    11.471    
    SLICE_X35Y13         FDRE (Setup_fdre_C_CE)      -0.205    11.266    cpu/picorv32_core/reg_op1_reg[6]
  -------------------------------------------------------------------
                         required time                         11.266    
                         arrival time                          -9.265    
  -------------------------------------------------------------------
                         slack                                  2.000    




