Time resolution is 1 ps
MLKEM_HEADER,index,dataset,vsId,tgId,tcId,op,return_code,raw_cycles,empty_cycles,input_bytes,output_bytes,m_total,mul,mulh,mulhsu,mulhu,div,divu,rem,remu,min_sp
MLKEM_START cases=8 ram_bytes=131072 stack_bytes=32768 clock_mhz=100 mul=1 fast_mul=1 div=1 expect_m=1
// Interrupt Monitor : interrupt for ap_done detected @ "6396485000"
// Interrupt Monitor : interrupt for ap_done detected @ "6578255000"
// Interrupt Monitor : interrupt for ap_done detected @ "7294775000"
// Interrupt Monitor : interrupt for ap_done detected @ "7703045000"
// Interrupt Monitor : interrupt for ap_done detected @ "8111315000"
// Interrupt Monitor : interrupt for ap_done detected @ "8519585000"
// Interrupt Monitor : interrupt for ap_done detected @ "10061425000"
// Interrupt Monitor : interrupt for ap_done detected @ "10469695000"
// Interrupt Monitor : interrupt for ap_done detected @ "10877965000"
// Interrupt Monitor : interrupt for ap_done detected @ "11286235000"
// Interrupt Monitor : interrupt for ap_done detected @ "12850015000"
// Interrupt Monitor : interrupt for ap_done detected @ "13258285000"
// Interrupt Monitor : interrupt for ap_done detected @ "13666555000"
// Interrupt Monitor : interrupt for ap_done detected @ "14074825000"
// Interrupt Monitor : interrupt for ap_done detected @ "15628225000"
// Interrupt Monitor : interrupt for ap_done detected @ "16036495000"
// Interrupt Monitor : interrupt for ap_done detected @ "16444765000"
// Interrupt Monitor : interrupt for ap_done detected @ "16853035000"
// Interrupt Monitor : interrupt for ap_done detected @ "18392085000"
// Interrupt Monitor : interrupt for ap_done detected @ "18560885000"
// Interrupt Monitor : interrupt for ap_done detected @ "18729725000"
// Interrupt Monitor : interrupt for ap_done detected @ "18898635000"
// Interrupt Monitor : interrupt for ap_done detected @ "19701455000"
// Interrupt Monitor : interrupt for ap_done detected @ "19870255000"
// Interrupt Monitor : interrupt for ap_done detected @ "20039095000"
// Interrupt Monitor : interrupt for ap_done detected @ "20208005000"
// Interrupt Monitor : interrupt for ap_done detected @ "20999595000"
MLKEM_ROW,0,2,42,3,62,2,0,3841265,4,1600,1600,58244,57220,0,0,1024,0,0,0,0,0x0001a700
KECCAK_ROW,0,27,27,27,0,16580,2037,3732
// Interrupt Monitor : interrupt for ap_done detected @ "47861865000"
// Interrupt Monitor : interrupt for ap_done detected @ "48043635000"
// Interrupt Monitor : interrupt for ap_done detected @ "48760155000"
// Interrupt Monitor : interrupt for ap_done detected @ "49168425000"
// Interrupt Monitor : interrupt for ap_done detected @ "49576695000"
// Interrupt Monitor : interrupt for ap_done detected @ "49984965000"
// Interrupt Monitor : interrupt for ap_done detected @ "51545325000"
// Interrupt Monitor : interrupt for ap_done detected @ "51953595000"
// Interrupt Monitor : interrupt for ap_done detected @ "52361865000"
// Interrupt Monitor : interrupt for ap_done detected @ "52770135000"
// Interrupt Monitor : interrupt for ap_done detected @ "54334405000"
// Interrupt Monitor : interrupt for ap_done detected @ "54742675000"
// Interrupt Monitor : interrupt for ap_done detected @ "55150945000"
// Interrupt Monitor : interrupt for ap_done detected @ "55559215000"
// Interrupt Monitor : interrupt for ap_done detected @ "57121535000"
// Interrupt Monitor : interrupt for ap_done detected @ "57529805000"
// Interrupt Monitor : interrupt for ap_done detected @ "57938075000"
// Interrupt Monitor : interrupt for ap_done detected @ "58346345000"
// Interrupt Monitor : interrupt for ap_done detected @ "59860395000"
// Interrupt Monitor : interrupt for ap_done detected @ "60029195000"
// Interrupt Monitor : interrupt for ap_done detected @ "60198035000"
// Interrupt Monitor : interrupt for ap_done detected @ "60366945000"
// Interrupt Monitor : interrupt for ap_done detected @ "61169765000"
// Interrupt Monitor : interrupt for ap_done detected @ "61338565000"
// Interrupt Monitor : interrupt for ap_done detected @ "61507405000"
// Interrupt Monitor : interrupt for ap_done detected @ "61676315000"
// Interrupt Monitor : interrupt for ap_done detected @ "62467905000"
MLKEM_ROW,1,2,42,3,63,2,0,3841558,4,1600,1600,58244,57220,0,0,1024,0,0,0,0,0x0001a700
KECCAK_ROW,1,27,27,27,0,16580,2037,3732
// Interrupt Monitor : interrupt for ap_done detected @ "89330175000"
// Interrupt Monitor : interrupt for ap_done detected @ "89511945000"
// Interrupt Monitor : interrupt for ap_done detected @ "90228465000"
// Interrupt Monitor : interrupt for ap_done detected @ "90636735000"
// Interrupt Monitor : interrupt for ap_done detected @ "91045005000"
// Interrupt Monitor : interrupt for ap_done detected @ "91453275000"
// Interrupt Monitor : interrupt for ap_done detected @ "93022625000"
// Interrupt Monitor : interrupt for ap_done detected @ "93430895000"
// Interrupt Monitor : interrupt for ap_done detected @ "93839165000"
// Interrupt Monitor : interrupt for ap_done detected @ "94247435000"
// Interrupt Monitor : interrupt for ap_done detected @ "95800905000"
// Interrupt Monitor : interrupt for ap_done detected @ "96209175000"
// Interrupt Monitor : interrupt for ap_done detected @ "96617445000"
// Interrupt Monitor : interrupt for ap_done detected @ "97025715000"
// Interrupt Monitor : interrupt for ap_done detected @ "98589125000"
// Interrupt Monitor : interrupt for ap_done detected @ "98997395000"
// Interrupt Monitor : interrupt for ap_done detected @ "99405665000"
// Interrupt Monitor : interrupt for ap_done detected @ "99813935000"
// Interrupt Monitor : interrupt for ap_done detected @ "101361825000"
// Interrupt Monitor : interrupt for ap_done detected @ "101530625000"
// Interrupt Monitor : interrupt for ap_done detected @ "101699465000"
// Interrupt Monitor : interrupt for ap_done detected @ "101868375000"
// Interrupt Monitor : interrupt for ap_done detected @ "102671195000"
// Interrupt Monitor : interrupt for ap_done detected @ "102839995000"
// Interrupt Monitor : interrupt for ap_done detected @ "103008835000"
// Interrupt Monitor : interrupt for ap_done detected @ "103177745000"
// Interrupt Monitor : interrupt for ap_done detected @ "103969335000"
MLKEM_ROW,2,2,42,3,64,2,0,3844870,4,1600,1600,58244,57220,0,0,1024,0,0,0,0,0x0001a700
KECCAK_ROW,2,27,27,27,0,16580,2037,3732
// Interrupt Monitor : interrupt for ap_done detected @ "130831605000"
// Interrupt Monitor : interrupt for ap_done detected @ "131013375000"
// Interrupt Monitor : interrupt for ap_done detected @ "131729895000"
// Interrupt Monitor : interrupt for ap_done detected @ "132138165000"
// Interrupt Monitor : interrupt for ap_done detected @ "132546435000"
// Interrupt Monitor : interrupt for ap_done detected @ "132954705000"
// Interrupt Monitor : interrupt for ap_done detected @ "134513245000"
// Interrupt Monitor : interrupt for ap_done detected @ "134921515000"
// Interrupt Monitor : interrupt for ap_done detected @ "135329785000"
// Interrupt Monitor : interrupt for ap_done detected @ "135738055000"
// Interrupt Monitor : interrupt for ap_done detected @ "137315715000"
// Interrupt Monitor : interrupt for ap_done detected @ "137723985000"
// Interrupt Monitor : interrupt for ap_done detected @ "138132255000"
// Interrupt Monitor : interrupt for ap_done detected @ "138540525000"
// Interrupt Monitor : interrupt for ap_done detected @ "140107365000"
// Interrupt Monitor : interrupt for ap_done detected @ "140515635000"
// Interrupt Monitor : interrupt for ap_done detected @ "140923905000"
// Interrupt Monitor : interrupt for ap_done detected @ "141332175000"
// Interrupt Monitor : interrupt for ap_done detected @ "142865375000"
// Interrupt Monitor : interrupt for ap_done detected @ "143034175000"
// Interrupt Monitor : interrupt for ap_done detected @ "143203015000"
// Interrupt Monitor : interrupt for ap_done detected @ "143371925000"
// Interrupt Monitor : interrupt for ap_done detected @ "144174745000"
// Interrupt Monitor : interrupt for ap_done detected @ "144343545000"
// Interrupt Monitor : interrupt for ap_done detected @ "144512385000"
// Interrupt Monitor : interrupt for ap_done detected @ "144681295000"
// Interrupt Monitor : interrupt for ap_done detected @ "145472885000"
MLKEM_ROW,3,2,42,3,65,2,0,3845082,4,1600,1600,58244,57220,0,0,1024,0,0,0,0,0x0001a700
KECCAK_ROW,3,27,27,27,0,16580,2037,3732
// Interrupt Monitor : interrupt for ap_done detected @ "172335155000"
// Interrupt Monitor : interrupt for ap_done detected @ "172516925000"
// Interrupt Monitor : interrupt for ap_done detected @ "173233445000"
// Interrupt Monitor : interrupt for ap_done detected @ "173641715000"
// Interrupt Monitor : interrupt for ap_done detected @ "174049985000"
// Interrupt Monitor : interrupt for ap_done detected @ "174458255000"
// Interrupt Monitor : interrupt for ap_done detected @ "176012295000"
// Interrupt Monitor : interrupt for ap_done detected @ "176420565000"
// Interrupt Monitor : interrupt for ap_done detected @ "176828835000"
// Interrupt Monitor : interrupt for ap_done detected @ "177237105000"
// Interrupt Monitor : interrupt for ap_done detected @ "178787025000"
// Interrupt Monitor : interrupt for ap_done detected @ "179195295000"
// Interrupt Monitor : interrupt for ap_done detected @ "179603565000"
// Interrupt Monitor : interrupt for ap_done detected @ "180011835000"
// Interrupt Monitor : interrupt for ap_done detected @ "181573365000"
// Interrupt Monitor : interrupt for ap_done detected @ "181981635000"
// Interrupt Monitor : interrupt for ap_done detected @ "182389905000"
// Interrupt Monitor : interrupt for ap_done detected @ "182798175000"
// Interrupt Monitor : interrupt for ap_done detected @ "184331345000"
// Interrupt Monitor : interrupt for ap_done detected @ "184500145000"
// Interrupt Monitor : interrupt for ap_done detected @ "184668985000"
// Interrupt Monitor : interrupt for ap_done detected @ "184837895000"
// Interrupt Monitor : interrupt for ap_done detected @ "185640715000"
// Interrupt Monitor : interrupt for ap_done detected @ "185809515000"
// Interrupt Monitor : interrupt for ap_done detected @ "185978355000"
// Interrupt Monitor : interrupt for ap_done detected @ "186147265000"
// Interrupt Monitor : interrupt for ap_done detected @ "186938855000"
MLKEM_ROW,4,2,42,3,66,2,0,3841324,4,1600,1600,58244,57220,0,0,1024,0,0,0,0,0x0001a700
KECCAK_ROW,4,27,27,27,0,16580,2037,3732
// Interrupt Monitor : interrupt for ap_done detected @ "213801125000"
// Interrupt Monitor : interrupt for ap_done detected @ "213982895000"
// Interrupt Monitor : interrupt for ap_done detected @ "214699415000"
// Interrupt Monitor : interrupt for ap_done detected @ "215107685000"
// Interrupt Monitor : interrupt for ap_done detected @ "215515955000"
// Interrupt Monitor : interrupt for ap_done detected @ "215924225000"
// Interrupt Monitor : interrupt for ap_done detected @ "217489765000"
// Interrupt Monitor : interrupt for ap_done detected @ "217898035000"
// Interrupt Monitor : interrupt for ap_done detected @ "218306305000"
// Interrupt Monitor : interrupt for ap_done detected @ "218714575000"
// Interrupt Monitor : interrupt for ap_done detected @ "220278485000"
// Interrupt Monitor : interrupt for ap_done detected @ "220686755000"
// Interrupt Monitor : interrupt for ap_done detected @ "221095025000"
// Interrupt Monitor : interrupt for ap_done detected @ "221503295000"
// Interrupt Monitor : interrupt for ap_done detected @ "223068065000"
// Interrupt Monitor : interrupt for ap_done detected @ "223476335000"
// Interrupt Monitor : interrupt for ap_done detected @ "223884605000"
// Interrupt Monitor : interrupt for ap_done detected @ "224292875000"
// Interrupt Monitor : interrupt for ap_done detected @ "225810705000"
// Interrupt Monitor : interrupt for ap_done detected @ "225979505000"
// Interrupt Monitor : interrupt for ap_done detected @ "226148345000"
// Interrupt Monitor : interrupt for ap_done detected @ "226317255000"
// Interrupt Monitor : interrupt for ap_done detected @ "227120075000"
// Interrupt Monitor : interrupt for ap_done detected @ "227288875000"
// Interrupt Monitor : interrupt for ap_done detected @ "227457715000"
// Interrupt Monitor : interrupt for ap_done detected @ "227626625000"
// Interrupt Monitor : interrupt for ap_done detected @ "228418215000"
MLKEM_ROW,5,2,42,3,67,2,0,3842663,4,1600,1600,58244,57220,0,0,1024,0,0,0,0,0x0001a700
KECCAK_ROW,5,27,27,27,0,16580,2037,3732
// Interrupt Monitor : interrupt for ap_done detected @ "255280485000"
// Interrupt Monitor : interrupt for ap_done detected @ "255462255000"
// Interrupt Monitor : interrupt for ap_done detected @ "256178775000"
// Interrupt Monitor : interrupt for ap_done detected @ "256587045000"
// Interrupt Monitor : interrupt for ap_done detected @ "256995315000"
// Interrupt Monitor : interrupt for ap_done detected @ "257403585000"
// Interrupt Monitor : interrupt for ap_done detected @ "258960665000"
// Interrupt Monitor : interrupt for ap_done detected @ "259368935000"
// Interrupt Monitor : interrupt for ap_done detected @ "259777205000"
// Interrupt Monitor : interrupt for ap_done detected @ "260185475000"
// Interrupt Monitor : interrupt for ap_done detected @ "261762835000"
// Interrupt Monitor : interrupt for ap_done detected @ "262171105000"
// Interrupt Monitor : interrupt for ap_done detected @ "262579375000"
// Interrupt Monitor : interrupt for ap_done detected @ "262987645000"
// Interrupt Monitor : interrupt for ap_done detected @ "264558155000"
// Interrupt Monitor : interrupt for ap_done detected @ "264966425000"
// Interrupt Monitor : interrupt for ap_done detected @ "265374695000"
// Interrupt Monitor : interrupt for ap_done detected @ "265782965000"
// Interrupt Monitor : interrupt for ap_done detected @ "267299175000"
// Interrupt Monitor : interrupt for ap_done detected @ "267467975000"
// Interrupt Monitor : interrupt for ap_done detected @ "267636815000"
// Interrupt Monitor : interrupt for ap_done detected @ "267805725000"
// Interrupt Monitor : interrupt for ap_done detected @ "268608545000"
// Interrupt Monitor : interrupt for ap_done detected @ "268777345000"
// Interrupt Monitor : interrupt for ap_done detected @ "268946185000"
// Interrupt Monitor : interrupt for ap_done detected @ "269115095000"
// Interrupt Monitor : interrupt for ap_done detected @ "269906685000"
MLKEM_ROW,6,2,42,3,68,2,0,3843574,4,1600,1600,58244,57220,0,0,1024,0,0,0,0,0x0001a700
KECCAK_ROW,6,27,27,27,0,16580,2037,3732
// Interrupt Monitor : interrupt for ap_done detected @ "296768955000"
// Interrupt Monitor : interrupt for ap_done detected @ "296950725000"
// Interrupt Monitor : interrupt for ap_done detected @ "297667245000"
// Interrupt Monitor : interrupt for ap_done detected @ "298075515000"
// Interrupt Monitor : interrupt for ap_done detected @ "298483785000"
// Interrupt Monitor : interrupt for ap_done detected @ "298892055000"
// Interrupt Monitor : interrupt for ap_done detected @ "300454875000"
// Interrupt Monitor : interrupt for ap_done detected @ "300863145000"
// Interrupt Monitor : interrupt for ap_done detected @ "301271415000"
// Interrupt Monitor : interrupt for ap_done detected @ "301679685000"
// Interrupt Monitor : interrupt for ap_done detected @ "303232385000"
// Interrupt Monitor : interrupt for ap_done detected @ "303640655000"
// Interrupt Monitor : interrupt for ap_done detected @ "304048925000"
// Interrupt Monitor : interrupt for ap_done detected @ "304457195000"
// Interrupt Monitor : interrupt for ap_done detected @ "306017535000"
// Interrupt Monitor : interrupt for ap_done detected @ "306425805000"
// Interrupt Monitor : interrupt for ap_done detected @ "306834075000"
// Interrupt Monitor : interrupt for ap_done detected @ "307242345000"
// Interrupt Monitor : interrupt for ap_done detected @ "308759745000"
// Interrupt Monitor : interrupt for ap_done detected @ "308928545000"
// Interrupt Monitor : interrupt for ap_done detected @ "309097385000"
// Interrupt Monitor : interrupt for ap_done detected @ "309266295000"
// Interrupt Monitor : interrupt for ap_done detected @ "310069115000"
// Interrupt Monitor : interrupt for ap_done detected @ "310237915000"
// Interrupt Monitor : interrupt for ap_done detected @ "310406755000"
// Interrupt Monitor : interrupt for ap_done detected @ "310575665000"
// Interrupt Monitor : interrupt for ap_done detected @ "311367255000"
MLKEM_ROW,7,2,42,3,69,2,0,3840784,4,1600,1600,58244,57220,0,0,1024,0,0,0,0,0x0001a700
KECCAK_ROW,7,27,27,27,0,16580,2037,3732
MLKEM_PASS cases=8 input_bytes=12800 output_bytes=12800 cpu_mul=1 cpu_fast_mul=1 cpu_div=1 expect_m=1 cycles=33273842 all_m=465952 min_sp=0x0001a700 stack_used=22768
KECCAK_PASS cases=8 starts=216 done=216 hash=216 squeeze=0
$finish called at time : 332738735 ns : File "E:/hls/k4kat_timing_decode_v3/20261004_175021_879940/snapshot/tb/tb_mlkem1024_keccak_kat.sv" Line 357
INFO: xsimkernel Simulation Memory Usage: 32308 KB (Peak: 32308 KB), Simulation CPU Usage: 718937 ms
