Copyright 1986-2022 Xilinx, Inc. All Rights Reserved. Copyright 2022-2024 Advanced Micro Devices, Inc. All Rights Reserved.
---------------------------------------------------------------------------------------------------------------------------------------------
| Tool Version : Vivado v.2024.2 (win64) Build 5239630 Fri Nov 08 22:35:27 MST 2024
| Date         : Sun Sep 27 20:00:43 2026
| Host         : DESKTOP-H0SRFHK running 64-bit major release  (build 9200)
| Command      : report_utilization -hierarchical -file E:/hls/k4sys/20260927_194022/keccak/reports/utilization_hierarchical.rpt
| Design       : mlkem1024_keccak_system
| Device       : xc7z020clg400-1
| Speed File   : -1
| Design State : Routed
---------------------------------------------------------------------------------------------------------------------------------------------

Utilization Design Information

Table of Contents
-----------------
1. Utilization by Hierarchy

1. Utilization by Hierarchy
---------------------------

+---------------------------------------------------------------------+---------------------------------------------------------------------------------------------------------+------------+------------+---------+------+-------+--------+--------+------------+
|                               Instance                              |                                                  Module                                                 | Total LUTs | Logic LUTs | LUTRAMs | SRLs |  FFs  | RAMB36 | RAMB18 | DSP Blocks |
+---------------------------------------------------------------------+---------------------------------------------------------------------------------------------------------+------------+------------+---------+------+-------+--------+--------+------------+
| mlkem1024_keccak_system                                             |                                                                                                   (top) |      19084 |      19040 |      44 |    0 | 16970 |     34 |      1 |          4 |
|   (mlkem1024_keccak_system)                                         |                                                                                                   (top) |          0 |          0 |       0 |    0 |   616 |      0 |      0 |          0 |
|   adapter_i                                                         |                                                                                     keccak_mmio_adapter |      17199 |      17199 |       0 |    0 | 15577 |      2 |      1 |          0 |
|     (adapter_i)                                                     |                                                                                     keccak_mmio_adapter |        138 |        138 |       0 |    0 |   257 |      2 |      1 |          0 |
|     hls_i                                                           |                                                                                  mlkem1024_keccak_accel |      17061 |      17061 |       0 |    0 | 15320 |      0 |      0 |          0 |
|       (hls_i)                                                       |                                                                                  mlkem1024_keccak_accel |       2891 |       2891 |       0 |    0 | 10415 |      0 |      0 |          0 |
|       control_s_axi_U                                               |                                                                    mlkem1024_keccak_accel_control_s_axi |        211 |        211 |       0 |    0 |   135 |      0 |      0 |          0 |
|       grp_mlkem1024_keccak_accel_Pipeline_ABSORB_WORDS_fu_2454      |                                     mlkem1024_keccak_accel_mlkem1024_keccak_accel_Pipeline_ABSORB_WORDS |       3871 |       3871 |       0 |    0 |  1457 |      0 |      0 |          0 |
|         (grp_mlkem1024_keccak_accel_Pipeline_ABSORB_WORDS_fu_2454)  |                                     mlkem1024_keccak_accel_mlkem1024_keccak_accel_Pipeline_ABSORB_WORDS |       3124 |       3124 |       0 |    0 |  1455 |      0 |      0 |          0 |
|         flow_control_loop_pipe_sequential_init_U                    |                                         mlkem1024_keccak_accel_flow_control_loop_pipe_sequential_init_3 |        747 |        747 |       0 |    0 |     2 |      0 |      0 |          0 |
|       grp_mlkem1024_keccak_accel_Pipeline_CLEAR_CONTEXT_fu_2416     |                                    mlkem1024_keccak_accel_mlkem1024_keccak_accel_Pipeline_CLEAR_CONTEXT |         21 |         21 |       0 |    0 |     7 |      0 |      0 |          0 |
|         (grp_mlkem1024_keccak_accel_Pipeline_CLEAR_CONTEXT_fu_2416) |                                    mlkem1024_keccak_accel_mlkem1024_keccak_accel_Pipeline_CLEAR_CONTEXT |          0 |          0 |       0 |    0 |     5 |      0 |      0 |          0 |
|         flow_control_loop_pipe_sequential_init_U                    |                                         mlkem1024_keccak_accel_flow_control_loop_pipe_sequential_init_2 |         21 |         21 |       0 |    0 |     2 |      0 |      0 |          0 |
|       grp_mlkem1024_keccak_accel_Pipeline_LOAD_CONTEXT_fu_2422      |                                     mlkem1024_keccak_accel_mlkem1024_keccak_accel_Pipeline_LOAD_CONTEXT |       1660 |       1660 |       0 |    0 |  1614 |      0 |      0 |          0 |
|         (grp_mlkem1024_keccak_accel_Pipeline_LOAD_CONTEXT_fu_2422)  |                                     mlkem1024_keccak_accel_mlkem1024_keccak_accel_Pipeline_LOAD_CONTEXT |       1640 |       1640 |       0 |    0 |  1612 |      0 |      0 |          0 |
|         flow_control_loop_pipe_sequential_init_U                    |                                         mlkem1024_keccak_accel_flow_control_loop_pipe_sequential_init_1 |         20 |         20 |       0 |    0 |     2 |      0 |      0 |          0 |
|       grp_mlkem1024_keccak_accel_Pipeline_SAVE_CONTEXT_fu_2559      |                                     mlkem1024_keccak_accel_mlkem1024_keccak_accel_Pipeline_SAVE_CONTEXT |        583 |        583 |       0 |    0 |    77 |      0 |      0 |          0 |
|         (grp_mlkem1024_keccak_accel_Pipeline_SAVE_CONTEXT_fu_2559)  |                                     mlkem1024_keccak_accel_mlkem1024_keccak_accel_Pipeline_SAVE_CONTEXT |        117 |        117 |       0 |    0 |    75 |      0 |      0 |          0 |
|         flow_control_loop_pipe_sequential_init_U                    |                                         mlkem1024_keccak_accel_flow_control_loop_pipe_sequential_init_0 |        466 |        466 |       0 |    0 |     2 |      0 |      0 |          0 |
|       grp_p_anonymous_namespace_keccak_f1600_fu_2505                |                                               mlkem1024_keccak_accel_p_anonymous_namespace_keccak_f1600 |       7827 |       7827 |       0 |    0 |  1615 |      0 |      0 |          0 |
|         (grp_p_anonymous_namespace_keccak_f1600_fu_2505)            |                                               mlkem1024_keccak_accel_p_anonymous_namespace_keccak_f1600 |       2946 |       2946 |       0 |    0 |  1606 |      0 |      0 |          0 |
|         flow_control_loop_pipe_sequential_init_U                    |                                           mlkem1024_keccak_accel_flow_control_loop_pipe_sequential_init |       4875 |       4875 |       0 |    0 |     2 |      0 |      0 |          0 |
|         p_anonymous_namespace_ROUND_CONSTANTS_U                     | mlkem1024_keccak_accel_p_anonymous_namespace_keccak_f1600_p_anonymous_namespace_ROUND_CONSTANTS_ROM_bkb |          7 |          7 |       0 |    0 |     7 |      0 |      0 |          0 |
|   cpu                                                               |                                                                                            picorv32_axi |       1879 |       1835 |      44 |    0 |   777 |      0 |      0 |          4 |
|     (cpu)                                                           |                                                                                            picorv32_axi |         10 |         10 |       0 |    0 |     0 |      0 |      0 |          0 |
|     axi_adapter                                                     |                                                                                    picorv32_axi_adapter |          3 |          3 |       0 |    0 |     4 |      0 |      0 |          0 |
|     picorv32_core                                                   |                                                                                                picorv32 |       1866 |       1822 |      44 |    0 |   773 |      0 |      0 |          4 |
|       (picorv32_core)                                               |                                                                                                picorv32 |       1241 |       1197 |      44 |    0 |   536 |      0 |      0 |          0 |
|       pcpi_div                                                      |                                                                                       picorv32_pcpi_div |        343 |        343 |       0 |    0 |   200 |      0 |      0 |          0 |
|       pcpi_mul                                                      |                                                                                  picorv32_pcpi_fast_mul |        290 |        290 |       0 |    0 |    37 |      0 |      0 |          4 |
|   firmware_bram                                                     |                                                                                        xpm_memory_spram |         42 |         42 |       0 |    0 |     0 |     32 |      0 |          0 |
|     (firmware_bram)                                                 |                                                                                        xpm_memory_spram |         42 |         42 |       0 |    0 |     0 |      0 |      0 |          0 |
|     xpm_memory_base_inst                                            |                                                                                         xpm_memory_base |          0 |          0 |       0 |    0 |     0 |     32 |      0 |          0 |
+---------------------------------------------------------------------+---------------------------------------------------------------------------------------------------------+------------+------------+---------+------+-------+--------+--------+------------+
* Note: The sum of lower-level cells may be larger than their parent cells total, due to cross-hierarchy LUT combining


