Time resolution is 1 ps
AXI_PROTOCOL_PASS checks=53 stalled_responses=107 busy_aborts=1
// Interrupt Monitor : interrupt for ap_done detected @ "4985685000"
// Interrupt Monitor : interrupt for ap_done detected @ "5190935000"
// Interrupt Monitor : interrupt for ap_done detected @ "5599205000"
// Interrupt Monitor : interrupt for ap_done detected @ "6007475000"
// Interrupt Monitor : interrupt for ap_done detected @ "6415745000"
// Interrupt Monitor : interrupt for ap_done detected @ "7978005000"
// Interrupt Monitor : interrupt for ap_done detected @ "8386275000"
// Interrupt Monitor : interrupt for ap_done detected @ "8794545000"
// Interrupt Monitor : interrupt for ap_done detected @ "9202815000"
// Interrupt Monitor : interrupt for ap_done detected @ "10772425000"
// Interrupt Monitor : interrupt for ap_done detected @ "11180695000"
// Interrupt Monitor : interrupt for ap_done detected @ "11588965000"
// Interrupt Monitor : interrupt for ap_done detected @ "11997235000"
// Interrupt Monitor : interrupt for ap_done detected @ "13543155000"
// Interrupt Monitor : interrupt for ap_done detected @ "13951425000"
// Interrupt Monitor : interrupt for ap_done detected @ "14359695000"
// Interrupt Monitor : interrupt for ap_done detected @ "14767965000"
// Interrupt Monitor : interrupt for ap_done detected @ "16299755000"
// Interrupt Monitor : interrupt for ap_done detected @ "16468555000"
// Interrupt Monitor : interrupt for ap_done detected @ "16637395000"
// Interrupt Monitor : interrupt for ap_done detected @ "16806305000"
// Interrupt Monitor : interrupt for ap_done detected @ "17609125000"
// Interrupt Monitor : interrupt for ap_done detected @ "17777925000"
// Interrupt Monitor : interrupt for ap_done detected @ "17946765000"
// Interrupt Monitor : interrupt for ap_done detected @ "18115675000"
// Interrupt Monitor : interrupt for ap_done detected @ "36014345000"
AXI_KAT_ROW case=0 op=1 return=0 cycles=3120941 empty=4 starts=26 busy=16293 writes=1969 reads=3648 input_bytes=64 output_bytes=4736
// Interrupt Monitor : interrupt for ap_done detected @ "43854275000"
// Interrupt Monitor : interrupt for ap_done detected @ "44036045000"
// Interrupt Monitor : interrupt for ap_done detected @ "44752565000"
// Interrupt Monitor : interrupt for ap_done detected @ "45160835000"
// Interrupt Monitor : interrupt for ap_done detected @ "45569105000"
// Interrupt Monitor : interrupt for ap_done detected @ "45977375000"
// Interrupt Monitor : interrupt for ap_done detected @ "47533985000"
// Interrupt Monitor : interrupt for ap_done detected @ "47942255000"
// Interrupt Monitor : interrupt for ap_done detected @ "48350525000"
// Interrupt Monitor : interrupt for ap_done detected @ "48758795000"
// Interrupt Monitor : interrupt for ap_done detected @ "50310615000"
// Interrupt Monitor : interrupt for ap_done detected @ "50718885000"
// Interrupt Monitor : interrupt for ap_done detected @ "51127155000"
// Interrupt Monitor : interrupt for ap_done detected @ "51535425000"
// Interrupt Monitor : interrupt for ap_done detected @ "53100725000"
// Interrupt Monitor : interrupt for ap_done detected @ "53508995000"
// Interrupt Monitor : interrupt for ap_done detected @ "53917265000"
// Interrupt Monitor : interrupt for ap_done detected @ "54325535000"
// Interrupt Monitor : interrupt for ap_done detected @ "55852515000"
// Interrupt Monitor : interrupt for ap_done detected @ "56021315000"
// Interrupt Monitor : interrupt for ap_done detected @ "56190155000"
// Interrupt Monitor : interrupt for ap_done detected @ "56359065000"
// Interrupt Monitor : interrupt for ap_done detected @ "57161885000"
// Interrupt Monitor : interrupt for ap_done detected @ "57330685000"
// Interrupt Monitor : interrupt for ap_done detected @ "57499525000"
// Interrupt Monitor : interrupt for ap_done detected @ "57668435000"
// Interrupt Monitor : interrupt for ap_done detected @ "58460025000"
AXI_KAT_ROW case=1 op=2 return=0 cycles=3841521 empty=4 starts=27 busy=16580 writes=2037 reads=3732 input_bytes=1600 output_bytes=1600
// Interrupt Monitor : interrupt for ap_done detected @ "83525685000"
// Interrupt Monitor : interrupt for ap_done detected @ "92640555000"
// Interrupt Monitor : interrupt for ap_done detected @ "93357115000"
// Interrupt Monitor : interrupt for ap_done detected @ "93765385000"
// Interrupt Monitor : interrupt for ap_done detected @ "94173655000"
// Interrupt Monitor : interrupt for ap_done detected @ "94581925000"
// Interrupt Monitor : interrupt for ap_done detected @ "96136885000"
// Interrupt Monitor : interrupt for ap_done detected @ "96545155000"
// Interrupt Monitor : interrupt for ap_done detected @ "96953425000"
// Interrupt Monitor : interrupt for ap_done detected @ "97361695000"
// Interrupt Monitor : interrupt for ap_done detected @ "98919575000"
// Interrupt Monitor : interrupt for ap_done detected @ "99327845000"
// Interrupt Monitor : interrupt for ap_done detected @ "99736115000"
// Interrupt Monitor : interrupt for ap_done detected @ "100144385000"
// Interrupt Monitor : interrupt for ap_done detected @ "101723545000"
// Interrupt Monitor : interrupt for ap_done detected @ "102131815000"
// Interrupt Monitor : interrupt for ap_done detected @ "102540085000"
// Interrupt Monitor : interrupt for ap_done detected @ "102948355000"
// Interrupt Monitor : interrupt for ap_done detected @ "104297965000"
// Interrupt Monitor : interrupt for ap_done detected @ "104459515000"
// Interrupt Monitor : interrupt for ap_done detected @ "104621065000"
// Interrupt Monitor : interrupt for ap_done detected @ "104782615000"
// Interrupt Monitor : interrupt for ap_done detected @ "105142035000"
// Interrupt Monitor : interrupt for ap_done detected @ "105310835000"
// Interrupt Monitor : interrupt for ap_done detected @ "105479675000"
// Interrupt Monitor : interrupt for ap_done detected @ "105648585000"
// Interrupt Monitor : interrupt for ap_done detected @ "106451405000"
// Interrupt Monitor : interrupt for ap_done detected @ "106620205000"
// Interrupt Monitor : interrupt for ap_done detected @ "106789045000"
// Interrupt Monitor : interrupt for ap_done detected @ "106957955000"
// Interrupt Monitor : interrupt for ap_done detected @ "107749545000"
// Interrupt Monitor : interrupt for ap_done detected @ "129261385000"
AXI_KAT_ROW case=2 op=3 return=0 cycles=4658615 empty=4 starts=32 busy=19040 writes=2697 reads=4168 input_bytes=4736 output_bytes=32
AXI_KAT_PASS cases=3 starts=85 output_bytes=6368 transactions=127119 stalled_responses=2090 busy_aborts=1
$finish called at time : 129511090 ns : File "E:/hls/k4pynq/20261004_psaxi02/snapshot/tb/tb_mlkem1024_keccak_axi.sv" Line 389
INFO: xsimkernel Simulation Memory Usage: 30676 KB (Peak: 30676 KB), Simulation CPU Usage: 264062 ms
