Time resolution is 1 ps
MLKEM_HEADER,index,dataset,vsId,tgId,tcId,op,return_code,raw_cycles,empty_cycles,input_bytes,output_bytes,m_total,mul,mulh,mulhsu,mulhu,div,divu,rem,remu,min_sp
MLKEM_START cases=8 ram_bytes=131072 stack_bytes=32768 clock_mhz=100 mul=1 fast_mul=1 div=1 expect_m=1
// Interrupt Monitor : interrupt for ap_done detected @ "6211705000"
// Interrupt Monitor : interrupt for ap_done detected @ "15326575000"
// Interrupt Monitor : interrupt for ap_done detected @ "16043135000"
// Interrupt Monitor : interrupt for ap_done detected @ "16451405000"
// Interrupt Monitor : interrupt for ap_done detected @ "16859675000"
// Interrupt Monitor : interrupt for ap_done detected @ "17267945000"
// Interrupt Monitor : interrupt for ap_done detected @ "18835465000"
// Interrupt Monitor : interrupt for ap_done detected @ "19243735000"
// Interrupt Monitor : interrupt for ap_done detected @ "19652005000"
// Interrupt Monitor : interrupt for ap_done detected @ "20060275000"
// Interrupt Monitor : interrupt for ap_done detected @ "21634625000"
// Interrupt Monitor : interrupt for ap_done detected @ "22042895000"
// Interrupt Monitor : interrupt for ap_done detected @ "22451165000"
// Interrupt Monitor : interrupt for ap_done detected @ "22859435000"
// Interrupt Monitor : interrupt for ap_done detected @ "24404155000"
// Interrupt Monitor : interrupt for ap_done detected @ "24812425000"
// Interrupt Monitor : interrupt for ap_done detected @ "25220695000"
// Interrupt Monitor : interrupt for ap_done detected @ "25628965000"
// Interrupt Monitor : interrupt for ap_done detected @ "27130415000"
// Interrupt Monitor : interrupt for ap_done detected @ "27299215000"
// Interrupt Monitor : interrupt for ap_done detected @ "27468055000"
// Interrupt Monitor : interrupt for ap_done detected @ "27636965000"
// Interrupt Monitor : interrupt for ap_done detected @ "28439785000"
// Interrupt Monitor : interrupt for ap_done detected @ "28608585000"
// Interrupt Monitor : interrupt for ap_done detected @ "28777425000"
// Interrupt Monitor : interrupt for ap_done detected @ "28946335000"
// Interrupt Monitor : interrupt for ap_done detected @ "29737925000"
// Interrupt Monitor : interrupt for ap_done detected @ "51249765000"
MLKEM_ROW,0,2,42,6,99,3,0,4588859,4,4736,32,78340,77316,0,0,1024,0,0,0,0,0x0001a0b0
KECCAK_ROW,0,28,28,28,0,17856,2489,3792
// Interrupt Monitor : interrupt for ap_done detected @ "56804025000"
// Interrupt Monitor : interrupt for ap_done detected @ "65918895000"
// Interrupt Monitor : interrupt for ap_done detected @ "66635455000"
// Interrupt Monitor : interrupt for ap_done detected @ "67043725000"
// Interrupt Monitor : interrupt for ap_done detected @ "67451995000"
// Interrupt Monitor : interrupt for ap_done detected @ "67860265000"
// Interrupt Monitor : interrupt for ap_done detected @ "69425035000"
// Interrupt Monitor : interrupt for ap_done detected @ "69833305000"
// Interrupt Monitor : interrupt for ap_done detected @ "70241575000"
// Interrupt Monitor : interrupt for ap_done detected @ "70649845000"
// Interrupt Monitor : interrupt for ap_done detected @ "72204905000"
// Interrupt Monitor : interrupt for ap_done detected @ "72613175000"
// Interrupt Monitor : interrupt for ap_done detected @ "73021445000"
// Interrupt Monitor : interrupt for ap_done detected @ "73429715000"
// Interrupt Monitor : interrupt for ap_done detected @ "75007685000"
// Interrupt Monitor : interrupt for ap_done detected @ "75415955000"
// Interrupt Monitor : interrupt for ap_done detected @ "75824225000"
// Interrupt Monitor : interrupt for ap_done detected @ "76232495000"
// Interrupt Monitor : interrupt for ap_done detected @ "77761235000"
// Interrupt Monitor : interrupt for ap_done detected @ "77930035000"
// Interrupt Monitor : interrupt for ap_done detected @ "78098875000"
// Interrupt Monitor : interrupt for ap_done detected @ "78267785000"
// Interrupt Monitor : interrupt for ap_done detected @ "79070605000"
// Interrupt Monitor : interrupt for ap_done detected @ "79239405000"
// Interrupt Monitor : interrupt for ap_done detected @ "79408245000"
// Interrupt Monitor : interrupt for ap_done detected @ "79577155000"
// Interrupt Monitor : interrupt for ap_done detected @ "80368745000"
// Interrupt Monitor : interrupt for ap_done detected @ "101880585000"
MLKEM_ROW,1,2,42,6,100,3,0,4592709,4,4736,32,78340,77316,0,0,1024,0,0,0,0,0x0001a0b0
KECCAK_ROW,1,28,28,28,0,17856,2489,3792
// Interrupt Monitor : interrupt for ap_done detected @ "107434845000"
// Interrupt Monitor : interrupt for ap_done detected @ "116549715000"
// Interrupt Monitor : interrupt for ap_done detected @ "117266275000"
// Interrupt Monitor : interrupt for ap_done detected @ "117674545000"
// Interrupt Monitor : interrupt for ap_done detected @ "118082815000"
// Interrupt Monitor : interrupt for ap_done detected @ "118491085000"
// Interrupt Monitor : interrupt for ap_done detected @ "120053375000"
// Interrupt Monitor : interrupt for ap_done detected @ "120461645000"
// Interrupt Monitor : interrupt for ap_done detected @ "120869915000"
// Interrupt Monitor : interrupt for ap_done detected @ "121278185000"
// Interrupt Monitor : interrupt for ap_done detected @ "122840145000"
// Interrupt Monitor : interrupt for ap_done detected @ "123248415000"
// Interrupt Monitor : interrupt for ap_done detected @ "123656685000"
// Interrupt Monitor : interrupt for ap_done detected @ "124064955000"
// Interrupt Monitor : interrupt for ap_done detected @ "125633845000"
// Interrupt Monitor : interrupt for ap_done detected @ "126042115000"
// Interrupt Monitor : interrupt for ap_done detected @ "126450385000"
// Interrupt Monitor : interrupt for ap_done detected @ "126858655000"
// Interrupt Monitor : interrupt for ap_done detected @ "128389775000"
// Interrupt Monitor : interrupt for ap_done detected @ "128558575000"
// Interrupt Monitor : interrupt for ap_done detected @ "128727415000"
// Interrupt Monitor : interrupt for ap_done detected @ "128896325000"
// Interrupt Monitor : interrupt for ap_done detected @ "129699145000"
// Interrupt Monitor : interrupt for ap_done detected @ "129867945000"
// Interrupt Monitor : interrupt for ap_done detected @ "130036785000"
// Interrupt Monitor : interrupt for ap_done detected @ "130205695000"
// Interrupt Monitor : interrupt for ap_done detected @ "130997285000"
// Interrupt Monitor : interrupt for ap_done detected @ "152509125000"
MLKEM_ROW,2,2,42,6,101,3,0,4592481,4,4736,32,78340,77316,0,0,1024,0,0,0,0,0x0001a0b0
KECCAK_ROW,2,28,28,28,0,17856,2489,3792
// Interrupt Monitor : interrupt for ap_done detected @ "158063385000"
// Interrupt Monitor : interrupt for ap_done detected @ "167178255000"
// Interrupt Monitor : interrupt for ap_done detected @ "167894815000"
// Interrupt Monitor : interrupt for ap_done detected @ "168303085000"
// Interrupt Monitor : interrupt for ap_done detected @ "168711355000"
// Interrupt Monitor : interrupt for ap_done detected @ "169119625000"
// Interrupt Monitor : interrupt for ap_done detected @ "170688335000"
// Interrupt Monitor : interrupt for ap_done detected @ "171096605000"
// Interrupt Monitor : interrupt for ap_done detected @ "171504875000"
// Interrupt Monitor : interrupt for ap_done detected @ "171913145000"
// Interrupt Monitor : interrupt for ap_done detected @ "173473255000"
// Interrupt Monitor : interrupt for ap_done detected @ "173881525000"
// Interrupt Monitor : interrupt for ap_done detected @ "174289795000"
// Interrupt Monitor : interrupt for ap_done detected @ "174698065000"
// Interrupt Monitor : interrupt for ap_done detected @ "176246265000"
// Interrupt Monitor : interrupt for ap_done detected @ "176654535000"
// Interrupt Monitor : interrupt for ap_done detected @ "177062805000"
// Interrupt Monitor : interrupt for ap_done detected @ "177471075000"
// Interrupt Monitor : interrupt for ap_done detected @ "179005575000"
// Interrupt Monitor : interrupt for ap_done detected @ "179174375000"
// Interrupt Monitor : interrupt for ap_done detected @ "179343215000"
// Interrupt Monitor : interrupt for ap_done detected @ "179512125000"
// Interrupt Monitor : interrupt for ap_done detected @ "180314945000"
// Interrupt Monitor : interrupt for ap_done detected @ "180483745000"
// Interrupt Monitor : interrupt for ap_done detected @ "180652585000"
// Interrupt Monitor : interrupt for ap_done detected @ "180821495000"
// Interrupt Monitor : interrupt for ap_done detected @ "181613085000"
// Interrupt Monitor : interrupt for ap_done detected @ "203124925000"
MLKEM_ROW,3,2,42,6,102,3,0,4591207,4,4736,32,78340,77316,0,0,1024,0,0,0,0,0x0001a0b0
KECCAK_ROW,3,28,28,28,0,17856,2489,3792
// Interrupt Monitor : interrupt for ap_done detected @ "208679185000"
// Interrupt Monitor : interrupt for ap_done detected @ "217794055000"
// Interrupt Monitor : interrupt for ap_done detected @ "218510615000"
// Interrupt Monitor : interrupt for ap_done detected @ "218918885000"
// Interrupt Monitor : interrupt for ap_done detected @ "219327155000"
// Interrupt Monitor : interrupt for ap_done detected @ "219735425000"
// Interrupt Monitor : interrupt for ap_done detected @ "221300235000"
// Interrupt Monitor : interrupt for ap_done detected @ "221708505000"
// Interrupt Monitor : interrupt for ap_done detected @ "222116775000"
// Interrupt Monitor : interrupt for ap_done detected @ "222525045000"
// Interrupt Monitor : interrupt for ap_done detected @ "223867045000"
// Interrupt Monitor : interrupt for ap_done detected @ "224028595000"
// Interrupt Monitor : interrupt for ap_done detected @ "224190145000"
// Interrupt Monitor : interrupt for ap_done detected @ "224351695000"
// Interrupt Monitor : interrupt for ap_done detected @ "224750185000"
// Interrupt Monitor : interrupt for ap_done detected @ "225158455000"
// Interrupt Monitor : interrupt for ap_done detected @ "225566725000"
// Interrupt Monitor : interrupt for ap_done detected @ "225974995000"
// Interrupt Monitor : interrupt for ap_done detected @ "227543475000"
// Interrupt Monitor : interrupt for ap_done detected @ "227951745000"
// Interrupt Monitor : interrupt for ap_done detected @ "228360015000"
// Interrupt Monitor : interrupt for ap_done detected @ "228768285000"
// Interrupt Monitor : interrupt for ap_done detected @ "230295965000"
// Interrupt Monitor : interrupt for ap_done detected @ "230464765000"
// Interrupt Monitor : interrupt for ap_done detected @ "230633605000"
// Interrupt Monitor : interrupt for ap_done detected @ "230802515000"
// Interrupt Monitor : interrupt for ap_done detected @ "231605335000"
// Interrupt Monitor : interrupt for ap_done detected @ "231774135000"
// Interrupt Monitor : interrupt for ap_done detected @ "231942975000"
// Interrupt Monitor : interrupt for ap_done detected @ "232111885000"
// Interrupt Monitor : interrupt for ap_done detected @ "232903475000"
// Interrupt Monitor : interrupt for ap_done detected @ "254415315000"
MLKEM_ROW,4,2,42,6,103,3,0,4658666,4,4736,32,78341,77317,0,0,1024,0,0,0,0,0x0001a0b0
KECCAK_ROW,4,32,32,28,4,19040,2697,4168
// Interrupt Monitor : interrupt for ap_done detected @ "259969575000"
// Interrupt Monitor : interrupt for ap_done detected @ "269084445000"
// Interrupt Monitor : interrupt for ap_done detected @ "269801005000"
// Interrupt Monitor : interrupt for ap_done detected @ "270209275000"
// Interrupt Monitor : interrupt for ap_done detected @ "270617545000"
// Interrupt Monitor : interrupt for ap_done detected @ "271025815000"
// Interrupt Monitor : interrupt for ap_done detected @ "272585285000"
// Interrupt Monitor : interrupt for ap_done detected @ "272993555000"
// Interrupt Monitor : interrupt for ap_done detected @ "273401825000"
// Interrupt Monitor : interrupt for ap_done detected @ "273810095000"
// Interrupt Monitor : interrupt for ap_done detected @ "275382495000"
// Interrupt Monitor : interrupt for ap_done detected @ "275790765000"
// Interrupt Monitor : interrupt for ap_done detected @ "276199035000"
// Interrupt Monitor : interrupt for ap_done detected @ "276607305000"
// Interrupt Monitor : interrupt for ap_done detected @ "278152785000"
// Interrupt Monitor : interrupt for ap_done detected @ "278561055000"
// Interrupt Monitor : interrupt for ap_done detected @ "278969325000"
// Interrupt Monitor : interrupt for ap_done detected @ "279377595000"
// Interrupt Monitor : interrupt for ap_done detected @ "280907415000"
// Interrupt Monitor : interrupt for ap_done detected @ "281076215000"
// Interrupt Monitor : interrupt for ap_done detected @ "281245055000"
// Interrupt Monitor : interrupt for ap_done detected @ "281413965000"
// Interrupt Monitor : interrupt for ap_done detected @ "282216785000"
// Interrupt Monitor : interrupt for ap_done detected @ "282385585000"
// Interrupt Monitor : interrupt for ap_done detected @ "282554425000"
// Interrupt Monitor : interrupt for ap_done detected @ "282723335000"
// Interrupt Monitor : interrupt for ap_done detected @ "283514925000"
// Interrupt Monitor : interrupt for ap_done detected @ "305026765000"
MLKEM_ROW,5,2,42,6,104,3,0,4590772,4,4736,32,78340,77316,0,0,1024,0,0,0,0,0x0001a0b0
KECCAK_ROW,5,28,28,28,0,17856,2489,3792
// Interrupt Monitor : interrupt for ap_done detected @ "310581025000"
// Interrupt Monitor : interrupt for ap_done detected @ "319695895000"
// Interrupt Monitor : interrupt for ap_done detected @ "320412455000"
// Interrupt Monitor : interrupt for ap_done detected @ "320820725000"
// Interrupt Monitor : interrupt for ap_done detected @ "321228995000"
// Interrupt Monitor : interrupt for ap_done detected @ "321637265000"
// Interrupt Monitor : interrupt for ap_done detected @ "323211195000"
// Interrupt Monitor : interrupt for ap_done detected @ "323619465000"
// Interrupt Monitor : interrupt for ap_done detected @ "324027735000"
// Interrupt Monitor : interrupt for ap_done detected @ "324436005000"
// Interrupt Monitor : interrupt for ap_done detected @ "326009425000"
// Interrupt Monitor : interrupt for ap_done detected @ "326417695000"
// Interrupt Monitor : interrupt for ap_done detected @ "326825965000"
// Interrupt Monitor : interrupt for ap_done detected @ "327234235000"
// Interrupt Monitor : interrupt for ap_done detected @ "328806835000"
// Interrupt Monitor : interrupt for ap_done detected @ "329215105000"
// Interrupt Monitor : interrupt for ap_done detected @ "329623375000"
// Interrupt Monitor : interrupt for ap_done detected @ "330031645000"
// Interrupt Monitor : interrupt for ap_done detected @ "331560315000"
// Interrupt Monitor : interrupt for ap_done detected @ "331729115000"
// Interrupt Monitor : interrupt for ap_done detected @ "331897955000"
// Interrupt Monitor : interrupt for ap_done detected @ "332066865000"
// Interrupt Monitor : interrupt for ap_done detected @ "332869685000"
// Interrupt Monitor : interrupt for ap_done detected @ "333038485000"
// Interrupt Monitor : interrupt for ap_done detected @ "333207325000"
// Interrupt Monitor : interrupt for ap_done detected @ "333376235000"
// Interrupt Monitor : interrupt for ap_done detected @ "334167825000"
// Interrupt Monitor : interrupt for ap_done detected @ "355679665000"
MLKEM_ROW,6,2,42,6,105,3,0,4594917,4,4736,32,78340,77316,0,0,1024,0,0,0,0,0x0001a0b0
KECCAK_ROW,6,28,28,28,0,17856,2489,3792
// Interrupt Monitor : interrupt for ap_done detected @ "360052725000"
MLKEM_ROW,7,2,42,11,147,6,-5,75223,4,3168,0,0,0,0,0,0,0,0,0,0,0x0001fdf0
KECCAK_ROW,7,1,1,1,0,1260,444,60
MLKEM_PASS cases=8 input_bytes=36320 output_bytes=224 cpu_mul=1 cpu_fast_mul=1 cpu_div=1 expect_m=1 cycles=36018830 all_m=548381 min_sp=0x0001a0b0 stack_used=24384
KECCAK_PASS cases=8 starts=201 done=201 hash=197 squeeze=4
$finish called at time : 360188615 ns : File "E:/hls/k4kat/20260927_181041_513830/snapshot/tb/tb_mlkem1024_keccak_kat.sv" Line 357
INFO: xsimkernel Simulation Memory Usage: 32312 KB (Peak: 32312 KB), Simulation CPU Usage: 387343 ms
